Seeded run: seed=0
Initializing SACRED Stage-1.5 dynamic assignment (Poisson arrivals, 2 trucks)...
Dynassign: forcing --preseed-buffer False (no ERB for the dynamic rung yet).
Configuring Protagonist Dispatch Agent...
Frozen protagonist from models/runs/gen02_dynassign/dynassign_seed1/snapshots/protagonist_ep250.pt (node_in_dim=11).
Configuring Antagonist Congestion Agent...
Initializing ATLA Coevolution Trainer...
Run Name: gen03_robustness_dynassign/br_sacred_s1_seed0
Starting SACRED training (mode=antagonist_only) for 300 episodes...
Device: Protagonist=cpu, Antagonist=cpu
Initial Phase: Training ANTAGONIST

Ep    1 | Phase: ANTAGON | Ticks: 796 | Protag R: -10916.00 | Antag R: 10545.00 | Delivery:  48.9% | Budget Used: 3720.00/4000.0
Ep    2 | Phase: ANTAGON | Ticks: 775 | Protag R: -9951.00 | Antag R: 9580.00 | Delivery:  51.1% | Budget Used: 3720.00/4000.0
Ep    3 | Phase: ANTAGON | Ticks: 790 | Protag R: -11806.00 | Antag R: 11435.00 | Delivery:  54.3% | Budget Used: 3720.00/4000.0
Ep    4 | Phase: ANTAGON | Ticks: 798 | Protag R: -7048.00 | Antag R: 6677.00 | Delivery:  69.8% | Budget Used: 3720.00/4000.0
Ep    5 | Phase: ANTAGON | Ticks: 799 | Protag R: -6971.00 | Antag R: 6599.00 | Delivery:  52.1% | Budget Used: 3720.00/4000.0
Ep    6 | Phase: ANTAGON | Ticks: 776 | Protag R: -11743.00 | Antag R: 11372.00 | Delivery:  40.0% | Budget Used: 3720.00/4000.0
Ep    7 | Phase: ANTAGON | Ticks: 785 | Protag R: -9586.00 | Antag R: 9215.00 | Delivery:  52.1% | Budget Used: 3720.00/4000.0
Ep    8 | Phase: ANTAGON | Ticks: 792 | Protag R: -6907.00 | Antag R: 6536.00 | Delivery:  57.4% | Budget Used: 3720.00/4000.0
Ep    9 | Phase: ANTAGON | Ticks: 791 | Protag R: -9051.00 | Antag R: 8679.00 | Delivery:  57.1% | Budget Used: 3720.00/4000.0
Ep   10 | Phase: ANTAGON | Ticks: 786 | Protag R: -7833.00 | Antag R: 7461.00 | Delivery:  56.0% | Budget Used: 3720.00/4000.0
Ep   11 | Phase: ANTAGON | Ticks: 791 | Protag R: -8714.00 | Antag R: 8343.00 | Delivery:  63.0% | Budget Used: 3720.00/4000.0
Ep   12 | Phase: ANTAGON | Ticks: 781 | Protag R: -6795.00 | Antag R: 6424.00 | Delivery:  67.4% | Budget Used: 3720.00/4000.0
Ep   13 | Phase: ANTAGON | Ticks: 789 | Protag R: -3630.00 | Antag R: 3259.00 | Delivery:  68.4% | Budget Used: 3720.00/4000.0
Ep   14 | Phase: ANTAGON | Ticks: 794 | Protag R: -10778.00 | Antag R: 10406.00 | Delivery:  55.6% | Budget Used: 3720.00/4000.0
Ep   15 | Phase: ANTAGON | Ticks: 797 | Protag R: -7607.00 | Antag R: 7236.00 | Delivery:  65.2% | Budget Used: 3720.00/4000.0
Ep   16 | Phase: ANTAGON | Ticks: 799 | Protag R: -5612.00 | Antag R: 5241.00 | Delivery:  65.9% | Budget Used: 3720.00/4000.0
Ep   17 | Phase: ANTAGON | Ticks: 794 | Protag R: -6573.00 | Antag R: 6201.00 | Delivery:  62.5% | Budget Used: 3720.00/4000.0
Ep   18 | Phase: ANTAGON | Ticks: 798 | Protag R: -6541.00 | Antag R: 6170.00 | Delivery:  70.5% | Budget Used: 3720.00/4000.0
Ep   19 | Phase: ANTAGON | Ticks: 798 | Protag R: -2267.00 | Antag R: 1895.00 | Delivery:  87.5% | Budget Used: 3720.00/4000.0
Ep   20 | Phase: ANTAGON | Ticks: 793 | Protag R: -5350.00 | Antag R: 4979.00 | Delivery:  71.1% | Budget Used: 3720.00/4000.0
Ep   21 | Phase: ANTAGON | Ticks: 792 | Protag R: -9988.00 | Antag R: 9617.00 | Delivery:  54.9% | Budget Used: 3720.00/4000.0
Ep   22 | Phase: ANTAGON | Ticks: 796 | Protag R: -13411.00 | Antag R: 13040.00 | Delivery:  43.5% | Budget Used: 3720.00/4000.0
Ep   23 | Phase: ANTAGON | Ticks: 795 | Protag R: -7731.00 | Antag R: 7360.00 | Delivery:  66.7% | Budget Used: 3720.00/4000.0
Ep   24 | Phase: ANTAGON | Ticks: 786 | Protag R: -11329.00 | Antag R: 10958.00 | Delivery:  43.4% | Budget Used: 3720.00/4000.0
Ep   25 | Phase: ANTAGON | Ticks: 779 | Protag R: -4955.00 | Antag R: 4584.00 | Delivery:  96.9% | Budget Used: 3720.00/4000.0
Ep   26 | Phase: ANTAGON | Ticks: 781 | Protag R: -16684.00 | Antag R: 16313.00 | Delivery:  41.0% | Budget Used: 3720.00/4000.0
Ep   27 | Phase: ANTAGON | Ticks: 794 | Protag R: -3002.00 | Antag R: 2631.00 | Delivery:  78.1% | Budget Used: 3720.00/4000.0
Ep   28 | Phase: ANTAGON | Ticks: 798 | Protag R: -6117.00 | Antag R: 5746.00 | Delivery:  60.0% | Budget Used: 3720.00/4000.0
Ep   29 | Phase: ANTAGON | Ticks: 795 | Protag R: -10382.00 | Antag R: 10011.00 | Delivery:  53.8% | Budget Used: 3720.00/4000.0
Ep   30 | Phase: ANTAGON | Ticks: 799 | Protag R: -7863.00 | Antag R: 7492.00 | Delivery:  68.9% | Budget Used: 3720.00/4000.0
Ep   31 | Phase: ANTAGON | Ticks: 787 | Protag R: -13379.00 | Antag R: 13008.00 | Delivery:  44.8% | Budget Used: 3720.00/4000.0
Ep   32 | Phase: ANTAGON | Ticks: 799 | Protag R: -12725.00 | Antag R: 12353.00 | Delivery:  46.6% | Budget Used: 3720.00/4000.0
Ep   33 | Phase: ANTAGON | Ticks: 784 | Protag R: -13036.00 | Antag R: 12665.00 | Delivery:  48.3% | Budget Used: 3720.00/4000.0
Ep   34 | Phase: ANTAGON | Ticks: 792 | Protag R: -10686.00 | Antag R: 10315.00 | Delivery:  42.9% | Budget Used: 3720.00/4000.0
Ep   35 | Phase: ANTAGON | Ticks: 778 | Protag R: -10390.00 | Antag R: 10019.00 | Delivery:  58.0% | Budget Used: 3720.00/4000.0
Ep   36 | Phase: ANTAGON | Ticks: 798 | Protag R: -13317.00 | Antag R: 12946.00 | Delivery:  44.6% | Budget Used: 3720.00/4000.0
Ep   37 | Phase: ANTAGON | Ticks: 793 | Protag R: -8228.00 | Antag R: 7856.00 | Delivery:  63.0% | Budget Used: 3720.00/4000.0
Ep   38 | Phase: ANTAGON | Ticks: 779 | Protag R: -11874.00 | Antag R: 11503.00 | Delivery:  46.7% | Budget Used: 3720.00/4000.0
Ep   39 | Phase: ANTAGON | Ticks: 784 | Protag R: -12733.00 | Antag R: 12362.00 | Delivery:  50.0% | Budget Used: 3720.00/4000.0
Ep   40 | Phase: ANTAGON | Ticks: 780 | Protag R: -6653.00 | Antag R: 6282.00 | Delivery:  63.8% | Budget Used: 3720.00/4000.0
Ep   41 | Phase: ANTAGON | Ticks: 781 | Protag R: -7650.00 | Antag R: 7279.00 | Delivery:  53.5% | Budget Used: 3720.00/4000.0
Ep   42 | Phase: ANTAGON | Ticks: 797 | Protag R: -11921.00 | Antag R: 11550.00 | Delivery:  52.9% | Budget Used: 3720.00/4000.0
Ep   43 | Phase: ANTAGON | Ticks: 780 | Protag R: -4834.00 | Antag R: 4463.00 | Delivery:  65.7% | Budget Used: 3720.00/4000.0
Ep   44 | Phase: ANTAGON | Ticks: 797 | Protag R: -8345.00 | Antag R: 7974.00 | Delivery:  60.4% | Budget Used: 3720.00/4000.0
Ep   45 | Phase: ANTAGON | Ticks: 779 | Protag R: -9152.00 | Antag R: 8781.00 | Delivery:  57.8% | Budget Used: 3720.00/4000.0
Ep   46 | Phase: ANTAGON | Ticks: 799 | Protag R: -10746.00 | Antag R: 10376.00 | Delivery:  50.0% | Budget Used: 3720.00/4000.0
Ep   47 | Phase: ANTAGON | Ticks: 798 | Protag R: -5778.00 | Antag R: 5407.00 | Delivery:  70.5% | Budget Used: 3720.00/4000.0
Ep   48 | Phase: ANTAGON | Ticks: 787 | Protag R: -11734.00 | Antag R: 11363.00 | Delivery:  50.0% | Budget Used: 3720.00/4000.0
Ep   49 | Phase: ANTAGON | Ticks: 780 | Protag R: -10010.00 | Antag R: 9639.00 | Delivery:  49.0% | Budget Used: 3720.00/4000.0
Ep   50 | Phase: ANTAGON | Ticks: 779 | Protag R: -12013.00 | Antag R: 11642.00 | Delivery:  38.6% | Budget Used: 3720.00/4000.0
Saving checkpoints for both agents before phase switch...
Ep   51 | Phase: ANTAGON | Ticks: 797 | Protag R: -11767.00 | Antag R: 11396.00 | Delivery:  49.0% | Budget Used: 3720.00/4000.0
Ep   52 | Phase: ANTAGON | Ticks: 791 | Protag R: -14035.00 | Antag R: 13664.00 | Delivery:  50.0% | Budget Used: 3720.00/4000.0
Ep   53 | Phase: ANTAGON | Ticks: 791 | Protag R: -10329.00 | Antag R: 9958.00 | Delivery:  52.8% | Budget Used: 3720.00/4000.0
Ep   54 | Phase: ANTAGON | Ticks: 779 | Protag R: -12662.00 | Antag R: 12291.00 | Delivery:  52.6% | Budget Used: 3720.00/4000.0
Ep   55 | Phase: ANTAGON | Ticks: 782 | Protag R: -7301.00 | Antag R: 6929.00 | Delivery:  50.0% | Budget Used: 3720.00/4000.0
Ep   56 | Phase: ANTAGON | Ticks: 792 | Protag R: -9581.00 | Antag R: 9210.00 | Delivery:  54.3% | Budget Used: 3720.00/4000.0
Ep   57 | Phase: ANTAGON | Ticks: 790 | Protag R: -7114.00 | Antag R: 6743.00 | Delivery:  61.7% | Budget Used: 3720.00/4000.0
Ep   58 | Phase: ANTAGON | Ticks: 791 | Protag R: -8316.00 | Antag R: 7944.00 | Delivery:  61.7% | Budget Used: 3720.00/4000.0
Ep   59 | Phase: ANTAGON | Ticks: 792 | Protag R: -5864.00 | Antag R: 5493.00 | Delivery:  65.9% | Budget Used: 3720.00/4000.0
Ep   60 | Phase: ANTAGON | Ticks: 785 | Protag R: -8594.00 | Antag R: 8222.00 | Delivery:  61.9% | Budget Used: 3720.00/4000.0
Ep   61 | Phase: ANTAGON | Ticks: 796 | Protag R: -10324.00 | Antag R: 9953.00 | Delivery:  45.8% | Budget Used: 3720.00/4000.0
Ep   62 | Phase: ANTAGON | Ticks: 798 | Protag R: -8936.00 | Antag R: 8565.00 | Delivery:  66.7% | Budget Used: 3720.00/4000.0
Ep   63 | Phase: ANTAGON | Ticks: 777 | Protag R: -8878.00 | Antag R: 8506.00 | Delivery:  53.8% | Budget Used: 3720.00/4000.0
Ep   64 | Phase: ANTAGON | Ticks: 786 | Protag R: -7387.00 | Antag R: 7016.00 | Delivery:  54.5% | Budget Used: 3720.00/4000.0
Ep   65 | Phase: ANTAGON | Ticks: 799 | Protag R: -8419.00 | Antag R: 8048.00 | Delivery:  53.3% | Budget Used: 3720.00/4000.0
Ep   66 | Phase: ANTAGON | Ticks: 797 | Protag R: -10941.00 | Antag R: 10570.00 | Delivery:  43.8% | Budget Used: 3720.00/4000.0
Ep   67 | Phase: ANTAGON | Ticks: 787 | Protag R: -4579.00 | Antag R: 4207.00 | Delivery:  80.6% | Budget Used: 3720.00/4000.0
Ep   68 | Phase: ANTAGON | Ticks: 796 | Protag R: -1460.00 | Antag R: 1089.00 | Delivery:  85.7% | Budget Used: 3720.00/4000.0
Ep   69 | Phase: ANTAGON | Ticks: 798 | Protag R: -13588.00 | Antag R: 13216.00 | Delivery:  42.9% | Budget Used: 3720.00/4000.0
Ep   70 | Phase: ANTAGON | Ticks: 794 | Protag R: -8445.00 | Antag R: 8073.00 | Delivery:  59.2% | Budget Used: 3720.00/4000.0
Ep   71 | Phase: ANTAGON | Ticks: 795 | Protag R: -10350.00 | Antag R: 9979.00 | Delivery:  59.2% | Budget Used: 3720.00/4000.0
Ep   72 | Phase: ANTAGON | Ticks: 775 | Protag R: -6976.00 | Antag R: 6604.00 | Delivery:  64.4% | Budget Used: 3720.00/4000.0
Ep   73 | Phase: ANTAGON | Ticks: 793 | Protag R: -14157.00 | Antag R: 13786.00 | Delivery:  46.3% | Budget Used: 3720.00/4000.0
Ep   74 | Phase: ANTAGON | Ticks: 786 | Protag R: -5744.00 | Antag R: 5373.00 | Delivery:  65.1% | Budget Used: 3720.00/4000.0
Ep   75 | Phase: ANTAGON | Ticks: 791 | Protag R: -10763.00 | Antag R: 10392.00 | Delivery:  48.2% | Budget Used: 3720.00/4000.0
Ep   76 | Phase: ANTAGON | Ticks: 790 | Protag R: -13190.00 | Antag R: 12819.00 | Delivery:  42.6% | Budget Used: 3720.00/4000.0
Ep   77 | Phase: ANTAGON | Ticks: 789 | Protag R: -6457.00 | Antag R: 6086.00 | Delivery:  75.6% | Budget Used: 3720.00/4000.0
Ep   78 | Phase: ANTAGON | Ticks: 796 | Protag R: -14819.00 | Antag R: 14449.00 | Delivery:  40.7% | Budget Used: 3720.00/4000.0
Ep   79 | Phase: ANTAGON | Ticks: 783 | Protag R: -9131.00 | Antag R: 8760.00 | Delivery:  50.0% | Budget Used: 3720.00/4000.0
Ep   80 | Phase: ANTAGON | Ticks: 795 | Protag R: -9573.00 | Antag R: 9203.00 | Delivery:  50.0% | Budget Used: 3720.00/4000.0
Ep   81 | Phase: ANTAGON | Ticks: 796 | Protag R: -17402.00 | Antag R: 17031.00 | Delivery:  40.3% | Budget Used: 3720.00/4000.0
Ep   82 | Phase: ANTAGON | Ticks: 799 | Protag R: -7988.00 | Antag R: 7617.00 | Delivery:  54.5% | Budget Used: 3720.00/4000.0
Ep   83 | Phase: ANTAGON | Ticks: 796 | Protag R: -14320.00 | Antag R: 13949.00 | Delivery:  46.0% | Budget Used: 3720.00/4000.0
Ep   84 | Phase: ANTAGON | Ticks: 783 | Protag R: -7908.00 | Antag R: 7537.00 | Delivery:  58.3% | Budget Used: 3720.00/4000.0
Ep   85 | Phase: ANTAGON | Ticks: 794 | Protag R: -8071.00 | Antag R: 7700.00 | Delivery:  56.1% | Budget Used: 3720.00/4000.0
Ep   86 | Phase: ANTAGON | Ticks: 798 | Protag R: -6499.00 | Antag R: 6127.00 | Delivery:  63.2% | Budget Used: 3720.00/4000.0
Ep   87 | Phase: ANTAGON | Ticks: 794 | Protag R: -10193.00 | Antag R: 9821.00 | Delivery:  60.4% | Budget Used: 3720.00/4000.0
Ep   88 | Phase: ANTAGON | Ticks: 781 | Protag R: -7126.00 | Antag R: 6755.00 | Delivery:  63.2% | Budget Used: 3720.00/4000.0
Ep   89 | Phase: ANTAGON | Ticks: 799 | Protag R: -12610.00 | Antag R: 12239.00 | Delivery:  44.8% | Budget Used: 3720.00/4000.0
Ep   90 | Phase: ANTAGON | Ticks: 776 | Protag R: -11804.00 | Antag R: 11433.00 | Delivery:  45.1% | Budget Used: 3720.00/4000.0
Ep   91 | Phase: ANTAGON | Ticks: 779 | Protag R: -6324.00 | Antag R: 5953.00 | Delivery:  65.9% | Budget Used: 3720.00/4000.0
Ep   92 | Phase: ANTAGON | Ticks: 795 | Protag R: -8229.00 | Antag R: 7858.00 | Delivery:  61.2% | Budget Used: 3720.00/4000.0
Ep   93 | Phase: ANTAGON | Ticks: 797 | Protag R: -3022.00 | Antag R: 2651.00 | Delivery:  76.5% | Budget Used: 3720.00/4000.0
Ep   94 | Phase: ANTAGON | Ticks: 784 | Protag R: -8556.00 | Antag R: 8185.00 | Delivery:  58.2% | Budget Used: 3720.00/4000.0
Ep   95 | Phase: ANTAGON | Ticks: 793 | Protag R: -10136.00 | Antag R: 9765.00 | Delivery:  52.2% | Budget Used: 3720.00/4000.0
Ep   96 | Phase: ANTAGON | Ticks: 788 | Protag R: -5111.00 | Antag R: 4740.00 | Delivery:  60.5% | Budget Used: 3720.00/4000.0
Ep   97 | Phase: ANTAGON | Ticks: 799 | Protag R: -6506.00 | Antag R: 6135.00 | Delivery:  65.9% | Budget Used: 3720.00/4000.0
Ep   98 | Phase: ANTAGON | Ticks: 794 | Protag R: -9578.00 | Antag R: 9207.00 | Delivery:  46.4% | Budget Used: 3720.00/4000.0
Ep   99 | Phase: ANTAGON | Ticks: 779 | Protag R: -9406.00 | Antag R: 9035.00 | Delivery:  54.2% | Budget Used: 3720.00/4000.0
Ep  100 | Phase: ANTAGON | Ticks: 784 | Protag R: -6770.00 | Antag R: 6398.00 | Delivery:  50.0% | Budget Used: 3720.00/4000.0
Saving checkpoints for both agents before phase switch...
Ep  101 | Phase: ANTAGON | Ticks: 794 | Protag R: -5697.00 | Antag R: 5326.00 | Delivery:  69.0% | Budget Used: 3720.00/4000.0
Ep  102 | Phase: ANTAGON | Ticks: 781 | Protag R: -10575.00 | Antag R: 10204.00 | Delivery:  36.8% | Budget Used: 3720.00/4000.0
Ep  103 | Phase: ANTAGON | Ticks: 778 | Protag R: -5633.00 | Antag R: 5261.00 | Delivery:  54.8% | Budget Used: 3720.00/4000.0
Ep  104 | Phase: ANTAGON | Ticks: 792 | Protag R: -9015.00 | Antag R: 8644.00 | Delivery:  64.6% | Budget Used: 3720.00/4000.0
Ep  105 | Phase: ANTAGON | Ticks: 778 | Protag R: -11617.00 | Antag R: 11246.00 | Delivery:  48.1% | Budget Used: 3720.00/4000.0
Ep  106 | Phase: ANTAGON | Ticks: 797 | Protag R: -8679.00 | Antag R: 8308.00 | Delivery:  54.2% | Budget Used: 3720.00/4000.0
Ep  107 | Phase: ANTAGON | Ticks: 799 | Protag R: -10517.00 | Antag R: 10146.00 | Delivery:  59.6% | Budget Used: 3720.00/4000.0
Ep  108 | Phase: ANTAGON | Ticks: 799 | Protag R: -7762.00 | Antag R: 7391.00 | Delivery:  60.9% | Budget Used: 3720.00/4000.0
Ep  109 | Phase: ANTAGON | Ticks: 790 | Protag R: -6395.00 | Antag R: 6024.00 | Delivery:  62.5% | Budget Used: 3720.00/4000.0
Ep  110 | Phase: ANTAGON | Ticks: 780 | Protag R: -8064.00 | Antag R: 7692.00 | Delivery:  59.6% | Budget Used: 3720.00/4000.0
Ep  111 | Phase: ANTAGON | Ticks: 786 | Protag R: -11393.00 | Antag R: 11022.00 | Delivery:  42.6% | Budget Used: 3720.00/4000.0
Ep  112 | Phase: ANTAGON | Ticks: 783 | Protag R: -6850.00 | Antag R: 6478.00 | Delivery:  62.2% | Budget Used: 3720.00/4000.0
Ep  113 | Phase: ANTAGON | Ticks: 796 | Protag R: -7003.00 | Antag R: 6632.00 | Delivery:  65.0% | Budget Used: 3720.00/4000.0
Ep  114 | Phase: ANTAGON | Ticks: 798 | Protag R: -8296.00 | Antag R: 7925.00 | Delivery:  57.8% | Budget Used: 3720.00/4000.0
Ep  115 | Phase: ANTAGON | Ticks: 776 | Protag R: -12284.00 | Antag R: 11912.00 | Delivery:  36.5% | Budget Used: 3720.00/4000.0
Ep  116 | Phase: ANTAGON | Ticks: 781 | Protag R: -6576.00 | Antag R: 6205.00 | Delivery:  65.9% | Budget Used: 3720.00/4000.0
Ep  117 | Phase: ANTAGON | Ticks: 796 | Protag R: -6109.00 | Antag R: 5738.00 | Delivery:  62.8% | Budget Used: 3720.00/4000.0
Ep  118 | Phase: ANTAGON | Ticks: 792 | Protag R: -8794.00 | Antag R: 8423.00 | Delivery:  59.3% | Budget Used: 3720.00/4000.0
Ep  119 | Phase: ANTAGON | Ticks: 794 | Protag R: -11427.00 | Antag R: 11056.00 | Delivery:  52.7% | Budget Used: 3720.00/4000.0
Ep  120 | Phase: ANTAGON | Ticks: 798 | Protag R: -10338.00 | Antag R: 9967.00 | Delivery:  48.1% | Budget Used: 3720.00/4000.0
Ep  121 | Phase: ANTAGON | Ticks: 784 | Protag R: -12819.00 | Antag R: 12448.00 | Delivery:  50.9% | Budget Used: 3720.00/4000.0
Ep  122 | Phase: ANTAGON | Ticks: 793 | Protag R: -9826.00 | Antag R: 9455.00 | Delivery:  57.1% | Budget Used: 3720.00/4000.0
Ep  123 | Phase: ANTAGON | Ticks: 797 | Protag R: -11030.00 | Antag R: 10658.00 | Delivery:  54.5% | Budget Used: 3720.00/4000.0
Ep  124 | Phase: ANTAGON | Ticks: 792 | Protag R: -9136.00 | Antag R: 8765.00 | Delivery:  50.0% | Budget Used: 3720.00/4000.0
Ep  125 | Phase: ANTAGON | Ticks: 798 | Protag R: -8987.00 | Antag R: 8615.00 | Delivery:  57.4% | Budget Used: 3720.00/4000.0
Ep  126 | Phase: ANTAGON | Ticks: 793 | Protag R: -7934.00 | Antag R: 7563.00 | Delivery:  68.3% | Budget Used: 3720.00/4000.0
Ep  127 | Phase: ANTAGON | Ticks: 795 | Protag R: -8332.00 | Antag R: 7961.00 | Delivery:  53.1% | Budget Used: 3720.00/4000.0
Ep  128 | Phase: ANTAGON | Ticks: 791 | Protag R: -11561.00 | Antag R: 11190.00 | Delivery:  52.6% | Budget Used: 3720.00/4000.0
Ep  129 | Phase: ANTAGON | Ticks: 794 | Protag R: -11172.00 | Antag R: 10801.00 | Delivery:  53.3% | Budget Used: 3720.00/4000.0
Ep  130 | Phase: ANTAGON | Ticks: 790 | Protag R: -9601.00 | Antag R: 9230.00 | Delivery:  58.8% | Budget Used: 3720.00/4000.0
Ep  131 | Phase: ANTAGON | Ticks: 785 | Protag R: -3610.00 | Antag R: 3238.00 | Delivery:  82.8% | Budget Used: 3720.00/4000.0
Ep  132 | Phase: ANTAGON | Ticks: 784 | Protag R: -5563.00 | Antag R: 5192.00 | Delivery:  59.5% | Budget Used: 3720.00/4000.0
Ep  133 | Phase: ANTAGON | Ticks: 792 | Protag R: -6225.00 | Antag R: 5854.00 | Delivery:  61.4% | Budget Used: 3720.00/4000.0
Ep  134 | Phase: ANTAGON | Ticks: 797 | Protag R: -8939.00 | Antag R: 8568.00 | Delivery:  52.0% | Budget Used: 3720.00/4000.0
Ep  135 | Phase: ANTAGON | Ticks: 799 | Protag R: -5461.00 | Antag R: 5089.00 | Delivery:  55.6% | Budget Used: 3720.00/4000.0
Ep  136 | Phase: ANTAGON | Ticks: 788 | Protag R: -9051.00 | Antag R: 8680.00 | Delivery:  54.5% | Budget Used: 3720.00/4000.0
Ep  137 | Phase: ANTAGON | Ticks: 787 | Protag R: -8250.00 | Antag R: 7879.00 | Delivery:  65.9% | Budget Used: 3720.00/4000.0
Ep  138 | Phase: ANTAGON | Ticks: 799 | Protag R: -5542.00 | Antag R: 5170.00 | Delivery:  61.9% | Budget Used: 3720.00/4000.0
Ep  139 | Phase: ANTAGON | Ticks: 788 | Protag R: -10675.00 | Antag R: 10305.00 | Delivery:  56.9% | Budget Used: 3720.00/4000.0
Ep  140 | Phase: ANTAGON | Ticks: 799 | Protag R: -5466.00 | Antag R: 5094.00 | Delivery:  62.8% | Budget Used: 3720.00/4000.0
Ep  141 | Phase: ANTAGON | Ticks: 796 | Protag R: -8697.00 | Antag R: 8326.00 | Delivery:  49.0% | Budget Used: 3720.00/4000.0
Ep  142 | Phase: ANTAGON | Ticks: 799 | Protag R: -11028.00 | Antag R: 10657.00 | Delivery:  49.0% | Budget Used: 3720.00/4000.0
Ep  143 | Phase: ANTAGON | Ticks: 791 | Protag R: -11727.00 | Antag R: 11356.00 | Delivery:  44.9% | Budget Used: 3720.00/4000.0
Ep  144 | Phase: ANTAGON | Ticks: 775 | Protag R: -6806.00 | Antag R: 6435.00 | Delivery:  61.9% | Budget Used: 3720.00/4000.0
Ep  145 | Phase: ANTAGON | Ticks: 791 | Protag R: -9108.00 | Antag R: 8737.00 | Delivery:  46.3% | Budget Used: 3720.00/4000.0
Ep  146 | Phase: ANTAGON | Ticks: 776 | Protag R: -9369.00 | Antag R: 8998.00 | Delivery:  50.0% | Budget Used: 3720.00/4000.0
Ep  147 | Phase: ANTAGON | Ticks: 782 | Protag R: -7726.00 | Antag R: 7355.00 | Delivery:  48.9% | Budget Used: 3720.00/4000.0
Ep  148 | Phase: ANTAGON | Ticks: 794 | Protag R: -9433.00 | Antag R: 9061.00 | Delivery:  56.8% | Budget Used: 3720.00/4000.0
Ep  149 | Phase: ANTAGON | Ticks: 785 | Protag R: -12120.00 | Antag R: 11748.00 | Delivery:  43.1% | Budget Used: 3720.00/4000.0
Ep  150 | Phase: ANTAGON | Ticks: 797 | Protag R: -3339.00 | Antag R: 2967.00 | Delivery:  65.7% | Budget Used: 3720.00/4000.0
Saving checkpoints for both agents before phase switch...
Ep  151 | Phase: ANTAGON | Ticks: 794 | Protag R: -12158.00 | Antag R: 11787.00 | Delivery:  46.4% | Budget Used: 3720.00/4000.0
Ep  152 | Phase: ANTAGON | Ticks: 799 | Protag R: -9660.00 | Antag R: 9289.00 | Delivery:  49.0% | Budget Used: 3720.00/4000.0
Ep  153 | Phase: ANTAGON | Ticks: 787 | Protag R: -8461.00 | Antag R: 8090.00 | Delivery:  49.0% | Budget Used: 3720.00/4000.0
Ep  154 | Phase: ANTAGON | Ticks: 789 | Protag R: -10181.00 | Antag R: 9809.00 | Delivery:  47.3% | Budget Used: 3720.00/4000.0
Ep  155 | Phase: ANTAGON | Ticks: 779 | Protag R: -10830.00 | Antag R: 10458.00 | Delivery:  47.8% | Budget Used: 3720.00/4000.0
Ep  156 | Phase: ANTAGON | Ticks: 782 | Protag R: -8980.00 | Antag R: 8608.00 | Delivery:  49.0% | Budget Used: 3720.00/4000.0
Ep  157 | Phase: ANTAGON | Ticks: 797 | Protag R: -4763.00 | Antag R: 4392.00 | Delivery:  78.9% | Budget Used: 3720.00/4000.0
Ep  158 | Phase: ANTAGON | Ticks: 794 | Protag R: -10977.00 | Antag R: 10606.00 | Delivery:  49.1% | Budget Used: 3720.00/4000.0
Ep  159 | Phase: ANTAGON | Ticks: 787 | Protag R: -6117.00 | Antag R: 5746.00 | Delivery:  58.1% | Budget Used: 3720.00/4000.0
Ep  160 | Phase: ANTAGON | Ticks: 784 | Protag R: -7399.00 | Antag R: 7028.00 | Delivery:  58.7% | Budget Used: 3720.00/4000.0
Ep  161 | Phase: ANTAGON | Ticks: 799 | Protag R: -9964.00 | Antag R: 9594.00 | Delivery:  55.8% | Budget Used: 3720.00/4000.0
Ep  162 | Phase: ANTAGON | Ticks: 799 | Protag R: -8574.00 | Antag R: 8203.00 | Delivery:  57.4% | Budget Used: 3720.00/4000.0
Ep  163 | Phase: ANTAGON | Ticks: 791 | Protag R: -12558.00 | Antag R: 12187.00 | Delivery:  49.2% | Budget Used: 3720.00/4000.0
Ep  164 | Phase: ANTAGON | Ticks: 794 | Protag R: -9706.00 | Antag R: 9335.00 | Delivery:  45.1% | Budget Used: 3720.00/4000.0
Ep  165 | Phase: ANTAGON | Ticks: 791 | Protag R: -8705.00 | Antag R: 8333.00 | Delivery:  60.4% | Budget Used: 3720.00/4000.0
Ep  166 | Phase: ANTAGON | Ticks: 794 | Protag R: -14828.00 | Antag R: 14458.00 | Delivery:  45.5% | Budget Used: 3720.00/4000.0
Ep  167 | Phase: ANTAGON | Ticks: 792 | Protag R: -11163.00 | Antag R: 10791.00 | Delivery:  43.1% | Budget Used: 3720.00/4000.0
Ep  168 | Phase: ANTAGON | Ticks: 796 | Protag R: -8374.00 | Antag R: 8003.00 | Delivery:  62.2% | Budget Used: 3720.00/4000.0
Ep  169 | Phase: ANTAGON | Ticks: 785 | Protag R: -14043.00 | Antag R: 13672.00 | Delivery:  44.6% | Budget Used: 3720.00/4000.0
Ep  170 | Phase: ANTAGON | Ticks: 790 | Protag R: -7064.00 | Antag R: 6693.00 | Delivery:  60.0% | Budget Used: 3720.00/4000.0
Ep  171 | Phase: ANTAGON | Ticks: 782 | Protag R: -12815.00 | Antag R: 12444.00 | Delivery:  47.5% | Budget Used: 3720.00/4000.0
Ep  172 | Phase: ANTAGON | Ticks: 796 | Protag R: -8834.00 | Antag R: 8463.00 | Delivery:  49.0% | Budget Used: 3720.00/4000.0
Ep  173 | Phase: ANTAGON | Ticks: 787 | Protag R: -11223.00 | Antag R: 10852.00 | Delivery:  50.0% | Budget Used: 3720.00/4000.0
Ep  174 | Phase: ANTAGON | Ticks: 797 | Protag R: -12517.00 | Antag R: 12146.00 | Delivery:  50.9% | Budget Used: 3720.00/4000.0
Ep  175 | Phase: ANTAGON | Ticks: 782 | Protag R: -6447.00 | Antag R: 6075.00 | Delivery:  52.4% | Budget Used: 3720.00/4000.0
Ep  176 | Phase: ANTAGON | Ticks: 775 | Protag R: -7054.00 | Antag R: 6683.00 | Delivery:  56.1% | Budget Used: 3720.00/4000.0
Ep  177 | Phase: ANTAGON | Ticks: 792 | Protag R: -5627.00 | Antag R: 5256.00 | Delivery:  62.8% | Budget Used: 3720.00/4000.0
Ep  178 | Phase: ANTAGON | Ticks: 792 | Protag R: -8339.00 | Antag R: 7968.00 | Delivery:  62.2% | Budget Used: 3720.00/4000.0
Ep  179 | Phase: ANTAGON | Ticks: 798 | Protag R: -8272.00 | Antag R: 7901.00 | Delivery:  63.0% | Budget Used: 3720.00/4000.0
Ep  180 | Phase: ANTAGON | Ticks: 777 | Protag R: -6480.00 | Antag R: 6109.00 | Delivery:  68.3% | Budget Used: 3720.00/4000.0
Ep  181 | Phase: ANTAGON | Ticks: 782 | Protag R: -4782.00 | Antag R: 4411.00 | Delivery:  57.9% | Budget Used: 3720.00/4000.0
Ep  182 | Phase: ANTAGON | Ticks: 778 | Protag R: -9734.00 | Antag R: 9363.00 | Delivery:  52.1% | Budget Used: 3720.00/4000.0
Ep  183 | Phase: ANTAGON | Ticks: 785 | Protag R: -5090.00 | Antag R: 4719.00 | Delivery:  63.0% | Budget Used: 3720.00/4000.0
Ep  184 | Phase: ANTAGON | Ticks: 797 | Protag R: -8833.00 | Antag R: 8462.00 | Delivery:  52.1% | Budget Used: 3720.00/4000.0
Ep  185 | Phase: ANTAGON | Ticks: 781 | Protag R: -6156.00 | Antag R: 5785.00 | Delivery:  60.5% | Budget Used: 3720.00/4000.0
Ep  186 | Phase: ANTAGON | Ticks: 788 | Protag R: -13554.00 | Antag R: 13183.00 | Delivery:  43.5% | Budget Used: 3720.00/4000.0
Ep  187 | Phase: ANTAGON | Ticks: 795 | Protag R: -12107.00 | Antag R: 11736.00 | Delivery:  48.2% | Budget Used: 3720.00/4000.0
Ep  188 | Phase: ANTAGON | Ticks: 795 | Protag R: -10782.00 | Antag R: 10411.00 | Delivery:  43.6% | Budget Used: 3720.00/4000.0
Ep  189 | Phase: ANTAGON | Ticks: 797 | Protag R: -9997.00 | Antag R: 9626.00 | Delivery:  63.3% | Budget Used: 3720.00/4000.0
Ep  190 | Phase: ANTAGON | Ticks: 784 | Protag R: -5297.00 | Antag R: 4926.00 | Delivery:  64.9% | Budget Used: 3720.00/4000.0
Ep  191 | Phase: ANTAGON | Ticks: 799 | Protag R: -3121.00 | Antag R: 2750.00 | Delivery:  78.1% | Budget Used: 3720.00/4000.0
Ep  192 | Phase: ANTAGON | Ticks: 783 | Protag R: -8635.00 | Antag R: 8264.00 | Delivery:  55.6% | Budget Used: 3720.00/4000.0
Ep  193 | Phase: ANTAGON | Ticks: 785 | Protag R: -9133.00 | Antag R: 8761.00 | Delivery:  56.2% | Budget Used: 3720.00/4000.0
Ep  194 | Phase: ANTAGON | Ticks: 791 | Protag R: -7499.00 | Antag R: 7128.00 | Delivery:  52.2% | Budget Used: 3720.00/4000.0
Ep  195 | Phase: ANTAGON | Ticks: 779 | Protag R: -7199.00 | Antag R: 6828.00 | Delivery:  54.0% | Budget Used: 3720.00/4000.0
Ep  196 | Phase: ANTAGON | Ticks: 777 | Protag R: -7933.00 | Antag R: 7562.00 | Delivery:  52.8% | Budget Used: 3720.00/4000.0
Ep  197 | Phase: ANTAGON | Ticks: 780 | Protag R: -8531.00 | Antag R: 8160.00 | Delivery:  69.8% | Budget Used: 3720.00/4000.0
Ep  198 | Phase: ANTAGON | Ticks: 797 | Protag R: -13306.00 | Antag R: 12935.00 | Delivery:  52.5% | Budget Used: 3720.00/4000.0
Ep  199 | Phase: ANTAGON | Ticks: 783 | Protag R: -7033.00 | Antag R: 6662.00 | Delivery:  69.2% | Budget Used: 3720.00/4000.0
Ep  200 | Phase: ANTAGON | Ticks: 776 | Protag R: -5380.00 | Antag R: 5008.00 | Delivery:  60.5% | Budget Used: 3720.00/4000.0
Saving checkpoints for both agents before phase switch...
Ep  201 | Phase: ANTAGON | Ticks: 787 | Protag R: -14219.00 | Antag R: 13848.00 | Delivery:  45.9% | Budget Used: 3720.00/4000.0
Ep  202 | Phase: ANTAGON | Ticks: 793 | Protag R: -6464.00 | Antag R: 6093.00 | Delivery:  58.8% | Budget Used: 3720.00/4000.0
Ep  203 | Phase: ANTAGON | Ticks: 783 | Protag R: -10440.00 | Antag R: 10069.00 | Delivery:  50.9% | Budget Used: 3720.00/4000.0
Ep  204 | Phase: ANTAGON | Ticks: 791 | Protag R: -7108.00 | Antag R: 6737.00 | Delivery:  60.4% | Budget Used: 3720.00/4000.0
Ep  205 | Phase: ANTAGON | Ticks: 798 | Protag R: -11773.00 | Antag R: 11402.00 | Delivery:  45.9% | Budget Used: 3720.00/4000.0
Ep  206 | Phase: ANTAGON | Ticks: 785 | Protag R: -11368.00 | Antag R: 10997.00 | Delivery:  53.8% | Budget Used: 3720.00/4000.0
Ep  207 | Phase: ANTAGON | Ticks: 785 | Protag R: -7492.00 | Antag R: 7121.00 | Delivery:  58.1% | Budget Used: 3720.00/4000.0
Ep  208 | Phase: ANTAGON | Ticks: 791 | Protag R: -4432.00 | Antag R: 4061.00 | Delivery:  62.8% | Budget Used: 3720.00/4000.0
Ep  209 | Phase: ANTAGON | Ticks: 797 | Protag R: -9995.00 | Antag R: 9624.00 | Delivery:  60.0% | Budget Used: 3720.00/4000.0
Ep  210 | Phase: ANTAGON | Ticks: 783 | Protag R: -3611.00 | Antag R: 3240.00 | Delivery:  68.3% | Budget Used: 3720.00/4000.0
Ep  211 | Phase: ANTAGON | Ticks: 789 | Protag R: -13820.00 | Antag R: 13449.00 | Delivery:  40.7% | Budget Used: 3720.00/4000.0
Ep  212 | Phase: ANTAGON | Ticks: 784 | Protag R: -8027.00 | Antag R: 7656.00 | Delivery:  57.5% | Budget Used: 3720.00/4000.0
Ep  213 | Phase: ANTAGON | Ticks: 793 | Protag R: -7245.00 | Antag R: 6874.00 | Delivery:  65.9% | Budget Used: 3720.00/4000.0
Ep  214 | Phase: ANTAGON | Ticks: 795 | Protag R: -10413.00 | Antag R: 10042.00 | Delivery:  63.6% | Budget Used: 3720.00/4000.0
Ep  215 | Phase: ANTAGON | Ticks: 785 | Protag R: -7273.00 | Antag R: 6901.00 | Delivery:  68.2% | Budget Used: 3720.00/4000.0
Ep  216 | Phase: ANTAGON | Ticks: 784 | Protag R: -13764.00 | Antag R: 13393.00 | Delivery:  46.4% | Budget Used: 3720.00/4000.0
Ep  217 | Phase: ANTAGON | Ticks: 779 | Protag R: -9058.00 | Antag R: 8687.00 | Delivery:  59.2% | Budget Used: 3720.00/4000.0
Ep  218 | Phase: ANTAGON | Ticks: 778 | Protag R: -6869.00 | Antag R: 6498.00 | Delivery:  55.6% | Budget Used: 3720.00/4000.0
Ep  219 | Phase: ANTAGON | Ticks: 781 | Protag R: -10262.00 | Antag R: 9890.00 | Delivery:  50.0% | Budget Used: 3720.00/4000.0
Ep  220 | Phase: ANTAGON | Ticks: 777 | Protag R: -7319.00 | Antag R: 6948.00 | Delivery:  60.0% | Budget Used: 3720.00/4000.0
Ep  221 | Phase: ANTAGON | Ticks: 799 | Protag R: -5149.00 | Antag R: 4778.00 | Delivery:  63.2% | Budget Used: 3720.00/4000.0
Ep  222 | Phase: ANTAGON | Ticks: 798 | Protag R: -8316.00 | Antag R: 7945.00 | Delivery:  50.0% | Budget Used: 3720.00/4000.0
Ep  223 | Phase: ANTAGON | Ticks: 779 | Protag R: -10043.00 | Antag R: 9672.00 | Delivery:  48.2% | Budget Used: 3720.00/4000.0
Ep  224 | Phase: ANTAGON | Ticks: 788 | Protag R: -6695.00 | Antag R: 6323.00 | Delivery:  63.0% | Budget Used: 3720.00/4000.0
Ep  225 | Phase: ANTAGON | Ticks: 799 | Protag R: -11885.00 | Antag R: 11514.00 | Delivery:  53.4% | Budget Used: 3720.00/4000.0
Ep  226 | Phase: ANTAGON | Ticks: 799 | Protag R: -6788.00 | Antag R: 6417.00 | Delivery:  69.2% | Budget Used: 3720.00/4000.0
Ep  227 | Phase: ANTAGON | Ticks: 788 | Protag R: -11169.00 | Antag R: 10798.00 | Delivery:  50.0% | Budget Used: 3720.00/4000.0
Ep  228 | Phase: ANTAGON | Ticks: 788 | Protag R: -2685.00 | Antag R: 2314.00 | Delivery:  75.0% | Budget Used: 3720.00/4000.0
Ep  229 | Phase: ANTAGON | Ticks: 788 | Protag R: -7324.00 | Antag R: 6953.00 | Delivery:  56.2% | Budget Used: 3720.00/4000.0
Ep  230 | Phase: ANTAGON | Ticks: 791 | Protag R: -9736.00 | Antag R: 9365.00 | Delivery:  59.6% | Budget Used: 3720.00/4000.0
Ep  231 | Phase: ANTAGON | Ticks: 795 | Protag R: -9411.00 | Antag R: 9040.00 | Delivery:  54.5% | Budget Used: 3720.00/4000.0
Ep  232 | Phase: ANTAGON | Ticks: 787 | Protag R: -12622.00 | Antag R: 12251.00 | Delivery:  56.2% | Budget Used: 3720.00/4000.0
Ep  233 | Phase: ANTAGON | Ticks: 799 | Protag R: -8099.00 | Antag R: 7728.00 | Delivery:  61.9% | Budget Used: 3720.00/4000.0
Ep  234 | Phase: ANTAGON | Ticks: 793 | Protag R: -8547.00 | Antag R: 8176.00 | Delivery:  49.1% | Budget Used: 3720.00/4000.0
Ep  235 | Phase: ANTAGON | Ticks: 779 | Protag R: -9009.00 | Antag R: 8638.00 | Delivery:  60.0% | Budget Used: 3720.00/4000.0
Ep  236 | Phase: ANTAGON | Ticks: 796 | Protag R: -10780.00 | Antag R: 10409.00 | Delivery:  50.9% | Budget Used: 3720.00/4000.0
Ep  237 | Phase: ANTAGON | Ticks: 777 | Protag R: -10325.00 | Antag R: 9953.00 | Delivery:  52.0% | Budget Used: 3720.00/4000.0
Ep  238 | Phase: ANTAGON | Ticks: 799 | Protag R: -9843.00 | Antag R: 9472.00 | Delivery:  43.9% | Budget Used: 3720.00/4000.0
Ep  239 | Phase: ANTAGON | Ticks: 776 | Protag R: -9829.00 | Antag R: 9458.00 | Delivery:  54.0% | Budget Used: 3720.00/4000.0
Ep  240 | Phase: ANTAGON | Ticks: 795 | Protag R: -14013.00 | Antag R: 13642.00 | Delivery:  48.2% | Budget Used: 3720.00/4000.0
Ep  241 | Phase: ANTAGON | Ticks: 797 | Protag R: -11208.00 | Antag R: 10836.00 | Delivery:  45.6% | Budget Used: 3720.00/4000.0
Ep  242 | Phase: ANTAGON | Ticks: 785 | Protag R: -8530.00 | Antag R: 8159.00 | Delivery:  65.9% | Budget Used: 3720.00/4000.0
Ep  243 | Phase: ANTAGON | Ticks: 797 | Protag R: -12949.00 | Antag R: 12577.00 | Delivery:  41.3% | Budget Used: 3720.00/4000.0
Ep  244 | Phase: ANTAGON | Ticks: 780 | Protag R: -8000.00 | Antag R: 7629.00 | Delivery:  60.0% | Budget Used: 3720.00/4000.0
Ep  245 | Phase: ANTAGON | Ticks: 791 | Protag R: -4003.00 | Antag R: 3632.00 | Delivery:  62.9% | Budget Used: 3720.00/4000.0
Ep  246 | Phase: ANTAGON | Ticks: 799 | Protag R: -6042.00 | Antag R: 5670.00 | Delivery:  66.7% | Budget Used: 3720.00/4000.0
Ep  247 | Phase: ANTAGON | Ticks: 799 | Protag R: -6689.00 | Antag R: 6318.00 | Delivery:  58.3% | Budget Used: 3720.00/4000.0
Ep  248 | Phase: ANTAGON | Ticks: 797 | Protag R: -7597.00 | Antag R: 7226.00 | Delivery:  54.5% | Budget Used: 3720.00/4000.0
Ep  249 | Phase: ANTAGON | Ticks: 793 | Protag R: -10885.00 | Antag R: 10514.00 | Delivery:  57.4% | Budget Used: 3720.00/4000.0
Ep  250 | Phase: ANTAGON | Ticks: 791 | Protag R: -5055.00 | Antag R: 4684.00 | Delivery:  59.1% | Budget Used: 3720.00/4000.0
Saving checkpoints for both agents before phase switch...
Ep  251 | Phase: ANTAGON | Ticks: 787 | Protag R: -10937.00 | Antag R: 10566.00 | Delivery:  48.1% | Budget Used: 3720.00/4000.0
Ep  252 | Phase: ANTAGON | Ticks: 779 | Protag R: -6918.00 | Antag R: 6547.00 | Delivery:  61.4% | Budget Used: 3720.00/4000.0
Ep  253 | Phase: ANTAGON | Ticks: 786 | Protag R: -7229.00 | Antag R: 6858.00 | Delivery:  64.4% | Budget Used: 3720.00/4000.0
Ep  254 | Phase: ANTAGON | Ticks: 799 | Protag R: -5942.00 | Antag R: 5570.00 | Delivery:  68.3% | Budget Used: 3720.00/4000.0
Ep  255 | Phase: ANTAGON | Ticks: 798 | Protag R: -11043.00 | Antag R: 10671.00 | Delivery:  56.9% | Budget Used: 3720.00/4000.0
Ep  256 | Phase: ANTAGON | Ticks: 787 | Protag R: -5965.00 | Antag R: 5594.00 | Delivery:  67.5% | Budget Used: 3720.00/4000.0
Ep  257 | Phase: ANTAGON | Ticks: 792 | Protag R: -13682.00 | Antag R: 13311.00 | Delivery:  50.0% | Budget Used: 3720.00/4000.0
Ep  258 | Phase: ANTAGON | Ticks: 786 | Protag R: -9456.00 | Antag R: 9085.00 | Delivery:  56.9% | Budget Used: 3720.00/4000.0
Ep  259 | Phase: ANTAGON | Ticks: 784 | Protag R: -7401.00 | Antag R: 7029.00 | Delivery:  53.5% | Budget Used: 3720.00/4000.0
Ep  260 | Phase: ANTAGON | Ticks: 799 | Protag R: -10587.00 | Antag R: 10216.00 | Delivery:  61.4% | Budget Used: 3720.00/4000.0
Ep  261 | Phase: ANTAGON | Ticks: 795 | Protag R: -7900.00 | Antag R: 7529.00 | Delivery:  57.4% | Budget Used: 3720.00/4000.0
Ep  262 | Phase: ANTAGON | Ticks: 795 | Protag R: -6674.00 | Antag R: 6303.00 | Delivery:  59.2% | Budget Used: 3720.00/4000.0
Ep  263 | Phase: ANTAGON | Ticks: 797 | Protag R: -8454.00 | Antag R: 8083.00 | Delivery:  56.5% | Budget Used: 3720.00/4000.0
Ep  264 | Phase: ANTAGON | Ticks: 791 | Protag R: -8119.00 | Antag R: 7747.00 | Delivery:  53.2% | Budget Used: 3720.00/4000.0
Ep  265 | Phase: ANTAGON | Ticks: 778 | Protag R: -2627.00 | Antag R: 2256.00 | Delivery:  69.4% | Budget Used: 3720.00/4000.0
Ep  266 | Phase: ANTAGON | Ticks: 787 | Protag R: -9612.00 | Antag R: 9241.00 | Delivery:  51.0% | Budget Used: 3720.00/4000.0
Ep  267 | Phase: ANTAGON | Ticks: 796 | Protag R: -15503.00 | Antag R: 15132.00 | Delivery:  50.0% | Budget Used: 3720.00/4000.0
Ep  268 | Phase: ANTAGON | Ticks: 795 | Protag R: -4302.00 | Antag R: 3930.00 | Delivery:  71.8% | Budget Used: 3720.00/4000.0
Ep  269 | Phase: ANTAGON | Ticks: 775 | Protag R: -4845.00 | Antag R: 4474.00 | Delivery:  56.1% | Budget Used: 3720.00/4000.0
Ep  270 | Phase: ANTAGON | Ticks: 797 | Protag R: -10473.00 | Antag R: 10102.00 | Delivery:  54.0% | Budget Used: 3720.00/4000.0
Ep  271 | Phase: ANTAGON | Ticks: 795 | Protag R: -6317.00 | Antag R: 5946.00 | Delivery:  64.6% | Budget Used: 3720.00/4000.0
Ep  272 | Phase: ANTAGON | Ticks: 795 | Protag R: -7608.00 | Antag R: 7237.00 | Delivery:  48.9% | Budget Used: 3720.00/4000.0
Ep  273 | Phase: ANTAGON | Ticks: 775 | Protag R: -7277.00 | Antag R: 6906.00 | Delivery:  64.6% | Budget Used: 3720.00/4000.0
Ep  274 | Phase: ANTAGON | Ticks: 778 | Protag R: -11571.00 | Antag R: 11200.00 | Delivery:  49.1% | Budget Used: 3720.00/4000.0
Ep  275 | Phase: ANTAGON | Ticks: 780 | Protag R: -12936.00 | Antag R: 12565.00 | Delivery:  41.7% | Budget Used: 3720.00/4000.0
Ep  276 | Phase: ANTAGON | Ticks: 783 | Protag R: -12932.00 | Antag R: 12560.00 | Delivery:  49.1% | Budget Used: 3720.00/4000.0
Ep  277 | Phase: ANTAGON | Ticks: 799 | Protag R: -8250.00 | Antag R: 7879.00 | Delivery:  46.4% | Budget Used: 3720.00/4000.0
Ep  278 | Phase: ANTAGON | Ticks: 794 | Protag R: -5432.00 | Antag R: 5061.00 | Delivery:  64.3% | Budget Used: 3720.00/4000.0
Ep  279 | Phase: ANTAGON | Ticks: 776 | Protag R: -7762.00 | Antag R: 7391.00 | Delivery:  50.0% | Budget Used: 3720.00/4000.0
Ep  280 | Phase: ANTAGON | Ticks: 792 | Protag R: -10017.00 | Antag R: 9646.00 | Delivery:  51.0% | Budget Used: 3720.00/4000.0
Ep  281 | Phase: ANTAGON | Ticks: 796 | Protag R: -12791.00 | Antag R: 12420.00 | Delivery:  49.1% | Budget Used: 3720.00/4000.0
Ep  282 | Phase: ANTAGON | Ticks: 796 | Protag R: -5395.00 | Antag R: 5024.00 | Delivery:  67.6% | Budget Used: 3720.00/4000.0
Ep  283 | Phase: ANTAGON | Ticks: 787 | Protag R: -9799.00 | Antag R: 9428.00 | Delivery:  54.9% | Budget Used: 3720.00/4000.0
Ep  284 | Phase: ANTAGON | Ticks: 792 | Protag R: -6851.00 | Antag R: 6479.00 | Delivery:  65.8% | Budget Used: 3720.00/4000.0
Ep  285 | Phase: ANTAGON | Ticks: 798 | Protag R: -9950.00 | Antag R: 9579.00 | Delivery:  50.0% | Budget Used: 3720.00/4000.0
Ep  286 | Phase: ANTAGON | Ticks: 776 | Protag R: -10223.00 | Antag R: 9851.00 | Delivery:  50.0% | Budget Used: 3720.00/4000.0
Ep  287 | Phase: ANTAGON | Ticks: 798 | Protag R: -6722.00 | Antag R: 6351.00 | Delivery:  61.4% | Budget Used: 3720.00/4000.0
Ep  288 | Phase: ANTAGON | Ticks: 791 | Protag R: -10059.00 | Antag R: 9687.00 | Delivery:  45.3% | Budget Used: 3720.00/4000.0
Ep  289 | Phase: ANTAGON | Ticks: 783 | Protag R: -11089.00 | Antag R: 10718.00 | Delivery:  45.5% | Budget Used: 3720.00/4000.0
Ep  290 | Phase: ANTAGON | Ticks: 775 | Protag R: -5362.00 | Antag R: 4991.00 | Delivery:  73.0% | Budget Used: 3720.00/4000.0
Ep  291 | Phase: ANTAGON | Ticks: 797 | Protag R: -9005.00 | Antag R: 8633.00 | Delivery:  53.1% | Budget Used: 3720.00/4000.0
Ep  292 | Phase: ANTAGON | Ticks: 794 | Protag R: -16244.00 | Antag R: 15873.00 | Delivery:  40.3% | Budget Used: 3720.00/4000.0
Ep  293 | Phase: ANTAGON | Ticks: 789 | Protag R: -7718.00 | Antag R: 7347.00 | Delivery:  57.1% | Budget Used: 3720.00/4000.0
Ep  294 | Phase: ANTAGON | Ticks: 791 | Protag R: -7524.00 | Antag R: 7153.00 | Delivery:  56.0% | Budget Used: 3720.00/4000.0
Ep  295 | Phase: ANTAGON | Ticks: 776 | Protag R: -8962.00 | Antag R: 8591.00 | Delivery:  54.5% | Budget Used: 3720.00/4000.0
Ep  296 | Phase: ANTAGON | Ticks: 790 | Protag R: -7679.00 | Antag R: 7308.00 | Delivery:  58.8% | Budget Used: 3720.00/4000.0
Ep  297 | Phase: ANTAGON | Ticks: 798 | Protag R: -8840.00 | Antag R: 8468.00 | Delivery:  53.1% | Budget Used: 3720.00/4000.0
Ep  298 | Phase: ANTAGON | Ticks: 796 | Protag R: -4516.00 | Antag R: 4144.00 | Delivery:  73.0% | Budget Used: 3720.00/4000.0
Ep  299 | Phase: ANTAGON | Ticks: 791 | Protag R: -5709.00 | Antag R: 5337.00 | Delivery:  62.2% | Budget Used: 3720.00/4000.0
Ep  300 | Phase: ANTAGON | Ticks: 789 | Protag R: -14344.00 | Antag R: 13972.00 | Delivery:  41.5% | Budget Used: 3720.00/4000.0
Saved coevolved protagonist actor to models/runs/gen03_robustness_dynassign/br_sacred_s1_seed0/protagonist/actor.pt
Saved coevolved antagonist actor to models/runs/gen03_robustness_dynassign/br_sacred_s1_seed0/antagonist/actor.pt
Saved copy of protagonist actor as latest to models/protagonist/actor.pt
Saved copy of antagonist actor as latest to models/antagonist/actor.pt

SACRED ATLA Training completed successfully! Logs saved to TensorBoard.
