Seeded run: seed=0
Initializing SACRED Stage-1.5 dynamic assignment (Poisson arrivals, 2 trucks)...
Dynassign: forcing --preseed-buffer False (no ERB for the dynamic rung yet).
Configuring Protagonist Dispatch Agent...
Frozen protagonist from models/runs/gen02_dynassign/dynassign_seed0/snapshots/protagonist_ep450.pt (node_in_dim=11).
Configuring Antagonist Congestion Agent...
Initializing ATLA Coevolution Trainer...
Run Name: gen03_robustness_dynassign/br_sacred_s0_seed0
Starting SACRED training (mode=antagonist_only) for 300 episodes...
Device: Protagonist=cpu, Antagonist=cpu
Initial Phase: Training ANTAGONIST

Ep    1 | Phase: ANTAGON | Ticks: 780 | Protag R: -11409.00 | Antag R: 11038.00 | Delivery:  38.3% | Budget Used: 3720.00/4000.0
Ep    2 | Phase: ANTAGON | Ticks: 775 | Protag R: -8417.00 | Antag R: 8046.00 | Delivery:  55.3% | Budget Used: 3720.00/4000.0
Ep    3 | Phase: ANTAGON | Ticks: 792 | Protag R: -10392.00 | Antag R: 10021.00 | Delivery:  54.3% | Budget Used: 3720.00/4000.0
Ep    4 | Phase: ANTAGON | Ticks: 775 | Protag R: -8261.00 | Antag R: 7890.00 | Delivery:  53.5% | Budget Used: 3720.00/4000.0
Ep    5 | Phase: ANTAGON | Ticks: 793 | Protag R: -8308.00 | Antag R: 7936.00 | Delivery:  41.7% | Budget Used: 3720.00/4000.0
Ep    6 | Phase: ANTAGON | Ticks: 785 | Protag R: -9880.00 | Antag R: 9509.00 | Delivery:  46.0% | Budget Used: 3720.00/4000.0
Ep    7 | Phase: ANTAGON | Ticks: 793 | Protag R: -10249.00 | Antag R: 9878.00 | Delivery:  43.8% | Budget Used: 3720.00/4000.0
Ep    8 | Phase: ANTAGON | Ticks: 788 | Protag R: -8994.00 | Antag R: 8623.00 | Delivery:  51.1% | Budget Used: 3720.00/4000.0
Ep    9 | Phase: ANTAGON | Ticks: 784 | Protag R: -8754.00 | Antag R: 8382.00 | Delivery:  51.0% | Budget Used: 3720.00/4000.0
Ep   10 | Phase: ANTAGON | Ticks: 777 | Protag R: -8876.00 | Antag R: 8504.00 | Delivery:  52.0% | Budget Used: 3720.00/4000.0
Ep   11 | Phase: ANTAGON | Ticks: 776 | Protag R: -10551.00 | Antag R: 10180.00 | Delivery:  50.0% | Budget Used: 3720.00/4000.0
Ep   12 | Phase: ANTAGON | Ticks: 797 | Protag R: -8502.00 | Antag R: 8131.00 | Delivery:  50.0% | Budget Used: 3720.00/4000.0
Ep   13 | Phase: ANTAGON | Ticks: 798 | Protag R: -2945.00 | Antag R: 2574.00 | Delivery:  76.3% | Budget Used: 3720.00/4000.0
Ep   14 | Phase: ANTAGON | Ticks: 787 | Protag R: -10867.00 | Antag R: 10495.00 | Delivery:  50.0% | Budget Used: 3720.00/4000.0
Ep   15 | Phase: ANTAGON | Ticks: 791 | Protag R: -9380.00 | Antag R: 9009.00 | Delivery:  54.3% | Budget Used: 3720.00/4000.0
Ep   16 | Phase: ANTAGON | Ticks: 797 | Protag R: -5399.00 | Antag R: 5028.00 | Delivery:  68.3% | Budget Used: 3720.00/4000.0
Ep   17 | Phase: ANTAGON | Ticks: 791 | Protag R: -10531.00 | Antag R: 10159.00 | Delivery:  41.7% | Budget Used: 3720.00/4000.0
Ep   18 | Phase: ANTAGON | Ticks: 794 | Protag R: -9485.00 | Antag R: 9114.00 | Delivery:  56.8% | Budget Used: 3720.00/4000.0
Ep   19 | Phase: ANTAGON | Ticks: 789 | Protag R: -3547.00 | Antag R: 3175.00 | Delivery:  75.0% | Budget Used: 3720.00/4000.0
Ep   20 | Phase: ANTAGON | Ticks: 790 | Protag R: -6740.00 | Antag R: 6369.00 | Delivery:  60.5% | Budget Used: 3720.00/4000.0
Ep   21 | Phase: ANTAGON | Ticks: 795 | Protag R: -9577.00 | Antag R: 9206.00 | Delivery:  58.8% | Budget Used: 3720.00/4000.0
Ep   22 | Phase: ANTAGON | Ticks: 791 | Protag R: -12867.00 | Antag R: 12496.00 | Delivery:  43.5% | Budget Used: 3720.00/4000.0
Ep   23 | Phase: ANTAGON | Ticks: 795 | Protag R: -7904.00 | Antag R: 7533.00 | Delivery:  66.7% | Budget Used: 3720.00/4000.0
Ep   24 | Phase: ANTAGON | Ticks: 797 | Protag R: -8754.00 | Antag R: 8383.00 | Delivery:  54.7% | Budget Used: 3720.00/4000.0
Ep   25 | Phase: ANTAGON | Ticks: 786 | Protag R: -6396.00 | Antag R: 6025.00 | Delivery:  75.0% | Budget Used: 3720.00/4000.0
Ep   26 | Phase: ANTAGON | Ticks: 777 | Protag R: -16962.00 | Antag R: 16591.00 | Delivery:  41.0% | Budget Used: 3720.00/4000.0
Ep   27 | Phase: ANTAGON | Ticks: 791 | Protag R: -3939.00 | Antag R: 3568.00 | Delivery:  68.8% | Budget Used: 3720.00/4000.0
Ep   28 | Phase: ANTAGON | Ticks: 797 | Protag R: -6829.00 | Antag R: 6458.00 | Delivery:  62.5% | Budget Used: 3720.00/4000.0
Ep   29 | Phase: ANTAGON | Ticks: 778 | Protag R: -12022.00 | Antag R: 11651.00 | Delivery:  48.1% | Budget Used: 3720.00/4000.0
Ep   30 | Phase: ANTAGON | Ticks: 795 | Protag R: -9583.00 | Antag R: 9212.00 | Delivery:  57.8% | Budget Used: 3720.00/4000.0
Ep   31 | Phase: ANTAGON | Ticks: 798 | Protag R: -14887.00 | Antag R: 14516.00 | Delivery:  41.4% | Budget Used: 3720.00/4000.0
Ep   32 | Phase: ANTAGON | Ticks: 796 | Protag R: -13556.00 | Antag R: 13184.00 | Delivery:  44.8% | Budget Used: 3720.00/4000.0
Ep   33 | Phase: ANTAGON | Ticks: 792 | Protag R: -13319.00 | Antag R: 12948.00 | Delivery:  43.1% | Budget Used: 3720.00/4000.0
Ep   34 | Phase: ANTAGON | Ticks: 796 | Protag R: -10621.00 | Antag R: 10250.00 | Delivery:  48.2% | Budget Used: 3720.00/4000.0
Ep   35 | Phase: ANTAGON | Ticks: 798 | Protag R: -11145.00 | Antag R: 10774.00 | Delivery:  52.0% | Budget Used: 3720.00/4000.0
Ep   36 | Phase: ANTAGON | Ticks: 775 | Protag R: -12060.00 | Antag R: 11689.00 | Delivery:  48.2% | Budget Used: 3720.00/4000.0
Ep   37 | Phase: ANTAGON | Ticks: 795 | Protag R: -10107.00 | Antag R: 9735.00 | Delivery:  54.3% | Budget Used: 3720.00/4000.0
Ep   38 | Phase: ANTAGON | Ticks: 791 | Protag R: -13804.00 | Antag R: 13433.00 | Delivery:  41.7% | Budget Used: 3720.00/4000.0
Ep   39 | Phase: ANTAGON | Ticks: 779 | Protag R: -16072.00 | Antag R: 15701.00 | Delivery:  38.3% | Budget Used: 3720.00/4000.0
Ep   40 | Phase: ANTAGON | Ticks: 798 | Protag R: -6864.00 | Antag R: 6493.00 | Delivery:  59.6% | Budget Used: 3720.00/4000.0
Ep   41 | Phase: ANTAGON | Ticks: 792 | Protag R: -6746.00 | Antag R: 6375.00 | Delivery:  51.2% | Budget Used: 3720.00/4000.0
Ep   42 | Phase: ANTAGON | Ticks: 798 | Protag R: -11878.00 | Antag R: 11507.00 | Delivery:  52.9% | Budget Used: 3720.00/4000.0
Ep   43 | Phase: ANTAGON | Ticks: 776 | Protag R: -5950.00 | Antag R: 5579.00 | Delivery:  57.1% | Budget Used: 3720.00/4000.0
Ep   44 | Phase: ANTAGON | Ticks: 785 | Protag R: -8243.00 | Antag R: 7872.00 | Delivery:  62.5% | Budget Used: 3720.00/4000.0
Ep   45 | Phase: ANTAGON | Ticks: 775 | Protag R: -8020.00 | Antag R: 7649.00 | Delivery:  55.6% | Budget Used: 3720.00/4000.0
Ep   46 | Phase: ANTAGON | Ticks: 795 | Protag R: -11106.00 | Antag R: 10736.00 | Delivery:  48.3% | Budget Used: 3720.00/4000.0
Ep   47 | Phase: ANTAGON | Ticks: 779 | Protag R: -7632.00 | Antag R: 7261.00 | Delivery:  59.1% | Budget Used: 3720.00/4000.0
Ep   48 | Phase: ANTAGON | Ticks: 794 | Protag R: -12347.00 | Antag R: 11976.00 | Delivery:  50.0% | Budget Used: 3720.00/4000.0
Ep   49 | Phase: ANTAGON | Ticks: 795 | Protag R: -9835.00 | Antag R: 9464.00 | Delivery:  51.0% | Budget Used: 3720.00/4000.0
Ep   50 | Phase: ANTAGON | Ticks: 785 | Protag R: -10003.00 | Antag R: 9632.00 | Delivery:  49.1% | Budget Used: 3720.00/4000.0
Saving checkpoints for both agents before phase switch...
Ep   51 | Phase: ANTAGON | Ticks: 794 | Protag R: -9625.00 | Antag R: 9254.00 | Delivery:  56.9% | Budget Used: 3720.00/4000.0
Ep   52 | Phase: ANTAGON | Ticks: 785 | Protag R: -13116.00 | Antag R: 12745.00 | Delivery:  53.4% | Budget Used: 3720.00/4000.0
Ep   53 | Phase: ANTAGON | Ticks: 795 | Protag R: -11328.00 | Antag R: 10957.00 | Delivery:  49.1% | Budget Used: 3720.00/4000.0
Ep   54 | Phase: ANTAGON | Ticks: 785 | Protag R: -14219.00 | Antag R: 13848.00 | Delivery:  47.4% | Budget Used: 3720.00/4000.0
Ep   55 | Phase: ANTAGON | Ticks: 799 | Protag R: -6867.00 | Antag R: 6495.00 | Delivery:  54.2% | Budget Used: 3720.00/4000.0
Ep   56 | Phase: ANTAGON | Ticks: 792 | Protag R: -9429.00 | Antag R: 9058.00 | Delivery:  54.3% | Budget Used: 3720.00/4000.0
Ep   57 | Phase: ANTAGON | Ticks: 799 | Protag R: -8233.00 | Antag R: 7862.00 | Delivery:  53.2% | Budget Used: 3720.00/4000.0
Ep   58 | Phase: ANTAGON | Ticks: 788 | Protag R: -8537.00 | Antag R: 8165.00 | Delivery:  61.7% | Budget Used: 3720.00/4000.0
Ep   59 | Phase: ANTAGON | Ticks: 779 | Protag R: -4569.00 | Antag R: 4198.00 | Delivery:  73.2% | Budget Used: 3720.00/4000.0
Ep   60 | Phase: ANTAGON | Ticks: 785 | Protag R: -9044.00 | Antag R: 8672.00 | Delivery:  57.1% | Budget Used: 3720.00/4000.0
Ep   61 | Phase: ANTAGON | Ticks: 790 | Protag R: -10135.00 | Antag R: 9764.00 | Delivery:  42.4% | Budget Used: 3720.00/4000.0
Ep   62 | Phase: ANTAGON | Ticks: 786 | Protag R: -9645.00 | Antag R: 9274.00 | Delivery:  61.9% | Budget Used: 3720.00/4000.0
Ep   63 | Phase: ANTAGON | Ticks: 799 | Protag R: -10849.00 | Antag R: 10477.00 | Delivery:  48.1% | Budget Used: 3720.00/4000.0
Ep   64 | Phase: ANTAGON | Ticks: 798 | Protag R: -5718.00 | Antag R: 5347.00 | Delivery:  61.4% | Budget Used: 3720.00/4000.0
Ep   65 | Phase: ANTAGON | Ticks: 795 | Protag R: -7962.00 | Antag R: 7591.00 | Delivery:  55.6% | Budget Used: 3720.00/4000.0
Ep   66 | Phase: ANTAGON | Ticks: 796 | Protag R: -9770.00 | Antag R: 9399.00 | Delivery:  50.0% | Budget Used: 3720.00/4000.0
Ep   67 | Phase: ANTAGON | Ticks: 794 | Protag R: -5256.00 | Antag R: 4884.00 | Delivery:  77.8% | Budget Used: 3720.00/4000.0
Ep   68 | Phase: ANTAGON | Ticks: 789 | Protag R: -2623.00 | Antag R: 2252.00 | Delivery:  85.7% | Budget Used: 3720.00/4000.0
Ep   69 | Phase: ANTAGON | Ticks: 777 | Protag R: -13031.00 | Antag R: 12659.00 | Delivery:  50.0% | Budget Used: 3720.00/4000.0
Ep   70 | Phase: ANTAGON | Ticks: 794 | Protag R: -10469.00 | Antag R: 10097.00 | Delivery:  53.1% | Budget Used: 3720.00/4000.0
Ep   71 | Phase: ANTAGON | Ticks: 799 | Protag R: -13204.00 | Antag R: 12833.00 | Delivery:  49.0% | Budget Used: 3720.00/4000.0
Ep   72 | Phase: ANTAGON | Ticks: 786 | Protag R: -8288.00 | Antag R: 7916.00 | Delivery:  55.6% | Budget Used: 3720.00/4000.0
Ep   73 | Phase: ANTAGON | Ticks: 789 | Protag R: -13312.00 | Antag R: 12941.00 | Delivery:  51.9% | Budget Used: 3720.00/4000.0
Ep   74 | Phase: ANTAGON | Ticks: 796 | Protag R: -5647.00 | Antag R: 5276.00 | Delivery:  62.8% | Budget Used: 3720.00/4000.0
Ep   75 | Phase: ANTAGON | Ticks: 792 | Protag R: -10099.00 | Antag R: 9728.00 | Delivery:  50.0% | Budget Used: 3720.00/4000.0
Ep   76 | Phase: ANTAGON | Ticks: 795 | Protag R: -13918.00 | Antag R: 13547.00 | Delivery:  37.7% | Budget Used: 3720.00/4000.0
Ep   77 | Phase: ANTAGON | Ticks: 792 | Protag R: -7185.00 | Antag R: 6814.00 | Delivery:  73.2% | Budget Used: 3720.00/4000.0
Ep   78 | Phase: ANTAGON | Ticks: 791 | Protag R: -15213.00 | Antag R: 14843.00 | Delivery:  37.3% | Budget Used: 3720.00/4000.0
Ep   79 | Phase: ANTAGON | Ticks: 788 | Protag R: -8229.00 | Antag R: 7858.00 | Delivery:  56.5% | Budget Used: 3720.00/4000.0
Ep   80 | Phase: ANTAGON | Ticks: 785 | Protag R: -9307.00 | Antag R: 8937.00 | Delivery:  48.1% | Budget Used: 3720.00/4000.0
Ep   81 | Phase: ANTAGON | Ticks: 794 | Protag R: -17480.00 | Antag R: 17109.00 | Delivery:  41.9% | Budget Used: 3720.00/4000.0
Ep   82 | Phase: ANTAGON | Ticks: 798 | Protag R: -6944.00 | Antag R: 6573.00 | Delivery:  63.6% | Budget Used: 3720.00/4000.0
Ep   83 | Phase: ANTAGON | Ticks: 794 | Protag R: -14767.00 | Antag R: 14396.00 | Delivery:  38.1% | Budget Used: 3720.00/4000.0
Ep   84 | Phase: ANTAGON | Ticks: 781 | Protag R: -7468.00 | Antag R: 7097.00 | Delivery:  60.4% | Budget Used: 3720.00/4000.0
Ep   85 | Phase: ANTAGON | Ticks: 783 | Protag R: -7824.00 | Antag R: 7453.00 | Delivery:  61.0% | Budget Used: 3720.00/4000.0
Ep   86 | Phase: ANTAGON | Ticks: 777 | Protag R: -6007.00 | Antag R: 5635.00 | Delivery:  65.8% | Budget Used: 3720.00/4000.0
Ep   87 | Phase: ANTAGON | Ticks: 796 | Protag R: -11425.00 | Antag R: 11053.00 | Delivery:  58.3% | Budget Used: 3720.00/4000.0
Ep   88 | Phase: ANTAGON | Ticks: 793 | Protag R: -5954.00 | Antag R: 5583.00 | Delivery:  68.4% | Budget Used: 3720.00/4000.0
Ep   89 | Phase: ANTAGON | Ticks: 792 | Protag R: -14882.00 | Antag R: 14511.00 | Delivery:  39.7% | Budget Used: 3720.00/4000.0
Ep   90 | Phase: ANTAGON | Ticks: 799 | Protag R: -11796.00 | Antag R: 11425.00 | Delivery:  45.1% | Budget Used: 3720.00/4000.0
Ep   91 | Phase: ANTAGON | Ticks: 791 | Protag R: -7303.00 | Antag R: 6932.00 | Delivery:  56.8% | Budget Used: 3720.00/4000.0
Ep   92 | Phase: ANTAGON | Ticks: 793 | Protag R: -9365.00 | Antag R: 8994.00 | Delivery:  55.1% | Budget Used: 3720.00/4000.0
Ep   93 | Phase: ANTAGON | Ticks: 795 | Protag R: -3597.00 | Antag R: 3226.00 | Delivery:  76.5% | Budget Used: 3720.00/4000.0
Ep   94 | Phase: ANTAGON | Ticks: 790 | Protag R: -11438.00 | Antag R: 11067.00 | Delivery:  49.1% | Budget Used: 3720.00/4000.0
Ep   95 | Phase: ANTAGON | Ticks: 784 | Protag R: -10573.00 | Antag R: 10202.00 | Delivery:  52.2% | Budget Used: 3720.00/4000.0
Ep   96 | Phase: ANTAGON | Ticks: 798 | Protag R: -4307.00 | Antag R: 3936.00 | Delivery:  57.9% | Budget Used: 3720.00/4000.0
Ep   97 | Phase: ANTAGON | Ticks: 785 | Protag R: -6320.00 | Antag R: 5949.00 | Delivery:  61.4% | Budget Used: 3720.00/4000.0
Ep   98 | Phase: ANTAGON | Ticks: 779 | Protag R: -9319.00 | Antag R: 8948.00 | Delivery:  42.9% | Budget Used: 3720.00/4000.0
Ep   99 | Phase: ANTAGON | Ticks: 792 | Protag R: -9167.00 | Antag R: 8796.00 | Delivery:  50.0% | Budget Used: 3720.00/4000.0
Ep  100 | Phase: ANTAGON | Ticks: 797 | Protag R: -6651.00 | Antag R: 6279.00 | Delivery:  47.7% | Budget Used: 3720.00/4000.0
Saving checkpoints for both agents before phase switch...
Ep  101 | Phase: ANTAGON | Ticks: 783 | Protag R: -7240.00 | Antag R: 6869.00 | Delivery:  61.9% | Budget Used: 3720.00/4000.0
Ep  102 | Phase: ANTAGON | Ticks: 794 | Protag R: -8900.00 | Antag R: 8529.00 | Delivery:  45.6% | Budget Used: 3720.00/4000.0
Ep  103 | Phase: ANTAGON | Ticks: 797 | Protag R: -5959.00 | Antag R: 5587.00 | Delivery:  57.1% | Budget Used: 3720.00/4000.0
Ep  104 | Phase: ANTAGON | Ticks: 783 | Protag R: -10089.00 | Antag R: 9718.00 | Delivery:  60.4% | Budget Used: 3720.00/4000.0
Ep  105 | Phase: ANTAGON | Ticks: 789 | Protag R: -11417.00 | Antag R: 11046.00 | Delivery:  51.9% | Budget Used: 3720.00/4000.0
Ep  106 | Phase: ANTAGON | Ticks: 798 | Protag R: -9884.00 | Antag R: 9513.00 | Delivery:  52.1% | Budget Used: 3720.00/4000.0
Ep  107 | Phase: ANTAGON | Ticks: 796 | Protag R: -11770.00 | Antag R: 11399.00 | Delivery:  55.8% | Budget Used: 3720.00/4000.0
Ep  108 | Phase: ANTAGON | Ticks: 791 | Protag R: -9670.00 | Antag R: 9299.00 | Delivery:  54.3% | Budget Used: 3720.00/4000.0
Ep  109 | Phase: ANTAGON | Ticks: 791 | Protag R: -6260.00 | Antag R: 5889.00 | Delivery:  67.5% | Budget Used: 3720.00/4000.0
Ep  110 | Phase: ANTAGON | Ticks: 796 | Protag R: -9175.00 | Antag R: 8803.00 | Delivery:  55.3% | Budget Used: 3720.00/4000.0
Ep  111 | Phase: ANTAGON | Ticks: 798 | Protag R: -8452.00 | Antag R: 8081.00 | Delivery:  59.6% | Budget Used: 3720.00/4000.0
Ep  112 | Phase: ANTAGON | Ticks: 796 | Protag R: -10086.00 | Antag R: 9714.00 | Delivery:  48.9% | Budget Used: 3720.00/4000.0
Ep  113 | Phase: ANTAGON | Ticks: 799 | Protag R: -4904.00 | Antag R: 4533.00 | Delivery:  75.0% | Budget Used: 3720.00/4000.0
Ep  114 | Phase: ANTAGON | Ticks: 791 | Protag R: -6731.00 | Antag R: 6360.00 | Delivery:  62.2% | Budget Used: 3720.00/4000.0
Ep  115 | Phase: ANTAGON | Ticks: 797 | Protag R: -9558.00 | Antag R: 9186.00 | Delivery:  48.1% | Budget Used: 3720.00/4000.0
Ep  116 | Phase: ANTAGON | Ticks: 779 | Protag R: -8448.00 | Antag R: 8077.00 | Delivery:  53.7% | Budget Used: 3720.00/4000.0
Ep  117 | Phase: ANTAGON | Ticks: 789 | Protag R: -8190.00 | Antag R: 7819.00 | Delivery:  60.5% | Budget Used: 3720.00/4000.0
Ep  118 | Phase: ANTAGON | Ticks: 781 | Protag R: -10615.00 | Antag R: 10244.00 | Delivery:  51.9% | Budget Used: 3720.00/4000.0
Ep  119 | Phase: ANTAGON | Ticks: 794 | Protag R: -13626.00 | Antag R: 13255.00 | Delivery:  45.5% | Budget Used: 3720.00/4000.0
Ep  120 | Phase: ANTAGON | Ticks: 791 | Protag R: -12804.00 | Antag R: 12433.00 | Delivery:  48.1% | Budget Used: 3720.00/4000.0
Ep  121 | Phase: ANTAGON | Ticks: 784 | Protag R: -12706.00 | Antag R: 12335.00 | Delivery:  52.6% | Budget Used: 3720.00/4000.0
Ep  122 | Phase: ANTAGON | Ticks: 787 | Protag R: -9810.00 | Antag R: 9439.00 | Delivery:  55.1% | Budget Used: 3720.00/4000.0
Ep  123 | Phase: ANTAGON | Ticks: 790 | Protag R: -15525.00 | Antag R: 15153.00 | Delivery:  34.5% | Budget Used: 3720.00/4000.0
Ep  124 | Phase: ANTAGON | Ticks: 795 | Protag R: -9660.00 | Antag R: 9289.00 | Delivery:  48.0% | Budget Used: 3720.00/4000.0
Ep  125 | Phase: ANTAGON | Ticks: 784 | Protag R: -9401.00 | Antag R: 9029.00 | Delivery:  55.3% | Budget Used: 3720.00/4000.0
Ep  126 | Phase: ANTAGON | Ticks: 790 | Protag R: -6915.00 | Antag R: 6544.00 | Delivery:  68.3% | Budget Used: 3720.00/4000.0
Ep  127 | Phase: ANTAGON | Ticks: 788 | Protag R: -6920.00 | Antag R: 6549.00 | Delivery:  57.1% | Budget Used: 3720.00/4000.0
Ep  128 | Phase: ANTAGON | Ticks: 799 | Protag R: -13336.00 | Antag R: 12965.00 | Delivery:  47.4% | Budget Used: 3720.00/4000.0
Ep  129 | Phase: ANTAGON | Ticks: 789 | Protag R: -8387.00 | Antag R: 8016.00 | Delivery:  64.4% | Budget Used: 3720.00/4000.0
Ep  130 | Phase: ANTAGON | Ticks: 775 | Protag R: -10604.00 | Antag R: 10233.00 | Delivery:  52.9% | Budget Used: 3720.00/4000.0
Ep  131 | Phase: ANTAGON | Ticks: 788 | Protag R: -3396.00 | Antag R: 3024.00 | Delivery:  82.8% | Budget Used: 3720.00/4000.0
Ep  132 | Phase: ANTAGON | Ticks: 798 | Protag R: -5742.00 | Antag R: 5371.00 | Delivery:  64.3% | Budget Used: 3720.00/4000.0
Ep  133 | Phase: ANTAGON | Ticks: 795 | Protag R: -7460.00 | Antag R: 7089.00 | Delivery:  63.6% | Budget Used: 3720.00/4000.0
Ep  134 | Phase: ANTAGON | Ticks: 798 | Protag R: -8625.00 | Antag R: 8266.00 | Delivery:  52.0% | Budget Used: 3600.00/4000.0
Ep  135 | Phase: ANTAGON | Ticks: 799 | Protag R: -4925.00 | Antag R: 4553.00 | Delivery:  60.0% | Budget Used: 3720.00/4000.0
Ep  136 | Phase: ANTAGON | Ticks: 796 | Protag R: -11963.00 | Antag R: 11592.00 | Delivery:  47.3% | Budget Used: 3720.00/4000.0
Ep  137 | Phase: ANTAGON | Ticks: 798 | Protag R: -7902.00 | Antag R: 7531.00 | Delivery:  70.5% | Budget Used: 3720.00/4000.0
Ep  138 | Phase: ANTAGON | Ticks: 797 | Protag R: -5856.00 | Antag R: 5484.00 | Delivery:  64.3% | Budget Used: 3720.00/4000.0
Ep  139 | Phase: ANTAGON | Ticks: 796 | Protag R: -12726.00 | Antag R: 12356.00 | Delivery:  47.1% | Budget Used: 3720.00/4000.0
Ep  140 | Phase: ANTAGON | Ticks: 798 | Protag R: -6280.00 | Antag R: 5908.00 | Delivery:  53.5% | Budget Used: 3720.00/4000.0
Ep  141 | Phase: ANTAGON | Ticks: 777 | Protag R: -8230.00 | Antag R: 7859.00 | Delivery:  54.9% | Budget Used: 3720.00/4000.0
Ep  142 | Phase: ANTAGON | Ticks: 795 | Protag R: -12042.00 | Antag R: 11671.00 | Delivery:  49.0% | Budget Used: 3720.00/4000.0
Ep  143 | Phase: ANTAGON | Ticks: 795 | Protag R: -11351.00 | Antag R: 10980.00 | Delivery:  49.0% | Budget Used: 3720.00/4000.0
Ep  144 | Phase: ANTAGON | Ticks: 797 | Protag R: -9233.00 | Antag R: 8862.00 | Delivery:  57.1% | Budget Used: 3720.00/4000.0
Ep  145 | Phase: ANTAGON | Ticks: 799 | Protag R: -10581.00 | Antag R: 10210.00 | Delivery:  44.4% | Budget Used: 3720.00/4000.0
Ep  146 | Phase: ANTAGON | Ticks: 793 | Protag R: -8281.00 | Antag R: 7910.00 | Delivery:  52.2% | Budget Used: 3720.00/4000.0
Ep  147 | Phase: ANTAGON | Ticks: 797 | Protag R: -6496.00 | Antag R: 6125.00 | Delivery:  57.4% | Budget Used: 3720.00/4000.0
Ep  148 | Phase: ANTAGON | Ticks: 797 | Protag R: -8504.00 | Antag R: 8132.00 | Delivery:  59.1% | Budget Used: 3720.00/4000.0
Ep  149 | Phase: ANTAGON | Ticks: 798 | Protag R: -11210.00 | Antag R: 10838.00 | Delivery:  52.9% | Budget Used: 3720.00/4000.0
Ep  150 | Phase: ANTAGON | Ticks: 798 | Protag R: -3844.00 | Antag R: 3472.00 | Delivery:  60.0% | Budget Used: 3720.00/4000.0
Saving checkpoints for both agents before phase switch...
Ep  151 | Phase: ANTAGON | Ticks: 790 | Protag R: -12177.00 | Antag R: 11806.00 | Delivery:  43.5% | Budget Used: 3720.00/4000.0
Ep  152 | Phase: ANTAGON | Ticks: 792 | Protag R: -8390.00 | Antag R: 8019.00 | Delivery:  57.1% | Budget Used: 3720.00/4000.0
Ep  153 | Phase: ANTAGON | Ticks: 798 | Protag R: -7888.00 | Antag R: 7517.00 | Delivery:  53.1% | Budget Used: 3720.00/4000.0
Ep  154 | Phase: ANTAGON | Ticks: 786 | Protag R: -11538.00 | Antag R: 11166.00 | Delivery:  40.0% | Budget Used: 3720.00/4000.0
Ep  155 | Phase: ANTAGON | Ticks: 796 | Protag R: -8978.00 | Antag R: 8606.00 | Delivery:  54.3% | Budget Used: 3720.00/4000.0
Ep  156 | Phase: ANTAGON | Ticks: 794 | Protag R: -8213.00 | Antag R: 7841.00 | Delivery:  49.0% | Budget Used: 3720.00/4000.0
Ep  157 | Phase: ANTAGON | Ticks: 793 | Protag R: -6451.00 | Antag R: 6080.00 | Delivery:  71.1% | Budget Used: 3720.00/4000.0
Ep  158 | Phase: ANTAGON | Ticks: 789 | Protag R: -11277.00 | Antag R: 10906.00 | Delivery:  50.9% | Budget Used: 3720.00/4000.0
Ep  159 | Phase: ANTAGON | Ticks: 789 | Protag R: -8032.00 | Antag R: 7661.00 | Delivery:  46.5% | Budget Used: 3720.00/4000.0
Ep  160 | Phase: ANTAGON | Ticks: 793 | Protag R: -7128.00 | Antag R: 6757.00 | Delivery:  56.5% | Budget Used: 3720.00/4000.0
Ep  161 | Phase: ANTAGON | Ticks: 783 | Protag R: -10855.00 | Antag R: 10485.00 | Delivery:  55.8% | Budget Used: 3720.00/4000.0
Ep  162 | Phase: ANTAGON | Ticks: 793 | Protag R: -8632.00 | Antag R: 8261.00 | Delivery:  59.6% | Budget Used: 3720.00/4000.0
Ep  163 | Phase: ANTAGON | Ticks: 787 | Protag R: -12851.00 | Antag R: 12480.00 | Delivery:  49.2% | Budget Used: 3720.00/4000.0
Ep  164 | Phase: ANTAGON | Ticks: 792 | Protag R: -10447.00 | Antag R: 10076.00 | Delivery:  45.1% | Budget Used: 3720.00/4000.0
Ep  165 | Phase: ANTAGON | Ticks: 792 | Protag R: -8737.00 | Antag R: 8365.00 | Delivery:  58.3% | Budget Used: 3720.00/4000.0
Ep  166 | Phase: ANTAGON | Ticks: 799 | Protag R: -16255.00 | Antag R: 15885.00 | Delivery:  42.4% | Budget Used: 3720.00/4000.0
Ep  167 | Phase: ANTAGON | Ticks: 793 | Protag R: -11596.00 | Antag R: 11224.00 | Delivery:  43.1% | Budget Used: 3720.00/4000.0
Ep  168 | Phase: ANTAGON | Ticks: 792 | Protag R: -9033.00 | Antag R: 8662.00 | Delivery:  51.1% | Budget Used: 3720.00/4000.0
Ep  169 | Phase: ANTAGON | Ticks: 791 | Protag R: -12816.00 | Antag R: 12445.00 | Delivery:  53.6% | Budget Used: 3720.00/4000.0
Ep  170 | Phase: ANTAGON | Ticks: 797 | Protag R: -8314.00 | Antag R: 7943.00 | Delivery:  51.1% | Budget Used: 3720.00/4000.0
Ep  171 | Phase: ANTAGON | Ticks: 799 | Protag R: -13023.00 | Antag R: 12652.00 | Delivery:  47.5% | Budget Used: 3720.00/4000.0
Ep  172 | Phase: ANTAGON | Ticks: 794 | Protag R: -10194.00 | Antag R: 9823.00 | Delivery:  47.1% | Budget Used: 3720.00/4000.0
Ep  173 | Phase: ANTAGON | Ticks: 791 | Protag R: -10835.00 | Antag R: 10464.00 | Delivery:  56.2% | Budget Used: 3720.00/4000.0
Ep  174 | Phase: ANTAGON | Ticks: 787 | Protag R: -12038.00 | Antag R: 11667.00 | Delivery:  52.6% | Budget Used: 3720.00/4000.0
Ep  175 | Phase: ANTAGON | Ticks: 783 | Protag R: -5425.00 | Antag R: 5053.00 | Delivery:  59.5% | Budget Used: 3720.00/4000.0
Ep  176 | Phase: ANTAGON | Ticks: 794 | Protag R: -4827.00 | Antag R: 4456.00 | Delivery:  70.7% | Budget Used: 3720.00/4000.0
Ep  177 | Phase: ANTAGON | Ticks: 790 | Protag R: -7563.00 | Antag R: 7192.00 | Delivery:  53.5% | Budget Used: 3720.00/4000.0
Ep  178 | Phase: ANTAGON | Ticks: 797 | Protag R: -10632.00 | Antag R: 10261.00 | Delivery:  46.7% | Budget Used: 3720.00/4000.0
Ep  179 | Phase: ANTAGON | Ticks: 785 | Protag R: -8330.00 | Antag R: 7959.00 | Delivery:  63.0% | Budget Used: 3720.00/4000.0
Ep  180 | Phase: ANTAGON | Ticks: 782 | Protag R: -6587.00 | Antag R: 6216.00 | Delivery:  68.3% | Budget Used: 3720.00/4000.0
Ep  181 | Phase: ANTAGON | Ticks: 777 | Protag R: -4905.00 | Antag R: 4534.00 | Delivery:  60.5% | Budget Used: 3720.00/4000.0
Ep  182 | Phase: ANTAGON | Ticks: 787 | Protag R: -8505.00 | Antag R: 8134.00 | Delivery:  54.2% | Budget Used: 3720.00/4000.0
Ep  183 | Phase: ANTAGON | Ticks: 796 | Protag R: -5800.00 | Antag R: 5429.00 | Delivery:  56.5% | Budget Used: 3720.00/4000.0
Ep  184 | Phase: ANTAGON | Ticks: 789 | Protag R: -7729.00 | Antag R: 7358.00 | Delivery:  56.2% | Budget Used: 3720.00/4000.0
Ep  185 | Phase: ANTAGON | Ticks: 786 | Protag R: -7006.00 | Antag R: 6635.00 | Delivery:  62.8% | Budget Used: 3720.00/4000.0
Ep  186 | Phase: ANTAGON | Ticks: 792 | Protag R: -15602.00 | Antag R: 15231.00 | Delivery:  38.7% | Budget Used: 3720.00/4000.0
Ep  187 | Phase: ANTAGON | Ticks: 778 | Protag R: -12832.00 | Antag R: 12461.00 | Delivery:  44.6% | Budget Used: 3720.00/4000.0
Ep  188 | Phase: ANTAGON | Ticks: 776 | Protag R: -10961.00 | Antag R: 10590.00 | Delivery:  43.6% | Budget Used: 3720.00/4000.0
Ep  189 | Phase: ANTAGON | Ticks: 791 | Protag R: -10982.00 | Antag R: 10611.00 | Delivery:  57.1% | Budget Used: 3720.00/4000.0
Ep  190 | Phase: ANTAGON | Ticks: 786 | Protag R: -5061.00 | Antag R: 4690.00 | Delivery:  62.2% | Budget Used: 3720.00/4000.0
Ep  191 | Phase: ANTAGON | Ticks: 786 | Protag R: -3503.00 | Antag R: 3132.00 | Delivery:  71.9% | Budget Used: 3720.00/4000.0
Ep  192 | Phase: ANTAGON | Ticks: 776 | Protag R: -8250.00 | Antag R: 7879.00 | Delivery:  57.8% | Budget Used: 3720.00/4000.0
Ep  193 | Phase: ANTAGON | Ticks: 782 | Protag R: -10805.00 | Antag R: 10433.00 | Delivery:  47.9% | Budget Used: 3720.00/4000.0
Ep  194 | Phase: ANTAGON | Ticks: 799 | Protag R: -4572.00 | Antag R: 4201.00 | Delivery:  65.2% | Budget Used: 3720.00/4000.0
Ep  195 | Phase: ANTAGON | Ticks: 784 | Protag R: -8466.00 | Antag R: 8095.00 | Delivery:  44.0% | Budget Used: 3720.00/4000.0
Ep  196 | Phase: ANTAGON | Ticks: 786 | Protag R: -8831.00 | Antag R: 8460.00 | Delivery:  49.1% | Budget Used: 3720.00/4000.0
Ep  197 | Phase: ANTAGON | Ticks: 790 | Protag R: -9675.00 | Antag R: 9304.00 | Delivery:  67.4% | Budget Used: 3720.00/4000.0
Ep  198 | Phase: ANTAGON | Ticks: 777 | Protag R: -13525.00 | Antag R: 13154.00 | Delivery:  50.8% | Budget Used: 3720.00/4000.0
Ep  199 | Phase: ANTAGON | Ticks: 789 | Protag R: -5960.00 | Antag R: 5589.00 | Delivery:  69.2% | Budget Used: 3720.00/4000.0
Ep  200 | Phase: ANTAGON | Ticks: 775 | Protag R: -6930.00 | Antag R: 6558.00 | Delivery:  50.0% | Budget Used: 3720.00/4000.0
Saving checkpoints for both agents before phase switch...
Ep  201 | Phase: ANTAGON | Ticks: 791 | Protag R: -15460.00 | Antag R: 15089.00 | Delivery:  45.9% | Budget Used: 3720.00/4000.0
Ep  202 | Phase: ANTAGON | Ticks: 775 | Protag R: -10292.00 | Antag R: 9921.00 | Delivery:  39.2% | Budget Used: 3720.00/4000.0
Ep  203 | Phase: ANTAGON | Ticks: 776 | Protag R: -9929.00 | Antag R: 9558.00 | Delivery:  49.1% | Budget Used: 3720.00/4000.0
Ep  204 | Phase: ANTAGON | Ticks: 790 | Protag R: -8592.00 | Antag R: 8221.00 | Delivery:  52.1% | Budget Used: 3720.00/4000.0
Ep  205 | Phase: ANTAGON | Ticks: 793 | Protag R: -11673.00 | Antag R: 11302.00 | Delivery:  49.2% | Budget Used: 3720.00/4000.0
Ep  206 | Phase: ANTAGON | Ticks: 794 | Protag R: -12145.00 | Antag R: 11774.00 | Delivery:  48.1% | Budget Used: 3720.00/4000.0
Ep  207 | Phase: ANTAGON | Ticks: 789 | Protag R: -7589.00 | Antag R: 7218.00 | Delivery:  62.8% | Budget Used: 3720.00/4000.0
Ep  208 | Phase: ANTAGON | Ticks: 780 | Protag R: -7552.00 | Antag R: 7181.00 | Delivery:  46.5% | Budget Used: 3720.00/4000.0
Ep  209 | Phase: ANTAGON | Ticks: 796 | Protag R: -9213.00 | Antag R: 8842.00 | Delivery:  62.0% | Budget Used: 3720.00/4000.0
Ep  210 | Phase: ANTAGON | Ticks: 797 | Protag R: -4689.00 | Antag R: 4318.00 | Delivery:  68.3% | Budget Used: 3720.00/4000.0
Ep  211 | Phase: ANTAGON | Ticks: 798 | Protag R: -12280.00 | Antag R: 11909.00 | Delivery:  45.8% | Budget Used: 3720.00/4000.0
Ep  212 | Phase: ANTAGON | Ticks: 788 | Protag R: -7364.00 | Antag R: 6993.00 | Delivery:  67.5% | Budget Used: 3720.00/4000.0
Ep  213 | Phase: ANTAGON | Ticks: 787 | Protag R: -10484.00 | Antag R: 10113.00 | Delivery:  47.7% | Budget Used: 3720.00/4000.0
Ep  214 | Phase: ANTAGON | Ticks: 781 | Protag R: -12078.00 | Antag R: 11707.00 | Delivery:  45.5% | Budget Used: 3720.00/4000.0
Ep  215 | Phase: ANTAGON | Ticks: 790 | Protag R: -9338.00 | Antag R: 8966.00 | Delivery:  56.8% | Budget Used: 3720.00/4000.0
Ep  216 | Phase: ANTAGON | Ticks: 789 | Protag R: -12692.00 | Antag R: 12321.00 | Delivery:  51.8% | Budget Used: 3720.00/4000.0
Ep  217 | Phase: ANTAGON | Ticks: 776 | Protag R: -9282.00 | Antag R: 8911.00 | Delivery:  57.1% | Budget Used: 3720.00/4000.0
Ep  218 | Phase: ANTAGON | Ticks: 792 | Protag R: -6948.00 | Antag R: 6577.00 | Delivery:  60.0% | Budget Used: 3720.00/4000.0
Ep  219 | Phase: ANTAGON | Ticks: 798 | Protag R: -9076.00 | Antag R: 8704.00 | Delivery:  56.0% | Budget Used: 3720.00/4000.0
Ep  220 | Phase: ANTAGON | Ticks: 797 | Protag R: -8364.00 | Antag R: 7993.00 | Delivery:  60.0% | Budget Used: 3720.00/4000.0
Ep  221 | Phase: ANTAGON | Ticks: 795 | Protag R: -4185.00 | Antag R: 3814.00 | Delivery:  73.7% | Budget Used: 3720.00/4000.0
Ep  222 | Phase: ANTAGON | Ticks: 796 | Protag R: -5602.00 | Antag R: 5231.00 | Delivery:  63.6% | Budget Used: 3720.00/4000.0
Ep  223 | Phase: ANTAGON | Ticks: 780 | Protag R: -10155.00 | Antag R: 9784.00 | Delivery:  46.4% | Budget Used: 3720.00/4000.0
Ep  224 | Phase: ANTAGON | Ticks: 784 | Protag R: -9465.00 | Antag R: 9093.00 | Delivery:  50.0% | Budget Used: 3720.00/4000.0
Ep  225 | Phase: ANTAGON | Ticks: 799 | Protag R: -13362.00 | Antag R: 12991.00 | Delivery:  46.6% | Budget Used: 3720.00/4000.0
Ep  226 | Phase: ANTAGON | Ticks: 786 | Protag R: -6757.00 | Antag R: 6386.00 | Delivery:  64.1% | Budget Used: 3720.00/4000.0
Ep  227 | Phase: ANTAGON | Ticks: 797 | Protag R: -9742.00 | Antag R: 9371.00 | Delivery:  50.0% | Budget Used: 3720.00/4000.0
Ep  228 | Phase: ANTAGON | Ticks: 796 | Protag R: -5400.00 | Antag R: 5029.00 | Delivery:  62.5% | Budget Used: 3720.00/4000.0
Ep  229 | Phase: ANTAGON | Ticks: 791 | Protag R: -6976.00 | Antag R: 6605.00 | Delivery:  58.3% | Budget Used: 3720.00/4000.0
Ep  230 | Phase: ANTAGON | Ticks: 786 | Protag R: -11427.00 | Antag R: 11056.00 | Delivery:  53.8% | Budget Used: 3720.00/4000.0
Ep  231 | Phase: ANTAGON | Ticks: 791 | Protag R: -11019.00 | Antag R: 10648.00 | Delivery:  43.6% | Budget Used: 3720.00/4000.0
Ep  232 | Phase: ANTAGON | Ticks: 791 | Protag R: -11383.00 | Antag R: 11012.00 | Delivery:  62.5% | Budget Used: 3720.00/4000.0
Ep  233 | Phase: ANTAGON | Ticks: 783 | Protag R: -6901.00 | Antag R: 6530.00 | Delivery:  69.0% | Budget Used: 3720.00/4000.0
Ep  234 | Phase: ANTAGON | Ticks: 796 | Protag R: -10298.00 | Antag R: 9927.00 | Delivery:  45.3% | Budget Used: 3720.00/4000.0
Ep  235 | Phase: ANTAGON | Ticks: 777 | Protag R: -8834.00 | Antag R: 8463.00 | Delivery:  60.0% | Budget Used: 3720.00/4000.0
Ep  236 | Phase: ANTAGON | Ticks: 782 | Protag R: -10328.00 | Antag R: 9957.00 | Delivery:  47.4% | Budget Used: 3720.00/4000.0
Ep  237 | Phase: ANTAGON | Ticks: 789 | Protag R: -10873.00 | Antag R: 10501.00 | Delivery:  50.0% | Budget Used: 3720.00/4000.0
Ep  238 | Phase: ANTAGON | Ticks: 795 | Protag R: -9462.00 | Antag R: 9091.00 | Delivery:  47.4% | Budget Used: 3720.00/4000.0
Ep  239 | Phase: ANTAGON | Ticks: 781 | Protag R: -8654.00 | Antag R: 8283.00 | Delivery:  60.0% | Budget Used: 3720.00/4000.0
Ep  240 | Phase: ANTAGON | Ticks: 796 | Protag R: -13306.00 | Antag R: 12935.00 | Delivery:  44.6% | Budget Used: 3720.00/4000.0
Ep  241 | Phase: ANTAGON | Ticks: 796 | Protag R: -11540.00 | Antag R: 11168.00 | Delivery:  42.1% | Budget Used: 3720.00/4000.0
Ep  242 | Phase: ANTAGON | Ticks: 798 | Protag R: -8424.00 | Antag R: 8053.00 | Delivery:  68.2% | Budget Used: 3720.00/4000.0
Ep  243 | Phase: ANTAGON | Ticks: 791 | Protag R: -15013.00 | Antag R: 14641.00 | Delivery:  38.1% | Budget Used: 3720.00/4000.0
Ep  244 | Phase: ANTAGON | Ticks: 789 | Protag R: -10181.00 | Antag R: 9810.00 | Delivery:  48.9% | Budget Used: 3720.00/4000.0
Ep  245 | Phase: ANTAGON | Ticks: 781 | Protag R: -2839.00 | Antag R: 2468.00 | Delivery:  74.3% | Budget Used: 3720.00/4000.0
Ep  246 | Phase: ANTAGON | Ticks: 787 | Protag R: -5128.00 | Antag R: 4756.00 | Delivery:  69.4% | Budget Used: 3720.00/4000.0
Ep  247 | Phase: ANTAGON | Ticks: 793 | Protag R: -9748.00 | Antag R: 9377.00 | Delivery:  52.1% | Budget Used: 3720.00/4000.0
Ep  248 | Phase: ANTAGON | Ticks: 794 | Protag R: -7596.00 | Antag R: 7225.00 | Delivery:  47.3% | Budget Used: 3720.00/4000.0
Ep  249 | Phase: ANTAGON | Ticks: 790 | Protag R: -12402.00 | Antag R: 12031.00 | Delivery:  48.1% | Budget Used: 3720.00/4000.0
Ep  250 | Phase: ANTAGON | Ticks: 786 | Protag R: -5848.00 | Antag R: 5477.00 | Delivery:  56.8% | Budget Used: 3720.00/4000.0
Saving checkpoints for both agents before phase switch...
Ep  251 | Phase: ANTAGON | Ticks: 796 | Protag R: -10518.00 | Antag R: 10147.00 | Delivery:  53.8% | Budget Used: 3720.00/4000.0
Ep  252 | Phase: ANTAGON | Ticks: 793 | Protag R: -8453.00 | Antag R: 8082.00 | Delivery:  52.3% | Budget Used: 3720.00/4000.0
Ep  253 | Phase: ANTAGON | Ticks: 795 | Protag R: -11273.00 | Antag R: 10902.00 | Delivery:  48.9% | Budget Used: 3720.00/4000.0
Ep  254 | Phase: ANTAGON | Ticks: 775 | Protag R: -6120.00 | Antag R: 5748.00 | Delivery:  65.9% | Budget Used: 3720.00/4000.0
Ep  255 | Phase: ANTAGON | Ticks: 787 | Protag R: -11322.00 | Antag R: 10950.00 | Delivery:  52.9% | Budget Used: 3720.00/4000.0
Ep  256 | Phase: ANTAGON | Ticks: 796 | Protag R: -5548.00 | Antag R: 5177.00 | Delivery:  70.0% | Budget Used: 3720.00/4000.0
Ep  257 | Phase: ANTAGON | Ticks: 776 | Protag R: -15272.00 | Antag R: 14901.00 | Delivery:  40.3% | Budget Used: 3720.00/4000.0
Ep  258 | Phase: ANTAGON | Ticks: 797 | Protag R: -12028.00 | Antag R: 11657.00 | Delivery:  45.1% | Budget Used: 3720.00/4000.0
Ep  259 | Phase: ANTAGON | Ticks: 796 | Protag R: -6166.00 | Antag R: 5794.00 | Delivery:  65.1% | Budget Used: 3720.00/4000.0
Ep  260 | Phase: ANTAGON | Ticks: 790 | Protag R: -9742.00 | Antag R: 9371.00 | Delivery:  63.6% | Budget Used: 3720.00/4000.0
Ep  261 | Phase: ANTAGON | Ticks: 791 | Protag R: -8101.00 | Antag R: 7730.00 | Delivery:  57.4% | Budget Used: 3720.00/4000.0
Ep  262 | Phase: ANTAGON | Ticks: 782 | Protag R: -8707.00 | Antag R: 8336.00 | Delivery:  51.0% | Budget Used: 3720.00/4000.0
Ep  263 | Phase: ANTAGON | Ticks: 784 | Protag R: -7428.00 | Antag R: 7057.00 | Delivery:  58.7% | Budget Used: 3720.00/4000.0
Ep  264 | Phase: ANTAGON | Ticks: 797 | Protag R: -7515.00 | Antag R: 7143.00 | Delivery:  57.4% | Budget Used: 3720.00/4000.0
Ep  265 | Phase: ANTAGON | Ticks: 799 | Protag R: -3957.00 | Antag R: 3586.00 | Delivery:  61.1% | Budget Used: 3720.00/4000.0
Ep  266 | Phase: ANTAGON | Ticks: 794 | Protag R: -9103.00 | Antag R: 8732.00 | Delivery:  54.9% | Budget Used: 3720.00/4000.0
Ep  267 | Phase: ANTAGON | Ticks: 793 | Protag R: -16618.00 | Antag R: 16247.00 | Delivery:  40.6% | Budget Used: 3720.00/4000.0
Ep  268 | Phase: ANTAGON | Ticks: 799 | Protag R: -4845.00 | Antag R: 4473.00 | Delivery:  64.1% | Budget Used: 3720.00/4000.0
Ep  269 | Phase: ANTAGON | Ticks: 781 | Protag R: -4420.00 | Antag R: 4049.00 | Delivery:  61.0% | Budget Used: 3720.00/4000.0
Ep  270 | Phase: ANTAGON | Ticks: 787 | Protag R: -10335.00 | Antag R: 9964.00 | Delivery:  52.0% | Budget Used: 3720.00/4000.0
Ep  271 | Phase: ANTAGON | Ticks: 799 | Protag R: -8309.00 | Antag R: 7938.00 | Delivery:  54.2% | Budget Used: 3720.00/4000.0
Ep  272 | Phase: ANTAGON | Ticks: 799 | Protag R: -7052.00 | Antag R: 6681.00 | Delivery:  51.1% | Budget Used: 3720.00/4000.0
Ep  273 | Phase: ANTAGON | Ticks: 798 | Protag R: -8995.00 | Antag R: 8624.00 | Delivery:  54.2% | Budget Used: 3720.00/4000.0
Ep  274 | Phase: ANTAGON | Ticks: 797 | Protag R: -11860.00 | Antag R: 11489.00 | Delivery:  43.6% | Budget Used: 3720.00/4000.0
Ep  275 | Phase: ANTAGON | Ticks: 787 | Protag R: -10933.00 | Antag R: 10562.00 | Delivery:  48.3% | Budget Used: 3720.00/4000.0
Ep  276 | Phase: ANTAGON | Ticks: 783 | Protag R: -12818.00 | Antag R: 12446.00 | Delivery:  45.3% | Budget Used: 3720.00/4000.0
Ep  277 | Phase: ANTAGON | Ticks: 796 | Protag R: -10631.00 | Antag R: 10260.00 | Delivery:  39.3% | Budget Used: 3720.00/4000.0
Ep  278 | Phase: ANTAGON | Ticks: 794 | Protag R: -7302.00 | Antag R: 6931.00 | Delivery:  54.8% | Budget Used: 3720.00/4000.0
Ep  279 | Phase: ANTAGON | Ticks: 789 | Protag R: -6455.00 | Antag R: 6084.00 | Delivery:  68.4% | Budget Used: 3720.00/4000.0
Ep  280 | Phase: ANTAGON | Ticks: 777 | Protag R: -9679.00 | Antag R: 9308.00 | Delivery:  53.1% | Budget Used: 3720.00/4000.0
Ep  281 | Phase: ANTAGON | Ticks: 790 | Protag R: -13409.00 | Antag R: 13038.00 | Delivery:  43.6% | Budget Used: 3720.00/4000.0
Ep  282 | Phase: ANTAGON | Ticks: 783 | Protag R: -3913.00 | Antag R: 3542.00 | Delivery:  73.0% | Budget Used: 3720.00/4000.0
Ep  283 | Phase: ANTAGON | Ticks: 795 | Protag R: -10665.00 | Antag R: 10294.00 | Delivery:  56.9% | Budget Used: 3720.00/4000.0
Ep  284 | Phase: ANTAGON | Ticks: 789 | Protag R: -7855.00 | Antag R: 7483.00 | Delivery:  65.8% | Budget Used: 3720.00/4000.0
Ep  285 | Phase: ANTAGON | Ticks: 797 | Protag R: -8042.00 | Antag R: 7671.00 | Delivery:  52.1% | Budget Used: 3720.00/4000.0
Ep  286 | Phase: ANTAGON | Ticks: 777 | Protag R: -11227.00 | Antag R: 10855.00 | Delivery:  43.8% | Budget Used: 3720.00/4000.0
Ep  287 | Phase: ANTAGON | Ticks: 792 | Protag R: -7889.00 | Antag R: 7518.00 | Delivery:  54.5% | Budget Used: 3720.00/4000.0
Ep  288 | Phase: ANTAGON | Ticks: 779 | Protag R: -10893.00 | Antag R: 10521.00 | Delivery:  41.5% | Budget Used: 3720.00/4000.0
Ep  289 | Phase: ANTAGON | Ticks: 797 | Protag R: -10878.00 | Antag R: 10507.00 | Delivery:  43.6% | Budget Used: 3720.00/4000.0
Ep  290 | Phase: ANTAGON | Ticks: 785 | Protag R: -4806.00 | Antag R: 4435.00 | Delivery:  78.4% | Budget Used: 3720.00/4000.0
Ep  291 | Phase: ANTAGON | Ticks: 782 | Protag R: -8205.00 | Antag R: 7833.00 | Delivery:  53.1% | Budget Used: 3720.00/4000.0
Ep  292 | Phase: ANTAGON | Ticks: 788 | Protag R: -16508.00 | Antag R: 16137.00 | Delivery:  40.3% | Budget Used: 3720.00/4000.0
Ep  293 | Phase: ANTAGON | Ticks: 782 | Protag R: -5844.00 | Antag R: 5473.00 | Delivery:  66.7% | Budget Used: 3720.00/4000.0
Ep  294 | Phase: ANTAGON | Ticks: 787 | Protag R: -7077.00 | Antag R: 6706.00 | Delivery:  50.0% | Budget Used: 3720.00/4000.0
Ep  295 | Phase: ANTAGON | Ticks: 776 | Protag R: -9955.00 | Antag R: 9584.00 | Delivery:  50.9% | Budget Used: 3720.00/4000.0
Ep  296 | Phase: ANTAGON | Ticks: 779 | Protag R: -8118.00 | Antag R: 7747.00 | Delivery:  54.9% | Budget Used: 3720.00/4000.0
Ep  297 | Phase: ANTAGON | Ticks: 780 | Protag R: -10093.00 | Antag R: 9721.00 | Delivery:  49.0% | Budget Used: 3720.00/4000.0
Ep  298 | Phase: ANTAGON | Ticks: 779 | Protag R: -3941.00 | Antag R: 3569.00 | Delivery:  75.7% | Budget Used: 3720.00/4000.0
Ep  299 | Phase: ANTAGON | Ticks: 791 | Protag R: -6502.00 | Antag R: 6130.00 | Delivery:  60.0% | Budget Used: 3720.00/4000.0
Ep  300 | Phase: ANTAGON | Ticks: 781 | Protag R: -13349.00 | Antag R: 12977.00 | Delivery:  45.3% | Budget Used: 3720.00/4000.0
Saved coevolved protagonist actor to models/runs/gen03_robustness_dynassign/br_sacred_s0_seed0/protagonist/actor.pt
Saved coevolved antagonist actor to models/runs/gen03_robustness_dynassign/br_sacred_s0_seed0/antagonist/actor.pt
Saved copy of protagonist actor as latest to models/protagonist/actor.pt
Saved copy of antagonist actor as latest to models/antagonist/actor.pt

SACRED ATLA Training completed successfully! Logs saved to TensorBoard.
