Seeded run: seed=0
Initializing SACRED Stage-1.5 dynamic assignment (Poisson arrivals, 2 trucks)...
Dynassign: forcing --preseed-buffer False (no ERB for the dynamic rung yet).
Configuring Protagonist Dispatch Agent...
Frozen protagonist from models/runs/gen03_robustness_dynassign/vanilla_seed1/snapshots/protagonist_ep700.pt (node_in_dim=13).
Configuring Antagonist Congestion Agent...
Initializing ATLA Coevolution Trainer...
Run Name: gen03_robustness_dynassign/br_vanilla_s1_seed0
Starting SACRED training (mode=antagonist_only) for 300 episodes...
Device: Protagonist=cpu, Antagonist=cpu
Initial Phase: Training ANTAGONIST

Ep    1 | Phase: ANTAGON | Ticks: 793 | Protag R: -8861.00 | Antag R: 8538.00 | Delivery:  48.9% | Budget Used: 3240.00/4000.0
Ep    2 | Phase: ANTAGON | Ticks: 783 | Protag R: -11154.00 | Antag R: 10783.00 | Delivery:  42.6% | Budget Used: 3720.00/4000.0
Ep    3 | Phase: ANTAGON | Ticks: 797 | Protag R: -9690.00 | Antag R: 9319.00 | Delivery:  63.0% | Budget Used: 3720.00/4000.0
Ep    4 | Phase: ANTAGON | Ticks: 787 | Protag R: -8267.00 | Antag R: 7908.00 | Delivery:  62.8% | Budget Used: 3600.00/4000.0
Ep    5 | Phase: ANTAGON | Ticks: 787 | Protag R: -7806.00 | Antag R: 7434.00 | Delivery:  43.8% | Budget Used: 3720.00/4000.0
Ep    6 | Phase: ANTAGON | Ticks: 796 | Protag R: -7585.00 | Antag R: 7214.00 | Delivery:  56.0% | Budget Used: 3720.00/4000.0
Ep    7 | Phase: ANTAGON | Ticks: 785 | Protag R: -6421.00 | Antag R: 6050.00 | Delivery:  60.4% | Budget Used: 3720.00/4000.0
Ep    8 | Phase: ANTAGON | Ticks: 775 | Protag R: -8093.00 | Antag R: 7722.00 | Delivery:  55.3% | Budget Used: 3720.00/4000.0
Ep    9 | Phase: ANTAGON | Ticks: 797 | Protag R: -7812.00 | Antag R: 7440.00 | Delivery:  63.3% | Budget Used: 3720.00/4000.0
Ep   10 | Phase: ANTAGON | Ticks: 792 | Protag R: -8217.00 | Antag R: 7845.00 | Delivery:  56.0% | Budget Used: 3720.00/4000.0
Ep   11 | Phase: ANTAGON | Ticks: 793 | Protag R: -8781.00 | Antag R: 8410.00 | Delivery:  60.9% | Budget Used: 3720.00/4000.0
Ep   12 | Phase: ANTAGON | Ticks: 792 | Protag R: -9561.00 | Antag R: 9190.00 | Delivery:  50.0% | Budget Used: 3720.00/4000.0
Ep   13 | Phase: ANTAGON | Ticks: 797 | Protag R: -5452.00 | Antag R: 5081.00 | Delivery:  55.3% | Budget Used: 3720.00/4000.0
Ep   14 | Phase: ANTAGON | Ticks: 797 | Protag R: -12060.00 | Antag R: 11688.00 | Delivery:  50.0% | Budget Used: 3720.00/4000.0
Ep   15 | Phase: ANTAGON | Ticks: 797 | Protag R: -7785.00 | Antag R: 7414.00 | Delivery:  60.9% | Budget Used: 3720.00/4000.0
Ep   16 | Phase: ANTAGON | Ticks: 784 | Protag R: -4883.00 | Antag R: 4524.00 | Delivery:  68.3% | Budget Used: 3600.00/4000.0
Ep   17 | Phase: ANTAGON | Ticks: 785 | Protag R: -6840.00 | Antag R: 6468.00 | Delivery:  60.4% | Budget Used: 3720.00/4000.0
Ep   18 | Phase: ANTAGON | Ticks: 796 | Protag R: -7993.00 | Antag R: 7622.00 | Delivery:  61.4% | Budget Used: 3720.00/4000.0
Ep   19 | Phase: ANTAGON | Ticks: 789 | Protag R: -2687.00 | Antag R: 2327.00 | Delivery:  84.4% | Budget Used: 3600.00/4000.0
Ep   20 | Phase: ANTAGON | Ticks: 799 | Protag R: -6189.00 | Antag R: 5818.00 | Delivery:  68.4% | Budget Used: 3720.00/4000.0
Ep   21 | Phase: ANTAGON | Ticks: 795 | Protag R: -10245.00 | Antag R: 9874.00 | Delivery:  51.0% | Budget Used: 3720.00/4000.0
Ep   22 | Phase: ANTAGON | Ticks: 786 | Protag R: -14607.00 | Antag R: 14236.00 | Delivery:  37.1% | Budget Used: 3720.00/4000.0
Ep   23 | Phase: ANTAGON | Ticks: 775 | Protag R: -8399.00 | Antag R: 8028.00 | Delivery:  61.9% | Budget Used: 3720.00/4000.0
Ep   24 | Phase: ANTAGON | Ticks: 790 | Protag R: -9236.00 | Antag R: 8865.00 | Delivery:  49.1% | Budget Used: 3720.00/4000.0
Ep   25 | Phase: ANTAGON | Ticks: 784 | Protag R: -6237.00 | Antag R: 5866.00 | Delivery:  78.1% | Budget Used: 3720.00/4000.0
Ep   26 | Phase: ANTAGON | Ticks: 787 | Protag R: -15615.00 | Antag R: 15244.00 | Delivery:  45.9% | Budget Used: 3720.00/4000.0
Ep   27 | Phase: ANTAGON | Ticks: 799 | Protag R: -2904.00 | Antag R: 2533.00 | Delivery:  75.0% | Budget Used: 3720.00/4000.0
Ep   28 | Phase: ANTAGON | Ticks: 777 | Protag R: -7768.00 | Antag R: 7397.00 | Delivery:  55.0% | Budget Used: 3720.00/4000.0
Ep   29 | Phase: ANTAGON | Ticks: 781 | Protag R: -12401.00 | Antag R: 12030.00 | Delivery:  48.1% | Budget Used: 3720.00/4000.0
Ep   30 | Phase: ANTAGON | Ticks: 776 | Protag R: -11677.00 | Antag R: 11306.00 | Delivery:  53.3% | Budget Used: 3720.00/4000.0
Ep   31 | Phase: ANTAGON | Ticks: 795 | Protag R: -13999.00 | Antag R: 13628.00 | Delivery:  44.8% | Budget Used: 3720.00/4000.0
Ep   32 | Phase: ANTAGON | Ticks: 791 | Protag R: -12691.00 | Antag R: 12319.00 | Delivery:  48.3% | Budget Used: 3720.00/4000.0
Ep   33 | Phase: ANTAGON | Ticks: 799 | Protag R: -11650.00 | Antag R: 11279.00 | Delivery:  50.0% | Budget Used: 3720.00/4000.0
Ep   34 | Phase: ANTAGON | Ticks: 797 | Protag R: -10942.00 | Antag R: 10571.00 | Delivery:  50.0% | Budget Used: 3720.00/4000.0
Ep   35 | Phase: ANTAGON | Ticks: 798 | Protag R: -9233.00 | Antag R: 8862.00 | Delivery:  64.0% | Budget Used: 3720.00/4000.0
Ep   36 | Phase: ANTAGON | Ticks: 795 | Protag R: -12807.00 | Antag R: 12436.00 | Delivery:  46.4% | Budget Used: 3720.00/4000.0
Ep   37 | Phase: ANTAGON | Ticks: 794 | Protag R: -8007.00 | Antag R: 7635.00 | Delivery:  63.0% | Budget Used: 3720.00/4000.0
Ep   38 | Phase: ANTAGON | Ticks: 794 | Protag R: -12445.00 | Antag R: 12074.00 | Delivery:  48.3% | Budget Used: 3720.00/4000.0
Ep   39 | Phase: ANTAGON | Ticks: 799 | Protag R: -13383.00 | Antag R: 13012.00 | Delivery:  46.7% | Budget Used: 3720.00/4000.0
Ep   40 | Phase: ANTAGON | Ticks: 784 | Protag R: -6627.00 | Antag R: 6268.00 | Delivery:  61.7% | Budget Used: 3600.00/4000.0
Ep   41 | Phase: ANTAGON | Ticks: 790 | Protag R: -7922.00 | Antag R: 7551.00 | Delivery:  48.8% | Budget Used: 3720.00/4000.0
Ep   42 | Phase: ANTAGON | Ticks: 777 | Protag R: -11058.00 | Antag R: 10687.00 | Delivery:  52.9% | Budget Used: 3720.00/4000.0
Ep   43 | Phase: ANTAGON | Ticks: 793 | Protag R: -4175.00 | Antag R: 3804.00 | Delivery:  74.3% | Budget Used: 3720.00/4000.0
Ep   44 | Phase: ANTAGON | Ticks: 798 | Protag R: -11035.00 | Antag R: 10664.00 | Delivery:  47.9% | Budget Used: 3720.00/4000.0
Ep   45 | Phase: ANTAGON | Ticks: 798 | Protag R: -8868.00 | Antag R: 8497.00 | Delivery:  57.8% | Budget Used: 3720.00/4000.0
Ep   46 | Phase: ANTAGON | Ticks: 796 | Protag R: -11730.00 | Antag R: 11360.00 | Delivery:  43.3% | Budget Used: 3720.00/4000.0
Ep   47 | Phase: ANTAGON | Ticks: 798 | Protag R: -5967.00 | Antag R: 5596.00 | Delivery:  70.5% | Budget Used: 3720.00/4000.0
Ep   48 | Phase: ANTAGON | Ticks: 799 | Protag R: -12641.00 | Antag R: 12270.00 | Delivery:  50.0% | Budget Used: 3720.00/4000.0
Ep   49 | Phase: ANTAGON | Ticks: 798 | Protag R: -8730.00 | Antag R: 8359.00 | Delivery:  54.9% | Budget Used: 3720.00/4000.0
Ep   50 | Phase: ANTAGON | Ticks: 792 | Protag R: -9140.00 | Antag R: 8769.00 | Delivery:  49.1% | Budget Used: 3720.00/4000.0
Saving checkpoints for both agents before phase switch...
Ep   51 | Phase: ANTAGON | Ticks: 799 | Protag R: -10177.00 | Antag R: 9806.00 | Delivery:  56.9% | Budget Used: 3720.00/4000.0
Ep   52 | Phase: ANTAGON | Ticks: 788 | Protag R: -13117.00 | Antag R: 12746.00 | Delivery:  53.4% | Budget Used: 3720.00/4000.0
Ep   53 | Phase: ANTAGON | Ticks: 797 | Protag R: -11295.00 | Antag R: 10924.00 | Delivery:  50.9% | Budget Used: 3720.00/4000.0
Ep   54 | Phase: ANTAGON | Ticks: 783 | Protag R: -12593.00 | Antag R: 12222.00 | Delivery:  50.9% | Budget Used: 3720.00/4000.0
Ep   55 | Phase: ANTAGON | Ticks: 792 | Protag R: -7093.00 | Antag R: 6721.00 | Delivery:  58.3% | Budget Used: 3720.00/4000.0
Ep   56 | Phase: ANTAGON | Ticks: 797 | Protag R: -7417.00 | Antag R: 7046.00 | Delivery:  65.2% | Budget Used: 3720.00/4000.0
Ep   57 | Phase: ANTAGON | Ticks: 787 | Protag R: -10153.00 | Antag R: 9782.00 | Delivery:  46.8% | Budget Used: 3720.00/4000.0
Ep   58 | Phase: ANTAGON | Ticks: 792 | Protag R: -8328.00 | Antag R: 7956.00 | Delivery:  61.7% | Budget Used: 3720.00/4000.0
Ep   59 | Phase: ANTAGON | Ticks: 787 | Protag R: -6272.00 | Antag R: 5901.00 | Delivery:  63.4% | Budget Used: 3720.00/4000.0
Ep   60 | Phase: ANTAGON | Ticks: 775 | Protag R: -7209.00 | Antag R: 6837.00 | Delivery:  66.7% | Budget Used: 3720.00/4000.0
Ep   61 | Phase: ANTAGON | Ticks: 780 | Protag R: -8801.00 | Antag R: 8430.00 | Delivery:  49.2% | Budget Used: 3720.00/4000.0
Ep   62 | Phase: ANTAGON | Ticks: 794 | Protag R: -9288.00 | Antag R: 8917.00 | Delivery:  64.3% | Budget Used: 3720.00/4000.0
Ep   63 | Phase: ANTAGON | Ticks: 799 | Protag R: -9797.00 | Antag R: 9425.00 | Delivery:  51.9% | Budget Used: 3720.00/4000.0
Ep   64 | Phase: ANTAGON | Ticks: 778 | Protag R: -6019.00 | Antag R: 5648.00 | Delivery:  61.4% | Budget Used: 3720.00/4000.0
Ep   65 | Phase: ANTAGON | Ticks: 777 | Protag R: -6689.00 | Antag R: 6318.00 | Delivery:  57.8% | Budget Used: 3720.00/4000.0
Ep   66 | Phase: ANTAGON | Ticks: 788 | Protag R: -8311.00 | Antag R: 7952.00 | Delivery:  54.2% | Budget Used: 3600.00/4000.0
Ep   67 | Phase: ANTAGON | Ticks: 789 | Protag R: -6229.00 | Antag R: 5857.00 | Delivery:  66.7% | Budget Used: 3720.00/4000.0
Ep   68 | Phase: ANTAGON | Ticks: 799 | Protag R: -1133.00 | Antag R:  762.00 | Delivery:  89.3% | Budget Used: 3720.00/4000.0
Ep   69 | Phase: ANTAGON | Ticks: 775 | Protag R: -11909.00 | Antag R: 11537.00 | Delivery:  55.4% | Budget Used: 3720.00/4000.0
Ep   70 | Phase: ANTAGON | Ticks: 791 | Protag R: -8375.00 | Antag R: 8003.00 | Delivery:  59.2% | Budget Used: 3720.00/4000.0
Ep   71 | Phase: ANTAGON | Ticks: 788 | Protag R: -9991.00 | Antag R: 9632.00 | Delivery:  59.2% | Budget Used: 3600.00/4000.0
Ep   72 | Phase: ANTAGON | Ticks: 794 | Protag R: -7359.00 | Antag R: 6987.00 | Delivery:  60.0% | Budget Used: 3720.00/4000.0
Ep   73 | Phase: ANTAGON | Ticks: 781 | Protag R: -12520.00 | Antag R: 12149.00 | Delivery:  53.7% | Budget Used: 3720.00/4000.0
Ep   74 | Phase: ANTAGON | Ticks: 796 | Protag R: -7003.00 | Antag R: 6632.00 | Delivery:  58.1% | Budget Used: 3720.00/4000.0
Ep   75 | Phase: ANTAGON | Ticks: 799 | Protag R: -9050.00 | Antag R: 8679.00 | Delivery:  55.4% | Budget Used: 3720.00/4000.0
Ep   76 | Phase: ANTAGON | Ticks: 784 | Protag R: -11582.00 | Antag R: 11211.00 | Delivery:  47.5% | Budget Used: 3720.00/4000.0
Ep   77 | Phase: ANTAGON | Ticks: 780 | Protag R: -8340.00 | Antag R: 7969.00 | Delivery:  63.4% | Budget Used: 3720.00/4000.0
Ep   78 | Phase: ANTAGON | Ticks: 783 | Protag R: -15256.00 | Antag R: 14886.00 | Delivery:  40.7% | Budget Used: 3720.00/4000.0
Ep   79 | Phase: ANTAGON | Ticks: 785 | Protag R: -9578.00 | Antag R: 9207.00 | Delivery:  47.8% | Budget Used: 3720.00/4000.0
Ep   80 | Phase: ANTAGON | Ticks: 797 | Protag R: -8577.00 | Antag R: 8207.00 | Delivery:  51.9% | Budget Used: 3720.00/4000.0
Ep   81 | Phase: ANTAGON | Ticks: 797 | Protag R: -15490.00 | Antag R: 15119.00 | Delivery:  51.6% | Budget Used: 3720.00/4000.0
Ep   82 | Phase: ANTAGON | Ticks: 794 | Protag R: -5547.00 | Antag R: 5176.00 | Delivery:  65.9% | Budget Used: 3720.00/4000.0
Ep   83 | Phase: ANTAGON | Ticks: 789 | Protag R: -13281.00 | Antag R: 12910.00 | Delivery:  49.2% | Budget Used: 3720.00/4000.0
Ep   84 | Phase: ANTAGON | Ticks: 796 | Protag R: -11510.00 | Antag R: 11139.00 | Delivery:  39.6% | Budget Used: 3720.00/4000.0
Ep   85 | Phase: ANTAGON | Ticks: 784 | Protag R: -7609.00 | Antag R: 7250.00 | Delivery:  61.0% | Budget Used: 3600.00/4000.0
Ep   86 | Phase: ANTAGON | Ticks: 792 | Protag R: -5947.00 | Antag R: 5587.00 | Delivery:  68.4% | Budget Used: 3600.00/4000.0
Ep   87 | Phase: ANTAGON | Ticks: 788 | Protag R: -10564.00 | Antag R: 10216.00 | Delivery:  58.3% | Budget Used: 3480.00/4000.0
Ep   88 | Phase: ANTAGON | Ticks: 793 | Protag R: -5307.00 | Antag R: 4936.00 | Delivery:  68.4% | Budget Used: 3720.00/4000.0
Ep   89 | Phase: ANTAGON | Ticks: 790 | Protag R: -13830.00 | Antag R: 13471.00 | Delivery:  43.1% | Budget Used: 3600.00/4000.0
Ep   90 | Phase: ANTAGON | Ticks: 795 | Protag R: -11263.00 | Antag R: 10892.00 | Delivery:  47.1% | Budget Used: 3720.00/4000.0
Ep   91 | Phase: ANTAGON | Ticks: 792 | Protag R: -7486.00 | Antag R: 7115.00 | Delivery:  56.8% | Budget Used: 3720.00/4000.0
Ep   92 | Phase: ANTAGON | Ticks: 799 | Protag R: -9963.00 | Antag R: 9592.00 | Delivery:  55.1% | Budget Used: 3720.00/4000.0
Ep   93 | Phase: ANTAGON | Ticks: 781 | Protag R: -3812.00 | Antag R: 3441.00 | Delivery:  76.5% | Budget Used: 3720.00/4000.0
Ep   94 | Phase: ANTAGON | Ticks: 799 | Protag R: -10220.00 | Antag R: 9849.00 | Delivery:  50.9% | Budget Used: 3720.00/4000.0
Ep   95 | Phase: ANTAGON | Ticks: 783 | Protag R: -8020.00 | Antag R: 7649.00 | Delivery:  60.9% | Budget Used: 3720.00/4000.0
Ep   96 | Phase: ANTAGON | Ticks: 789 | Protag R: -3305.00 | Antag R: 2934.00 | Delivery:  68.4% | Budget Used: 3720.00/4000.0
Ep   97 | Phase: ANTAGON | Ticks: 799 | Protag R: -6356.00 | Antag R: 5985.00 | Delivery:  59.1% | Budget Used: 3720.00/4000.0
Ep   98 | Phase: ANTAGON | Ticks: 794 | Protag R: -9533.00 | Antag R: 9174.00 | Delivery:  46.4% | Budget Used: 3600.00/4000.0
Ep   99 | Phase: ANTAGON | Ticks: 798 | Protag R: -9021.00 | Antag R: 8650.00 | Delivery:  54.2% | Budget Used: 3720.00/4000.0
Ep  100 | Phase: ANTAGON | Ticks: 792 | Protag R: -6945.00 | Antag R: 6573.00 | Delivery:  50.0% | Budget Used: 3720.00/4000.0
Saving checkpoints for both agents before phase switch...
Ep  101 | Phase: ANTAGON | Ticks: 798 | Protag R: -7569.00 | Antag R: 7198.00 | Delivery:  61.9% | Budget Used: 3720.00/4000.0
Ep  102 | Phase: ANTAGON | Ticks: 789 | Protag R: -9705.00 | Antag R: 9334.00 | Delivery:  43.9% | Budget Used: 3720.00/4000.0
Ep  103 | Phase: ANTAGON | Ticks: 787 | Protag R: -5663.00 | Antag R: 5291.00 | Delivery:  59.5% | Budget Used: 3720.00/4000.0
Ep  104 | Phase: ANTAGON | Ticks: 777 | Protag R: -10589.00 | Antag R: 10218.00 | Delivery:  54.2% | Budget Used: 3720.00/4000.0
Ep  105 | Phase: ANTAGON | Ticks: 785 | Protag R: -11501.00 | Antag R: 11130.00 | Delivery:  50.0% | Budget Used: 3720.00/4000.0
Ep  106 | Phase: ANTAGON | Ticks: 794 | Protag R: -9932.00 | Antag R: 9561.00 | Delivery:  52.1% | Budget Used: 3720.00/4000.0
Ep  107 | Phase: ANTAGON | Ticks: 798 | Protag R: -11927.00 | Antag R: 11556.00 | Delivery:  50.0% | Budget Used: 3720.00/4000.0
Ep  108 | Phase: ANTAGON | Ticks: 788 | Protag R: -9512.00 | Antag R: 9165.00 | Delivery:  47.8% | Budget Used: 3480.00/4000.0
Ep  109 | Phase: ANTAGON | Ticks: 783 | Protag R: -4903.00 | Antag R: 4604.00 | Delivery:  72.5% | Budget Used: 3000.00/4000.0
Ep  110 | Phase: ANTAGON | Ticks: 789 | Protag R: -8372.00 | Antag R: 8000.00 | Delivery:  61.7% | Budget Used: 3720.00/4000.0
Ep  111 | Phase: ANTAGON | Ticks: 796 | Protag R: -7874.00 | Antag R: 7503.00 | Delivery:  63.8% | Budget Used: 3720.00/4000.0
Ep  112 | Phase: ANTAGON | Ticks: 794 | Protag R: -7868.00 | Antag R: 7520.00 | Delivery:  53.3% | Budget Used: 3480.00/4000.0
Ep  113 | Phase: ANTAGON | Ticks: 799 | Protag R: -5925.00 | Antag R: 5566.00 | Delivery:  70.0% | Budget Used: 3600.00/4000.0
Ep  114 | Phase: ANTAGON | Ticks: 787 | Protag R: -8900.00 | Antag R: 8541.00 | Delivery:  46.7% | Budget Used: 3600.00/4000.0
Ep  115 | Phase: ANTAGON | Ticks: 796 | Protag R: -11185.00 | Antag R: 10813.00 | Delivery:  50.0% | Budget Used: 3720.00/4000.0
Ep  116 | Phase: ANTAGON | Ticks: 792 | Protag R: -6191.00 | Antag R: 5820.00 | Delivery:  70.7% | Budget Used: 3720.00/4000.0
Ep  117 | Phase: ANTAGON | Ticks: 795 | Protag R: -5361.00 | Antag R: 4990.00 | Delivery:  74.4% | Budget Used: 3720.00/4000.0
Ep  118 | Phase: ANTAGON | Ticks: 796 | Protag R: -11107.00 | Antag R: 10736.00 | Delivery:  48.1% | Budget Used: 3720.00/4000.0
Ep  119 | Phase: ANTAGON | Ticks: 791 | Protag R: -11187.00 | Antag R: 10828.00 | Delivery:  52.7% | Budget Used: 3600.00/4000.0
Ep  120 | Phase: ANTAGON | Ticks: 793 | Protag R: -10510.00 | Antag R: 10139.00 | Delivery:  46.3% | Budget Used: 3720.00/4000.0
Ep  121 | Phase: ANTAGON | Ticks: 794 | Protag R: -14289.00 | Antag R: 13918.00 | Delivery:  47.4% | Budget Used: 3720.00/4000.0
Ep  122 | Phase: ANTAGON | Ticks: 782 | Protag R: -10695.00 | Antag R: 10324.00 | Delivery:  55.1% | Budget Used: 3720.00/4000.0
Ep  123 | Phase: ANTAGON | Ticks: 791 | Protag R: -12932.00 | Antag R: 12560.00 | Delivery:  45.5% | Budget Used: 3720.00/4000.0
Ep  124 | Phase: ANTAGON | Ticks: 799 | Protag R: -9223.00 | Antag R: 8852.00 | Delivery:  52.0% | Budget Used: 3720.00/4000.0
Ep  125 | Phase: ANTAGON | Ticks: 799 | Protag R: -8447.00 | Antag R: 8075.00 | Delivery:  57.4% | Budget Used: 3720.00/4000.0
Ep  126 | Phase: ANTAGON | Ticks: 797 | Protag R: -7131.00 | Antag R: 6760.00 | Delivery:  68.3% | Budget Used: 3720.00/4000.0
Ep  127 | Phase: ANTAGON | Ticks: 782 | Protag R: -8809.00 | Antag R: 8450.00 | Delivery:  55.1% | Budget Used: 3600.00/4000.0
Ep  128 | Phase: ANTAGON | Ticks: 794 | Protag R: -12044.00 | Antag R: 11673.00 | Delivery:  52.6% | Budget Used: 3720.00/4000.0
Ep  129 | Phase: ANTAGON | Ticks: 782 | Protag R: -10919.00 | Antag R: 10548.00 | Delivery:  51.1% | Budget Used: 3720.00/4000.0
Ep  130 | Phase: ANTAGON | Ticks: 787 | Protag R: -11966.00 | Antag R: 11595.00 | Delivery:  49.0% | Budget Used: 3720.00/4000.0
Ep  131 | Phase: ANTAGON | Ticks: 778 | Protag R: -2437.00 | Antag R: 2077.00 | Delivery:  75.9% | Budget Used: 3600.00/4000.0
Ep  132 | Phase: ANTAGON | Ticks: 790 | Protag R: -5850.00 | Antag R: 5479.00 | Delivery:  66.7% | Budget Used: 3720.00/4000.0
Ep  133 | Phase: ANTAGON | Ticks: 791 | Protag R: -6019.00 | Antag R: 5648.00 | Delivery:  65.9% | Budget Used: 3720.00/4000.0
Ep  134 | Phase: ANTAGON | Ticks: 785 | Protag R: -8214.00 | Antag R: 7843.00 | Delivery:  56.0% | Budget Used: 3720.00/4000.0
Ep  135 | Phase: ANTAGON | Ticks: 796 | Protag R: -6733.00 | Antag R: 6361.00 | Delivery:  57.8% | Budget Used: 3720.00/4000.0
Ep  136 | Phase: ANTAGON | Ticks: 798 | Protag R: -10507.00 | Antag R: 10136.00 | Delivery:  54.5% | Budget Used: 3720.00/4000.0
Ep  137 | Phase: ANTAGON | Ticks: 797 | Protag R: -8781.00 | Antag R: 8410.00 | Delivery:  63.6% | Budget Used: 3720.00/4000.0
Ep  138 | Phase: ANTAGON | Ticks: 796 | Protag R: -5705.00 | Antag R: 5333.00 | Delivery:  64.3% | Budget Used: 3720.00/4000.0
Ep  139 | Phase: ANTAGON | Ticks: 799 | Protag R: -9291.00 | Antag R: 8921.00 | Delivery:  60.8% | Budget Used: 3720.00/4000.0
Ep  140 | Phase: ANTAGON | Ticks: 796 | Protag R: -6490.00 | Antag R: 6130.00 | Delivery:  58.1% | Budget Used: 3600.00/4000.0
Ep  141 | Phase: ANTAGON | Ticks: 790 | Protag R: -11520.00 | Antag R: 11149.00 | Delivery:  41.2% | Budget Used: 3720.00/4000.0
Ep  142 | Phase: ANTAGON | Ticks: 798 | Protag R: -11436.00 | Antag R: 11065.00 | Delivery:  54.9% | Budget Used: 3720.00/4000.0
Ep  143 | Phase: ANTAGON | Ticks: 776 | Protag R: -8596.00 | Antag R: 8225.00 | Delivery:  61.2% | Budget Used: 3720.00/4000.0
Ep  144 | Phase: ANTAGON | Ticks: 795 | Protag R: -6940.00 | Antag R: 6581.00 | Delivery:  69.0% | Budget Used: 3600.00/4000.0
Ep  145 | Phase: ANTAGON | Ticks: 782 | Protag R: -8559.00 | Antag R: 8188.00 | Delivery:  53.7% | Budget Used: 3720.00/4000.0
Ep  146 | Phase: ANTAGON | Ticks: 793 | Protag R: -6340.00 | Antag R: 5969.00 | Delivery:  63.0% | Budget Used: 3720.00/4000.0
Ep  147 | Phase: ANTAGON | Ticks: 794 | Protag R: -7443.00 | Antag R: 7072.00 | Delivery:  51.1% | Budget Used: 3720.00/4000.0
Ep  148 | Phase: ANTAGON | Ticks: 778 | Protag R: -8408.00 | Antag R: 8048.00 | Delivery:  65.9% | Budget Used: 3600.00/4000.0
Ep  149 | Phase: ANTAGON | Ticks: 777 | Protag R: -11969.00 | Antag R: 11597.00 | Delivery:  51.0% | Budget Used: 3720.00/4000.0
Ep  150 | Phase: ANTAGON | Ticks: 780 | Protag R: -3921.00 | Antag R: 3561.00 | Delivery:  57.1% | Budget Used: 3600.00/4000.0
Saving checkpoints for both agents before phase switch...
Ep  151 | Phase: ANTAGON | Ticks: 797 | Protag R: -13151.00 | Antag R: 12780.00 | Delivery:  43.5% | Budget Used: 3720.00/4000.0
Ep  152 | Phase: ANTAGON | Ticks: 790 | Protag R: -9840.00 | Antag R: 9469.00 | Delivery:  44.9% | Budget Used: 3720.00/4000.0
Ep  153 | Phase: ANTAGON | Ticks: 790 | Protag R: -8940.00 | Antag R: 8569.00 | Delivery:  40.8% | Budget Used: 3720.00/4000.0
Ep  154 | Phase: ANTAGON | Ticks: 780 | Protag R: -10416.00 | Antag R: 10044.00 | Delivery:  47.3% | Budget Used: 3720.00/4000.0
Ep  155 | Phase: ANTAGON | Ticks: 781 | Protag R: -8529.00 | Antag R: 8157.00 | Delivery:  50.0% | Budget Used: 3720.00/4000.0
Ep  156 | Phase: ANTAGON | Ticks: 785 | Protag R: -9785.00 | Antag R: 9413.00 | Delivery:  39.2% | Budget Used: 3720.00/4000.0
Ep  157 | Phase: ANTAGON | Ticks: 798 | Protag R: -5831.00 | Antag R: 5472.00 | Delivery:  76.3% | Budget Used: 3600.00/4000.0
Ep  158 | Phase: ANTAGON | Ticks: 780 | Protag R: -11571.00 | Antag R: 11200.00 | Delivery:  47.3% | Budget Used: 3720.00/4000.0
Ep  159 | Phase: ANTAGON | Ticks: 798 | Protag R: -5032.00 | Antag R: 4685.00 | Delivery:  58.1% | Budget Used: 3480.00/4000.0
Ep  160 | Phase: ANTAGON | Ticks: 786 | Protag R: -6469.00 | Antag R: 6146.00 | Delivery:  63.0% | Budget Used: 3240.00/4000.0
Ep  161 | Phase: ANTAGON | Ticks: 798 | Protag R: -9359.00 | Antag R: 9025.00 | Delivery:  63.5% | Budget Used: 3360.00/4000.0
Ep  162 | Phase: ANTAGON | Ticks: 781 | Protag R: -10561.00 | Antag R: 10190.00 | Delivery:  48.9% | Budget Used: 3720.00/4000.0
Ep  163 | Phase: ANTAGON | Ticks: 798 | Protag R: -12090.00 | Antag R: 11743.00 | Delivery:  50.8% | Budget Used: 3480.00/4000.0
Ep  164 | Phase: ANTAGON | Ticks: 788 | Protag R: -10937.00 | Antag R: 10566.00 | Delivery:  43.1% | Budget Used: 3720.00/4000.0
Ep  165 | Phase: ANTAGON | Ticks: 790 | Protag R: -9003.00 | Antag R: 8631.00 | Delivery:  52.1% | Budget Used: 3720.00/4000.0
Ep  166 | Phase: ANTAGON | Ticks: 775 | Protag R: -15002.00 | Antag R: 14632.00 | Delivery:  42.4% | Budget Used: 3720.00/4000.0
Ep  167 | Phase: ANTAGON | Ticks: 786 | Protag R: -11414.00 | Antag R: 11042.00 | Delivery:  47.1% | Budget Used: 3720.00/4000.0
Ep  168 | Phase: ANTAGON | Ticks: 795 | Protag R: -9625.00 | Antag R: 9254.00 | Delivery:  55.6% | Budget Used: 3720.00/4000.0
Ep  169 | Phase: ANTAGON | Ticks: 796 | Protag R: -14222.00 | Antag R: 13851.00 | Delivery:  51.8% | Budget Used: 3720.00/4000.0
Ep  170 | Phase: ANTAGON | Ticks: 798 | Protag R: -7314.00 | Antag R: 6943.00 | Delivery:  55.6% | Budget Used: 3720.00/4000.0
Ep  171 | Phase: ANTAGON | Ticks: 792 | Protag R: -14071.00 | Antag R: 13700.00 | Delivery:  44.1% | Budget Used: 3720.00/4000.0
Ep  172 | Phase: ANTAGON | Ticks: 788 | Protag R: -9821.00 | Antag R: 9462.00 | Delivery:  51.0% | Budget Used: 3600.00/4000.0
Ep  173 | Phase: ANTAGON | Ticks: 781 | Protag R: -11334.00 | Antag R: 10963.00 | Delivery:  52.1% | Budget Used: 3720.00/4000.0
Ep  174 | Phase: ANTAGON | Ticks: 794 | Protag R: -14003.00 | Antag R: 13632.00 | Delivery:  45.6% | Budget Used: 3720.00/4000.0
Ep  175 | Phase: ANTAGON | Ticks: 788 | Protag R: -6953.00 | Antag R: 6581.00 | Delivery:  57.1% | Budget Used: 3720.00/4000.0
Ep  176 | Phase: ANTAGON | Ticks: 792 | Protag R: -5009.00 | Antag R: 4638.00 | Delivery:  70.7% | Budget Used: 3720.00/4000.0
Ep  177 | Phase: ANTAGON | Ticks: 782 | Protag R: -4931.00 | Antag R: 4572.00 | Delivery:  65.1% | Budget Used: 3600.00/4000.0
Ep  178 | Phase: ANTAGON | Ticks: 779 | Protag R: -9934.00 | Antag R: 9563.00 | Delivery:  51.1% | Budget Used: 3720.00/4000.0
Ep  179 | Phase: ANTAGON | Ticks: 787 | Protag R: -8581.00 | Antag R: 8210.00 | Delivery:  60.9% | Budget Used: 3720.00/4000.0
Ep  180 | Phase: ANTAGON | Ticks: 798 | Protag R: -6743.00 | Antag R: 6384.00 | Delivery:  61.0% | Budget Used: 3600.00/4000.0
Ep  181 | Phase: ANTAGON | Ticks: 799 | Protag R: -4692.00 | Antag R: 4333.00 | Delivery:  71.1% | Budget Used: 3600.00/4000.0
Ep  182 | Phase: ANTAGON | Ticks: 792 | Protag R: -8748.00 | Antag R: 8377.00 | Delivery:  58.3% | Budget Used: 3720.00/4000.0
Ep  183 | Phase: ANTAGON | Ticks: 792 | Protag R: -7220.00 | Antag R: 6849.00 | Delivery:  54.3% | Budget Used: 3720.00/4000.0
Ep  184 | Phase: ANTAGON | Ticks: 798 | Protag R: -6952.00 | Antag R: 6581.00 | Delivery:  64.6% | Budget Used: 3720.00/4000.0
Ep  185 | Phase: ANTAGON | Ticks: 787 | Protag R: -7166.00 | Antag R: 6795.00 | Delivery:  62.8% | Budget Used: 3720.00/4000.0
Ep  186 | Phase: ANTAGON | Ticks: 789 | Protag R: -14763.00 | Antag R: 14392.00 | Delivery:  45.2% | Budget Used: 3720.00/4000.0
Ep  187 | Phase: ANTAGON | Ticks: 799 | Protag R: -10577.00 | Antag R: 10206.00 | Delivery:  55.4% | Budget Used: 3720.00/4000.0
Ep  188 | Phase: ANTAGON | Ticks: 799 | Protag R: -11345.00 | Antag R: 10974.00 | Delivery:  43.6% | Budget Used: 3720.00/4000.0
Ep  189 | Phase: ANTAGON | Ticks: 794 | Protag R: -11099.00 | Antag R: 10728.00 | Delivery:  57.1% | Budget Used: 3720.00/4000.0
Ep  190 | Phase: ANTAGON | Ticks: 799 | Protag R: -4914.00 | Antag R: 4555.00 | Delivery:  64.9% | Budget Used: 3600.00/4000.0
Ep  191 | Phase: ANTAGON | Ticks: 789 | Protag R: -1945.00 | Antag R: 1574.00 | Delivery:  84.4% | Budget Used: 3720.00/4000.0
Ep  192 | Phase: ANTAGON | Ticks: 797 | Protag R: -9136.00 | Antag R: 8765.00 | Delivery:  57.8% | Budget Used: 3720.00/4000.0
Ep  193 | Phase: ANTAGON | Ticks: 779 | Protag R: -9566.00 | Antag R: 9206.00 | Delivery:  54.2% | Budget Used: 3600.00/4000.0
Ep  194 | Phase: ANTAGON | Ticks: 789 | Protag R: -5059.00 | Antag R: 4700.00 | Delivery:  60.9% | Budget Used: 3600.00/4000.0
Ep  195 | Phase: ANTAGON | Ticks: 787 | Protag R: -7325.00 | Antag R: 6954.00 | Delivery:  52.0% | Budget Used: 3720.00/4000.0
Ep  196 | Phase: ANTAGON | Ticks: 794 | Protag R: -8400.00 | Antag R: 8029.00 | Delivery:  52.8% | Budget Used: 3720.00/4000.0
Ep  197 | Phase: ANTAGON | Ticks: 782 | Protag R: -9241.00 | Antag R: 8894.00 | Delivery:  67.4% | Budget Used: 3480.00/4000.0
Ep  198 | Phase: ANTAGON | Ticks: 797 | Protag R: -15716.00 | Antag R: 15357.00 | Delivery:  45.8% | Budget Used: 3600.00/4000.0
Ep  199 | Phase: ANTAGON | Ticks: 792 | Protag R: -6982.00 | Antag R: 6611.00 | Delivery:  66.7% | Budget Used: 3720.00/4000.0
Ep  200 | Phase: ANTAGON | Ticks: 794 | Protag R: -4911.00 | Antag R: 4539.00 | Delivery:  63.2% | Budget Used: 3720.00/4000.0
Saving checkpoints for both agents before phase switch...
Ep  201 | Phase: ANTAGON | Ticks: 790 | Protag R: -14482.00 | Antag R: 14111.00 | Delivery:  49.2% | Budget Used: 3720.00/4000.0
Ep  202 | Phase: ANTAGON | Ticks: 793 | Protag R: -6412.00 | Antag R: 6053.00 | Delivery:  60.8% | Budget Used: 3600.00/4000.0
Ep  203 | Phase: ANTAGON | Ticks: 798 | Protag R: -9204.00 | Antag R: 8833.00 | Delivery:  52.8% | Budget Used: 3720.00/4000.0
Ep  204 | Phase: ANTAGON | Ticks: 785 | Protag R: -7091.00 | Antag R: 6732.00 | Delivery:  60.4% | Budget Used: 3600.00/4000.0
Ep  205 | Phase: ANTAGON | Ticks: 790 | Protag R: -12208.00 | Antag R: 11837.00 | Delivery:  47.5% | Budget Used: 3720.00/4000.0
Ep  206 | Phase: ANTAGON | Ticks: 793 | Protag R: -12499.00 | Antag R: 12128.00 | Delivery:  48.1% | Budget Used: 3720.00/4000.0
Ep  207 | Phase: ANTAGON | Ticks: 799 | Protag R: -7316.00 | Antag R: 6957.00 | Delivery:  58.1% | Budget Used: 3600.00/4000.0
Ep  208 | Phase: ANTAGON | Ticks: 790 | Protag R: -4554.00 | Antag R: 4183.00 | Delivery:  62.8% | Budget Used: 3720.00/4000.0
Ep  209 | Phase: ANTAGON | Ticks: 798 | Protag R: -8833.00 | Antag R: 8462.00 | Delivery:  64.0% | Budget Used: 3720.00/4000.0
Ep  210 | Phase: ANTAGON | Ticks: 790 | Protag R: -5692.00 | Antag R: 5321.00 | Delivery:  56.1% | Budget Used: 3720.00/4000.0
Ep  211 | Phase: ANTAGON | Ticks: 782 | Protag R: -12516.00 | Antag R: 12145.00 | Delivery:  45.8% | Budget Used: 3720.00/4000.0
Ep  212 | Phase: ANTAGON | Ticks: 791 | Protag R: -7365.00 | Antag R: 6994.00 | Delivery:  67.5% | Budget Used: 3720.00/4000.0
Ep  213 | Phase: ANTAGON | Ticks: 785 | Protag R: -8860.00 | Antag R: 8489.00 | Delivery:  59.1% | Budget Used: 3720.00/4000.0
Ep  214 | Phase: ANTAGON | Ticks: 792 | Protag R: -8843.00 | Antag R: 8472.00 | Delivery:  68.2% | Budget Used: 3720.00/4000.0
Ep  215 | Phase: ANTAGON | Ticks: 797 | Protag R: -8346.00 | Antag R: 7974.00 | Delivery:  61.4% | Budget Used: 3720.00/4000.0
Ep  216 | Phase: ANTAGON | Ticks: 787 | Protag R: -15283.00 | Antag R: 14912.00 | Delivery:  41.1% | Budget Used: 3720.00/4000.0
Ep  217 | Phase: ANTAGON | Ticks: 785 | Protag R: -10263.00 | Antag R: 9892.00 | Delivery:  49.0% | Budget Used: 3720.00/4000.0
Ep  218 | Phase: ANTAGON | Ticks: 781 | Protag R: -7488.00 | Antag R: 7117.00 | Delivery:  53.3% | Budget Used: 3720.00/4000.0
Ep  219 | Phase: ANTAGON | Ticks: 788 | Protag R: -11017.00 | Antag R: 10645.00 | Delivery:  48.0% | Budget Used: 3720.00/4000.0
Ep  220 | Phase: ANTAGON | Ticks: 775 | Protag R: -8015.00 | Antag R: 7644.00 | Delivery:  57.8% | Budget Used: 3720.00/4000.0
Ep  221 | Phase: ANTAGON | Ticks: 791 | Protag R: -6198.00 | Antag R: 5827.00 | Delivery:  55.3% | Budget Used: 3720.00/4000.0
Ep  222 | Phase: ANTAGON | Ticks: 795 | Protag R: -5387.00 | Antag R: 5016.00 | Delivery:  65.9% | Budget Used: 3720.00/4000.0
Ep  223 | Phase: ANTAGON | Ticks: 791 | Protag R: -10320.00 | Antag R: 9949.00 | Delivery:  50.0% | Budget Used: 3720.00/4000.0
Ep  224 | Phase: ANTAGON | Ticks: 799 | Protag R: -9729.00 | Antag R: 9357.00 | Delivery:  45.7% | Budget Used: 3720.00/4000.0
Ep  225 | Phase: ANTAGON | Ticks: 793 | Protag R: -11379.00 | Antag R: 11008.00 | Delivery:  53.4% | Budget Used: 3720.00/4000.0
Ep  226 | Phase: ANTAGON | Ticks: 776 | Protag R: -6695.00 | Antag R: 6324.00 | Delivery:  66.7% | Budget Used: 3720.00/4000.0
Ep  227 | Phase: ANTAGON | Ticks: 777 | Protag R: -9018.00 | Antag R: 8647.00 | Delivery:  52.2% | Budget Used: 3720.00/4000.0
Ep  228 | Phase: ANTAGON | Ticks: 799 | Protag R: -2498.00 | Antag R: 2127.00 | Delivery:  78.1% | Budget Used: 3720.00/4000.0
Ep  229 | Phase: ANTAGON | Ticks: 797 | Protag R: -8040.00 | Antag R: 7669.00 | Delivery:  56.2% | Budget Used: 3720.00/4000.0
Ep  230 | Phase: ANTAGON | Ticks: 798 | Protag R: -12255.00 | Antag R: 11884.00 | Delivery:  50.0% | Budget Used: 3720.00/4000.0
Ep  231 | Phase: ANTAGON | Ticks: 791 | Protag R: -10654.00 | Antag R: 10295.00 | Delivery:  49.1% | Budget Used: 3600.00/4000.0
Ep  232 | Phase: ANTAGON | Ticks: 792 | Protag R: -12618.00 | Antag R: 12247.00 | Delivery:  60.4% | Budget Used: 3720.00/4000.0
Ep  233 | Phase: ANTAGON | Ticks: 791 | Protag R: -7607.00 | Antag R: 7236.00 | Delivery:  69.0% | Budget Used: 3720.00/4000.0
Ep  234 | Phase: ANTAGON | Ticks: 798 | Protag R: -7348.00 | Antag R: 6977.00 | Delivery:  60.4% | Budget Used: 3720.00/4000.0
Ep  235 | Phase: ANTAGON | Ticks: 780 | Protag R: -9487.00 | Antag R: 9116.00 | Delivery:  57.8% | Budget Used: 3720.00/4000.0
Ep  236 | Phase: ANTAGON | Ticks: 786 | Protag R: -11515.00 | Antag R: 11144.00 | Delivery:  40.4% | Budget Used: 3720.00/4000.0
Ep  237 | Phase: ANTAGON | Ticks: 788 | Protag R: -9812.00 | Antag R: 9440.00 | Delivery:  54.0% | Budget Used: 3720.00/4000.0
Ep  238 | Phase: ANTAGON | Ticks: 789 | Protag R: -10247.00 | Antag R: 9876.00 | Delivery:  43.9% | Budget Used: 3720.00/4000.0
Ep  239 | Phase: ANTAGON | Ticks: 799 | Protag R: -10335.00 | Antag R: 9964.00 | Delivery:  56.0% | Budget Used: 3720.00/4000.0
Ep  240 | Phase: ANTAGON | Ticks: 789 | Protag R: -13669.00 | Antag R: 13298.00 | Delivery:  48.2% | Budget Used: 3720.00/4000.0
Ep  241 | Phase: ANTAGON | Ticks: 799 | Protag R: -11439.00 | Antag R: 11067.00 | Delivery:  47.4% | Budget Used: 3720.00/4000.0
Ep  242 | Phase: ANTAGON | Ticks: 785 | Protag R: -7337.00 | Antag R: 6966.00 | Delivery:  70.5% | Budget Used: 3720.00/4000.0
Ep  243 | Phase: ANTAGON | Ticks: 778 | Protag R: -14883.00 | Antag R: 14511.00 | Delivery:  34.9% | Budget Used: 3720.00/4000.0
Ep  244 | Phase: ANTAGON | Ticks: 776 | Protag R: -7922.00 | Antag R: 7551.00 | Delivery:  57.8% | Budget Used: 3720.00/4000.0
Ep  245 | Phase: ANTAGON | Ticks: 798 | Protag R: -4492.00 | Antag R: 4121.00 | Delivery:  57.1% | Budget Used: 3720.00/4000.0
Ep  246 | Phase: ANTAGON | Ticks: 781 | Protag R: -6751.00 | Antag R: 6391.00 | Delivery:  63.9% | Budget Used: 3600.00/4000.0
Ep  247 | Phase: ANTAGON | Ticks: 790 | Protag R: -8185.00 | Antag R: 7814.00 | Delivery:  47.9% | Budget Used: 3720.00/4000.0
Ep  248 | Phase: ANTAGON | Ticks: 796 | Protag R: -6930.00 | Antag R: 6559.00 | Delivery:  49.1% | Budget Used: 3720.00/4000.0
Ep  249 | Phase: ANTAGON | Ticks: 795 | Protag R: -11376.00 | Antag R: 11005.00 | Delivery:  59.3% | Budget Used: 3720.00/4000.0
Ep  250 | Phase: ANTAGON | Ticks: 789 | Protag R: -6560.00 | Antag R: 6189.00 | Delivery:  50.0% | Budget Used: 3720.00/4000.0
Saving checkpoints for both agents before phase switch...
Ep  251 | Phase: ANTAGON | Ticks: 782 | Protag R: -9634.00 | Antag R: 9263.00 | Delivery:  50.0% | Budget Used: 3720.00/4000.0
Ep  252 | Phase: ANTAGON | Ticks: 790 | Protag R: -7566.00 | Antag R: 7195.00 | Delivery:  63.6% | Budget Used: 3720.00/4000.0
Ep  253 | Phase: ANTAGON | Ticks: 799 | Protag R: -9092.00 | Antag R: 8721.00 | Delivery:  60.0% | Budget Used: 3720.00/4000.0
Ep  254 | Phase: ANTAGON | Ticks: 790 | Protag R: -5982.00 | Antag R: 5610.00 | Delivery:  65.9% | Budget Used: 3720.00/4000.0
Ep  255 | Phase: ANTAGON | Ticks: 784 | Protag R: -10038.00 | Antag R: 9666.00 | Delivery:  58.8% | Budget Used: 3720.00/4000.0
Ep  256 | Phase: ANTAGON | Ticks: 792 | Protag R: -5333.00 | Antag R: 4962.00 | Delivery:  72.5% | Budget Used: 3720.00/4000.0
Ep  257 | Phase: ANTAGON | Ticks: 791 | Protag R: -14960.00 | Antag R: 14589.00 | Delivery:  43.5% | Budget Used: 3720.00/4000.0
Ep  258 | Phase: ANTAGON | Ticks: 784 | Protag R: -8850.00 | Antag R: 8503.00 | Delivery:  52.9% | Budget Used: 3480.00/4000.0
Ep  259 | Phase: ANTAGON | Ticks: 797 | Protag R: -4793.00 | Antag R: 4433.00 | Delivery:  67.4% | Budget Used: 3600.00/4000.0
Ep  260 | Phase: ANTAGON | Ticks: 799 | Protag R: -11979.00 | Antag R: 11608.00 | Delivery:  59.1% | Budget Used: 3720.00/4000.0
Ep  261 | Phase: ANTAGON | Ticks: 792 | Protag R: -9160.00 | Antag R: 8789.00 | Delivery:  53.2% | Budget Used: 3720.00/4000.0
Ep  262 | Phase: ANTAGON | Ticks: 779 | Protag R: -7937.00 | Antag R: 7578.00 | Delivery:  46.9% | Budget Used: 3600.00/4000.0
Ep  263 | Phase: ANTAGON | Ticks: 793 | Protag R: -8299.00 | Antag R: 7928.00 | Delivery:  63.0% | Budget Used: 3720.00/4000.0
Ep  264 | Phase: ANTAGON | Ticks: 799 | Protag R: -8186.00 | Antag R: 7826.00 | Delivery:  55.3% | Budget Used: 3600.00/4000.0
Ep  265 | Phase: ANTAGON | Ticks: 775 | Protag R: -3443.00 | Antag R: 3096.00 | Delivery:  58.3% | Budget Used: 3480.00/4000.0
Ep  266 | Phase: ANTAGON | Ticks: 794 | Protag R: -7837.00 | Antag R: 7466.00 | Delivery:  62.7% | Budget Used: 3720.00/4000.0
Ep  267 | Phase: ANTAGON | Ticks: 787 | Protag R: -17906.00 | Antag R: 17535.00 | Delivery:  40.6% | Budget Used: 3720.00/4000.0
Ep  268 | Phase: ANTAGON | Ticks: 791 | Protag R: -6912.00 | Antag R: 6576.00 | Delivery:  56.4% | Budget Used: 3360.00/4000.0
Ep  269 | Phase: ANTAGON | Ticks: 794 | Protag R: -4217.00 | Antag R: 3882.00 | Delivery:  65.9% | Budget Used: 3360.00/4000.0
Ep  270 | Phase: ANTAGON | Ticks: 794 | Protag R: -8940.00 | Antag R: 8569.00 | Delivery:  58.0% | Budget Used: 3720.00/4000.0
Ep  271 | Phase: ANTAGON | Ticks: 791 | Protag R: -9639.00 | Antag R: 9268.00 | Delivery:  45.8% | Budget Used: 3720.00/4000.0
Ep  272 | Phase: ANTAGON | Ticks: 796 | Protag R: -5948.00 | Antag R: 5601.00 | Delivery:  61.7% | Budget Used: 3480.00/4000.0
Ep  273 | Phase: ANTAGON | Ticks: 786 | Protag R: -8226.00 | Antag R: 7855.00 | Delivery:  60.4% | Budget Used: 3720.00/4000.0
Ep  274 | Phase: ANTAGON | Ticks: 787 | Protag R: -11706.00 | Antag R: 11347.00 | Delivery:  49.1% | Budget Used: 3600.00/4000.0
Ep  275 | Phase: ANTAGON | Ticks: 798 | Protag R: -13233.00 | Antag R: 12862.00 | Delivery:  45.0% | Budget Used: 3720.00/4000.0
Ep  276 | Phase: ANTAGON | Ticks: 798 | Protag R: -13824.00 | Antag R: 13464.00 | Delivery:  43.4% | Budget Used: 3600.00/4000.0
Ep  277 | Phase: ANTAGON | Ticks: 790 | Protag R: -7617.00 | Antag R: 7282.00 | Delivery:  50.0% | Budget Used: 3360.00/4000.0
Ep  278 | Phase: ANTAGON | Ticks: 797 | Protag R: -4935.00 | Antag R: 4576.00 | Delivery:  71.4% | Budget Used: 3600.00/4000.0
Ep  279 | Phase: ANTAGON | Ticks: 795 | Protag R: -5312.00 | Antag R: 4941.00 | Delivery:  76.3% | Budget Used: 3720.00/4000.0
Ep  280 | Phase: ANTAGON | Ticks: 785 | Protag R: -9432.00 | Antag R: 9145.00 | Delivery:  57.1% | Budget Used: 2880.00/4000.0
Ep  281 | Phase: ANTAGON | Ticks: 786 | Protag R: -12117.00 | Antag R: 11758.00 | Delivery:  50.9% | Budget Used: 3600.00/4000.0
Ep  282 | Phase: ANTAGON | Ticks: 799 | Protag R: -3410.00 | Antag R: 3351.00 | Delivery:  78.4% | Budget Used: 600.00/4000.0
Ep  283 | Phase: ANTAGON | Ticks: 775 | Protag R: -8620.00 | Antag R: 8393.00 | Delivery:  58.8% | Budget Used: 2280.00/4000.0
Ep  284 | Phase: ANTAGON | Ticks: 783 | Protag R: -4752.00 | Antag R: 4500.00 | Delivery:  78.9% | Budget Used: 2520.00/4000.0
Ep  285 | Phase: ANTAGON | Ticks: 790 | Protag R: -8871.00 | Antag R: 8584.00 | Delivery:  47.9% | Budget Used: 2880.00/4000.0
Ep  286 | Phase: ANTAGON | Ticks: 775 | Protag R: -12375.00 | Antag R: 12003.00 | Delivery:  35.4% | Budget Used: 3720.00/4000.0
Ep  287 | Phase: ANTAGON | Ticks: 792 | Protag R: -6688.00 | Antag R: 6317.00 | Delivery:  65.9% | Budget Used: 3720.00/4000.0
Ep  288 | Phase: ANTAGON | Ticks: 784 | Protag R: -9741.00 | Antag R: 9369.00 | Delivery:  43.4% | Budget Used: 3720.00/4000.0
Ep  289 | Phase: ANTAGON | Ticks: 780 | Protag R: -10772.00 | Antag R: 10401.00 | Delivery:  47.3% | Budget Used: 3720.00/4000.0
Ep  290 | Phase: ANTAGON | Ticks: 792 | Protag R: -5997.00 | Antag R: 5650.00 | Delivery:  73.0% | Budget Used: 3480.00/4000.0
Ep  291 | Phase: ANTAGON | Ticks: 793 | Protag R: -9066.00 | Antag R: 8694.00 | Delivery:  49.0% | Budget Used: 3720.00/4000.0
Ep  292 | Phase: ANTAGON | Ticks: 790 | Protag R: -14609.00 | Antag R: 14238.00 | Delivery:  45.2% | Budget Used: 3720.00/4000.0
Ep  293 | Phase: ANTAGON | Ticks: 795 | Protag R: -6621.00 | Antag R: 6250.00 | Delivery:  57.1% | Budget Used: 3720.00/4000.0
Ep  294 | Phase: ANTAGON | Ticks: 789 | Protag R: -6374.00 | Antag R: 6003.00 | Delivery:  58.0% | Budget Used: 3720.00/4000.0
Ep  295 | Phase: ANTAGON | Ticks: 798 | Protag R: -9026.00 | Antag R: 8655.00 | Delivery:  56.4% | Budget Used: 3720.00/4000.0
Ep  296 | Phase: ANTAGON | Ticks: 791 | Protag R: -9457.00 | Antag R: 9086.00 | Delivery:  52.9% | Budget Used: 3720.00/4000.0
Ep  297 | Phase: ANTAGON | Ticks: 790 | Protag R: -10506.00 | Antag R: 10134.00 | Delivery:  49.0% | Budget Used: 3720.00/4000.0
Ep  298 | Phase: ANTAGON | Ticks: 796 | Protag R: -4977.00 | Antag R: 4605.00 | Delivery:  73.0% | Budget Used: 3720.00/4000.0
Ep  299 | Phase: ANTAGON | Ticks: 788 | Protag R: -6433.00 | Antag R: 6061.00 | Delivery:  57.8% | Budget Used: 3720.00/4000.0
Ep  300 | Phase: ANTAGON | Ticks: 786 | Protag R: -14118.00 | Antag R: 13746.00 | Delivery:  45.3% | Budget Used: 3720.00/4000.0
Saved coevolved protagonist actor to models/runs/gen03_robustness_dynassign/br_vanilla_s1_seed0/protagonist/actor.pt
Saved coevolved antagonist actor to models/runs/gen03_robustness_dynassign/br_vanilla_s1_seed0/antagonist/actor.pt
Saved copy of protagonist actor as latest to models/protagonist/actor.pt
Saved copy of antagonist actor as latest to models/antagonist/actor.pt

SACRED ATLA Training completed successfully! Logs saved to TensorBoard.
