Seeded run: seed=0
Initializing SACRED Stage-1.5 dynamic assignment (Poisson arrivals, 2 trucks)...
Dynassign: forcing --preseed-buffer False (no ERB for the dynamic rung yet).
Configuring Protagonist Dispatch Agent...
Frozen protagonist from models/runs/gen03_robustness_dynassign/vanilla_seed0/snapshots/protagonist_ep450.pt (node_in_dim=13).
Configuring Antagonist Congestion Agent...
Initializing ATLA Coevolution Trainer...
Run Name: gen03_robustness_dynassign/br_vanilla_s0_seed0
Starting SACRED training (mode=antagonist_only) for 300 episodes...
Device: Protagonist=cpu, Antagonist=cpu
Initial Phase: Training ANTAGONIST

Ep    1 | Phase: ANTAGON | Ticks: 790 | Protag R: -8985.00 | Antag R: 8614.00 | Delivery:  51.1% | Budget Used: 3720.00/4000.0
Ep    2 | Phase: ANTAGON | Ticks: 779 | Protag R: -8534.00 | Antag R: 8163.00 | Delivery:  57.4% | Budget Used: 3720.00/4000.0
Ep    3 | Phase: ANTAGON | Ticks: 790 | Protag R: -9428.00 | Antag R: 9069.00 | Delivery:  65.2% | Budget Used: 3600.00/4000.0
Ep    4 | Phase: ANTAGON | Ticks: 789 | Protag R: -10495.00 | Antag R: 10124.00 | Delivery:  53.5% | Budget Used: 3720.00/4000.0
Ep    5 | Phase: ANTAGON | Ticks: 790 | Protag R: -7017.00 | Antag R: 6645.00 | Delivery:  45.8% | Budget Used: 3720.00/4000.0
Ep    6 | Phase: ANTAGON | Ticks: 796 | Protag R: -9320.00 | Antag R: 8949.00 | Delivery:  52.0% | Budget Used: 3720.00/4000.0
Ep    7 | Phase: ANTAGON | Ticks: 798 | Protag R: -6083.00 | Antag R: 5712.00 | Delivery:  60.4% | Budget Used: 3720.00/4000.0
Ep    8 | Phase: ANTAGON | Ticks: 783 | Protag R: -7638.00 | Antag R: 7267.00 | Delivery:  53.2% | Budget Used: 3720.00/4000.0
Ep    9 | Phase: ANTAGON | Ticks: 795 | Protag R: -12050.00 | Antag R: 11678.00 | Delivery:  40.8% | Budget Used: 3720.00/4000.0
Ep   10 | Phase: ANTAGON | Ticks: 795 | Protag R: -10203.00 | Antag R: 9831.00 | Delivery:  44.0% | Budget Used: 3720.00/4000.0
Ep   11 | Phase: ANTAGON | Ticks: 793 | Protag R: -8794.00 | Antag R: 8423.00 | Delivery:  60.9% | Budget Used: 3720.00/4000.0
Ep   12 | Phase: ANTAGON | Ticks: 775 | Protag R: -6948.00 | Antag R: 6577.00 | Delivery:  63.0% | Budget Used: 3720.00/4000.0
Ep   13 | Phase: ANTAGON | Ticks: 796 | Protag R: -5701.00 | Antag R: 5330.00 | Delivery:  57.9% | Budget Used: 3720.00/4000.0
Ep   14 | Phase: ANTAGON | Ticks: 792 | Protag R: -10522.00 | Antag R: 10150.00 | Delivery:  57.4% | Budget Used: 3720.00/4000.0
Ep   15 | Phase: ANTAGON | Ticks: 798 | Protag R: -8514.00 | Antag R: 8143.00 | Delivery:  58.7% | Budget Used: 3720.00/4000.0
Ep   16 | Phase: ANTAGON | Ticks: 787 | Protag R: -7063.00 | Antag R: 6692.00 | Delivery:  58.5% | Budget Used: 3720.00/4000.0
Ep   17 | Phase: ANTAGON | Ticks: 792 | Protag R: -7191.00 | Antag R: 6819.00 | Delivery:  58.3% | Budget Used: 3720.00/4000.0
Ep   18 | Phase: ANTAGON | Ticks: 783 | Protag R: -7810.00 | Antag R: 7439.00 | Delivery:  63.6% | Budget Used: 3720.00/4000.0
Ep   19 | Phase: ANTAGON | Ticks: 775 | Protag R: -4905.00 | Antag R: 4533.00 | Delivery:  65.6% | Budget Used: 3720.00/4000.0
Ep   20 | Phase: ANTAGON | Ticks: 787 | Protag R: -5351.00 | Antag R: 4980.00 | Delivery:  71.1% | Budget Used: 3720.00/4000.0
Ep   21 | Phase: ANTAGON | Ticks: 797 | Protag R: -10691.00 | Antag R: 10320.00 | Delivery:  52.9% | Budget Used: 3720.00/4000.0
Ep   22 | Phase: ANTAGON | Ticks: 792 | Protag R: -15512.00 | Antag R: 15141.00 | Delivery:  37.1% | Budget Used: 3720.00/4000.0
Ep   23 | Phase: ANTAGON | Ticks: 799 | Protag R: -8530.00 | Antag R: 8159.00 | Delivery:  57.1% | Budget Used: 3720.00/4000.0
Ep   24 | Phase: ANTAGON | Ticks: 799 | Protag R: -9431.00 | Antag R: 9060.00 | Delivery:  54.7% | Budget Used: 3720.00/4000.0
Ep   25 | Phase: ANTAGON | Ticks: 786 | Protag R: -6372.00 | Antag R: 6001.00 | Delivery:  81.2% | Budget Used: 3720.00/4000.0
Ep   26 | Phase: ANTAGON | Ticks: 790 | Protag R: -14621.00 | Antag R: 14250.00 | Delivery:  47.5% | Budget Used: 3720.00/4000.0
Ep   27 | Phase: ANTAGON | Ticks: 798 | Protag R: -2092.00 | Antag R: 1721.00 | Delivery:  78.1% | Budget Used: 3720.00/4000.0
Ep   28 | Phase: ANTAGON | Ticks: 796 | Protag R: -5429.00 | Antag R: 5058.00 | Delivery:  67.5% | Budget Used: 3720.00/4000.0
Ep   29 | Phase: ANTAGON | Ticks: 798 | Protag R: -12084.00 | Antag R: 11713.00 | Delivery:  48.1% | Budget Used: 3720.00/4000.0
Ep   30 | Phase: ANTAGON | Ticks: 779 | Protag R: -11375.00 | Antag R: 11004.00 | Delivery:  51.1% | Budget Used: 3720.00/4000.0
Ep   31 | Phase: ANTAGON | Ticks: 790 | Protag R: -14902.00 | Antag R: 14531.00 | Delivery:  44.8% | Budget Used: 3720.00/4000.0
Ep   32 | Phase: ANTAGON | Ticks: 798 | Protag R: -12845.00 | Antag R: 12473.00 | Delivery:  46.6% | Budget Used: 3720.00/4000.0
Ep   33 | Phase: ANTAGON | Ticks: 790 | Protag R: -11929.00 | Antag R: 11558.00 | Delivery:  46.6% | Budget Used: 3720.00/4000.0
Ep   34 | Phase: ANTAGON | Ticks: 793 | Protag R: -9289.00 | Antag R: 8918.00 | Delivery:  50.0% | Budget Used: 3720.00/4000.0
Ep   35 | Phase: ANTAGON | Ticks: 775 | Protag R: -9749.00 | Antag R: 9378.00 | Delivery:  56.0% | Budget Used: 3720.00/4000.0
Ep   36 | Phase: ANTAGON | Ticks: 781 | Protag R: -13803.00 | Antag R: 13432.00 | Delivery:  41.1% | Budget Used: 3720.00/4000.0
Ep   37 | Phase: ANTAGON | Ticks: 793 | Protag R: -10337.00 | Antag R: 9965.00 | Delivery:  54.3% | Budget Used: 3720.00/4000.0
Ep   38 | Phase: ANTAGON | Ticks: 787 | Protag R: -14781.00 | Antag R: 14410.00 | Delivery:  38.3% | Budget Used: 3720.00/4000.0
Ep   39 | Phase: ANTAGON | Ticks: 797 | Protag R: -13094.00 | Antag R: 12723.00 | Delivery:  46.7% | Budget Used: 3720.00/4000.0
Ep   40 | Phase: ANTAGON | Ticks: 797 | Protag R: -8511.00 | Antag R: 8140.00 | Delivery:  51.1% | Budget Used: 3720.00/4000.0
Ep   41 | Phase: ANTAGON | Ticks: 792 | Protag R: -7409.00 | Antag R: 7038.00 | Delivery:  51.2% | Budget Used: 3720.00/4000.0
Ep   42 | Phase: ANTAGON | Ticks: 788 | Protag R: -11813.00 | Antag R: 11442.00 | Delivery:  47.1% | Budget Used: 3720.00/4000.0
Ep   43 | Phase: ANTAGON | Ticks: 792 | Protag R: -4065.00 | Antag R: 3694.00 | Delivery:  71.4% | Budget Used: 3720.00/4000.0
Ep   44 | Phase: ANTAGON | Ticks: 797 | Protag R: -8916.00 | Antag R: 8545.00 | Delivery:  62.5% | Budget Used: 3720.00/4000.0
Ep   45 | Phase: ANTAGON | Ticks: 783 | Protag R: -6665.00 | Antag R: 6306.00 | Delivery:  71.1% | Budget Used: 3600.00/4000.0
Ep   46 | Phase: ANTAGON | Ticks: 787 | Protag R: -10573.00 | Antag R: 10203.00 | Delivery:  46.7% | Budget Used: 3720.00/4000.0
Ep   47 | Phase: ANTAGON | Ticks: 790 | Protag R: -6451.00 | Antag R: 6080.00 | Delivery:  68.2% | Budget Used: 3720.00/4000.0
Ep   48 | Phase: ANTAGON | Ticks: 782 | Protag R: -12662.00 | Antag R: 12291.00 | Delivery:  44.4% | Budget Used: 3720.00/4000.0
Ep   49 | Phase: ANTAGON | Ticks: 782 | Protag R: -9348.00 | Antag R: 8977.00 | Delivery:  54.9% | Budget Used: 3720.00/4000.0
Ep   50 | Phase: ANTAGON | Ticks: 785 | Protag R: -10205.00 | Antag R: 9834.00 | Delivery:  47.4% | Budget Used: 3720.00/4000.0
Saving checkpoints for both agents before phase switch...
Ep   51 | Phase: ANTAGON | Ticks: 792 | Protag R: -9915.00 | Antag R: 9544.00 | Delivery:  54.9% | Budget Used: 3720.00/4000.0
Ep   52 | Phase: ANTAGON | Ticks: 780 | Protag R: -15347.00 | Antag R: 14976.00 | Delivery:  44.8% | Budget Used: 3720.00/4000.0
Ep   53 | Phase: ANTAGON | Ticks: 791 | Protag R: -10608.00 | Antag R: 10237.00 | Delivery:  50.9% | Budget Used: 3720.00/4000.0
Ep   54 | Phase: ANTAGON | Ticks: 778 | Protag R: -14188.00 | Antag R: 13817.00 | Delivery:  43.9% | Budget Used: 3720.00/4000.0
Ep   55 | Phase: ANTAGON | Ticks: 797 | Protag R: -7245.00 | Antag R: 6873.00 | Delivery:  52.1% | Budget Used: 3720.00/4000.0
Ep   56 | Phase: ANTAGON | Ticks: 799 | Protag R: -7418.00 | Antag R: 7047.00 | Delivery:  65.2% | Budget Used: 3720.00/4000.0
Ep   57 | Phase: ANTAGON | Ticks: 797 | Protag R: -9157.00 | Antag R: 8786.00 | Delivery:  46.8% | Budget Used: 3720.00/4000.0
Ep   58 | Phase: ANTAGON | Ticks: 797 | Protag R: -10063.00 | Antag R: 9691.00 | Delivery:  51.1% | Budget Used: 3720.00/4000.0
Ep   59 | Phase: ANTAGON | Ticks: 794 | Protag R: -7072.00 | Antag R: 6701.00 | Delivery:  61.0% | Budget Used: 3720.00/4000.0
Ep   60 | Phase: ANTAGON | Ticks: 780 | Protag R: -9412.00 | Antag R: 9040.00 | Delivery:  57.1% | Budget Used: 3720.00/4000.0
Ep   61 | Phase: ANTAGON | Ticks: 785 | Protag R: -9249.00 | Antag R: 8878.00 | Delivery:  47.5% | Budget Used: 3720.00/4000.0
Ep   62 | Phase: ANTAGON | Ticks: 789 | Protag R: -8239.00 | Antag R: 7868.00 | Delivery:  64.3% | Budget Used: 3720.00/4000.0
Ep   63 | Phase: ANTAGON | Ticks: 796 | Protag R: -9396.00 | Antag R: 9024.00 | Delivery:  55.8% | Budget Used: 3720.00/4000.0
Ep   64 | Phase: ANTAGON | Ticks: 795 | Protag R: -5896.00 | Antag R: 5525.00 | Delivery:  56.8% | Budget Used: 3720.00/4000.0
Ep   65 | Phase: ANTAGON | Ticks: 790 | Protag R: -6282.00 | Antag R: 5911.00 | Delivery:  62.2% | Budget Used: 3720.00/4000.0
Ep   66 | Phase: ANTAGON | Ticks: 783 | Protag R: -9632.00 | Antag R: 9261.00 | Delivery:  52.1% | Budget Used: 3720.00/4000.0
Ep   67 | Phase: ANTAGON | Ticks: 781 | Protag R: -5198.00 | Antag R: 4826.00 | Delivery:  77.8% | Budget Used: 3720.00/4000.0
Ep   68 | Phase: ANTAGON | Ticks: 787 | Protag R: -1604.00 | Antag R: 1233.00 | Delivery:  85.7% | Budget Used: 3720.00/4000.0
Ep   69 | Phase: ANTAGON | Ticks: 795 | Protag R: -13922.00 | Antag R: 13550.00 | Delivery:  46.4% | Budget Used: 3720.00/4000.0
Ep   70 | Phase: ANTAGON | Ticks: 786 | Protag R: -9757.00 | Antag R: 9385.00 | Delivery:  49.0% | Budget Used: 3720.00/4000.0
Ep   71 | Phase: ANTAGON | Ticks: 781 | Protag R: -9105.00 | Antag R: 8734.00 | Delivery:  65.3% | Budget Used: 3720.00/4000.0
Ep   72 | Phase: ANTAGON | Ticks: 778 | Protag R: -7415.00 | Antag R: 7043.00 | Delivery:  60.0% | Budget Used: 3720.00/4000.0
Ep   73 | Phase: ANTAGON | Ticks: 786 | Protag R: -11244.00 | Antag R: 10873.00 | Delivery:  59.3% | Budget Used: 3720.00/4000.0
Ep   74 | Phase: ANTAGON | Ticks: 787 | Protag R: -5154.00 | Antag R: 4783.00 | Delivery:  62.8% | Budget Used: 3720.00/4000.0
Ep   75 | Phase: ANTAGON | Ticks: 798 | Protag R: -9846.00 | Antag R: 9475.00 | Delivery:  48.2% | Budget Used: 3720.00/4000.0
Ep   76 | Phase: ANTAGON | Ticks: 795 | Protag R: -13223.00 | Antag R: 12852.00 | Delivery:  44.3% | Budget Used: 3720.00/4000.0
Ep   77 | Phase: ANTAGON | Ticks: 779 | Protag R: -8766.00 | Antag R: 8395.00 | Delivery:  65.9% | Budget Used: 3720.00/4000.0
Ep   78 | Phase: ANTAGON | Ticks: 782 | Protag R: -15949.00 | Antag R: 15579.00 | Delivery:  44.1% | Budget Used: 3720.00/4000.0
Ep   79 | Phase: ANTAGON | Ticks: 779 | Protag R: -8757.00 | Antag R: 8386.00 | Delivery:  50.0% | Budget Used: 3720.00/4000.0
Ep   80 | Phase: ANTAGON | Ticks: 794 | Protag R: -9510.00 | Antag R: 9140.00 | Delivery:  50.0% | Budget Used: 3720.00/4000.0
Ep   81 | Phase: ANTAGON | Ticks: 794 | Protag R: -15651.00 | Antag R: 15280.00 | Delivery:  48.4% | Budget Used: 3720.00/4000.0
Ep   82 | Phase: ANTAGON | Ticks: 787 | Protag R: -6478.00 | Antag R: 6107.00 | Delivery:  61.4% | Budget Used: 3720.00/4000.0
Ep   83 | Phase: ANTAGON | Ticks: 797 | Protag R: -13271.00 | Antag R: 12900.00 | Delivery:  49.2% | Budget Used: 3720.00/4000.0
Ep   84 | Phase: ANTAGON | Ticks: 790 | Protag R: -10145.00 | Antag R: 9774.00 | Delivery:  47.9% | Budget Used: 3720.00/4000.0
Ep   85 | Phase: ANTAGON | Ticks: 782 | Protag R: -7280.00 | Antag R: 6909.00 | Delivery:  56.1% | Budget Used: 3720.00/4000.0
Ep   86 | Phase: ANTAGON | Ticks: 799 | Protag R: -7387.00 | Antag R: 7015.00 | Delivery:  57.9% | Budget Used: 3720.00/4000.0
Ep   87 | Phase: ANTAGON | Ticks: 795 | Protag R: -10491.00 | Antag R: 10119.00 | Delivery:  56.2% | Budget Used: 3720.00/4000.0
Ep   88 | Phase: ANTAGON | Ticks: 793 | Protag R: -4745.00 | Antag R: 4374.00 | Delivery:  76.3% | Budget Used: 3720.00/4000.0
Ep   89 | Phase: ANTAGON | Ticks: 792 | Protag R: -13681.00 | Antag R: 13310.00 | Delivery:  44.8% | Budget Used: 3720.00/4000.0
Ep   90 | Phase: ANTAGON | Ticks: 780 | Protag R: -9859.00 | Antag R: 9488.00 | Delivery:  54.9% | Budget Used: 3720.00/4000.0
Ep   91 | Phase: ANTAGON | Ticks: 793 | Protag R: -8130.00 | Antag R: 7759.00 | Delivery:  52.3% | Budget Used: 3720.00/4000.0
Ep   92 | Phase: ANTAGON | Ticks: 788 | Protag R: -10836.00 | Antag R: 10465.00 | Delivery:  46.9% | Budget Used: 3720.00/4000.0
Ep   93 | Phase: ANTAGON | Ticks: 797 | Protag R: -3138.00 | Antag R: 2767.00 | Delivery:  76.5% | Budget Used: 3720.00/4000.0
Ep   94 | Phase: ANTAGON | Ticks: 795 | Protag R: -10107.00 | Antag R: 9736.00 | Delivery:  52.7% | Budget Used: 3720.00/4000.0
Ep   95 | Phase: ANTAGON | Ticks: 786 | Protag R: -9885.00 | Antag R: 9514.00 | Delivery:  56.5% | Budget Used: 3720.00/4000.0
Ep   96 | Phase: ANTAGON | Ticks: 787 | Protag R: -2906.00 | Antag R: 2535.00 | Delivery:  68.4% | Budget Used: 3720.00/4000.0
Ep   97 | Phase: ANTAGON | Ticks: 784 | Protag R: -6623.00 | Antag R: 6252.00 | Delivery:  59.1% | Budget Used: 3720.00/4000.0
Ep   98 | Phase: ANTAGON | Ticks: 796 | Protag R: -7202.00 | Antag R: 6831.00 | Delivery:  53.6% | Budget Used: 3720.00/4000.0
Ep   99 | Phase: ANTAGON | Ticks: 796 | Protag R: -9308.00 | Antag R: 8937.00 | Delivery:  52.1% | Budget Used: 3720.00/4000.0
Ep  100 | Phase: ANTAGON | Ticks: 794 | Protag R: -6514.00 | Antag R: 6142.00 | Delivery:  54.5% | Budget Used: 3720.00/4000.0
Saving checkpoints for both agents before phase switch...
Ep  101 | Phase: ANTAGON | Ticks: 784 | Protag R: -6107.00 | Antag R: 5736.00 | Delivery:  64.3% | Budget Used: 3720.00/4000.0
Ep  102 | Phase: ANTAGON | Ticks: 791 | Protag R: -9206.00 | Antag R: 8835.00 | Delivery:  45.6% | Budget Used: 3720.00/4000.0
Ep  103 | Phase: ANTAGON | Ticks: 783 | Protag R: -4641.00 | Antag R: 4269.00 | Delivery:  66.7% | Budget Used: 3720.00/4000.0
Ep  104 | Phase: ANTAGON | Ticks: 781 | Protag R: -9602.00 | Antag R: 9231.00 | Delivery:  60.4% | Budget Used: 3720.00/4000.0
Ep  105 | Phase: ANTAGON | Ticks: 787 | Protag R: -11344.00 | Antag R: 10973.00 | Delivery:  53.8% | Budget Used: 3720.00/4000.0
Ep  106 | Phase: ANTAGON | Ticks: 796 | Protag R: -7288.00 | Antag R: 6917.00 | Delivery:  62.5% | Budget Used: 3720.00/4000.0
Ep  107 | Phase: ANTAGON | Ticks: 777 | Protag R: -11645.00 | Antag R: 11274.00 | Delivery:  51.9% | Budget Used: 3720.00/4000.0
Ep  108 | Phase: ANTAGON | Ticks: 780 | Protag R: -8387.00 | Antag R: 8016.00 | Delivery:  52.2% | Budget Used: 3720.00/4000.0
Ep  109 | Phase: ANTAGON | Ticks: 790 | Protag R: -5438.00 | Antag R: 5067.00 | Delivery:  65.0% | Budget Used: 3720.00/4000.0
Ep  110 | Phase: ANTAGON | Ticks: 778 | Protag R: -8729.00 | Antag R: 8357.00 | Delivery:  57.4% | Budget Used: 3720.00/4000.0
Ep  111 | Phase: ANTAGON | Ticks: 790 | Protag R: -8858.00 | Antag R: 8487.00 | Delivery:  61.7% | Budget Used: 3720.00/4000.0
Ep  112 | Phase: ANTAGON | Ticks: 793 | Protag R: -8006.00 | Antag R: 7634.00 | Delivery:  57.8% | Budget Used: 3720.00/4000.0
Ep  113 | Phase: ANTAGON | Ticks: 797 | Protag R: -5242.00 | Antag R: 4871.00 | Delivery:  75.0% | Budget Used: 3720.00/4000.0
Ep  114 | Phase: ANTAGON | Ticks: 792 | Protag R: -6982.00 | Antag R: 6611.00 | Delivery:  60.0% | Budget Used: 3720.00/4000.0
Ep  115 | Phase: ANTAGON | Ticks: 799 | Protag R: -8018.00 | Antag R: 7646.00 | Delivery:  59.6% | Budget Used: 3720.00/4000.0
Ep  116 | Phase: ANTAGON | Ticks: 794 | Protag R: -7661.00 | Antag R: 7290.00 | Delivery:  63.4% | Budget Used: 3720.00/4000.0
Ep  117 | Phase: ANTAGON | Ticks: 793 | Protag R: -7721.00 | Antag R: 7350.00 | Delivery:  62.8% | Budget Used: 3720.00/4000.0
Ep  118 | Phase: ANTAGON | Ticks: 777 | Protag R: -9365.00 | Antag R: 8994.00 | Delivery:  53.7% | Budget Used: 3720.00/4000.0
Ep  119 | Phase: ANTAGON | Ticks: 794 | Protag R: -11018.00 | Antag R: 10647.00 | Delivery:  56.4% | Budget Used: 3720.00/4000.0
Ep  120 | Phase: ANTAGON | Ticks: 795 | Protag R: -10799.00 | Antag R: 10428.00 | Delivery:  50.0% | Budget Used: 3720.00/4000.0
Ep  121 | Phase: ANTAGON | Ticks: 790 | Protag R: -12464.00 | Antag R: 12093.00 | Delivery:  54.4% | Budget Used: 3720.00/4000.0
Ep  122 | Phase: ANTAGON | Ticks: 785 | Protag R: -9113.00 | Antag R: 8742.00 | Delivery:  55.1% | Budget Used: 3720.00/4000.0
Ep  123 | Phase: ANTAGON | Ticks: 799 | Protag R: -10452.00 | Antag R: 10080.00 | Delivery:  56.4% | Budget Used: 3720.00/4000.0
Ep  124 | Phase: ANTAGON | Ticks: 791 | Protag R: -8437.00 | Antag R: 8066.00 | Delivery:  54.0% | Budget Used: 3720.00/4000.0
Ep  125 | Phase: ANTAGON | Ticks: 790 | Protag R: -9280.00 | Antag R: 8908.00 | Delivery:  53.2% | Budget Used: 3720.00/4000.0
Ep  126 | Phase: ANTAGON | Ticks: 775 | Protag R: -6902.00 | Antag R: 6531.00 | Delivery:  65.9% | Budget Used: 3720.00/4000.0
Ep  127 | Phase: ANTAGON | Ticks: 782 | Protag R: -8124.00 | Antag R: 7753.00 | Delivery:  53.1% | Budget Used: 3720.00/4000.0
Ep  128 | Phase: ANTAGON | Ticks: 790 | Protag R: -11739.00 | Antag R: 11368.00 | Delivery:  52.6% | Budget Used: 3720.00/4000.0
Ep  129 | Phase: ANTAGON | Ticks: 788 | Protag R: -8156.00 | Antag R: 7785.00 | Delivery:  60.0% | Budget Used: 3720.00/4000.0
Ep  130 | Phase: ANTAGON | Ticks: 791 | Protag R: -11416.00 | Antag R: 11045.00 | Delivery:  49.0% | Budget Used: 3720.00/4000.0
Ep  131 | Phase: ANTAGON | Ticks: 797 | Protag R: -3543.00 | Antag R: 3171.00 | Delivery:  72.4% | Budget Used: 3720.00/4000.0
Ep  132 | Phase: ANTAGON | Ticks: 784 | Protag R: -5364.00 | Antag R: 4993.00 | Delivery:  64.3% | Budget Used: 3720.00/4000.0
Ep  133 | Phase: ANTAGON | Ticks: 784 | Protag R: -7735.00 | Antag R: 7364.00 | Delivery:  59.1% | Budget Used: 3720.00/4000.0
Ep  134 | Phase: ANTAGON | Ticks: 797 | Protag R: -8683.00 | Antag R: 8312.00 | Delivery:  52.0% | Budget Used: 3720.00/4000.0
Ep  135 | Phase: ANTAGON | Ticks: 790 | Protag R: -6143.00 | Antag R: 5771.00 | Delivery:  48.9% | Budget Used: 3720.00/4000.0
Ep  136 | Phase: ANTAGON | Ticks: 777 | Protag R: -12453.00 | Antag R: 12082.00 | Delivery:  43.6% | Budget Used: 3720.00/4000.0
Ep  137 | Phase: ANTAGON | Ticks: 798 | Protag R: -9088.00 | Antag R: 8717.00 | Delivery:  65.9% | Budget Used: 3720.00/4000.0
Ep  138 | Phase: ANTAGON | Ticks: 794 | Protag R: -7006.00 | Antag R: 6634.00 | Delivery:  54.8% | Budget Used: 3720.00/4000.0
Ep  139 | Phase: ANTAGON | Ticks: 795 | Protag R: -9781.00 | Antag R: 9411.00 | Delivery:  56.9% | Budget Used: 3720.00/4000.0
Ep  140 | Phase: ANTAGON | Ticks: 790 | Protag R: -5233.00 | Antag R: 4861.00 | Delivery:  62.8% | Budget Used: 3720.00/4000.0
Ep  141 | Phase: ANTAGON | Ticks: 786 | Protag R: -10613.00 | Antag R: 10242.00 | Delivery:  49.0% | Budget Used: 3720.00/4000.0
Ep  142 | Phase: ANTAGON | Ticks: 788 | Protag R: -10389.00 | Antag R: 10018.00 | Delivery:  56.9% | Budget Used: 3720.00/4000.0
Ep  143 | Phase: ANTAGON | Ticks: 778 | Protag R: -9147.00 | Antag R: 8776.00 | Delivery:  53.1% | Budget Used: 3720.00/4000.0
Ep  144 | Phase: ANTAGON | Ticks: 793 | Protag R: -8079.00 | Antag R: 7708.00 | Delivery:  59.5% | Budget Used: 3720.00/4000.0
Ep  145 | Phase: ANTAGON | Ticks: 792 | Protag R: -8974.00 | Antag R: 8603.00 | Delivery:  48.1% | Budget Used: 3720.00/4000.0
Ep  146 | Phase: ANTAGON | Ticks: 799 | Protag R: -7343.00 | Antag R: 6972.00 | Delivery:  56.5% | Budget Used: 3720.00/4000.0
Ep  147 | Phase: ANTAGON | Ticks: 793 | Protag R: -7799.00 | Antag R: 7428.00 | Delivery:  51.1% | Budget Used: 3720.00/4000.0
Ep  148 | Phase: ANTAGON | Ticks: 788 | Protag R: -7650.00 | Antag R: 7278.00 | Delivery:  65.9% | Budget Used: 3720.00/4000.0
Ep  149 | Phase: ANTAGON | Ticks: 797 | Protag R: -10439.00 | Antag R: 10067.00 | Delivery:  54.9% | Budget Used: 3720.00/4000.0
Ep  150 | Phase: ANTAGON | Ticks: 795 | Protag R: -3031.00 | Antag R: 2659.00 | Delivery:  65.7% | Budget Used: 3720.00/4000.0
Saving checkpoints for both agents before phase switch...
Ep  151 | Phase: ANTAGON | Ticks: 799 | Protag R: -14815.00 | Antag R: 14444.00 | Delivery:  39.1% | Budget Used: 3720.00/4000.0
Ep  152 | Phase: ANTAGON | Ticks: 797 | Protag R: -9568.00 | Antag R: 9197.00 | Delivery:  57.1% | Budget Used: 3720.00/4000.0
Ep  153 | Phase: ANTAGON | Ticks: 784 | Protag R: -6951.00 | Antag R: 6580.00 | Delivery:  49.0% | Budget Used: 3720.00/4000.0
Ep  154 | Phase: ANTAGON | Ticks: 791 | Protag R: -10024.00 | Antag R: 9652.00 | Delivery:  50.9% | Budget Used: 3720.00/4000.0
Ep  155 | Phase: ANTAGON | Ticks: 794 | Protag R: -8390.00 | Antag R: 8018.00 | Delivery:  58.7% | Budget Used: 3720.00/4000.0
Ep  156 | Phase: ANTAGON | Ticks: 796 | Protag R: -8514.00 | Antag R: 8142.00 | Delivery:  49.0% | Budget Used: 3720.00/4000.0
Ep  157 | Phase: ANTAGON | Ticks: 777 | Protag R: -5931.00 | Antag R: 5560.00 | Delivery:  71.1% | Budget Used: 3720.00/4000.0
Ep  158 | Phase: ANTAGON | Ticks: 795 | Protag R: -10296.00 | Antag R: 9925.00 | Delivery:  52.7% | Budget Used: 3720.00/4000.0
Ep  159 | Phase: ANTAGON | Ticks: 794 | Protag R: -4909.00 | Antag R: 4538.00 | Delivery:  65.1% | Budget Used: 3720.00/4000.0
Ep  160 | Phase: ANTAGON | Ticks: 795 | Protag R: -7933.00 | Antag R: 7562.00 | Delivery:  54.3% | Budget Used: 3720.00/4000.0
Ep  161 | Phase: ANTAGON | Ticks: 786 | Protag R: -10174.00 | Antag R: 9804.00 | Delivery:  55.8% | Budget Used: 3720.00/4000.0
Ep  162 | Phase: ANTAGON | Ticks: 788 | Protag R: -7979.00 | Antag R: 7608.00 | Delivery:  53.2% | Budget Used: 3720.00/4000.0
Ep  163 | Phase: ANTAGON | Ticks: 786 | Protag R: -12075.00 | Antag R: 11704.00 | Delivery:  45.8% | Budget Used: 3720.00/4000.0
Ep  164 | Phase: ANTAGON | Ticks: 790 | Protag R: -8653.00 | Antag R: 8282.00 | Delivery:  52.9% | Budget Used: 3720.00/4000.0
Ep  165 | Phase: ANTAGON | Ticks: 784 | Protag R: -9073.00 | Antag R: 8701.00 | Delivery:  56.2% | Budget Used: 3720.00/4000.0
Ep  166 | Phase: ANTAGON | Ticks: 798 | Protag R: -15122.00 | Antag R: 14752.00 | Delivery:  45.5% | Budget Used: 3720.00/4000.0
Ep  167 | Phase: ANTAGON | Ticks: 787 | Protag R: -10205.00 | Antag R: 9833.00 | Delivery:  52.9% | Budget Used: 3720.00/4000.0
Ep  168 | Phase: ANTAGON | Ticks: 784 | Protag R: -8354.00 | Antag R: 7983.00 | Delivery:  64.4% | Budget Used: 3720.00/4000.0
Ep  169 | Phase: ANTAGON | Ticks: 784 | Protag R: -13739.00 | Antag R: 13368.00 | Delivery:  51.8% | Budget Used: 3720.00/4000.0
Ep  170 | Phase: ANTAGON | Ticks: 799 | Protag R: -7595.00 | Antag R: 7224.00 | Delivery:  62.2% | Budget Used: 3720.00/4000.0
Ep  171 | Phase: ANTAGON | Ticks: 798 | Protag R: -12474.00 | Antag R: 12103.00 | Delivery:  49.2% | Budget Used: 3720.00/4000.0
Ep  172 | Phase: ANTAGON | Ticks: 796 | Protag R: -11881.00 | Antag R: 11510.00 | Delivery:  43.1% | Budget Used: 3720.00/4000.0
Ep  173 | Phase: ANTAGON | Ticks: 791 | Protag R: -10806.00 | Antag R: 10435.00 | Delivery:  60.4% | Budget Used: 3720.00/4000.0
Ep  174 | Phase: ANTAGON | Ticks: 799 | Protag R: -12946.00 | Antag R: 12575.00 | Delivery:  49.1% | Budget Used: 3720.00/4000.0
Ep  175 | Phase: ANTAGON | Ticks: 778 | Protag R: -6838.00 | Antag R: 6466.00 | Delivery:  52.4% | Budget Used: 3720.00/4000.0
Ep  176 | Phase: ANTAGON | Ticks: 797 | Protag R: -5429.00 | Antag R: 5058.00 | Delivery:  68.3% | Budget Used: 3720.00/4000.0
Ep  177 | Phase: ANTAGON | Ticks: 796 | Protag R: -6186.00 | Antag R: 5815.00 | Delivery:  55.8% | Budget Used: 3720.00/4000.0
Ep  178 | Phase: ANTAGON | Ticks: 792 | Protag R: -8960.00 | Antag R: 8589.00 | Delivery:  55.6% | Budget Used: 3720.00/4000.0
Ep  179 | Phase: ANTAGON | Ticks: 796 | Protag R: -10056.00 | Antag R: 9685.00 | Delivery:  58.7% | Budget Used: 3720.00/4000.0
Ep  180 | Phase: ANTAGON | Ticks: 799 | Protag R: -7314.00 | Antag R: 6943.00 | Delivery:  63.4% | Budget Used: 3720.00/4000.0
Ep  181 | Phase: ANTAGON | Ticks: 789 | Protag R: -5133.00 | Antag R: 4762.00 | Delivery:  68.4% | Budget Used: 3720.00/4000.0
Ep  182 | Phase: ANTAGON | Ticks: 799 | Protag R: -9178.00 | Antag R: 8807.00 | Delivery:  47.9% | Budget Used: 3720.00/4000.0
Ep  183 | Phase: ANTAGON | Ticks: 797 | Protag R: -6917.00 | Antag R: 6546.00 | Delivery:  50.0% | Budget Used: 3720.00/4000.0
Ep  184 | Phase: ANTAGON | Ticks: 784 | Protag R: -7919.00 | Antag R: 7548.00 | Delivery:  50.0% | Budget Used: 3720.00/4000.0
Ep  185 | Phase: ANTAGON | Ticks: 787 | Protag R: -7173.00 | Antag R: 6802.00 | Delivery:  58.1% | Budget Used: 3720.00/4000.0
Ep  186 | Phase: ANTAGON | Ticks: 797 | Protag R: -13997.00 | Antag R: 13626.00 | Delivery:  46.8% | Budget Used: 3720.00/4000.0
Ep  187 | Phase: ANTAGON | Ticks: 797 | Protag R: -11916.00 | Antag R: 11545.00 | Delivery:  51.8% | Budget Used: 3720.00/4000.0
Ep  188 | Phase: ANTAGON | Ticks: 785 | Protag R: -9833.00 | Antag R: 9462.00 | Delivery:  49.1% | Budget Used: 3720.00/4000.0
Ep  189 | Phase: ANTAGON | Ticks: 780 | Protag R: -10971.00 | Antag R: 10600.00 | Delivery:  55.1% | Budget Used: 3720.00/4000.0
Ep  190 | Phase: ANTAGON | Ticks: 799 | Protag R: -4333.00 | Antag R: 3962.00 | Delivery:  67.6% | Budget Used: 3720.00/4000.0
Ep  191 | Phase: ANTAGON | Ticks: 797 | Protag R: -4529.00 | Antag R: 4158.00 | Delivery:  75.0% | Budget Used: 3720.00/4000.0
Ep  192 | Phase: ANTAGON | Ticks: 776 | Protag R: -8999.00 | Antag R: 8628.00 | Delivery:  53.3% | Budget Used: 3720.00/4000.0
Ep  193 | Phase: ANTAGON | Ticks: 794 | Protag R: -9077.00 | Antag R: 8705.00 | Delivery:  56.2% | Budget Used: 3720.00/4000.0
Ep  194 | Phase: ANTAGON | Ticks: 794 | Protag R: -5848.00 | Antag R: 5477.00 | Delivery:  56.5% | Budget Used: 3720.00/4000.0
Ep  195 | Phase: ANTAGON | Ticks: 776 | Protag R: -8787.00 | Antag R: 8416.00 | Delivery:  42.0% | Budget Used: 3720.00/4000.0
Ep  196 | Phase: ANTAGON | Ticks: 793 | Protag R: -8595.00 | Antag R: 8224.00 | Delivery:  49.1% | Budget Used: 3720.00/4000.0
Ep  197 | Phase: ANTAGON | Ticks: 799 | Protag R: -9703.00 | Antag R: 9332.00 | Delivery:  69.8% | Budget Used: 3720.00/4000.0
Ep  198 | Phase: ANTAGON | Ticks: 794 | Protag R: -13328.00 | Antag R: 12957.00 | Delivery:  50.8% | Budget Used: 3720.00/4000.0
Ep  199 | Phase: ANTAGON | Ticks: 798 | Protag R: -7347.00 | Antag R: 6976.00 | Delivery:  59.0% | Budget Used: 3720.00/4000.0
Ep  200 | Phase: ANTAGON | Ticks: 782 | Protag R: -6171.00 | Antag R: 5799.00 | Delivery:  63.2% | Budget Used: 3720.00/4000.0
Saving checkpoints for both agents before phase switch...
Ep  201 | Phase: ANTAGON | Ticks: 792 | Protag R: -14288.00 | Antag R: 13917.00 | Delivery:  45.9% | Budget Used: 3720.00/4000.0
Ep  202 | Phase: ANTAGON | Ticks: 787 | Protag R: -7377.00 | Antag R: 7006.00 | Delivery:  52.9% | Budget Used: 3720.00/4000.0
Ep  203 | Phase: ANTAGON | Ticks: 796 | Protag R: -8847.00 | Antag R: 8476.00 | Delivery:  56.6% | Budget Used: 3720.00/4000.0
Ep  204 | Phase: ANTAGON | Ticks: 783 | Protag R: -8264.00 | Antag R: 7893.00 | Delivery:  56.2% | Budget Used: 3720.00/4000.0
Ep  205 | Phase: ANTAGON | Ticks: 799 | Protag R: -12672.00 | Antag R: 12301.00 | Delivery:  45.9% | Budget Used: 3720.00/4000.0
Ep  206 | Phase: ANTAGON | Ticks: 799 | Protag R: -12498.00 | Antag R: 12127.00 | Delivery:  44.2% | Budget Used: 3720.00/4000.0
Ep  207 | Phase: ANTAGON | Ticks: 778 | Protag R: -6341.00 | Antag R: 5970.00 | Delivery:  62.8% | Budget Used: 3720.00/4000.0
Ep  208 | Phase: ANTAGON | Ticks: 782 | Protag R: -4356.00 | Antag R: 3985.00 | Delivery:  65.1% | Budget Used: 3720.00/4000.0
Ep  209 | Phase: ANTAGON | Ticks: 791 | Protag R: -10183.00 | Antag R: 9812.00 | Delivery:  60.0% | Budget Used: 3720.00/4000.0
Ep  210 | Phase: ANTAGON | Ticks: 784 | Protag R: -3214.00 | Antag R: 2843.00 | Delivery:  75.6% | Budget Used: 3720.00/4000.0
Ep  211 | Phase: ANTAGON | Ticks: 791 | Protag R: -11243.00 | Antag R: 10872.00 | Delivery:  47.5% | Budget Used: 3720.00/4000.0
Ep  212 | Phase: ANTAGON | Ticks: 792 | Protag R: -7501.00 | Antag R: 7130.00 | Delivery:  67.5% | Budget Used: 3720.00/4000.0
Ep  213 | Phase: ANTAGON | Ticks: 799 | Protag R: -7598.00 | Antag R: 7227.00 | Delivery:  68.2% | Budget Used: 3720.00/4000.0
Ep  214 | Phase: ANTAGON | Ticks: 796 | Protag R: -11266.00 | Antag R: 10895.00 | Delivery:  56.8% | Budget Used: 3720.00/4000.0
Ep  215 | Phase: ANTAGON | Ticks: 797 | Protag R: -7689.00 | Antag R: 7317.00 | Delivery:  56.8% | Budget Used: 3720.00/4000.0
Ep  216 | Phase: ANTAGON | Ticks: 793 | Protag R: -12648.00 | Antag R: 12277.00 | Delivery:  53.6% | Budget Used: 3720.00/4000.0
Ep  217 | Phase: ANTAGON | Ticks: 786 | Protag R: -8491.00 | Antag R: 8120.00 | Delivery:  63.3% | Budget Used: 3720.00/4000.0
Ep  218 | Phase: ANTAGON | Ticks: 791 | Protag R: -8571.00 | Antag R: 8200.00 | Delivery:  48.9% | Budget Used: 3720.00/4000.0
Ep  219 | Phase: ANTAGON | Ticks: 790 | Protag R: -10008.00 | Antag R: 9636.00 | Delivery:  50.0% | Budget Used: 3720.00/4000.0
Ep  220 | Phase: ANTAGON | Ticks: 796 | Protag R: -7536.00 | Antag R: 7165.00 | Delivery:  62.2% | Budget Used: 3720.00/4000.0
Ep  221 | Phase: ANTAGON | Ticks: 780 | Protag R: -4027.00 | Antag R: 3656.00 | Delivery:  68.4% | Budget Used: 3720.00/4000.0
Ep  222 | Phase: ANTAGON | Ticks: 780 | Protag R: -5527.00 | Antag R: 5156.00 | Delivery:  65.9% | Budget Used: 3720.00/4000.0
Ep  223 | Phase: ANTAGON | Ticks: 795 | Protag R: -10906.00 | Antag R: 10547.00 | Delivery:  50.0% | Budget Used: 3600.00/4000.0
Ep  224 | Phase: ANTAGON | Ticks: 775 | Protag R: -8381.00 | Antag R: 8009.00 | Delivery:  50.0% | Budget Used: 3720.00/4000.0
Ep  225 | Phase: ANTAGON | Ticks: 796 | Protag R: -11524.00 | Antag R: 11153.00 | Delivery:  53.4% | Budget Used: 3720.00/4000.0
Ep  226 | Phase: ANTAGON | Ticks: 783 | Protag R: -7878.00 | Antag R: 7507.00 | Delivery:  66.7% | Budget Used: 3720.00/4000.0
Ep  227 | Phase: ANTAGON | Ticks: 782 | Protag R: -7888.00 | Antag R: 7517.00 | Delivery:  60.9% | Budget Used: 3720.00/4000.0
Ep  228 | Phase: ANTAGON | Ticks: 782 | Protag R: -5378.00 | Antag R: 5007.00 | Delivery:  62.5% | Budget Used: 3720.00/4000.0
Ep  229 | Phase: ANTAGON | Ticks: 788 | Protag R: -6335.00 | Antag R: 5964.00 | Delivery:  62.5% | Budget Used: 3720.00/4000.0
Ep  230 | Phase: ANTAGON | Ticks: 787 | Protag R: -10081.00 | Antag R: 9710.00 | Delivery:  57.7% | Budget Used: 3720.00/4000.0
Ep  231 | Phase: ANTAGON | Ticks: 783 | Protag R: -10965.00 | Antag R: 10594.00 | Delivery:  45.5% | Budget Used: 3720.00/4000.0
Ep  232 | Phase: ANTAGON | Ticks: 776 | Protag R: -13259.00 | Antag R: 12888.00 | Delivery:  52.1% | Budget Used: 3720.00/4000.0
Ep  233 | Phase: ANTAGON | Ticks: 794 | Protag R: -7370.00 | Antag R: 6999.00 | Delivery:  66.7% | Budget Used: 3720.00/4000.0
Ep  234 | Phase: ANTAGON | Ticks: 799 | Protag R: -9299.00 | Antag R: 8928.00 | Delivery:  50.9% | Budget Used: 3720.00/4000.0
Ep  235 | Phase: ANTAGON | Ticks: 782 | Protag R: -7613.00 | Antag R: 7242.00 | Delivery:  64.4% | Budget Used: 3720.00/4000.0
Ep  236 | Phase: ANTAGON | Ticks: 794 | Protag R: -11766.00 | Antag R: 11395.00 | Delivery:  43.9% | Budget Used: 3720.00/4000.0
Ep  237 | Phase: ANTAGON | Ticks: 787 | Protag R: -11333.00 | Antag R: 10961.00 | Delivery:  48.0% | Budget Used: 3720.00/4000.0
Ep  238 | Phase: ANTAGON | Ticks: 795 | Protag R: -9435.00 | Antag R: 9064.00 | Delivery:  43.9% | Budget Used: 3720.00/4000.0
Ep  239 | Phase: ANTAGON | Ticks: 775 | Protag R: -10156.00 | Antag R: 9785.00 | Delivery:  52.0% | Budget Used: 3720.00/4000.0
Ep  240 | Phase: ANTAGON | Ticks: 782 | Protag R: -11630.00 | Antag R: 11259.00 | Delivery:  51.8% | Budget Used: 3720.00/4000.0
Ep  241 | Phase: ANTAGON | Ticks: 796 | Protag R: -13920.00 | Antag R: 13548.00 | Delivery:  36.8% | Budget Used: 3720.00/4000.0
Ep  242 | Phase: ANTAGON | Ticks: 797 | Protag R: -7932.00 | Antag R: 7561.00 | Delivery:  68.2% | Budget Used: 3720.00/4000.0
Ep  243 | Phase: ANTAGON | Ticks: 799 | Protag R: -13285.00 | Antag R: 12913.00 | Delivery:  44.4% | Budget Used: 3720.00/4000.0
Ep  244 | Phase: ANTAGON | Ticks: 794 | Protag R: -8863.00 | Antag R: 8492.00 | Delivery:  60.0% | Budget Used: 3720.00/4000.0
Ep  245 | Phase: ANTAGON | Ticks: 775 | Protag R: -5776.00 | Antag R: 5405.00 | Delivery:  54.3% | Budget Used: 3720.00/4000.0
Ep  246 | Phase: ANTAGON | Ticks: 780 | Protag R: -5634.00 | Antag R: 5262.00 | Delivery:  69.4% | Budget Used: 3720.00/4000.0
Ep  247 | Phase: ANTAGON | Ticks: 781 | Protag R: -10096.00 | Antag R: 9725.00 | Delivery:  41.7% | Budget Used: 3720.00/4000.0
Ep  248 | Phase: ANTAGON | Ticks: 798 | Protag R: -7085.00 | Antag R: 6714.00 | Delivery:  50.9% | Budget Used: 3720.00/4000.0
Ep  249 | Phase: ANTAGON | Ticks: 792 | Protag R: -13228.00 | Antag R: 12857.00 | Delivery:  44.4% | Budget Used: 3720.00/4000.0
Ep  250 | Phase: ANTAGON | Ticks: 789 | Protag R: -5471.00 | Antag R: 5100.00 | Delivery:  63.6% | Budget Used: 3720.00/4000.0
Saving checkpoints for both agents before phase switch...
Ep  251 | Phase: ANTAGON | Ticks: 798 | Protag R: -10578.00 | Antag R: 10207.00 | Delivery:  50.0% | Budget Used: 3720.00/4000.0
Ep  252 | Phase: ANTAGON | Ticks: 790 | Protag R: -7960.00 | Antag R: 7589.00 | Delivery:  59.1% | Budget Used: 3720.00/4000.0
Ep  253 | Phase: ANTAGON | Ticks: 785 | Protag R: -7080.00 | Antag R: 6709.00 | Delivery:  64.4% | Budget Used: 3720.00/4000.0
Ep  254 | Phase: ANTAGON | Ticks: 796 | Protag R: -5595.00 | Antag R: 5223.00 | Delivery:  58.5% | Budget Used: 3720.00/4000.0
Ep  255 | Phase: ANTAGON | Ticks: 787 | Protag R: -11545.00 | Antag R: 11173.00 | Delivery:  45.1% | Budget Used: 3720.00/4000.0
Ep  256 | Phase: ANTAGON | Ticks: 797 | Protag R: -5826.00 | Antag R: 5455.00 | Delivery:  67.5% | Budget Used: 3720.00/4000.0
Ep  257 | Phase: ANTAGON | Ticks: 798 | Protag R: -15141.00 | Antag R: 14770.00 | Delivery:  43.5% | Budget Used: 3720.00/4000.0
Ep  258 | Phase: ANTAGON | Ticks: 794 | Protag R: -10502.00 | Antag R: 10131.00 | Delivery:  54.9% | Budget Used: 3720.00/4000.0
Ep  259 | Phase: ANTAGON | Ticks: 792 | Protag R: -6962.00 | Antag R: 6590.00 | Delivery:  58.1% | Budget Used: 3720.00/4000.0
Ep  260 | Phase: ANTAGON | Ticks: 783 | Protag R: -9904.00 | Antag R: 9533.00 | Delivery:  65.9% | Budget Used: 3720.00/4000.0
Ep  261 | Phase: ANTAGON | Ticks: 788 | Protag R: -7215.00 | Antag R: 6844.00 | Delivery:  61.7% | Budget Used: 3720.00/4000.0
Ep  262 | Phase: ANTAGON | Ticks: 793 | Protag R: -8824.00 | Antag R: 8453.00 | Delivery:  53.1% | Budget Used: 3720.00/4000.0
Ep  263 | Phase: ANTAGON | Ticks: 778 | Protag R: -10409.00 | Antag R: 10038.00 | Delivery:  43.5% | Budget Used: 3720.00/4000.0
Ep  264 | Phase: ANTAGON | Ticks: 786 | Protag R: -6288.00 | Antag R: 5916.00 | Delivery:  61.7% | Budget Used: 3720.00/4000.0
Ep  265 | Phase: ANTAGON | Ticks: 776 | Protag R: -4699.00 | Antag R: 4328.00 | Delivery:  55.6% | Budget Used: 3720.00/4000.0
Ep  266 | Phase: ANTAGON | Ticks: 790 | Protag R: -8038.00 | Antag R: 7667.00 | Delivery:  60.8% | Budget Used: 3720.00/4000.0
Ep  267 | Phase: ANTAGON | Ticks: 790 | Protag R: -17076.00 | Antag R: 16705.00 | Delivery:  43.8% | Budget Used: 3720.00/4000.0
Ep  268 | Phase: ANTAGON | Ticks: 790 | Protag R: -4607.00 | Antag R: 4235.00 | Delivery:  71.8% | Budget Used: 3720.00/4000.0
Ep  269 | Phase: ANTAGON | Ticks: 777 | Protag R: -5939.00 | Antag R: 5568.00 | Delivery:  53.7% | Budget Used: 3720.00/4000.0
Ep  270 | Phase: ANTAGON | Ticks: 778 | Protag R: -10571.00 | Antag R: 10200.00 | Delivery:  52.0% | Budget Used: 3720.00/4000.0
Ep  271 | Phase: ANTAGON | Ticks: 779 | Protag R: -7565.00 | Antag R: 7194.00 | Delivery:  52.1% | Budget Used: 3720.00/4000.0
Ep  272 | Phase: ANTAGON | Ticks: 775 | Protag R: -5879.00 | Antag R: 5508.00 | Delivery:  55.3% | Budget Used: 3720.00/4000.0
Ep  273 | Phase: ANTAGON | Ticks: 787 | Protag R: -9971.00 | Antag R: 9600.00 | Delivery:  54.2% | Budget Used: 3720.00/4000.0
Ep  274 | Phase: ANTAGON | Ticks: 785 | Protag R: -14146.00 | Antag R: 13775.00 | Delivery:  40.0% | Budget Used: 3720.00/4000.0
Ep  275 | Phase: ANTAGON | Ticks: 777 | Protag R: -12295.00 | Antag R: 11924.00 | Delivery:  45.0% | Budget Used: 3720.00/4000.0
Ep  276 | Phase: ANTAGON | Ticks: 782 | Protag R: -12205.00 | Antag R: 11833.00 | Delivery:  49.1% | Budget Used: 3720.00/4000.0
Ep  277 | Phase: ANTAGON | Ticks: 792 | Protag R: -8405.00 | Antag R: 8034.00 | Delivery:  48.2% | Budget Used: 3720.00/4000.0
Ep  278 | Phase: ANTAGON | Ticks: 788 | Protag R: -6878.00 | Antag R: 6507.00 | Delivery:  59.5% | Budget Used: 3720.00/4000.0
Ep  279 | Phase: ANTAGON | Ticks: 785 | Protag R: -6189.00 | Antag R: 5830.00 | Delivery:  71.1% | Budget Used: 3600.00/4000.0
Ep  280 | Phase: ANTAGON | Ticks: 792 | Protag R: -10494.00 | Antag R: 10123.00 | Delivery:  51.0% | Budget Used: 3720.00/4000.0
Ep  281 | Phase: ANTAGON | Ticks: 783 | Protag R: -14294.00 | Antag R: 13923.00 | Delivery:  41.8% | Budget Used: 3720.00/4000.0
Ep  282 | Phase: ANTAGON | Ticks: 792 | Protag R: -3414.00 | Antag R: 3043.00 | Delivery:  83.8% | Budget Used: 3720.00/4000.0
Ep  283 | Phase: ANTAGON | Ticks: 793 | Protag R: -11659.00 | Antag R: 11288.00 | Delivery:  49.0% | Budget Used: 3720.00/4000.0
Ep  284 | Phase: ANTAGON | Ticks: 799 | Protag R: -5581.00 | Antag R: 5209.00 | Delivery:  73.7% | Budget Used: 3720.00/4000.0
Ep  285 | Phase: ANTAGON | Ticks: 793 | Protag R: -8375.00 | Antag R: 8004.00 | Delivery:  52.1% | Budget Used: 3720.00/4000.0
Ep  286 | Phase: ANTAGON | Ticks: 777 | Protag R: -11956.00 | Antag R: 11584.00 | Delivery:  43.8% | Budget Used: 3720.00/4000.0
Ep  287 | Phase: ANTAGON | Ticks: 793 | Protag R: -6351.00 | Antag R: 5980.00 | Delivery:  68.2% | Budget Used: 3720.00/4000.0
Ep  288 | Phase: ANTAGON | Ticks: 792 | Protag R: -8578.00 | Antag R: 8206.00 | Delivery:  49.1% | Budget Used: 3720.00/4000.0
Ep  289 | Phase: ANTAGON | Ticks: 795 | Protag R: -7981.00 | Antag R: 7610.00 | Delivery:  54.5% | Budget Used: 3720.00/4000.0
Ep  290 | Phase: ANTAGON | Ticks: 775 | Protag R: -5321.00 | Antag R: 4950.00 | Delivery:  75.7% | Budget Used: 3720.00/4000.0
Ep  291 | Phase: ANTAGON | Ticks: 778 | Protag R: -9543.00 | Antag R: 9171.00 | Delivery:  49.0% | Budget Used: 3720.00/4000.0
Ep  292 | Phase: ANTAGON | Ticks: 794 | Protag R: -14486.00 | Antag R: 14115.00 | Delivery:  46.8% | Budget Used: 3720.00/4000.0
Ep  293 | Phase: ANTAGON | Ticks: 789 | Protag R: -6939.00 | Antag R: 6568.00 | Delivery:  57.1% | Budget Used: 3720.00/4000.0
Ep  294 | Phase: ANTAGON | Ticks: 798 | Protag R: -7776.00 | Antag R: 7405.00 | Delivery:  52.0% | Budget Used: 3720.00/4000.0
Ep  295 | Phase: ANTAGON | Ticks: 783 | Protag R: -10649.00 | Antag R: 10278.00 | Delivery:  45.5% | Budget Used: 3720.00/4000.0
Ep  296 | Phase: ANTAGON | Ticks: 795 | Protag R: -9569.00 | Antag R: 9198.00 | Delivery:  52.9% | Budget Used: 3720.00/4000.0
Ep  297 | Phase: ANTAGON | Ticks: 780 | Protag R: -8300.00 | Antag R: 7928.00 | Delivery:  61.2% | Budget Used: 3720.00/4000.0
Ep  298 | Phase: ANTAGON | Ticks: 777 | Protag R: -3705.00 | Antag R: 3333.00 | Delivery:  75.7% | Budget Used: 3720.00/4000.0
Ep  299 | Phase: ANTAGON | Ticks: 790 | Protag R: -6063.00 | Antag R: 5691.00 | Delivery:  60.0% | Budget Used: 3720.00/4000.0
Ep  300 | Phase: ANTAGON | Ticks: 776 | Protag R: -14136.00 | Antag R: 13764.00 | Delivery:  39.6% | Budget Used: 3720.00/4000.0
Saved coevolved protagonist actor to models/runs/gen03_robustness_dynassign/br_vanilla_s0_seed0/protagonist/actor.pt
Saved coevolved antagonist actor to models/runs/gen03_robustness_dynassign/br_vanilla_s0_seed0/antagonist/actor.pt
Saved copy of protagonist actor as latest to models/protagonist/actor.pt
Saved copy of antagonist actor as latest to models/antagonist/actor.pt

SACRED ATLA Training completed successfully! Logs saved to TensorBoard.
