Seeded run: seed=0
Initializing SACRED Stage-1.5 dynamic assignment (Poisson arrivals, 2 trucks)...
Dynassign: forcing --preseed-buffer False (no ERB for the dynamic rung yet).
Configuring Protagonist Dispatch Agent...
Frozen protagonist from models/runs/gen03_robustness_dynassign/vanilla_seed2/snapshots/protagonist_ep600.pt (node_in_dim=13).
Configuring Antagonist Congestion Agent...
Initializing ATLA Coevolution Trainer...
Run Name: gen03_robustness_dynassign/br_vanilla_s2_seed0
Starting SACRED training (mode=antagonist_only) for 300 episodes...
Device: Protagonist=cpu, Antagonist=cpu
Initial Phase: Training ANTAGONIST

Ep    1 | Phase: ANTAGON | Ticks: 788 | Protag R: -8393.00 | Antag R: 8034.00 | Delivery:  53.2% | Budget Used: 3600.00/4000.0
Ep    2 | Phase: ANTAGON | Ticks: 796 | Protag R: -7715.00 | Antag R: 7356.00 | Delivery:  61.7% | Budget Used: 3600.00/4000.0
Ep    3 | Phase: ANTAGON | Ticks: 784 | Protag R: -11821.00 | Antag R: 11450.00 | Delivery:  47.8% | Budget Used: 3720.00/4000.0
Ep    4 | Phase: ANTAGON | Ticks: 797 | Protag R: -9536.00 | Antag R: 9165.00 | Delivery:  58.1% | Budget Used: 3720.00/4000.0
Ep    5 | Phase: ANTAGON | Ticks: 799 | Protag R: -7163.00 | Antag R: 6803.00 | Delivery:  54.2% | Budget Used: 3600.00/4000.0
Ep    6 | Phase: ANTAGON | Ticks: 796 | Protag R: -9182.00 | Antag R: 8811.00 | Delivery:  50.0% | Budget Used: 3720.00/4000.0
Ep    7 | Phase: ANTAGON | Ticks: 797 | Protag R: -5947.00 | Antag R: 5576.00 | Delivery:  64.6% | Budget Used: 3720.00/4000.0
Ep    8 | Phase: ANTAGON | Ticks: 785 | Protag R: -8235.00 | Antag R: 7864.00 | Delivery:  55.3% | Budget Used: 3720.00/4000.0
Ep    9 | Phase: ANTAGON | Ticks: 799 | Protag R: -8145.00 | Antag R: 7773.00 | Delivery:  57.1% | Budget Used: 3720.00/4000.0
Ep   10 | Phase: ANTAGON | Ticks: 789 | Protag R: -10255.00 | Antag R: 9883.00 | Delivery:  50.0% | Budget Used: 3720.00/4000.0
Ep   11 | Phase: ANTAGON | Ticks: 779 | Protag R: -9682.00 | Antag R: 9311.00 | Delivery:  50.0% | Budget Used: 3720.00/4000.0
Ep   12 | Phase: ANTAGON | Ticks: 781 | Protag R: -7188.00 | Antag R: 6817.00 | Delivery:  65.2% | Budget Used: 3720.00/4000.0
Ep   13 | Phase: ANTAGON | Ticks: 796 | Protag R: -5034.00 | Antag R: 4675.00 | Delivery:  65.8% | Budget Used: 3600.00/4000.0
Ep   14 | Phase: ANTAGON | Ticks: 784 | Protag R: -12511.00 | Antag R: 12139.00 | Delivery:  46.3% | Budget Used: 3720.00/4000.0
Ep   15 | Phase: ANTAGON | Ticks: 787 | Protag R: -8075.00 | Antag R: 7704.00 | Delivery:  60.9% | Budget Used: 3720.00/4000.0
Ep   16 | Phase: ANTAGON | Ticks: 796 | Protag R: -5368.00 | Antag R: 4997.00 | Delivery:  61.0% | Budget Used: 3720.00/4000.0
Ep   17 | Phase: ANTAGON | Ticks: 793 | Protag R: -6197.00 | Antag R: 5825.00 | Delivery:  66.7% | Budget Used: 3720.00/4000.0
Ep   18 | Phase: ANTAGON | Ticks: 798 | Protag R: -8465.00 | Antag R: 8094.00 | Delivery:  59.1% | Budget Used: 3720.00/4000.0
Ep   19 | Phase: ANTAGON | Ticks: 794 | Protag R: -1998.00 | Antag R: 1638.00 | Delivery:  87.5% | Budget Used: 3600.00/4000.0
Ep   20 | Phase: ANTAGON | Ticks: 790 | Protag R: -5453.00 | Antag R: 5082.00 | Delivery:  73.7% | Budget Used: 3720.00/4000.0
Ep   21 | Phase: ANTAGON | Ticks: 798 | Protag R: -10590.00 | Antag R: 10219.00 | Delivery:  51.0% | Budget Used: 3720.00/4000.0
Ep   22 | Phase: ANTAGON | Ticks: 788 | Protag R: -12013.00 | Antag R: 11642.00 | Delivery:  48.4% | Budget Used: 3720.00/4000.0
Ep   23 | Phase: ANTAGON | Ticks: 782 | Protag R: -8224.00 | Antag R: 7853.00 | Delivery:  59.5% | Budget Used: 3720.00/4000.0
Ep   24 | Phase: ANTAGON | Ticks: 799 | Protag R: -10329.00 | Antag R: 9958.00 | Delivery:  47.2% | Budget Used: 3720.00/4000.0
Ep   25 | Phase: ANTAGON | Ticks: 790 | Protag R: -5521.00 | Antag R: 5150.00 | Delivery:  84.4% | Budget Used: 3720.00/4000.0
Ep   26 | Phase: ANTAGON | Ticks: 790 | Protag R: -17322.00 | Antag R: 16951.00 | Delivery:  36.1% | Budget Used: 3720.00/4000.0
Ep   27 | Phase: ANTAGON | Ticks: 792 | Protag R: -3266.00 | Antag R: 2895.00 | Delivery:  68.8% | Budget Used: 3720.00/4000.0
Ep   28 | Phase: ANTAGON | Ticks: 799 | Protag R: -5432.00 | Antag R: 5061.00 | Delivery:  65.0% | Budget Used: 3720.00/4000.0
Ep   29 | Phase: ANTAGON | Ticks: 799 | Protag R: -11571.00 | Antag R: 11200.00 | Delivery:  46.2% | Budget Used: 3720.00/4000.0
Ep   30 | Phase: ANTAGON | Ticks: 796 | Protag R: -10376.00 | Antag R: 10005.00 | Delivery:  57.8% | Budget Used: 3720.00/4000.0
Ep   31 | Phase: ANTAGON | Ticks: 778 | Protag R: -15845.00 | Antag R: 15474.00 | Delivery:  37.9% | Budget Used: 3720.00/4000.0
Ep   32 | Phase: ANTAGON | Ticks: 785 | Protag R: -12751.00 | Antag R: 12379.00 | Delivery:  46.6% | Budget Used: 3720.00/4000.0
Ep   33 | Phase: ANTAGON | Ticks: 785 | Protag R: -13069.00 | Antag R: 12698.00 | Delivery:  43.1% | Budget Used: 3720.00/4000.0
Ep   34 | Phase: ANTAGON | Ticks: 798 | Protag R: -11148.00 | Antag R: 10777.00 | Delivery:  42.9% | Budget Used: 3720.00/4000.0
Ep   35 | Phase: ANTAGON | Ticks: 779 | Protag R: -11825.00 | Antag R: 11454.00 | Delivery:  50.0% | Budget Used: 3720.00/4000.0
Ep   36 | Phase: ANTAGON | Ticks: 796 | Protag R: -15240.00 | Antag R: 14869.00 | Delivery:  39.3% | Budget Used: 3720.00/4000.0
Ep   37 | Phase: ANTAGON | Ticks: 799 | Protag R: -9656.00 | Antag R: 9284.00 | Delivery:  56.5% | Budget Used: 3720.00/4000.0
Ep   38 | Phase: ANTAGON | Ticks: 798 | Protag R: -14550.00 | Antag R: 14179.00 | Delivery:  38.3% | Budget Used: 3720.00/4000.0
Ep   39 | Phase: ANTAGON | Ticks: 793 | Protag R: -14520.00 | Antag R: 14149.00 | Delivery:  41.7% | Budget Used: 3720.00/4000.0
Ep   40 | Phase: ANTAGON | Ticks: 789 | Protag R: -6423.00 | Antag R: 6052.00 | Delivery:  63.8% | Budget Used: 3720.00/4000.0
Ep   41 | Phase: ANTAGON | Ticks: 795 | Protag R: -6261.00 | Antag R: 5890.00 | Delivery:  55.8% | Budget Used: 3720.00/4000.0
Ep   42 | Phase: ANTAGON | Ticks: 791 | Protag R: -11457.00 | Antag R: 11086.00 | Delivery:  49.0% | Budget Used: 3720.00/4000.0
Ep   43 | Phase: ANTAGON | Ticks: 794 | Protag R: -4594.00 | Antag R: 4223.00 | Delivery:  68.6% | Budget Used: 3720.00/4000.0
Ep   44 | Phase: ANTAGON | Ticks: 794 | Protag R: -9217.00 | Antag R: 8846.00 | Delivery:  58.3% | Budget Used: 3720.00/4000.0
Ep   45 | Phase: ANTAGON | Ticks: 797 | Protag R: -8208.00 | Antag R: 7837.00 | Delivery:  64.4% | Budget Used: 3720.00/4000.0
Ep   46 | Phase: ANTAGON | Ticks: 795 | Protag R: -10956.00 | Antag R: 10586.00 | Delivery:  46.7% | Budget Used: 3720.00/4000.0
Ep   47 | Phase: ANTAGON | Ticks: 794 | Protag R: -9252.00 | Antag R: 8881.00 | Delivery:  52.3% | Budget Used: 3720.00/4000.0
Ep   48 | Phase: ANTAGON | Ticks: 797 | Protag R: -13996.00 | Antag R: 13625.00 | Delivery:  46.3% | Budget Used: 3720.00/4000.0
Ep   49 | Phase: ANTAGON | Ticks: 787 | Protag R: -11117.00 | Antag R: 10746.00 | Delivery:  47.1% | Budget Used: 3720.00/4000.0
Ep   50 | Phase: ANTAGON | Ticks: 775 | Protag R: -8728.00 | Antag R: 8357.00 | Delivery:  47.4% | Budget Used: 3720.00/4000.0
Saving checkpoints for both agents before phase switch...
Ep   51 | Phase: ANTAGON | Ticks: 794 | Protag R: -10526.00 | Antag R: 10155.00 | Delivery:  56.9% | Budget Used: 3720.00/4000.0
Ep   52 | Phase: ANTAGON | Ticks: 794 | Protag R: -15368.00 | Antag R: 14997.00 | Delivery:  48.3% | Budget Used: 3720.00/4000.0
Ep   53 | Phase: ANTAGON | Ticks: 798 | Protag R: -10433.00 | Antag R: 10062.00 | Delivery:  52.8% | Budget Used: 3720.00/4000.0
Ep   54 | Phase: ANTAGON | Ticks: 793 | Protag R: -14228.00 | Antag R: 13857.00 | Delivery:  47.4% | Budget Used: 3720.00/4000.0
Ep   55 | Phase: ANTAGON | Ticks: 790 | Protag R: -6208.00 | Antag R: 5836.00 | Delivery:  60.4% | Budget Used: 3720.00/4000.0
Ep   56 | Phase: ANTAGON | Ticks: 789 | Protag R: -8860.00 | Antag R: 8489.00 | Delivery:  58.7% | Budget Used: 3720.00/4000.0
Ep   57 | Phase: ANTAGON | Ticks: 779 | Protag R: -8166.00 | Antag R: 7795.00 | Delivery:  55.3% | Budget Used: 3720.00/4000.0
Ep   58 | Phase: ANTAGON | Ticks: 792 | Protag R: -9124.00 | Antag R: 8752.00 | Delivery:  51.1% | Budget Used: 3720.00/4000.0
Ep   59 | Phase: ANTAGON | Ticks: 798 | Protag R: -7792.00 | Antag R: 7421.00 | Delivery:  56.1% | Budget Used: 3720.00/4000.0
Ep   60 | Phase: ANTAGON | Ticks: 784 | Protag R: -9313.00 | Antag R: 8941.00 | Delivery:  54.8% | Budget Used: 3720.00/4000.0
Ep   61 | Phase: ANTAGON | Ticks: 792 | Protag R: -11484.00 | Antag R: 11113.00 | Delivery:  42.4% | Budget Used: 3720.00/4000.0
Ep   62 | Phase: ANTAGON | Ticks: 776 | Protag R: -8261.00 | Antag R: 7890.00 | Delivery:  66.7% | Budget Used: 3720.00/4000.0
Ep   63 | Phase: ANTAGON | Ticks: 795 | Protag R: -10383.00 | Antag R: 10011.00 | Delivery:  51.9% | Budget Used: 3720.00/4000.0
Ep   64 | Phase: ANTAGON | Ticks: 793 | Protag R: -5663.00 | Antag R: 5292.00 | Delivery:  56.8% | Budget Used: 3720.00/4000.0
Ep   65 | Phase: ANTAGON | Ticks: 789 | Protag R: -6386.00 | Antag R: 6015.00 | Delivery:  64.4% | Budget Used: 3720.00/4000.0
Ep   66 | Phase: ANTAGON | Ticks: 786 | Protag R: -8262.00 | Antag R: 7891.00 | Delivery:  56.2% | Budget Used: 3720.00/4000.0
Ep   67 | Phase: ANTAGON | Ticks: 778 | Protag R: -4543.00 | Antag R: 4171.00 | Delivery:  83.3% | Budget Used: 3720.00/4000.0
Ep   68 | Phase: ANTAGON | Ticks: 799 | Protag R: -1668.00 | Antag R: 1297.00 | Delivery:  89.3% | Budget Used: 3720.00/4000.0
Ep   69 | Phase: ANTAGON | Ticks: 798 | Protag R: -14403.00 | Antag R: 14031.00 | Delivery:  41.1% | Budget Used: 3720.00/4000.0
Ep   70 | Phase: ANTAGON | Ticks: 792 | Protag R: -8126.00 | Antag R: 7754.00 | Delivery:  63.3% | Budget Used: 3720.00/4000.0
Ep   71 | Phase: ANTAGON | Ticks: 795 | Protag R: -10488.00 | Antag R: 10117.00 | Delivery:  59.2% | Budget Used: 3720.00/4000.0
Ep   72 | Phase: ANTAGON | Ticks: 779 | Protag R: -8185.00 | Antag R: 7813.00 | Delivery:  55.6% | Budget Used: 3720.00/4000.0
Ep   73 | Phase: ANTAGON | Ticks: 783 | Protag R: -11974.00 | Antag R: 11603.00 | Delivery:  55.6% | Budget Used: 3720.00/4000.0
Ep   74 | Phase: ANTAGON | Ticks: 789 | Protag R: -5131.00 | Antag R: 4760.00 | Delivery:  65.1% | Budget Used: 3720.00/4000.0
Ep   75 | Phase: ANTAGON | Ticks: 792 | Protag R: -13196.00 | Antag R: 12825.00 | Delivery:  39.3% | Budget Used: 3720.00/4000.0
Ep   76 | Phase: ANTAGON | Ticks: 799 | Protag R: -10927.00 | Antag R: 10556.00 | Delivery:  50.8% | Budget Used: 3720.00/4000.0
Ep   77 | Phase: ANTAGON | Ticks: 796 | Protag R: -6369.00 | Antag R: 5998.00 | Delivery:  78.0% | Budget Used: 3720.00/4000.0
Ep   78 | Phase: ANTAGON | Ticks: 791 | Protag R: -13163.00 | Antag R: 12793.00 | Delivery:  50.8% | Budget Used: 3720.00/4000.0
Ep   79 | Phase: ANTAGON | Ticks: 789 | Protag R: -7934.00 | Antag R: 7563.00 | Delivery:  56.5% | Budget Used: 3720.00/4000.0
Ep   80 | Phase: ANTAGON | Ticks: 791 | Protag R: -10386.00 | Antag R: 10016.00 | Delivery:  48.1% | Budget Used: 3720.00/4000.0
Ep   81 | Phase: ANTAGON | Ticks: 797 | Protag R: -16337.00 | Antag R: 15966.00 | Delivery:  46.8% | Budget Used: 3720.00/4000.0
Ep   82 | Phase: ANTAGON | Ticks: 794 | Protag R: -4990.00 | Antag R: 4619.00 | Delivery:  70.5% | Budget Used: 3720.00/4000.0
Ep   83 | Phase: ANTAGON | Ticks: 788 | Protag R: -14127.00 | Antag R: 13756.00 | Delivery:  46.0% | Budget Used: 3720.00/4000.0
Ep   84 | Phase: ANTAGON | Ticks: 786 | Protag R: -10577.00 | Antag R: 10206.00 | Delivery:  47.9% | Budget Used: 3720.00/4000.0
Ep   85 | Phase: ANTAGON | Ticks: 781 | Protag R: -5706.00 | Antag R: 5335.00 | Delivery:  65.9% | Budget Used: 3720.00/4000.0
Ep   86 | Phase: ANTAGON | Ticks: 794 | Protag R: -7393.00 | Antag R: 7021.00 | Delivery:  52.6% | Budget Used: 3720.00/4000.0
Ep   87 | Phase: ANTAGON | Ticks: 779 | Protag R: -9766.00 | Antag R: 9394.00 | Delivery:  56.2% | Budget Used: 3720.00/4000.0
Ep   88 | Phase: ANTAGON | Ticks: 798 | Protag R: -5693.00 | Antag R: 5322.00 | Delivery:  71.1% | Budget Used: 3720.00/4000.0
Ep   89 | Phase: ANTAGON | Ticks: 797 | Protag R: -12957.00 | Antag R: 12586.00 | Delivery:  48.3% | Budget Used: 3720.00/4000.0
Ep   90 | Phase: ANTAGON | Ticks: 784 | Protag R: -11803.00 | Antag R: 11432.00 | Delivery:  43.1% | Budget Used: 3720.00/4000.0
Ep   91 | Phase: ANTAGON | Ticks: 775 | Protag R: -6837.00 | Antag R: 6466.00 | Delivery:  56.8% | Budget Used: 3720.00/4000.0
Ep   92 | Phase: ANTAGON | Ticks: 796 | Protag R: -10547.00 | Antag R: 10176.00 | Delivery:  49.0% | Budget Used: 3720.00/4000.0
Ep   93 | Phase: ANTAGON | Ticks: 787 | Protag R: -5389.00 | Antag R: 5018.00 | Delivery:  64.7% | Budget Used: 3720.00/4000.0
Ep   94 | Phase: ANTAGON | Ticks: 787 | Protag R: -12022.00 | Antag R: 11651.00 | Delivery:  45.5% | Budget Used: 3720.00/4000.0
Ep   95 | Phase: ANTAGON | Ticks: 792 | Protag R: -9203.00 | Antag R: 8832.00 | Delivery:  58.7% | Budget Used: 3720.00/4000.0
Ep   96 | Phase: ANTAGON | Ticks: 792 | Protag R: -3461.00 | Antag R: 3090.00 | Delivery:  68.4% | Budget Used: 3720.00/4000.0
Ep   97 | Phase: ANTAGON | Ticks: 777 | Protag R: -8319.00 | Antag R: 7948.00 | Delivery:  52.3% | Budget Used: 3720.00/4000.0
Ep   98 | Phase: ANTAGON | Ticks: 790 | Protag R: -8085.00 | Antag R: 7714.00 | Delivery:  50.0% | Budget Used: 3720.00/4000.0
Ep   99 | Phase: ANTAGON | Ticks: 792 | Protag R: -8228.00 | Antag R: 7857.00 | Delivery:  58.3% | Budget Used: 3720.00/4000.0
Ep  100 | Phase: ANTAGON | Ticks: 789 | Protag R: -5521.00 | Antag R: 5149.00 | Delivery:  56.8% | Budget Used: 3720.00/4000.0
Saving checkpoints for both agents before phase switch...
Ep  101 | Phase: ANTAGON | Ticks: 799 | Protag R: -7336.00 | Antag R: 6965.00 | Delivery:  59.5% | Budget Used: 3720.00/4000.0
Ep  102 | Phase: ANTAGON | Ticks: 780 | Protag R: -10575.00 | Antag R: 10204.00 | Delivery:  43.9% | Budget Used: 3720.00/4000.0
Ep  103 | Phase: ANTAGON | Ticks: 791 | Protag R: -5588.00 | Antag R: 5216.00 | Delivery:  59.5% | Budget Used: 3720.00/4000.0
Ep  104 | Phase: ANTAGON | Ticks: 786 | Protag R: -10599.00 | Antag R: 10228.00 | Delivery:  56.2% | Budget Used: 3720.00/4000.0
Ep  105 | Phase: ANTAGON | Ticks: 789 | Protag R: -12306.00 | Antag R: 11935.00 | Delivery:  48.1% | Budget Used: 3720.00/4000.0
Ep  106 | Phase: ANTAGON | Ticks: 794 | Protag R: -9593.00 | Antag R: 9222.00 | Delivery:  45.8% | Budget Used: 3720.00/4000.0
Ep  107 | Phase: ANTAGON | Ticks: 778 | Protag R: -12018.00 | Antag R: 11647.00 | Delivery:  46.2% | Budget Used: 3720.00/4000.0
Ep  108 | Phase: ANTAGON | Ticks: 795 | Protag R: -8870.00 | Antag R: 8499.00 | Delivery:  60.9% | Budget Used: 3720.00/4000.0
Ep  109 | Phase: ANTAGON | Ticks: 793 | Protag R: -5158.00 | Antag R: 4787.00 | Delivery:  70.0% | Budget Used: 3720.00/4000.0
Ep  110 | Phase: ANTAGON | Ticks: 796 | Protag R: -10099.00 | Antag R: 9727.00 | Delivery:  53.2% | Budget Used: 3720.00/4000.0
Ep  111 | Phase: ANTAGON | Ticks: 795 | Protag R: -8563.00 | Antag R: 8192.00 | Delivery:  59.6% | Budget Used: 3720.00/4000.0
Ep  112 | Phase: ANTAGON | Ticks: 787 | Protag R: -7053.00 | Antag R: 6681.00 | Delivery:  57.8% | Budget Used: 3720.00/4000.0
Ep  113 | Phase: ANTAGON | Ticks: 794 | Protag R: -7373.00 | Antag R: 7002.00 | Delivery:  62.5% | Budget Used: 3720.00/4000.0
Ep  114 | Phase: ANTAGON | Ticks: 792 | Protag R: -6531.00 | Antag R: 6160.00 | Delivery:  64.4% | Budget Used: 3720.00/4000.0
Ep  115 | Phase: ANTAGON | Ticks: 784 | Protag R: -10896.00 | Antag R: 10524.00 | Delivery:  48.1% | Budget Used: 3720.00/4000.0
Ep  116 | Phase: ANTAGON | Ticks: 794 | Protag R: -7681.00 | Antag R: 7310.00 | Delivery:  61.0% | Budget Used: 3720.00/4000.0
Ep  117 | Phase: ANTAGON | Ticks: 783 | Protag R: -9184.00 | Antag R: 8813.00 | Delivery:  55.8% | Budget Used: 3720.00/4000.0
Ep  118 | Phase: ANTAGON | Ticks: 775 | Protag R: -11041.00 | Antag R: 10670.00 | Delivery:  44.4% | Budget Used: 3720.00/4000.0
Ep  119 | Phase: ANTAGON | Ticks: 795 | Protag R: -12550.00 | Antag R: 12179.00 | Delivery:  47.3% | Budget Used: 3720.00/4000.0
Ep  120 | Phase: ANTAGON | Ticks: 791 | Protag R: -12500.00 | Antag R: 12129.00 | Delivery:  44.4% | Budget Used: 3720.00/4000.0
Ep  121 | Phase: ANTAGON | Ticks: 796 | Protag R: -13173.00 | Antag R: 12802.00 | Delivery:  49.1% | Budget Used: 3720.00/4000.0
Ep  122 | Phase: ANTAGON | Ticks: 777 | Protag R: -9045.00 | Antag R: 8674.00 | Delivery:  57.1% | Budget Used: 3720.00/4000.0
Ep  123 | Phase: ANTAGON | Ticks: 796 | Protag R: -14201.00 | Antag R: 13829.00 | Delivery:  40.0% | Budget Used: 3720.00/4000.0
Ep  124 | Phase: ANTAGON | Ticks: 779 | Protag R: -9891.00 | Antag R: 9520.00 | Delivery:  46.0% | Budget Used: 3720.00/4000.0
Ep  125 | Phase: ANTAGON | Ticks: 782 | Protag R: -10245.00 | Antag R: 9873.00 | Delivery:  51.1% | Budget Used: 3720.00/4000.0
Ep  126 | Phase: ANTAGON | Ticks: 788 | Protag R: -8355.00 | Antag R: 7984.00 | Delivery:  61.0% | Budget Used: 3720.00/4000.0
Ep  127 | Phase: ANTAGON | Ticks: 792 | Protag R: -8094.00 | Antag R: 7723.00 | Delivery:  57.1% | Budget Used: 3720.00/4000.0
Ep  128 | Phase: ANTAGON | Ticks: 794 | Protag R: -13472.00 | Antag R: 13101.00 | Delivery:  49.1% | Budget Used: 3720.00/4000.0
Ep  129 | Phase: ANTAGON | Ticks: 798 | Protag R: -9340.00 | Antag R: 8969.00 | Delivery:  57.8% | Budget Used: 3720.00/4000.0
Ep  130 | Phase: ANTAGON | Ticks: 792 | Protag R: -10560.00 | Antag R: 10189.00 | Delivery:  56.9% | Budget Used: 3720.00/4000.0
Ep  131 | Phase: ANTAGON | Ticks: 783 | Protag R: -3936.00 | Antag R: 3564.00 | Delivery:  69.0% | Budget Used: 3720.00/4000.0
Ep  132 | Phase: ANTAGON | Ticks: 780 | Protag R: -4778.00 | Antag R: 4407.00 | Delivery:  61.9% | Budget Used: 3720.00/4000.0
Ep  133 | Phase: ANTAGON | Ticks: 790 | Protag R: -7349.00 | Antag R: 6978.00 | Delivery:  59.1% | Budget Used: 3720.00/4000.0
Ep  134 | Phase: ANTAGON | Ticks: 798 | Protag R: -8112.00 | Antag R: 7741.00 | Delivery:  58.0% | Budget Used: 3720.00/4000.0
Ep  135 | Phase: ANTAGON | Ticks: 794 | Protag R: -5322.00 | Antag R: 4950.00 | Delivery:  60.0% | Budget Used: 3720.00/4000.0
Ep  136 | Phase: ANTAGON | Ticks: 797 | Protag R: -11090.00 | Antag R: 10719.00 | Delivery:  47.3% | Budget Used: 3720.00/4000.0
Ep  137 | Phase: ANTAGON | Ticks: 789 | Protag R: -7442.00 | Antag R: 7071.00 | Delivery:  72.7% | Budget Used: 3720.00/4000.0
Ep  138 | Phase: ANTAGON | Ticks: 790 | Protag R: -5065.00 | Antag R: 4693.00 | Delivery:  66.7% | Budget Used: 3720.00/4000.0
Ep  139 | Phase: ANTAGON | Ticks: 799 | Protag R: -12033.00 | Antag R: 11663.00 | Delivery:  51.0% | Budget Used: 3720.00/4000.0
Ep  140 | Phase: ANTAGON | Ticks: 794 | Protag R: -5957.00 | Antag R: 5585.00 | Delivery:  55.8% | Budget Used: 3720.00/4000.0
Ep  141 | Phase: ANTAGON | Ticks: 788 | Protag R: -9373.00 | Antag R: 9002.00 | Delivery:  51.0% | Budget Used: 3720.00/4000.0
Ep  142 | Phase: ANTAGON | Ticks: 798 | Protag R: -11653.00 | Antag R: 11282.00 | Delivery:  51.0% | Budget Used: 3720.00/4000.0
Ep  143 | Phase: ANTAGON | Ticks: 797 | Protag R: -8739.00 | Antag R: 8368.00 | Delivery:  59.2% | Budget Used: 3720.00/4000.0
Ep  144 | Phase: ANTAGON | Ticks: 780 | Protag R: -7977.00 | Antag R: 7606.00 | Delivery:  61.9% | Budget Used: 3720.00/4000.0
Ep  145 | Phase: ANTAGON | Ticks: 795 | Protag R: -7915.00 | Antag R: 7544.00 | Delivery:  55.6% | Budget Used: 3720.00/4000.0
Ep  146 | Phase: ANTAGON | Ticks: 786 | Protag R: -7762.00 | Antag R: 7391.00 | Delivery:  58.7% | Budget Used: 3720.00/4000.0
Ep  147 | Phase: ANTAGON | Ticks: 775 | Protag R: -6802.00 | Antag R: 6431.00 | Delivery:  46.8% | Budget Used: 3720.00/4000.0
Ep  148 | Phase: ANTAGON | Ticks: 791 | Protag R: -11181.00 | Antag R: 10809.00 | Delivery:  45.5% | Budget Used: 3720.00/4000.0
Ep  149 | Phase: ANTAGON | Ticks: 798 | Protag R: -11931.00 | Antag R: 11559.00 | Delivery:  51.0% | Budget Used: 3720.00/4000.0
Ep  150 | Phase: ANTAGON | Ticks: 783 | Protag R: -3710.00 | Antag R: 3338.00 | Delivery:  60.0% | Budget Used: 3720.00/4000.0
Saving checkpoints for both agents before phase switch...
Ep  151 | Phase: ANTAGON | Ticks: 785 | Protag R: -14186.00 | Antag R: 13815.00 | Delivery:  37.7% | Budget Used: 3720.00/4000.0
Ep  152 | Phase: ANTAGON | Ticks: 795 | Protag R: -9263.00 | Antag R: 8892.00 | Delivery:  51.0% | Budget Used: 3720.00/4000.0
Ep  153 | Phase: ANTAGON | Ticks: 797 | Protag R: -7789.00 | Antag R: 7418.00 | Delivery:  46.9% | Budget Used: 3720.00/4000.0
Ep  154 | Phase: ANTAGON | Ticks: 792 | Protag R: -10345.00 | Antag R: 9973.00 | Delivery:  47.3% | Budget Used: 3720.00/4000.0
Ep  155 | Phase: ANTAGON | Ticks: 798 | Protag R: -7465.00 | Antag R: 7093.00 | Delivery:  63.0% | Budget Used: 3720.00/4000.0
Ep  156 | Phase: ANTAGON | Ticks: 794 | Protag R: -9185.00 | Antag R: 8813.00 | Delivery:  47.1% | Budget Used: 3720.00/4000.0
Ep  157 | Phase: ANTAGON | Ticks: 789 | Protag R: -7222.00 | Antag R: 6851.00 | Delivery:  68.4% | Budget Used: 3720.00/4000.0
Ep  158 | Phase: ANTAGON | Ticks: 796 | Protag R: -10767.00 | Antag R: 10396.00 | Delivery:  50.9% | Budget Used: 3720.00/4000.0
Ep  159 | Phase: ANTAGON | Ticks: 797 | Protag R: -5618.00 | Antag R: 5247.00 | Delivery:  60.5% | Budget Used: 3720.00/4000.0
Ep  160 | Phase: ANTAGON | Ticks: 791 | Protag R: -6532.00 | Antag R: 6161.00 | Delivery:  60.9% | Budget Used: 3720.00/4000.0
Ep  161 | Phase: ANTAGON | Ticks: 798 | Protag R: -10972.00 | Antag R: 10602.00 | Delivery:  55.8% | Budget Used: 3720.00/4000.0
Ep  162 | Phase: ANTAGON | Ticks: 786 | Protag R: -9052.00 | Antag R: 8681.00 | Delivery:  57.4% | Budget Used: 3720.00/4000.0
Ep  163 | Phase: ANTAGON | Ticks: 780 | Protag R: -14261.00 | Antag R: 13890.00 | Delivery:  40.7% | Budget Used: 3720.00/4000.0
Ep  164 | Phase: ANTAGON | Ticks: 781 | Protag R: -9198.00 | Antag R: 8827.00 | Delivery:  52.9% | Budget Used: 3720.00/4000.0
Ep  165 | Phase: ANTAGON | Ticks: 797 | Protag R: -8308.00 | Antag R: 7936.00 | Delivery:  60.4% | Budget Used: 3720.00/4000.0
Ep  166 | Phase: ANTAGON | Ticks: 796 | Protag R: -14313.00 | Antag R: 13943.00 | Delivery:  48.5% | Budget Used: 3720.00/4000.0
Ep  167 | Phase: ANTAGON | Ticks: 782 | Protag R: -11356.00 | Antag R: 10984.00 | Delivery:  49.0% | Budget Used: 3720.00/4000.0
Ep  168 | Phase: ANTAGON | Ticks: 792 | Protag R: -8013.00 | Antag R: 7642.00 | Delivery:  62.2% | Budget Used: 3720.00/4000.0
Ep  169 | Phase: ANTAGON | Ticks: 775 | Protag R: -13500.00 | Antag R: 13129.00 | Delivery:  48.2% | Budget Used: 3720.00/4000.0
Ep  170 | Phase: ANTAGON | Ticks: 778 | Protag R: -9049.00 | Antag R: 8678.00 | Delivery:  44.4% | Budget Used: 3720.00/4000.0
Ep  171 | Phase: ANTAGON | Ticks: 795 | Protag R: -11954.00 | Antag R: 11583.00 | Delivery:  49.2% | Budget Used: 3720.00/4000.0
Ep  172 | Phase: ANTAGON | Ticks: 794 | Protag R: -9541.00 | Antag R: 9170.00 | Delivery:  51.0% | Budget Used: 3720.00/4000.0
Ep  173 | Phase: ANTAGON | Ticks: 796 | Protag R: -12118.00 | Antag R: 11747.00 | Delivery:  50.0% | Budget Used: 3720.00/4000.0
Ep  174 | Phase: ANTAGON | Ticks: 792 | Protag R: -12642.00 | Antag R: 12271.00 | Delivery:  47.4% | Budget Used: 3720.00/4000.0
Ep  175 | Phase: ANTAGON | Ticks: 796 | Protag R: -5913.00 | Antag R: 5541.00 | Delivery:  59.5% | Budget Used: 3720.00/4000.0
Ep  176 | Phase: ANTAGON | Ticks: 797 | Protag R: -6479.00 | Antag R: 6108.00 | Delivery:  65.9% | Budget Used: 3720.00/4000.0
Ep  177 | Phase: ANTAGON | Ticks: 787 | Protag R: -5573.00 | Antag R: 5202.00 | Delivery:  58.1% | Budget Used: 3720.00/4000.0
Ep  178 | Phase: ANTAGON | Ticks: 789 | Protag R: -9173.00 | Antag R: 8802.00 | Delivery:  53.3% | Budget Used: 3720.00/4000.0
Ep  179 | Phase: ANTAGON | Ticks: 791 | Protag R: -9686.00 | Antag R: 9315.00 | Delivery:  47.8% | Budget Used: 3720.00/4000.0
Ep  180 | Phase: ANTAGON | Ticks: 788 | Protag R: -5821.00 | Antag R: 5450.00 | Delivery:  73.2% | Budget Used: 3720.00/4000.0
Ep  181 | Phase: ANTAGON | Ticks: 792 | Protag R: -5074.00 | Antag R: 4703.00 | Delivery:  63.2% | Budget Used: 3720.00/4000.0
Ep  182 | Phase: ANTAGON | Ticks: 782 | Protag R: -7304.00 | Antag R: 6933.00 | Delivery:  58.3% | Budget Used: 3720.00/4000.0
Ep  183 | Phase: ANTAGON | Ticks: 796 | Protag R: -5526.00 | Antag R: 5155.00 | Delivery:  56.5% | Budget Used: 3720.00/4000.0
Ep  184 | Phase: ANTAGON | Ticks: 790 | Protag R: -7656.00 | Antag R: 7285.00 | Delivery:  58.3% | Budget Used: 3720.00/4000.0
Ep  185 | Phase: ANTAGON | Ticks: 798 | Protag R: -6847.00 | Antag R: 6476.00 | Delivery:  62.8% | Budget Used: 3720.00/4000.0
Ep  186 | Phase: ANTAGON | Ticks: 791 | Protag R: -13526.00 | Antag R: 13155.00 | Delivery:  46.8% | Budget Used: 3720.00/4000.0
Ep  187 | Phase: ANTAGON | Ticks: 783 | Protag R: -13596.00 | Antag R: 13225.00 | Delivery:  42.9% | Budget Used: 3720.00/4000.0
Ep  188 | Phase: ANTAGON | Ticks: 787 | Protag R: -9906.00 | Antag R: 9535.00 | Delivery:  43.6% | Budget Used: 3720.00/4000.0
Ep  189 | Phase: ANTAGON | Ticks: 782 | Protag R: -10434.00 | Antag R: 10063.00 | Delivery:  59.2% | Budget Used: 3720.00/4000.0
Ep  190 | Phase: ANTAGON | Ticks: 796 | Protag R: -3615.00 | Antag R: 3244.00 | Delivery:  70.3% | Budget Used: 3720.00/4000.0
Ep  191 | Phase: ANTAGON | Ticks: 787 | Protag R: -2777.00 | Antag R: 2406.00 | Delivery:  78.1% | Budget Used: 3720.00/4000.0
Ep  192 | Phase: ANTAGON | Ticks: 798 | Protag R: -8950.00 | Antag R: 8579.00 | Delivery:  60.0% | Budget Used: 3720.00/4000.0
Ep  193 | Phase: ANTAGON | Ticks: 798 | Protag R: -9300.00 | Antag R: 8928.00 | Delivery:  56.2% | Budget Used: 3720.00/4000.0
Ep  194 | Phase: ANTAGON | Ticks: 787 | Protag R: -5836.00 | Antag R: 5465.00 | Delivery:  56.5% | Budget Used: 3720.00/4000.0
Ep  195 | Phase: ANTAGON | Ticks: 778 | Protag R: -6596.00 | Antag R: 6225.00 | Delivery:  56.0% | Budget Used: 3720.00/4000.0
Ep  196 | Phase: ANTAGON | Ticks: 792 | Protag R: -9636.00 | Antag R: 9265.00 | Delivery:  47.2% | Budget Used: 3720.00/4000.0
Ep  197 | Phase: ANTAGON | Ticks: 797 | Protag R: -10068.00 | Antag R: 9697.00 | Delivery:  65.1% | Budget Used: 3720.00/4000.0
Ep  198 | Phase: ANTAGON | Ticks: 799 | Protag R: -14412.00 | Antag R: 14041.00 | Delivery:  49.2% | Budget Used: 3720.00/4000.0
Ep  199 | Phase: ANTAGON | Ticks: 790 | Protag R: -7359.00 | Antag R: 6988.00 | Delivery:  69.2% | Budget Used: 3720.00/4000.0
Ep  200 | Phase: ANTAGON | Ticks: 781 | Protag R: -4094.00 | Antag R: 3722.00 | Delivery:  65.8% | Budget Used: 3720.00/4000.0
Saving checkpoints for both agents before phase switch...
Ep  201 | Phase: ANTAGON | Ticks: 778 | Protag R: -15460.00 | Antag R: 15089.00 | Delivery:  45.9% | Budget Used: 3720.00/4000.0
Ep  202 | Phase: ANTAGON | Ticks: 797 | Protag R: -10313.00 | Antag R: 9942.00 | Delivery:  47.1% | Budget Used: 3720.00/4000.0
Ep  203 | Phase: ANTAGON | Ticks: 799 | Protag R: -8190.00 | Antag R: 7819.00 | Delivery:  56.6% | Budget Used: 3720.00/4000.0
Ep  204 | Phase: ANTAGON | Ticks: 793 | Protag R: -7019.00 | Antag R: 6648.00 | Delivery:  58.3% | Budget Used: 3720.00/4000.0
Ep  205 | Phase: ANTAGON | Ticks: 798 | Protag R: -11055.00 | Antag R: 10684.00 | Delivery:  47.5% | Budget Used: 3720.00/4000.0
Ep  206 | Phase: ANTAGON | Ticks: 798 | Protag R: -11811.00 | Antag R: 11440.00 | Delivery:  48.1% | Budget Used: 3720.00/4000.0
Ep  207 | Phase: ANTAGON | Ticks: 790 | Protag R: -9605.00 | Antag R: 9234.00 | Delivery:  53.5% | Budget Used: 3720.00/4000.0
Ep  208 | Phase: ANTAGON | Ticks: 785 | Protag R: -5397.00 | Antag R: 5026.00 | Delivery:  51.2% | Budget Used: 3720.00/4000.0
Ep  209 | Phase: ANTAGON | Ticks: 797 | Protag R: -9798.00 | Antag R: 9427.00 | Delivery:  60.0% | Budget Used: 3720.00/4000.0
Ep  210 | Phase: ANTAGON | Ticks: 787 | Protag R: -8067.00 | Antag R: 7696.00 | Delivery:  48.8% | Budget Used: 3720.00/4000.0
Ep  211 | Phase: ANTAGON | Ticks: 794 | Protag R: -13449.00 | Antag R: 13078.00 | Delivery:  40.7% | Budget Used: 3720.00/4000.0
Ep  212 | Phase: ANTAGON | Ticks: 788 | Protag R: -8623.00 | Antag R: 8252.00 | Delivery:  62.5% | Budget Used: 3720.00/4000.0
Ep  213 | Phase: ANTAGON | Ticks: 784 | Protag R: -10213.00 | Antag R: 9842.00 | Delivery:  47.7% | Budget Used: 3720.00/4000.0
Ep  214 | Phase: ANTAGON | Ticks: 792 | Protag R: -11170.00 | Antag R: 10799.00 | Delivery:  56.8% | Budget Used: 3720.00/4000.0
Ep  215 | Phase: ANTAGON | Ticks: 799 | Protag R: -7143.00 | Antag R: 6855.00 | Delivery:  65.9% | Budget Used: 2880.00/4000.0
Ep  216 | Phase: ANTAGON | Ticks: 792 | Protag R: -15164.00 | Antag R: 14829.00 | Delivery:  42.9% | Budget Used: 3360.00/4000.0
Ep  217 | Phase: ANTAGON | Ticks: 793 | Protag R: -12073.00 | Antag R: 11714.00 | Delivery:  44.9% | Budget Used: 3600.00/4000.0
Ep  218 | Phase: ANTAGON | Ticks: 797 | Protag R: -6113.00 | Antag R: 5790.00 | Delivery:  62.2% | Budget Used: 3240.00/4000.0
Ep  219 | Phase: ANTAGON | Ticks: 799 | Protag R: -10285.00 | Antag R: 9949.00 | Delivery:  48.0% | Budget Used: 3360.00/4000.0
Ep  220 | Phase: ANTAGON | Ticks: 798 | Protag R: -7586.00 | Antag R: 7227.00 | Delivery:  66.7% | Budget Used: 3600.00/4000.0
Ep  221 | Phase: ANTAGON | Ticks: 786 | Protag R: -4629.00 | Antag R: 4270.00 | Delivery:  68.4% | Budget Used: 3600.00/4000.0
Ep  222 | Phase: ANTAGON | Ticks: 798 | Protag R: -5943.00 | Antag R: 5572.00 | Delivery:  63.6% | Budget Used: 3720.00/4000.0
Ep  223 | Phase: ANTAGON | Ticks: 797 | Protag R: -8790.00 | Antag R: 8419.00 | Delivery:  55.4% | Budget Used: 3720.00/4000.0
Ep  224 | Phase: ANTAGON | Ticks: 796 | Protag R: -8991.00 | Antag R: 8619.00 | Delivery:  52.2% | Budget Used: 3720.00/4000.0
Ep  225 | Phase: ANTAGON | Ticks: 798 | Protag R: -13076.00 | Antag R: 12717.00 | Delivery:  46.6% | Budget Used: 3600.00/4000.0
Ep  226 | Phase: ANTAGON | Ticks: 797 | Protag R: -7833.00 | Antag R: 7462.00 | Delivery:  66.7% | Budget Used: 3720.00/4000.0
Ep  227 | Phase: ANTAGON | Ticks: 793 | Protag R: -10787.00 | Antag R: 10416.00 | Delivery:  50.0% | Budget Used: 3720.00/4000.0
Ep  228 | Phase: ANTAGON | Ticks: 786 | Protag R: -2606.00 | Antag R: 2235.00 | Delivery:  75.0% | Budget Used: 3720.00/4000.0
Ep  229 | Phase: ANTAGON | Ticks: 792 | Protag R: -6526.00 | Antag R: 6155.00 | Delivery:  58.3% | Budget Used: 3720.00/4000.0
Ep  230 | Phase: ANTAGON | Ticks: 799 | Protag R: -11058.00 | Antag R: 10687.00 | Delivery:  53.8% | Budget Used: 3720.00/4000.0
Ep  231 | Phase: ANTAGON | Ticks: 799 | Protag R: -10773.00 | Antag R: 10402.00 | Delivery:  49.1% | Budget Used: 3720.00/4000.0
Ep  232 | Phase: ANTAGON | Ticks: 788 | Protag R: -13333.00 | Antag R: 12962.00 | Delivery:  50.0% | Budget Used: 3720.00/4000.0
Ep  233 | Phase: ANTAGON | Ticks: 796 | Protag R: -7478.00 | Antag R: 7107.00 | Delivery:  69.0% | Budget Used: 3720.00/4000.0
Ep  234 | Phase: ANTAGON | Ticks: 789 | Protag R: -8520.00 | Antag R: 8149.00 | Delivery:  52.8% | Budget Used: 3720.00/4000.0
Ep  235 | Phase: ANTAGON | Ticks: 797 | Protag R: -9332.00 | Antag R: 8961.00 | Delivery:  55.6% | Budget Used: 3720.00/4000.0
Ep  236 | Phase: ANTAGON | Ticks: 788 | Protag R: -10057.00 | Antag R: 9686.00 | Delivery:  47.4% | Budget Used: 3720.00/4000.0
Ep  237 | Phase: ANTAGON | Ticks: 784 | Protag R: -10026.00 | Antag R: 9654.00 | Delivery:  50.0% | Budget Used: 3720.00/4000.0
Ep  238 | Phase: ANTAGON | Ticks: 788 | Protag R: -11776.00 | Antag R: 11405.00 | Delivery:  38.6% | Budget Used: 3720.00/4000.0
Ep  239 | Phase: ANTAGON | Ticks: 795 | Protag R: -9019.00 | Antag R: 8648.00 | Delivery:  58.0% | Budget Used: 3720.00/4000.0
Ep  240 | Phase: ANTAGON | Ticks: 775 | Protag R: -13304.00 | Antag R: 12933.00 | Delivery:  46.4% | Budget Used: 3720.00/4000.0
Ep  241 | Phase: ANTAGON | Ticks: 777 | Protag R: -10940.00 | Antag R: 10568.00 | Delivery:  49.1% | Budget Used: 3720.00/4000.0
Ep  242 | Phase: ANTAGON | Ticks: 791 | Protag R: -9092.00 | Antag R: 8721.00 | Delivery:  63.6% | Budget Used: 3720.00/4000.0
Ep  243 | Phase: ANTAGON | Ticks: 788 | Protag R: -13722.00 | Antag R: 13350.00 | Delivery:  39.7% | Budget Used: 3720.00/4000.0
Ep  244 | Phase: ANTAGON | Ticks: 787 | Protag R: -8890.00 | Antag R: 8519.00 | Delivery:  53.3% | Budget Used: 3720.00/4000.0
Ep  245 | Phase: ANTAGON | Ticks: 796 | Protag R: -2805.00 | Antag R: 2434.00 | Delivery:  80.0% | Budget Used: 3720.00/4000.0
Ep  246 | Phase: ANTAGON | Ticks: 791 | Protag R: -6810.00 | Antag R: 6438.00 | Delivery:  61.1% | Budget Used: 3720.00/4000.0
Ep  247 | Phase: ANTAGON | Ticks: 797 | Protag R: -6849.00 | Antag R: 6478.00 | Delivery:  60.4% | Budget Used: 3720.00/4000.0
Ep  248 | Phase: ANTAGON | Ticks: 781 | Protag R: -8236.00 | Antag R: 7877.00 | Delivery:  43.6% | Budget Used: 3600.00/4000.0
Ep  249 | Phase: ANTAGON | Ticks: 792 | Protag R: -12289.00 | Antag R: 11918.00 | Delivery:  51.9% | Budget Used: 3720.00/4000.0
Ep  250 | Phase: ANTAGON | Ticks: 783 | Protag R: -5059.00 | Antag R: 4688.00 | Delivery:  63.6% | Budget Used: 3720.00/4000.0
Saving checkpoints for both agents before phase switch...
Ep  251 | Phase: ANTAGON | Ticks: 797 | Protag R: -9734.00 | Antag R: 9363.00 | Delivery:  57.7% | Budget Used: 3720.00/4000.0
Ep  252 | Phase: ANTAGON | Ticks: 797 | Protag R: -8956.00 | Antag R: 8585.00 | Delivery:  54.5% | Budget Used: 3720.00/4000.0
Ep  253 | Phase: ANTAGON | Ticks: 789 | Protag R: -11665.00 | Antag R: 11306.00 | Delivery:  42.2% | Budget Used: 3600.00/4000.0
Ep  254 | Phase: ANTAGON | Ticks: 793 | Protag R: -5677.00 | Antag R: 5305.00 | Delivery:  68.3% | Budget Used: 3720.00/4000.0
Ep  255 | Phase: ANTAGON | Ticks: 779 | Protag R: -13235.00 | Antag R: 12863.00 | Delivery:  41.2% | Budget Used: 3720.00/4000.0
Ep  256 | Phase: ANTAGON | Ticks: 798 | Protag R: -6087.00 | Antag R: 5716.00 | Delivery:  72.5% | Budget Used: 3720.00/4000.0
Ep  257 | Phase: ANTAGON | Ticks: 794 | Protag R: -14447.00 | Antag R: 14076.00 | Delivery:  46.8% | Budget Used: 3720.00/4000.0
Ep  258 | Phase: ANTAGON | Ticks: 795 | Protag R: -9995.00 | Antag R: 9624.00 | Delivery:  51.0% | Budget Used: 3720.00/4000.0
Ep  259 | Phase: ANTAGON | Ticks: 796 | Protag R: -5440.00 | Antag R: 5068.00 | Delivery:  65.1% | Budget Used: 3720.00/4000.0
Ep  260 | Phase: ANTAGON | Ticks: 790 | Protag R: -10477.00 | Antag R: 10106.00 | Delivery:  63.6% | Budget Used: 3720.00/4000.0
Ep  261 | Phase: ANTAGON | Ticks: 799 | Protag R: -9680.00 | Antag R: 9309.00 | Delivery:  46.8% | Budget Used: 3720.00/4000.0
Ep  262 | Phase: ANTAGON | Ticks: 775 | Protag R: -8663.00 | Antag R: 8304.00 | Delivery:  42.9% | Budget Used: 3600.00/4000.0
Ep  263 | Phase: ANTAGON | Ticks: 785 | Protag R: -9172.00 | Antag R: 8801.00 | Delivery:  52.2% | Budget Used: 3720.00/4000.0
Ep  264 | Phase: ANTAGON | Ticks: 788 | Protag R: -9193.00 | Antag R: 8821.00 | Delivery:  48.9% | Budget Used: 3720.00/4000.0
Ep  265 | Phase: ANTAGON | Ticks: 796 | Protag R: -3648.00 | Antag R: 3277.00 | Delivery:  61.1% | Budget Used: 3720.00/4000.0
Ep  266 | Phase: ANTAGON | Ticks: 795 | Protag R: -7950.00 | Antag R: 7579.00 | Delivery:  60.8% | Budget Used: 3720.00/4000.0
Ep  267 | Phase: ANTAGON | Ticks: 798 | Protag R: -16363.00 | Antag R: 15992.00 | Delivery:  46.9% | Budget Used: 3720.00/4000.0
Ep  268 | Phase: ANTAGON | Ticks: 795 | Protag R: -4891.00 | Antag R: 4531.00 | Delivery:  66.7% | Budget Used: 3600.00/4000.0
Ep  269 | Phase: ANTAGON | Ticks: 777 | Protag R: -5348.00 | Antag R: 4977.00 | Delivery:  56.1% | Budget Used: 3720.00/4000.0
Ep  270 | Phase: ANTAGON | Ticks: 785 | Protag R: -9240.00 | Antag R: 8869.00 | Delivery:  54.0% | Budget Used: 3720.00/4000.0
Ep  271 | Phase: ANTAGON | Ticks: 776 | Protag R: -7092.00 | Antag R: 6721.00 | Delivery:  54.2% | Budget Used: 3720.00/4000.0
Ep  272 | Phase: ANTAGON | Ticks: 795 | Protag R: -6154.00 | Antag R: 5783.00 | Delivery:  59.6% | Budget Used: 3720.00/4000.0
Ep  273 | Phase: ANTAGON | Ticks: 792 | Protag R: -9194.00 | Antag R: 8823.00 | Delivery:  56.2% | Budget Used: 3720.00/4000.0
Ep  274 | Phase: ANTAGON | Ticks: 787 | Protag R: -12415.00 | Antag R: 12044.00 | Delivery:  41.8% | Budget Used: 3720.00/4000.0
Ep  275 | Phase: ANTAGON | Ticks: 783 | Protag R: -11445.00 | Antag R: 11074.00 | Delivery:  50.0% | Budget Used: 3720.00/4000.0
Ep  276 | Phase: ANTAGON | Ticks: 786 | Protag R: -12612.00 | Antag R: 12252.00 | Delivery:  41.5% | Budget Used: 3600.00/4000.0
Ep  277 | Phase: ANTAGON | Ticks: 776 | Protag R: -7823.00 | Antag R: 7452.00 | Delivery:  44.6% | Budget Used: 3720.00/4000.0
Ep  278 | Phase: ANTAGON | Ticks: 793 | Protag R: -7251.00 | Antag R: 6880.00 | Delivery:  57.1% | Budget Used: 3720.00/4000.0
Ep  279 | Phase: ANTAGON | Ticks: 788 | Protag R: -5398.00 | Antag R: 5027.00 | Delivery:  71.1% | Budget Used: 3720.00/4000.0
Ep  280 | Phase: ANTAGON | Ticks: 797 | Protag R: -10000.00 | Antag R: 9629.00 | Delivery:  51.0% | Budget Used: 3720.00/4000.0
Ep  281 | Phase: ANTAGON | Ticks: 780 | Protag R: -11335.00 | Antag R: 10964.00 | Delivery:  50.9% | Budget Used: 3720.00/4000.0
Ep  282 | Phase: ANTAGON | Ticks: 777 | Protag R: -5009.00 | Antag R: 4638.00 | Delivery:  67.6% | Budget Used: 3720.00/4000.0
Ep  283 | Phase: ANTAGON | Ticks: 797 | Protag R: -8647.00 | Antag R: 8276.00 | Delivery:  58.8% | Budget Used: 3720.00/4000.0
Ep  284 | Phase: ANTAGON | Ticks: 798 | Protag R: -6329.00 | Antag R: 5957.00 | Delivery:  68.4% | Budget Used: 3720.00/4000.0
Ep  285 | Phase: ANTAGON | Ticks: 790 | Protag R: -6471.00 | Antag R: 6100.00 | Delivery:  60.4% | Budget Used: 3720.00/4000.0
Ep  286 | Phase: ANTAGON | Ticks: 779 | Protag R: -10681.00 | Antag R: 10321.00 | Delivery:  43.8% | Budget Used: 3600.00/4000.0
Ep  287 | Phase: ANTAGON | Ticks: 797 | Protag R: -6763.00 | Antag R: 6428.00 | Delivery:  63.6% | Budget Used: 3360.00/4000.0
Ep  288 | Phase: ANTAGON | Ticks: 797 | Protag R: -9094.00 | Antag R: 8746.00 | Delivery:  45.3% | Budget Used: 3480.00/4000.0
Ep  289 | Phase: ANTAGON | Ticks: 795 | Protag R: -13450.00 | Antag R: 13079.00 | Delivery:  38.2% | Budget Used: 3720.00/4000.0
Ep  290 | Phase: ANTAGON | Ticks: 783 | Protag R: -5224.00 | Antag R: 4853.00 | Delivery:  70.3% | Budget Used: 3720.00/4000.0
Ep  291 | Phase: ANTAGON | Ticks: 782 | Protag R: -9846.00 | Antag R: 9474.00 | Delivery:  46.9% | Budget Used: 3720.00/4000.0
Ep  292 | Phase: ANTAGON | Ticks: 782 | Protag R: -15226.00 | Antag R: 14855.00 | Delivery:  45.2% | Budget Used: 3720.00/4000.0
Ep  293 | Phase: ANTAGON | Ticks: 797 | Protag R: -5918.00 | Antag R: 5547.00 | Delivery:  61.9% | Budget Used: 3720.00/4000.0
Ep  294 | Phase: ANTAGON | Ticks: 795 | Protag R: -6658.00 | Antag R: 6287.00 | Delivery:  58.0% | Budget Used: 3720.00/4000.0
Ep  295 | Phase: ANTAGON | Ticks: 796 | Protag R: -9786.00 | Antag R: 9415.00 | Delivery:  54.5% | Budget Used: 3720.00/4000.0
Ep  296 | Phase: ANTAGON | Ticks: 786 | Protag R: -9914.00 | Antag R: 9543.00 | Delivery:  49.0% | Budget Used: 3720.00/4000.0
Ep  297 | Phase: ANTAGON | Ticks: 790 | Protag R: -9507.00 | Antag R: 9135.00 | Delivery:  57.1% | Budget Used: 3720.00/4000.0
Ep  298 | Phase: ANTAGON | Ticks: 793 | Protag R: -4496.00 | Antag R: 4124.00 | Delivery:  73.0% | Budget Used: 3720.00/4000.0
Ep  299 | Phase: ANTAGON | Ticks: 792 | Protag R: -5673.00 | Antag R: 5301.00 | Delivery:  64.4% | Budget Used: 3720.00/4000.0
Ep  300 | Phase: ANTAGON | Ticks: 779 | Protag R: -11981.00 | Antag R: 11609.00 | Delivery:  50.9% | Budget Used: 3720.00/4000.0
Saved coevolved protagonist actor to models/runs/gen03_robustness_dynassign/br_vanilla_s2_seed0/protagonist/actor.pt
Saved coevolved antagonist actor to models/runs/gen03_robustness_dynassign/br_vanilla_s2_seed0/antagonist/actor.pt
Saved copy of protagonist actor as latest to models/protagonist/actor.pt
Saved copy of antagonist actor as latest to models/antagonist/actor.pt

SACRED ATLA Training completed successfully! Logs saved to TensorBoard.
