BR gate (corrected): arena=contested reward_baseline=twin antag_target_entropy=0.5 gamma=0.997; training antagonist vs frozen GREEDY for 300 ep.
Starting SACRED training (mode=antagonist_only) for 300 episodes...
Device: Protagonist=cpu, Antagonist=cpu
Initial Phase: Training ANTAGONIST

Ep    1 | Phase: ANTAGON | Ticks: 775 | Protag R: -3782.00 | Antag R: 3434.00 | Delivery:  42.6% | Budget Used: 3480.00/4000.0
Ep    2 | Phase: ANTAGON | Ticks: 789 | Protag R: -4009.00 | Antag R: 3661.00 | Delivery:  48.9% | Budget Used: 3480.00/4000.0
Ep    3 | Phase: ANTAGON | Ticks: 798 | Protag R: -4851.00 | Antag R: 4539.00 | Delivery:  41.3% | Budget Used: 3120.00/4000.0
Ep    4 | Phase: ANTAGON | Ticks: 794 | Protag R: -3843.00 | Antag R: 3555.00 | Delivery:  46.5% | Budget Used: 2880.00/4000.0
Ep    5 | Phase: ANTAGON | Ticks: 791 | Protag R: -5438.00 | Antag R: 5150.00 | Delivery:  25.0% | Budget Used: 2880.00/4000.0
Ep    6 | Phase: ANTAGON | Ticks: 799 | Protag R: -4085.00 | Antag R: 3797.00 | Delivery:  40.0% | Budget Used: 2880.00/4000.0
Ep    7 | Phase: ANTAGON | Ticks: 798 | Protag R: -2513.00 | Antag R: 2201.00 | Delivery:  52.1% | Budget Used: 3120.00/4000.0
Ep    8 | Phase: ANTAGON | Ticks: 775 | Protag R: -4589.00 | Antag R: 4265.00 | Delivery:  36.2% | Budget Used: 3240.00/4000.0
Ep    9 | Phase: ANTAGON | Ticks: 797 | Protag R: -4478.00 | Antag R: 4142.00 | Delivery:  38.8% | Budget Used: 3360.00/4000.0
Ep   10 | Phase: ANTAGON | Ticks: 781 | Protag R: -5079.00 | Antag R: 4779.00 | Delivery:  30.0% | Budget Used: 3000.00/4000.0
Ep   11 | Phase: ANTAGON | Ticks: 787 | Protag R: -4198.00 | Antag R: 3922.00 | Delivery:  43.5% | Budget Used: 2760.00/4000.0
Ep   12 | Phase: ANTAGON | Ticks: 799 | Protag R: -4726.00 | Antag R: 4462.00 | Delivery:  45.7% | Budget Used: 2640.00/4000.0
Ep   13 | Phase: ANTAGON | Ticks: 796 | Protag R: -3470.00 | Antag R: 3134.00 | Delivery:  47.4% | Budget Used: 3360.00/4000.0
Ep   14 | Phase: ANTAGON | Ticks: 799 | Protag R: -4507.00 | Antag R: 4195.00 | Delivery:  40.7% | Budget Used: 3120.00/4000.0
Ep   15 | Phase: ANTAGON | Ticks: 796 | Protag R: -5846.00 | Antag R: 5486.00 | Delivery:  37.0% | Budget Used: 3600.00/4000.0
Ep   16 | Phase: ANTAGON | Ticks: 787 | Protag R: -3288.00 | Antag R: 3000.00 | Delivery:  56.1% | Budget Used: 2880.00/4000.0
Ep   17 | Phase: ANTAGON | Ticks: 797 | Protag R: -4044.00 | Antag R: 3720.00 | Delivery:  35.4% | Budget Used: 3240.00/4000.0
Ep   18 | Phase: ANTAGON | Ticks: 794 | Protag R: -4766.00 | Antag R: 4442.00 | Delivery:  43.2% | Budget Used: 3240.00/4000.0
Ep   19 | Phase: ANTAGON | Ticks: 791 | Protag R: -4054.00 | Antag R: 3742.00 | Delivery:  56.2% | Budget Used: 3120.00/4000.0
Ep   20 | Phase: ANTAGON | Ticks: 790 | Protag R: -4174.00 | Antag R: 3850.00 | Delivery:  47.4% | Budget Used: 3240.00/4000.0
Ep   21 | Phase: ANTAGON | Ticks: 781 | Protag R: -4858.00 | Antag R: 4570.00 | Delivery:  41.2% | Budget Used: 2880.00/4000.0
Ep   22 | Phase: ANTAGON | Ticks: 797 | Protag R: -3887.00 | Antag R: 3599.00 | Delivery:  35.5% | Budget Used: 2880.00/4000.0
Ep   23 | Phase: ANTAGON | Ticks: 782 | Protag R: -2432.00 | Antag R: 2108.00 | Delivery:  50.0% | Budget Used: 3240.00/4000.0
Ep   24 | Phase: ANTAGON | Ticks: 780 | Protag R: -5234.00 | Antag R: 4922.00 | Delivery:  32.1% | Budget Used: 3120.00/4000.0
Ep   25 | Phase: ANTAGON | Ticks: 784 | Protag R: -1980.00 | Antag R: 1644.00 | Delivery:  78.1% | Budget Used: 3360.00/4000.0
Ep   26 | Phase: ANTAGON | Ticks: 782 | Protag R: -3589.00 | Antag R: 3289.00 | Delivery:  37.7% | Budget Used: 3000.00/4000.0
Ep   27 | Phase: ANTAGON | Ticks: 794 | Protag R: -5715.00 | Antag R: 5367.00 | Delivery:  34.4% | Budget Used: 3480.00/4000.0
Ep   28 | Phase: ANTAGON | Ticks: 776 | Protag R: -5518.00 | Antag R: 5194.00 | Delivery:  40.0% | Budget Used: 3240.00/4000.0
Ep   29 | Phase: ANTAGON | Ticks: 793 | Protag R: -5507.00 | Antag R: 5219.00 | Delivery:  36.5% | Budget Used: 2880.00/4000.0
Ep   30 | Phase: ANTAGON | Ticks: 775 | Protag R: -4888.00 | Antag R: 4576.00 | Delivery:  42.2% | Budget Used: 3120.00/4000.0
Ep   31 | Phase: ANTAGON | Ticks: 798 | Protag R: -4655.00 | Antag R: 4319.00 | Delivery:  32.8% | Budget Used: 3360.00/4000.0
Ep   32 | Phase: ANTAGON | Ticks: 795 | Protag R: -2265.00 | Antag R: 1953.00 | Delivery:  39.7% | Budget Used: 3120.00/4000.0
Ep   33 | Phase: ANTAGON | Ticks: 788 | Protag R: -5429.00 | Antag R: 5081.00 | Delivery:  27.6% | Budget Used: 3480.00/4000.0
Ep   34 | Phase: ANTAGON | Ticks: 781 | Protag R: -4866.00 | Antag R: 4602.00 | Delivery:  32.1% | Budget Used: 2640.00/4000.0
Ep   35 | Phase: ANTAGON | Ticks: 786 | Protag R: -4292.00 | Antag R: 3992.00 | Delivery:  40.0% | Budget Used: 3000.00/4000.0
Ep   36 | Phase: ANTAGON | Ticks: 789 | Protag R: -6057.00 | Antag R: 5721.00 | Delivery:  26.8% | Budget Used: 3360.00/4000.0
Ep   37 | Phase: ANTAGON | Ticks: 793 | Protag R: -4332.00 | Antag R: 4080.00 | Delivery:  41.3% | Budget Used: 2520.00/4000.0
Ep   38 | Phase: ANTAGON | Ticks: 788 | Protag R: -4300.00 | Antag R: 3976.00 | Delivery:  35.0% | Budget Used: 3240.00/4000.0
Ep   39 | Phase: ANTAGON | Ticks: 798 | Protag R: -2806.00 | Antag R: 2482.00 | Delivery:  41.7% | Budget Used: 3240.00/4000.0
Ep   40 | Phase: ANTAGON | Ticks: 792 | Protag R: -3530.00 | Antag R: 3254.00 | Delivery:  46.8% | Budget Used: 2760.00/4000.0
Ep   41 | Phase: ANTAGON | Ticks: 786 | Protag R: -5898.00 | Antag R: 5598.00 | Delivery:  34.9% | Budget Used: 3000.00/4000.0
Ep   42 | Phase: ANTAGON | Ticks: 790 | Protag R: -4000.00 | Antag R: 3652.00 | Delivery:  41.2% | Budget Used: 3480.00/4000.0
Ep   43 | Phase: ANTAGON | Ticks: 775 | Protag R: -2932.00 | Antag R: 2644.00 | Delivery:  51.4% | Budget Used: 2880.00/4000.0
Ep   44 | Phase: ANTAGON | Ticks: 775 | Protag R: -4108.00 | Antag R: 3868.00 | Delivery:  41.7% | Budget Used: 2400.00/4000.0
Ep   45 | Phase: ANTAGON | Ticks: 781 | Protag R: -5834.00 | Antag R: 5486.00 | Delivery:  35.6% | Budget Used: 3480.00/4000.0
Ep   46 | Phase: ANTAGON | Ticks: 791 | Protag R: -5499.00 | Antag R: 5163.00 | Delivery:  30.0% | Budget Used: 3360.00/4000.0
Ep   47 | Phase: ANTAGON | Ticks: 795 | Protag R: -3489.00 | Antag R: 3177.00 | Delivery:  52.3% | Budget Used: 3120.00/4000.0
Ep   48 | Phase: ANTAGON | Ticks: 787 | Protag R: -3535.00 | Antag R: 3247.00 | Delivery:  38.9% | Budget Used: 2880.00/4000.0
Ep   49 | Phase: ANTAGON | Ticks: 793 | Protag R: -4217.00 | Antag R: 3893.00 | Delivery:  39.2% | Budget Used: 3240.00/4000.0
Ep   50 | Phase: ANTAGON | Ticks: 797 | Protag R: -4544.00 | Antag R: 4172.00 | Delivery:  31.6% | Budget Used: 3720.00/4000.0
Saving checkpoints for both agents before phase switch...
Ep   51 | Phase: ANTAGON | Ticks: 791 | Protag R: -6407.00 | Antag R: 6059.00 | Delivery:  31.4% | Budget Used: 3480.00/4000.0
Ep   52 | Phase: ANTAGON | Ticks: 797 | Protag R: -5577.00 | Antag R: 5265.00 | Delivery:  31.0% | Budget Used: 3120.00/4000.0
Ep   53 | Phase: ANTAGON | Ticks: 775 | Protag R: -5000.00 | Antag R: 4652.00 | Delivery:  37.7% | Budget Used: 3480.00/4000.0
Ep   54 | Phase: ANTAGON | Ticks: 775 | Protag R: -2035.00 | Antag R: 1723.00 | Delivery:  42.1% | Budget Used: 3120.00/4000.0
Ep   55 | Phase: ANTAGON | Ticks: 779 | Protag R: -3339.00 | Antag R: 3039.00 | Delivery:  39.6% | Budget Used: 3000.00/4000.0
Ep   56 | Phase: ANTAGON | Ticks: 775 | Protag R: -3331.00 | Antag R: 3007.00 | Delivery:  43.5% | Budget Used: 3240.00/4000.0
Ep   57 | Phase: ANTAGON | Ticks: 796 | Protag R: -3236.00 | Antag R: 2984.00 | Delivery:  40.4% | Budget Used: 2520.00/4000.0
Ep   58 | Phase: ANTAGON | Ticks: 776 | Protag R: -2937.00 | Antag R: 2649.00 | Delivery:  46.8% | Budget Used: 2880.00/4000.0
Ep   59 | Phase: ANTAGON | Ticks: 794 | Protag R: -2679.00 | Antag R: 2367.00 | Delivery:  56.1% | Budget Used: 3120.00/4000.0
Ep   60 | Phase: ANTAGON | Ticks: 781 | Protag R: -5214.00 | Antag R: 4914.00 | Delivery:  42.9% | Budget Used: 3000.00/4000.0
Ep   61 | Phase: ANTAGON | Ticks: 779 | Protag R: -2863.00 | Antag R: 2587.00 | Delivery:  33.9% | Budget Used: 2760.00/4000.0
Ep   62 | Phase: ANTAGON | Ticks: 795 | Protag R: -5657.00 | Antag R: 5333.00 | Delivery:  38.1% | Budget Used: 3240.00/4000.0
Ep   63 | Phase: ANTAGON | Ticks: 797 | Protag R: -3076.00 | Antag R: 2764.00 | Delivery:  42.3% | Budget Used: 3120.00/4000.0
Ep   64 | Phase: ANTAGON | Ticks: 799 | Protag R: -5091.00 | Antag R: 4743.00 | Delivery:  40.9% | Budget Used: 3480.00/4000.0
Ep   65 | Phase: ANTAGON | Ticks: 777 | Protag R: -4747.00 | Antag R: 4471.00 | Delivery:  44.4% | Budget Used: 2760.00/4000.0
Ep   66 | Phase: ANTAGON | Ticks: 775 | Protag R: -2700.00 | Antag R: 2400.00 | Delivery:  43.8% | Budget Used: 3000.00/4000.0
Ep   67 | Phase: ANTAGON | Ticks: 799 | Protag R: -3803.00 | Antag R: 3503.00 | Delivery:  58.3% | Budget Used: 3000.00/4000.0
Ep   68 | Phase: ANTAGON | Ticks: 798 | Protag R: -4107.00 | Antag R: 3771.00 | Delivery:  53.6% | Budget Used: 3360.00/4000.0
Ep   69 | Phase: ANTAGON | Ticks: 796 | Protag R: -5656.00 | Antag R: 5320.00 | Delivery:  32.1% | Budget Used: 3360.00/4000.0
Ep   70 | Phase: ANTAGON | Ticks: 794 | Protag R: -3472.00 | Antag R: 3220.00 | Delivery:  40.8% | Budget Used: 2520.00/4000.0
Ep   71 | Phase: ANTAGON | Ticks: 793 | Protag R: -7143.00 | Antag R: 6807.00 | Delivery:  34.7% | Budget Used: 3360.00/4000.0
Ep   72 | Phase: ANTAGON | Ticks: 780 | Protag R: -5112.00 | Antag R: 4800.00 | Delivery:  37.8% | Budget Used: 3120.00/4000.0
Ep   73 | Phase: ANTAGON | Ticks: 776 | Protag R: -4563.00 | Antag R: 4287.00 | Delivery:  35.2% | Budget Used: 2760.00/4000.0
Ep   74 | Phase: ANTAGON | Ticks: 798 | Protag R: -4877.00 | Antag R: 4565.00 | Delivery:  37.2% | Budget Used: 3120.00/4000.0
Ep   75 | Phase: ANTAGON | Ticks: 799 | Protag R: -3755.00 | Antag R: 3455.00 | Delivery:  41.1% | Budget Used: 3000.00/4000.0
Ep   76 | Phase: ANTAGON | Ticks: 788 | Protag R: -4770.00 | Antag R: 4410.00 | Delivery:  32.8% | Budget Used: 3600.00/4000.0
Ep   77 | Phase: ANTAGON | Ticks: 799 | Protag R: -3691.00 | Antag R: 3355.00 | Delivery:  51.2% | Budget Used: 3360.00/4000.0
Ep   78 | Phase: ANTAGON | Ticks: 791 | Protag R: -4844.00 | Antag R: 4484.00 | Delivery:  30.5% | Budget Used: 3600.00/4000.0
Ep   79 | Phase: ANTAGON | Ticks: 794 | Protag R: -3300.00 | Antag R: 2976.00 | Delivery:  41.3% | Budget Used: 3240.00/4000.0
Ep   80 | Phase: ANTAGON | Ticks: 775 | Protag R: -3295.00 | Antag R: 3043.00 | Delivery:  37.0% | Budget Used: 2520.00/4000.0
Ep   81 | Phase: ANTAGON | Ticks: 775 | Protag R: -3477.00 | Antag R: 3177.00 | Delivery:  37.1% | Budget Used: 3000.00/4000.0
Ep   82 | Phase: ANTAGON | Ticks: 795 | Protag R: -4747.00 | Antag R: 4411.00 | Delivery:  43.2% | Budget Used: 3360.00/4000.0
Ep   83 | Phase: ANTAGON | Ticks: 799 | Protag R: -5264.00 | Antag R: 4976.00 | Delivery:  30.2% | Budget Used: 2880.00/4000.0
Ep   84 | Phase: ANTAGON | Ticks: 775 | Protag R: -4276.00 | Antag R: 3988.00 | Delivery:  37.5% | Budget Used: 2880.00/4000.0
Ep   85 | Phase: ANTAGON | Ticks: 796 | Protag R: -3587.00 | Antag R: 3263.00 | Delivery:  48.8% | Budget Used: 3240.00/4000.0
Ep   86 | Phase: ANTAGON | Ticks: 782 | Protag R: -2801.00 | Antag R: 2513.00 | Delivery:  52.6% | Budget Used: 2880.00/4000.0
Ep   87 | Phase: ANTAGON | Ticks: 799 | Protag R: -3860.00 | Antag R: 3536.00 | Delivery:  43.8% | Budget Used: 3240.00/4000.0
Ep   88 | Phase: ANTAGON | Ticks: 796 | Protag R: -3732.00 | Antag R: 3444.00 | Delivery:  52.6% | Budget Used: 2880.00/4000.0
Ep   89 | Phase: ANTAGON | Ticks: 797 | Protag R: -3847.00 | Antag R: 3559.00 | Delivery:  34.5% | Budget Used: 2880.00/4000.0
Ep   90 | Phase: ANTAGON | Ticks: 797 | Protag R: -4538.00 | Antag R: 4238.00 | Delivery:  33.3% | Budget Used: 3000.00/4000.0
Ep   91 | Phase: ANTAGON | Ticks: 796 | Protag R: -5060.00 | Antag R: 4724.00 | Delivery:  40.9% | Budget Used: 3360.00/4000.0
Ep   92 | Phase: ANTAGON | Ticks: 775 | Protag R: -5370.00 | Antag R: 5058.00 | Delivery:  30.6% | Budget Used: 3120.00/4000.0
Ep   93 | Phase: ANTAGON | Ticks: 775 | Protag R: -3241.00 | Antag R: 2953.00 | Delivery:  52.9% | Budget Used: 2880.00/4000.0
Ep   94 | Phase: ANTAGON | Ticks: 796 | Protag R: -5461.00 | Antag R: 5101.00 | Delivery:  30.9% | Budget Used: 3600.00/4000.0
Ep   95 | Phase: ANTAGON | Ticks: 799 | Protag R: -4763.00 | Antag R: 4403.00 | Delivery:  43.5% | Budget Used: 3600.00/4000.0
Ep   96 | Phase: ANTAGON | Ticks: 797 | Protag R: -2266.00 | Antag R: 1954.00 | Delivery:  50.0% | Budget Used: 3120.00/4000.0
Ep   97 | Phase: ANTAGON | Ticks: 794 | Protag R: -4268.00 | Antag R: 3932.00 | Delivery:  40.9% | Budget Used: 3360.00/4000.0
Ep   98 | Phase: ANTAGON | Ticks: 775 | Protag R: -4699.00 | Antag R: 4363.00 | Delivery:  32.1% | Budget Used: 3360.00/4000.0
Ep   99 | Phase: ANTAGON | Ticks: 781 | Protag R: -5816.00 | Antag R: 5528.00 | Delivery:  33.3% | Budget Used: 2880.00/4000.0
Ep  100 | Phase: ANTAGON | Ticks: 794 | Protag R: -3892.00 | Antag R: 3580.00 | Delivery:  36.4% | Budget Used: 3120.00/4000.0
Saving checkpoints for both agents before phase switch...
Ep  101 | Phase: ANTAGON | Ticks: 796 | Protag R: -5130.00 | Antag R: 4842.00 | Delivery:  50.0% | Budget Used: 2880.00/4000.0
Ep  102 | Phase: ANTAGON | Ticks: 775 | Protag R: -3867.00 | Antag R: 3543.00 | Delivery:  33.3% | Budget Used: 3240.00/4000.0
Ep  103 | Phase: ANTAGON | Ticks: 798 | Protag R: -2827.00 | Antag R: 2563.00 | Delivery:  47.6% | Budget Used: 2640.00/4000.0
Ep  104 | Phase: ANTAGON | Ticks: 775 | Protag R: -4857.00 | Antag R: 4521.00 | Delivery:  39.6% | Budget Used: 3360.00/4000.0
Ep  105 | Phase: ANTAGON | Ticks: 783 | Protag R: -3973.00 | Antag R: 3685.00 | Delivery:  38.5% | Budget Used: 2880.00/4000.0
Ep  106 | Phase: ANTAGON | Ticks: 778 | Protag R: -5065.00 | Antag R: 4717.00 | Delivery:  33.3% | Budget Used: 3480.00/4000.0
Ep  107 | Phase: ANTAGON | Ticks: 799 | Protag R: -3471.00 | Antag R: 3147.00 | Delivery:  40.4% | Budget Used: 3240.00/4000.0
Ep  108 | Phase: ANTAGON | Ticks: 799 | Protag R: -3466.00 | Antag R: 3166.00 | Delivery:  50.0% | Budget Used: 3000.00/4000.0
Ep  109 | Phase: ANTAGON | Ticks: 790 | Protag R: -3676.00 | Antag R: 3340.00 | Delivery:  50.0% | Budget Used: 3360.00/4000.0
Ep  110 | Phase: ANTAGON | Ticks: 792 | Protag R: -4981.00 | Antag R: 4681.00 | Delivery:  38.3% | Budget Used: 3000.00/4000.0
Ep  111 | Phase: ANTAGON | Ticks: 791 | Protag R: -5167.00 | Antag R: 4879.00 | Delivery:  42.6% | Budget Used: 2880.00/4000.0
Ep  112 | Phase: ANTAGON | Ticks: 796 | Protag R: -2855.00 | Antag R: 2603.00 | Delivery:  46.7% | Budget Used: 2520.00/4000.0
Ep  113 | Phase: ANTAGON | Ticks: 788 | Protag R: -5418.00 | Antag R: 5106.00 | Delivery:  40.0% | Budget Used: 3120.00/4000.0
Ep  114 | Phase: ANTAGON | Ticks: 795 | Protag R: -2809.00 | Antag R: 2521.00 | Delivery:  48.9% | Budget Used: 2880.00/4000.0
Ep  115 | Phase: ANTAGON | Ticks: 795 | Protag R: -5012.00 | Antag R: 4688.00 | Delivery:  32.7% | Budget Used: 3240.00/4000.0
Ep  116 | Phase: ANTAGON | Ticks: 775 | Protag R: -3802.00 | Antag R: 3502.00 | Delivery:  46.3% | Budget Used: 3000.00/4000.0
Ep  117 | Phase: ANTAGON | Ticks: 798 | Protag R: -5388.00 | Antag R: 5088.00 | Delivery:  37.2% | Budget Used: 3000.00/4000.0
Ep  118 | Phase: ANTAGON | Ticks: 793 | Protag R: -5775.00 | Antag R: 5439.00 | Delivery:  31.5% | Budget Used: 3360.00/4000.0
Ep  119 | Phase: ANTAGON | Ticks: 775 | Protag R: -3710.00 | Antag R: 3386.00 | Delivery:  34.5% | Budget Used: 3240.00/4000.0
Ep  120 | Phase: ANTAGON | Ticks: 779 | Protag R: -5386.00 | Antag R: 5062.00 | Delivery:  29.6% | Budget Used: 3240.00/4000.0
Ep  121 | Phase: ANTAGON | Ticks: 783 | Protag R: -4412.00 | Antag R: 4076.00 | Delivery:  35.1% | Budget Used: 3360.00/4000.0
Ep  122 | Phase: ANTAGON | Ticks: 789 | Protag R: -3780.00 | Antag R: 3444.00 | Delivery:  40.8% | Budget Used: 3360.00/4000.0
Ep  123 | Phase: ANTAGON | Ticks: 787 | Protag R: -4861.00 | Antag R: 4549.00 | Delivery:  29.1% | Budget Used: 3120.00/4000.0
Ep  124 | Phase: ANTAGON | Ticks: 796 | Protag R: -3307.00 | Antag R: 2983.00 | Delivery:  40.0% | Budget Used: 3240.00/4000.0
Ep  125 | Phase: ANTAGON | Ticks: 799 | Protag R: -3423.00 | Antag R: 3147.00 | Delivery:  36.2% | Budget Used: 2760.00/4000.0
Ep  126 | Phase: ANTAGON | Ticks: 798 | Protag R: -4849.00 | Antag R: 4513.00 | Delivery:  51.2% | Budget Used: 3360.00/4000.0
Ep  127 | Phase: ANTAGON | Ticks: 797 | Protag R: -4001.00 | Antag R: 3677.00 | Delivery:  38.8% | Budget Used: 3240.00/4000.0
Ep  128 | Phase: ANTAGON | Ticks: 781 | Protag R: -5621.00 | Antag R: 5297.00 | Delivery:  33.3% | Budget Used: 3240.00/4000.0
Ep  129 | Phase: ANTAGON | Ticks: 793 | Protag R: -4616.00 | Antag R: 4304.00 | Delivery:  40.0% | Budget Used: 3120.00/4000.0
Ep  130 | Phase: ANTAGON | Ticks: 796 | Protag R: -2717.00 | Antag R: 2441.00 | Delivery:  37.3% | Budget Used: 2760.00/4000.0
Ep  131 | Phase: ANTAGON | Ticks: 782 | Protag R: -2561.00 | Antag R: 2249.00 | Delivery:  62.1% | Budget Used: 3120.00/4000.0
Ep  132 | Phase: ANTAGON | Ticks: 796 | Protag R: -3223.00 | Antag R: 2983.00 | Delivery:  50.0% | Budget Used: 2400.00/4000.0
Ep  133 | Phase: ANTAGON | Ticks: 798 | Protag R: -5461.00 | Antag R: 5113.00 | Delivery:  40.9% | Budget Used: 3480.00/4000.0
Ep  134 | Phase: ANTAGON | Ticks: 787 | Protag R: -3401.00 | Antag R: 3137.00 | Delivery:  40.0% | Budget Used: 2640.00/4000.0
Ep  135 | Phase: ANTAGON | Ticks: 778 | Protag R: -4540.00 | Antag R: 4240.00 | Delivery:  35.6% | Budget Used: 3000.00/4000.0
Ep  136 | Phase: ANTAGON | Ticks: 775 | Protag R: -5777.00 | Antag R: 5429.00 | Delivery:  32.7% | Budget Used: 3480.00/4000.0
Ep  137 | Phase: ANTAGON | Ticks: 791 | Protag R: -4763.00 | Antag R: 4463.00 | Delivery:  43.2% | Budget Used: 3000.00/4000.0
Ep  138 | Phase: ANTAGON | Ticks: 798 | Protag R: -3582.00 | Antag R: 3282.00 | Delivery:  40.5% | Budget Used: 3000.00/4000.0
Ep  139 | Phase: ANTAGON | Ticks: 775 | Protag R: -3785.00 | Antag R: 3437.00 | Delivery:  37.3% | Budget Used: 3480.00/4000.0
Ep  140 | Phase: ANTAGON | Ticks: 777 | Protag R: -2786.00 | Antag R: 2510.00 | Delivery:  46.5% | Budget Used: 2760.00/4000.0
Ep  141 | Phase: ANTAGON | Ticks: 798 | Protag R: -5306.00 | Antag R: 4982.00 | Delivery:  37.3% | Budget Used: 3240.00/4000.0
Ep  142 | Phase: ANTAGON | Ticks: 775 | Protag R: -5167.00 | Antag R: 4855.00 | Delivery:  35.3% | Budget Used: 3120.00/4000.0
Ep  143 | Phase: ANTAGON | Ticks: 799 | Protag R: -4572.00 | Antag R: 4272.00 | Delivery:  38.8% | Budget Used: 3000.00/4000.0
Ep  144 | Phase: ANTAGON | Ticks: 797 | Protag R: -3080.00 | Antag R: 2792.00 | Delivery:  54.8% | Budget Used: 2880.00/4000.0
Ep  145 | Phase: ANTAGON | Ticks: 775 | Protag R: -3062.00 | Antag R: 2726.00 | Delivery:  38.9% | Budget Used: 3360.00/4000.0
Ep  146 | Phase: ANTAGON | Ticks: 787 | Protag R: -3934.00 | Antag R: 3622.00 | Delivery:  41.3% | Budget Used: 3120.00/4000.0
Ep  147 | Phase: ANTAGON | Ticks: 781 | Protag R: -3550.00 | Antag R: 3274.00 | Delivery:  40.4% | Budget Used: 2760.00/4000.0
Ep  148 | Phase: ANTAGON | Ticks: 798 | Protag R: -4339.00 | Antag R: 4063.00 | Delivery:  43.2% | Budget Used: 2760.00/4000.0
Ep  149 | Phase: ANTAGON | Ticks: 780 | Protag R: -2638.00 | Antag R: 2338.00 | Delivery:  41.2% | Budget Used: 3000.00/4000.0
Ep  150 | Phase: ANTAGON | Ticks: 778 | Protag R: -1695.00 | Antag R: 1443.00 | Delivery:  51.4% | Budget Used: 2520.00/4000.0
Saving checkpoints for both agents before phase switch...
Ep  151 | Phase: ANTAGON | Ticks: 783 | Protag R: -5366.00 | Antag R: 5042.00 | Delivery:  27.5% | Budget Used: 3240.00/4000.0
Ep  152 | Phase: ANTAGON | Ticks: 792 | Protag R: -4250.00 | Antag R: 3926.00 | Delivery:  42.9% | Budget Used: 3240.00/4000.0
Ep  153 | Phase: ANTAGON | Ticks: 796 | Protag R: -2744.00 | Antag R: 2396.00 | Delivery:  49.0% | Budget Used: 3480.00/4000.0
Ep  154 | Phase: ANTAGON | Ticks: 785 | Protag R: -4090.00 | Antag R: 3778.00 | Delivery:  32.7% | Budget Used: 3120.00/4000.0
Ep  155 | Phase: ANTAGON | Ticks: 787 | Protag R: -3608.00 | Antag R: 3320.00 | Delivery:  45.7% | Budget Used: 2880.00/4000.0
Ep  156 | Phase: ANTAGON | Ticks: 795 | Protag R: -2370.00 | Antag R: 2118.00 | Delivery:  37.3% | Budget Used: 2520.00/4000.0
Ep  157 | Phase: ANTAGON | Ticks: 798 | Protag R: -3635.00 | Antag R: 3299.00 | Delivery:  55.3% | Budget Used: 3360.00/4000.0
Ep  158 | Phase: ANTAGON | Ticks: 775 | Protag R: -4796.00 | Antag R: 4472.00 | Delivery:  30.9% | Budget Used: 3240.00/4000.0
Ep  159 | Phase: ANTAGON | Ticks: 775 | Protag R: -4604.00 | Antag R: 4304.00 | Delivery:  44.2% | Budget Used: 3000.00/4000.0
Ep  160 | Phase: ANTAGON | Ticks: 798 | Protag R: -5243.00 | Antag R: 4931.00 | Delivery:  30.4% | Budget Used: 3120.00/4000.0
Ep  161 | Phase: ANTAGON | Ticks: 788 | Protag R: -4999.00 | Antag R: 4735.00 | Delivery:  36.5% | Budget Used: 2640.00/4000.0
Ep  162 | Phase: ANTAGON | Ticks: 783 | Protag R: -4917.00 | Antag R: 4581.00 | Delivery:  38.3% | Budget Used: 3360.00/4000.0
Ep  163 | Phase: ANTAGON | Ticks: 797 | Protag R: -7903.00 | Antag R: 7567.00 | Delivery:  20.3% | Budget Used: 3360.00/4000.0
Ep  164 | Phase: ANTAGON | Ticks: 789 | Protag R: -3244.00 | Antag R: 2944.00 | Delivery:  43.1% | Budget Used: 3000.00/4000.0
Ep  165 | Phase: ANTAGON | Ticks: 793 | Protag R: -3296.00 | Antag R: 3008.00 | Delivery:  39.6% | Budget Used: 2880.00/4000.0
Ep  166 | Phase: ANTAGON | Ticks: 784 | Protag R: -6654.00 | Antag R: 6330.00 | Delivery:  25.8% | Budget Used: 3240.00/4000.0
Ep  167 | Phase: ANTAGON | Ticks: 798 | Protag R: -3534.00 | Antag R: 3234.00 | Delivery:  37.3% | Budget Used: 3000.00/4000.0
Ep  168 | Phase: ANTAGON | Ticks: 789 | Protag R: -4169.00 | Antag R: 3869.00 | Delivery:  42.2% | Budget Used: 3000.00/4000.0
Ep  169 | Phase: ANTAGON | Ticks: 780 | Protag R: -2847.00 | Antag R: 2583.00 | Delivery:  41.1% | Budget Used: 2640.00/4000.0
Ep  170 | Phase: ANTAGON | Ticks: 779 | Protag R: -3006.00 | Antag R: 2682.00 | Delivery:  44.4% | Budget Used: 3240.00/4000.0
Ep  171 | Phase: ANTAGON | Ticks: 796 | Protag R: -4751.00 | Antag R: 4451.00 | Delivery:  33.9% | Budget Used: 3000.00/4000.0
Ep  172 | Phase: ANTAGON | Ticks: 792 | Protag R: -5749.00 | Antag R: 5449.00 | Delivery:  37.3% | Budget Used: 3000.00/4000.0
Ep  173 | Phase: ANTAGON | Ticks: 796 | Protag R: -3671.00 | Antag R: 3335.00 | Delivery:  41.7% | Budget Used: 3360.00/4000.0
Ep  174 | Phase: ANTAGON | Ticks: 789 | Protag R: -3957.00 | Antag R: 3645.00 | Delivery:  36.8% | Budget Used: 3120.00/4000.0
Ep  175 | Phase: ANTAGON | Ticks: 779 | Protag R: -4570.00 | Antag R: 4246.00 | Delivery:  40.5% | Budget Used: 3240.00/4000.0
Ep  176 | Phase: ANTAGON | Ticks: 798 | Protag R: -5981.00 | Antag R: 5645.00 | Delivery:  34.1% | Budget Used: 3360.00/4000.0
Ep  177 | Phase: ANTAGON | Ticks: 799 | Protag R: -5329.00 | Antag R: 4993.00 | Delivery:  39.5% | Budget Used: 3360.00/4000.0
Ep  178 | Phase: ANTAGON | Ticks: 775 | Protag R: -3934.00 | Antag R: 3634.00 | Delivery:  42.2% | Budget Used: 3000.00/4000.0
Ep  179 | Phase: ANTAGON | Ticks: 775 | Protag R: -4800.00 | Antag R: 4464.00 | Delivery:  39.1% | Budget Used: 3360.00/4000.0
Ep  180 | Phase: ANTAGON | Ticks: 795 | Protag R: -6238.00 | Antag R: 5914.00 | Delivery:  41.5% | Budget Used: 3240.00/4000.0
Ep  181 | Phase: ANTAGON | Ticks: 791 | Protag R: -1793.00 | Antag R: 1517.00 | Delivery:  65.8% | Budget Used: 2760.00/4000.0
Ep  182 | Phase: ANTAGON | Ticks: 793 | Protag R: -3733.00 | Antag R: 3385.00 | Delivery:  41.7% | Budget Used: 3480.00/4000.0
Ep  183 | Phase: ANTAGON | Ticks: 785 | Protag R: -4602.00 | Antag R: 4266.00 | Delivery:  37.0% | Budget Used: 3360.00/4000.0
Ep  184 | Phase: ANTAGON | Ticks: 794 | Protag R: -4420.00 | Antag R: 4108.00 | Delivery:  39.6% | Budget Used: 3120.00/4000.0
Ep  185 | Phase: ANTAGON | Ticks: 796 | Protag R: -4315.00 | Antag R: 3991.00 | Delivery:  44.2% | Budget Used: 3240.00/4000.0
Ep  186 | Phase: ANTAGON | Ticks: 799 | Protag R: -5262.00 | Antag R: 4926.00 | Delivery:  29.0% | Budget Used: 3360.00/4000.0
Ep  187 | Phase: ANTAGON | Ticks: 779 | Protag R: -4741.00 | Antag R: 4393.00 | Delivery:  32.1% | Budget Used: 3480.00/4000.0
Ep  188 | Phase: ANTAGON | Ticks: 787 | Protag R: -5092.00 | Antag R: 4744.00 | Delivery:  34.5% | Budget Used: 3480.00/4000.0
Ep  189 | Phase: ANTAGON | Ticks: 790 | Protag R: -4031.00 | Antag R: 3707.00 | Delivery:  36.7% | Budget Used: 3240.00/4000.0
Ep  190 | Phase: ANTAGON | Ticks: 798 | Protag R: -3620.00 | Antag R: 3320.00 | Delivery:  51.4% | Budget Used: 3000.00/4000.0
Ep  191 | Phase: ANTAGON | Ticks: 775 | Protag R: -2525.00 | Antag R: 2213.00 | Delivery:  62.5% | Budget Used: 3120.00/4000.0
Ep  192 | Phase: ANTAGON | Ticks: 775 | Protag R: -5471.00 | Antag R: 5147.00 | Delivery:  35.6% | Budget Used: 3240.00/4000.0
Ep  193 | Phase: ANTAGON | Ticks: 775 | Protag R: -2890.00 | Antag R: 2566.00 | Delivery:  41.7% | Budget Used: 3240.00/4000.0
Ep  194 | Phase: ANTAGON | Ticks: 793 | Protag R: -3756.00 | Antag R: 3456.00 | Delivery:  45.7% | Budget Used: 3000.00/4000.0
Ep  195 | Phase: ANTAGON | Ticks: 775 | Protag R: -3928.00 | Antag R: 3628.00 | Delivery:  36.0% | Budget Used: 3000.00/4000.0
Ep  196 | Phase: ANTAGON | Ticks: 786 | Protag R: -4918.00 | Antag R: 4630.00 | Delivery:  34.0% | Budget Used: 2880.00/4000.0
Ep  197 | Phase: ANTAGON | Ticks: 793 | Protag R: -3735.00 | Antag R: 3471.00 | Delivery:  51.2% | Budget Used: 2640.00/4000.0
Ep  198 | Phase: ANTAGON | Ticks: 792 | Protag R: -4616.00 | Antag R: 4328.00 | Delivery:  32.2% | Budget Used: 2880.00/4000.0
Ep  199 | Phase: ANTAGON | Ticks: 793 | Protag R: -5478.00 | Antag R: 5154.00 | Delivery:  43.6% | Budget Used: 3240.00/4000.0
Ep  200 | Phase: ANTAGON | Ticks: 799 | Protag R: -3352.00 | Antag R: 3028.00 | Delivery:  44.7% | Budget Used: 3240.00/4000.0
Saving checkpoints for both agents before phase switch...
Ep  201 | Phase: ANTAGON | Ticks: 789 | Protag R: -4487.00 | Antag R: 4211.00 | Delivery:  32.8% | Budget Used: 2760.00/4000.0
Ep  202 | Phase: ANTAGON | Ticks: 775 | Protag R: -5892.00 | Antag R: 5604.00 | Delivery:  31.4% | Budget Used: 2880.00/4000.0
Ep  203 | Phase: ANTAGON | Ticks: 783 | Protag R: -3923.00 | Antag R: 3611.00 | Delivery:  41.5% | Budget Used: 3120.00/4000.0
Ep  204 | Phase: ANTAGON | Ticks: 778 | Protag R: -4247.00 | Antag R: 3935.00 | Delivery:  39.6% | Budget Used: 3120.00/4000.0
Ep  205 | Phase: ANTAGON | Ticks: 780 | Protag R: -6407.00 | Antag R: 6095.00 | Delivery:  26.2% | Budget Used: 3120.00/4000.0
Ep  206 | Phase: ANTAGON | Ticks: 789 | Protag R: -5009.00 | Antag R: 4685.00 | Delivery:  30.8% | Budget Used: 3240.00/4000.0
Ep  207 | Phase: ANTAGON | Ticks: 795 | Protag R: -3314.00 | Antag R: 2978.00 | Delivery:  48.8% | Budget Used: 3360.00/4000.0
Ep  208 | Phase: ANTAGON | Ticks: 799 | Protag R: -2169.00 | Antag R: 1869.00 | Delivery:  53.5% | Budget Used: 3000.00/4000.0
Ep  209 | Phase: ANTAGON | Ticks: 782 | Protag R: -6466.00 | Antag R: 6166.00 | Delivery:  32.0% | Budget Used: 3000.00/4000.0
Ep  210 | Phase: ANTAGON | Ticks: 797 | Protag R: -5329.00 | Antag R: 5005.00 | Delivery:  43.9% | Budget Used: 3240.00/4000.0
Ep  211 | Phase: ANTAGON | Ticks: 797 | Protag R: -5118.00 | Antag R: 4794.00 | Delivery:  28.8% | Budget Used: 3240.00/4000.0
Ep  212 | Phase: ANTAGON | Ticks: 799 | Protag R: -2817.00 | Antag R: 2553.00 | Delivery:  57.5% | Budget Used: 2640.00/4000.0
Ep  213 | Phase: ANTAGON | Ticks: 775 | Protag R: -5442.00 | Antag R: 5082.00 | Delivery:  38.6% | Budget Used: 3600.00/4000.0
Ep  214 | Phase: ANTAGON | Ticks: 795 | Protag R: -3436.00 | Antag R: 3100.00 | Delivery:  52.3% | Budget Used: 3360.00/4000.0
Ep  215 | Phase: ANTAGON | Ticks: 775 | Protag R: -3155.00 | Antag R: 2855.00 | Delivery:  47.7% | Budget Used: 3000.00/4000.0
Ep  216 | Phase: ANTAGON | Ticks: 797 | Protag R: -3824.00 | Antag R: 3500.00 | Delivery:  41.1% | Budget Used: 3240.00/4000.0
Ep  217 | Phase: ANTAGON | Ticks: 798 | Protag R: -3493.00 | Antag R: 3169.00 | Delivery:  40.8% | Budget Used: 3240.00/4000.0
Ep  218 | Phase: ANTAGON | Ticks: 796 | Protag R: -3782.00 | Antag R: 3458.00 | Delivery:  33.3% | Budget Used: 3240.00/4000.0
Ep  219 | Phase: ANTAGON | Ticks: 775 | Protag R: -5411.00 | Antag R: 5123.00 | Delivery:  32.0% | Budget Used: 2880.00/4000.0
Ep  220 | Phase: ANTAGON | Ticks: 780 | Protag R: -6289.00 | Antag R: 5953.00 | Delivery:  35.6% | Budget Used: 3360.00/4000.0
Ep  221 | Phase: ANTAGON | Ticks: 775 | Protag R: -5173.00 | Antag R: 4861.00 | Delivery:  42.1% | Budget Used: 3120.00/4000.0
Ep  222 | Phase: ANTAGON | Ticks: 794 | Protag R: -5221.00 | Antag R: 4945.00 | Delivery:  40.9% | Budget Used: 2760.00/4000.0
Ep  223 | Phase: ANTAGON | Ticks: 797 | Protag R: -5607.00 | Antag R: 5283.00 | Delivery:  30.4% | Budget Used: 3240.00/4000.0
Ep  224 | Phase: ANTAGON | Ticks: 792 | Protag R: -4104.00 | Antag R: 3792.00 | Delivery:  39.1% | Budget Used: 3120.00/4000.0
Ep  225 | Phase: ANTAGON | Ticks: 791 | Protag R: -7006.00 | Antag R: 6658.00 | Delivery:  25.9% | Budget Used: 3480.00/4000.0
Ep  226 | Phase: ANTAGON | Ticks: 775 | Protag R: -5423.00 | Antag R: 5123.00 | Delivery:  43.6% | Budget Used: 3000.00/4000.0
Ep  227 | Phase: ANTAGON | Ticks: 775 | Protag R: -4208.00 | Antag R: 3896.00 | Delivery:  41.3% | Budget Used: 3120.00/4000.0
Ep  228 | Phase: ANTAGON | Ticks: 797 | Protag R: -3233.00 | Antag R: 2933.00 | Delivery:  53.1% | Budget Used: 3000.00/4000.0
Ep  229 | Phase: ANTAGON | Ticks: 778 | Protag R: -5441.00 | Antag R: 5081.00 | Delivery:  39.6% | Budget Used: 3600.00/4000.0
Ep  230 | Phase: ANTAGON | Ticks: 797 | Protag R: -5152.00 | Antag R: 4828.00 | Delivery:  38.5% | Budget Used: 3240.00/4000.0
Ep  231 | Phase: ANTAGON | Ticks: 796 | Protag R: -4480.00 | Antag R: 4192.00 | Delivery:  38.2% | Budget Used: 2880.00/4000.0
Ep  232 | Phase: ANTAGON | Ticks: 778 | Protag R: -4884.00 | Antag R: 4608.00 | Delivery:  43.8% | Budget Used: 2760.00/4000.0
Ep  233 | Phase: ANTAGON | Ticks: 798 | Protag R: -2605.00 | Antag R: 2329.00 | Delivery:  57.1% | Budget Used: 2760.00/4000.0
Ep  234 | Phase: ANTAGON | Ticks: 780 | Protag R: -5252.00 | Antag R: 4892.00 | Delivery:  32.1% | Budget Used: 3600.00/4000.0
Ep  235 | Phase: ANTAGON | Ticks: 779 | Protag R: -7269.00 | Antag R: 6933.00 | Delivery:  37.8% | Budget Used: 3360.00/4000.0
Ep  236 | Phase: ANTAGON | Ticks: 779 | Protag R: -3747.00 | Antag R: 3447.00 | Delivery:  36.8% | Budget Used: 3000.00/4000.0
Ep  237 | Phase: ANTAGON | Ticks: 794 | Protag R: -4219.00 | Antag R: 3919.00 | Delivery:  38.0% | Budget Used: 3000.00/4000.0
Ep  238 | Phase: ANTAGON | Ticks: 793 | Protag R: -5059.00 | Antag R: 4699.00 | Delivery:  29.8% | Budget Used: 3600.00/4000.0
Ep  239 | Phase: ANTAGON | Ticks: 794 | Protag R: -4424.00 | Antag R: 4064.00 | Delivery:  40.0% | Budget Used: 3600.00/4000.0
Ep  240 | Phase: ANTAGON | Ticks: 789 | Protag R: -4669.00 | Antag R: 4345.00 | Delivery:  33.9% | Budget Used: 3240.00/4000.0
Ep  241 | Phase: ANTAGON | Ticks: 782 | Protag R: -4822.00 | Antag R: 4474.00 | Delivery:  31.6% | Budget Used: 3480.00/4000.0
Ep  242 | Phase: ANTAGON | Ticks: 784 | Protag R: -5254.00 | Antag R: 4906.00 | Delivery:  43.2% | Budget Used: 3480.00/4000.0
Ep  243 | Phase: ANTAGON | Ticks: 784 | Protag R: -5588.00 | Antag R: 5264.00 | Delivery:  27.0% | Budget Used: 3240.00/4000.0
Ep  244 | Phase: ANTAGON | Ticks: 775 | Protag R: -6459.00 | Antag R: 6123.00 | Delivery:  28.9% | Budget Used: 3360.00/4000.0
Ep  245 | Phase: ANTAGON | Ticks: 796 | Protag R: -3255.00 | Antag R: 2931.00 | Delivery:  45.7% | Budget Used: 3240.00/4000.0
Ep  246 | Phase: ANTAGON | Ticks: 775 | Protag R: -4728.00 | Antag R: 4416.00 | Delivery:  38.9% | Budget Used: 3120.00/4000.0
Ep  247 | Phase: ANTAGON | Ticks: 781 | Protag R: -4525.00 | Antag R: 4189.00 | Delivery:  41.7% | Budget Used: 3360.00/4000.0
Ep  248 | Phase: ANTAGON | Ticks: 791 | Protag R: -7295.00 | Antag R: 6959.00 | Delivery:  23.6% | Budget Used: 3360.00/4000.0
Ep  249 | Phase: ANTAGON | Ticks: 798 | Protag R: -5180.00 | Antag R: 4892.00 | Delivery:  31.5% | Budget Used: 2880.00/4000.0
Ep  250 | Phase: ANTAGON | Ticks: 791 | Protag R: -4810.00 | Antag R: 4474.00 | Delivery:  40.9% | Budget Used: 3360.00/4000.0
Saving checkpoints for both agents before phase switch...
Ep  251 | Phase: ANTAGON | Ticks: 794 | Protag R: -4614.00 | Antag R: 4290.00 | Delivery:  38.5% | Budget Used: 3240.00/4000.0
Ep  252 | Phase: ANTAGON | Ticks: 798 | Protag R: -3825.00 | Antag R: 3513.00 | Delivery:  45.5% | Budget Used: 3120.00/4000.0
Ep  253 | Phase: ANTAGON | Ticks: 797 | Protag R: -6036.00 | Antag R: 5712.00 | Delivery:  37.8% | Budget Used: 3240.00/4000.0
Ep  254 | Phase: ANTAGON | Ticks: 783 | Protag R: -4196.00 | Antag R: 3872.00 | Delivery:  46.3% | Budget Used: 3240.00/4000.0
Ep  255 | Phase: ANTAGON | Ticks: 797 | Protag R: -3735.00 | Antag R: 3435.00 | Delivery:  39.2% | Budget Used: 3000.00/4000.0
Ep  256 | Phase: ANTAGON | Ticks: 790 | Protag R: -3828.00 | Antag R: 3552.00 | Delivery:  55.0% | Budget Used: 2760.00/4000.0
Ep  257 | Phase: ANTAGON | Ticks: 778 | Protag R: -6690.00 | Antag R: 6354.00 | Delivery:  27.4% | Budget Used: 3360.00/4000.0
Ep  258 | Phase: ANTAGON | Ticks: 799 | Protag R: -4482.00 | Antag R: 4182.00 | Delivery:  39.2% | Budget Used: 3000.00/4000.0
Ep  259 | Phase: ANTAGON | Ticks: 797 | Protag R: -4459.00 | Antag R: 4195.00 | Delivery:  48.8% | Budget Used: 2640.00/4000.0
Ep  260 | Phase: ANTAGON | Ticks: 788 | Protag R: -5064.00 | Antag R: 4764.00 | Delivery:  43.2% | Budget Used: 3000.00/4000.0
Ep  261 | Phase: ANTAGON | Ticks: 789 | Protag R: -4106.00 | Antag R: 3806.00 | Delivery:  44.7% | Budget Used: 3000.00/4000.0
Ep  262 | Phase: ANTAGON | Ticks: 775 | Protag R: -3353.00 | Antag R: 3029.00 | Delivery:  38.8% | Budget Used: 3240.00/4000.0
Ep  263 | Phase: ANTAGON | Ticks: 779 | Protag R: -3819.00 | Antag R: 3591.00 | Delivery:  47.8% | Budget Used: 2280.00/4000.0
Ep  264 | Phase: ANTAGON | Ticks: 789 | Protag R: -4491.00 | Antag R: 4227.00 | Delivery:  34.0% | Budget Used: 2640.00/4000.0
Ep  265 | Phase: ANTAGON | Ticks: 792 | Protag R: -2675.00 | Antag R: 2351.00 | Delivery:  55.6% | Budget Used: 3240.00/4000.0
Ep  266 | Phase: ANTAGON | Ticks: 797 | Protag R: -4673.00 | Antag R: 4337.00 | Delivery:  39.2% | Budget Used: 3360.00/4000.0
Ep  267 | Phase: ANTAGON | Ticks: 775 | Protag R: -6054.00 | Antag R: 5694.00 | Delivery:  26.6% | Budget Used: 3600.00/4000.0
Ep  268 | Phase: ANTAGON | Ticks: 799 | Protag R: -5188.00 | Antag R: 4864.00 | Delivery:  38.5% | Budget Used: 3240.00/4000.0
Ep  269 | Phase: ANTAGON | Ticks: 798 | Protag R: -3987.00 | Antag R: 3699.00 | Delivery:  36.6% | Budget Used: 2880.00/4000.0
Ep  270 | Phase: ANTAGON | Ticks: 794 | Protag R: -3630.00 | Antag R: 3330.00 | Delivery:  42.0% | Budget Used: 3000.00/4000.0
Ep  271 | Phase: ANTAGON | Ticks: 780 | Protag R: -3935.00 | Antag R: 3647.00 | Delivery:  41.7% | Budget Used: 2880.00/4000.0
Ep  272 | Phase: ANTAGON | Ticks: 794 | Protag R: -3821.00 | Antag R: 3485.00 | Delivery:  40.4% | Budget Used: 3360.00/4000.0
Ep  273 | Phase: ANTAGON | Ticks: 798 | Protag R: -5166.00 | Antag R: 4830.00 | Delivery:  45.8% | Budget Used: 3360.00/4000.0
Ep  274 | Phase: ANTAGON | Ticks: 780 | Protag R: -4757.00 | Antag R: 4481.00 | Delivery:  34.5% | Budget Used: 2760.00/4000.0
Ep  275 | Phase: ANTAGON | Ticks: 775 | Protag R: -4768.00 | Antag R: 4468.00 | Delivery:  31.7% | Budget Used: 3000.00/4000.0
Ep  276 | Phase: ANTAGON | Ticks: 784 | Protag R: -2587.00 | Antag R: 2275.00 | Delivery:  45.3% | Budget Used: 3120.00/4000.0
Ep  277 | Phase: ANTAGON | Ticks: 799 | Protag R: -3338.00 | Antag R: 3050.00 | Delivery:  37.5% | Budget Used: 2880.00/4000.0
Ep  278 | Phase: ANTAGON | Ticks: 786 | Protag R: -2397.00 | Antag R: 2073.00 | Delivery:  57.1% | Budget Used: 3240.00/4000.0
Ep  279 | Phase: ANTAGON | Ticks: 798 | Protag R: -4952.00 | Antag R: 4688.00 | Delivery:  52.6% | Budget Used: 2640.00/4000.0
Ep  280 | Phase: ANTAGON | Ticks: 797 | Protag R: -3579.00 | Antag R: 3315.00 | Delivery:  44.9% | Budget Used: 2640.00/4000.0
Ep  281 | Phase: ANTAGON | Ticks: 782 | Protag R: -5128.00 | Antag R: 4792.00 | Delivery:  32.7% | Budget Used: 3360.00/4000.0
Ep  282 | Phase: ANTAGON | Ticks: 799 | Protag R: -3855.00 | Antag R: 3531.00 | Delivery:  59.5% | Budget Used: 3240.00/4000.0
Ep  283 | Phase: ANTAGON | Ticks: 799 | Protag R: -4424.00 | Antag R: 4112.00 | Delivery:  41.2% | Budget Used: 3120.00/4000.0
Ep  284 | Phase: ANTAGON | Ticks: 786 | Protag R: -4657.00 | Antag R: 4297.00 | Delivery:  42.1% | Budget Used: 3600.00/4000.0
Ep  285 | Phase: ANTAGON | Ticks: 799 | Protag R: -5615.00 | Antag R: 5315.00 | Delivery:  31.2% | Budget Used: 3000.00/4000.0
Ep  286 | Phase: ANTAGON | Ticks: 788 | Protag R: -4496.00 | Antag R: 4196.00 | Delivery:  31.2% | Budget Used: 3000.00/4000.0
Ep  287 | Phase: ANTAGON | Ticks: 799 | Protag R: -6007.00 | Antag R: 5659.00 | Delivery:  36.4% | Budget Used: 3480.00/4000.0
Ep  288 | Phase: ANTAGON | Ticks: 780 | Protag R: -3096.00 | Antag R: 2796.00 | Delivery:  41.5% | Budget Used: 3000.00/4000.0
Ep  289 | Phase: ANTAGON | Ticks: 796 | Protag R: -4702.00 | Antag R: 4366.00 | Delivery:  30.9% | Budget Used: 3360.00/4000.0
Ep  290 | Phase: ANTAGON | Ticks: 775 | Protag R: -4775.00 | Antag R: 4475.00 | Delivery:  45.9% | Budget Used: 3000.00/4000.0
Ep  291 | Phase: ANTAGON | Ticks: 778 | Protag R: -3708.00 | Antag R: 3432.00 | Delivery:  38.8% | Budget Used: 2760.00/4000.0
Ep  292 | Phase: ANTAGON | Ticks: 798 | Protag R: -5111.00 | Antag R: 4799.00 | Delivery:  30.6% | Budget Used: 3120.00/4000.0
Ep  293 | Phase: ANTAGON | Ticks: 786 | Protag R: -2928.00 | Antag R: 2676.00 | Delivery:  52.4% | Budget Used: 2520.00/4000.0
Ep  294 | Phase: ANTAGON | Ticks: 796 | Protag R: -3932.00 | Antag R: 3656.00 | Delivery:  42.0% | Budget Used: 2760.00/4000.0
Ep  295 | Phase: ANTAGON | Ticks: 796 | Protag R: -5716.00 | Antag R: 5416.00 | Delivery:  34.5% | Budget Used: 3000.00/4000.0
Ep  296 | Phase: ANTAGON | Ticks: 797 | Protag R: -5993.00 | Antag R: 5669.00 | Delivery:  33.3% | Budget Used: 3240.00/4000.0
Ep  297 | Phase: ANTAGON | Ticks: 799 | Protag R: -4113.00 | Antag R: 3825.00 | Delivery:  38.8% | Budget Used: 2880.00/4000.0
Ep  298 | Phase: ANTAGON | Ticks: 775 | Protag R: -4730.00 | Antag R: 4382.00 | Delivery:  43.2% | Budget Used: 3480.00/4000.0
Ep  299 | Phase: ANTAGON | Ticks: 775 | Protag R: -3913.00 | Antag R: 3589.00 | Delivery:  42.2% | Budget Used: 3240.00/4000.0
Ep  300 | Phase: ANTAGON | Ticks: 775 | Protag R: -3695.00 | Antag R: 3431.00 | Delivery:  37.7% | Budget Used: 2640.00/4000.0
Saved coevolved protagonist actor to models/runs/br_gate/br_vs_greedy_fixed_seed0/protagonist/actor.pt
Saved coevolved antagonist actor to models/runs/br_gate/br_vs_greedy_fixed_seed0/antagonist/actor.pt
Saved copy of protagonist actor as latest to models/protagonist/actor.pt
Saved copy of antagonist actor as latest to models/antagonist/actor.pt

SACRED ATLA Training completed successfully! Logs saved to TensorBoard.
