Seeded run: seed=0
Initializing SACRED Stage-1.5 dynamic assignment (Poisson arrivals, 2 trucks)...
Configuring Protagonist Dispatch Agent...
Frozen protagonist from models/runs/gen06_dynassign_matrix/dynassign_scripted_seed0/snapshots/protagonist_ep450.pt (node_in_dim=13, edge_in_dim=4).
Configuring Antagonist Congestion Agent...
Initializing ATLA Coevolution Trainer...
Run Name: gen06_dynassign_matrix/br_scripted_s0_seed0
Starting SACRED training (mode=antagonist_only) for 300 episodes...
Device: Protagonist=cpu, Antagonist=cpu
Initial Phase: Training ANTAGONIST

Ep    1 | Phase: ANTAGON | Ticks: 783 | Protag R: -8313.00 | Antag R: 7942.00 | Delivery:  57.4% | Budget Used: 3720.00/4000.0
Ep    2 | Phase: ANTAGON | Ticks: 797 | Protag R: -8777.00 | Antag R: 8406.00 | Delivery:  55.3% | Budget Used: 3720.00/4000.0
Ep    3 | Phase: ANTAGON | Ticks: 786 | Protag R: -10289.00 | Antag R: 9930.00 | Delivery:  54.3% | Budget Used: 3600.00/4000.0
Ep    4 | Phase: ANTAGON | Ticks: 795 | Protag R: -11331.00 | Antag R: 10960.00 | Delivery:  41.9% | Budget Used: 3720.00/4000.0
Ep    5 | Phase: ANTAGON | Ticks: 789 | Protag R: -6217.00 | Antag R: 5845.00 | Delivery:  58.3% | Budget Used: 3720.00/4000.0
Ep    6 | Phase: ANTAGON | Ticks: 793 | Protag R: -8027.00 | Antag R: 7656.00 | Delivery:  54.0% | Budget Used: 3720.00/4000.0
Ep    7 | Phase: ANTAGON | Ticks: 795 | Protag R: -7229.00 | Antag R: 6858.00 | Delivery:  58.3% | Budget Used: 3720.00/4000.0
Ep    8 | Phase: ANTAGON | Ticks: 799 | Protag R: -7260.00 | Antag R: 6889.00 | Delivery:  59.6% | Budget Used: 3720.00/4000.0
Ep    9 | Phase: ANTAGON | Ticks: 789 | Protag R: -10286.00 | Antag R: 9914.00 | Delivery:  51.0% | Budget Used: 3720.00/4000.0
Ep   10 | Phase: ANTAGON | Ticks: 796 | Protag R: -9548.00 | Antag R: 9176.00 | Delivery:  46.0% | Budget Used: 3720.00/4000.0
Ep   11 | Phase: ANTAGON | Ticks: 793 | Protag R: -8394.00 | Antag R: 8035.00 | Delivery:  58.7% | Budget Used: 3600.00/4000.0
Ep   12 | Phase: ANTAGON | Ticks: 795 | Protag R: -9050.00 | Antag R: 8715.00 | Delivery:  54.3% | Budget Used: 3360.00/4000.0
Ep   13 | Phase: ANTAGON | Ticks: 788 | Protag R: -5718.00 | Antag R: 5491.00 | Delivery:  60.5% | Budget Used: 2280.00/4000.0
Ep   14 | Phase: ANTAGON | Ticks: 798 | Protag R: -10552.00 | Antag R: 10432.00 | Delivery:  55.6% | Budget Used: 1200.00/4000.0
Ep   15 | Phase: ANTAGON | Ticks: 775 | Protag R: -8963.00 | Antag R: 8652.00 | Delivery:  52.2% | Budget Used: 3120.00/4000.0
Ep   16 | Phase: ANTAGON | Ticks: 785 | Protag R: -5427.00 | Antag R: 5140.00 | Delivery:  63.4% | Budget Used: 2880.00/4000.0
Ep   17 | Phase: ANTAGON | Ticks: 795 | Protag R: -7764.00 | Antag R: 7428.00 | Delivery:  54.2% | Budget Used: 3360.00/4000.0
Ep   18 | Phase: ANTAGON | Ticks: 782 | Protag R: -8353.00 | Antag R: 7994.00 | Delivery:  61.4% | Budget Used: 3600.00/4000.0
Ep   19 | Phase: ANTAGON | Ticks: 785 | Protag R: -3950.00 | Antag R: 3602.00 | Delivery:  78.1% | Budget Used: 3480.00/4000.0
Ep   20 | Phase: ANTAGON | Ticks: 776 | Protag R: -5156.00 | Antag R: 4821.00 | Delivery:  68.4% | Budget Used: 3360.00/4000.0
Ep   21 | Phase: ANTAGON | Ticks: 793 | Protag R: -10745.00 | Antag R: 10386.00 | Delivery:  51.0% | Budget Used: 3600.00/4000.0
Ep   22 | Phase: ANTAGON | Ticks: 789 | Protag R: -13236.00 | Antag R: 12901.00 | Delivery:  45.2% | Budget Used: 3360.00/4000.0
Ep   23 | Phase: ANTAGON | Ticks: 787 | Protag R: -9077.00 | Antag R: 8730.00 | Delivery:  57.1% | Budget Used: 3480.00/4000.0
Ep   24 | Phase: ANTAGON | Ticks: 794 | Protag R: -9448.00 | Antag R: 9101.00 | Delivery:  49.1% | Budget Used: 3480.00/4000.0
Ep   25 | Phase: ANTAGON | Ticks: 793 | Protag R: -4749.00 | Antag R: 4426.00 | Delivery:  96.9% | Budget Used: 3240.00/4000.0
Ep   26 | Phase: ANTAGON | Ticks: 794 | Protag R: -15840.00 | Antag R: 15469.00 | Delivery:  47.5% | Budget Used: 3720.00/4000.0
Ep   27 | Phase: ANTAGON | Ticks: 789 | Protag R: -1406.00 | Antag R: 1059.00 | Delivery:  84.4% | Budget Used: 3480.00/4000.0
Ep   28 | Phase: ANTAGON | Ticks: 778 | Protag R: -5587.00 | Antag R: 5216.00 | Delivery:  67.5% | Budget Used: 3720.00/4000.0
Ep   29 | Phase: ANTAGON | Ticks: 784 | Protag R: -9576.00 | Antag R: 9229.00 | Delivery:  51.9% | Budget Used: 3480.00/4000.0
Ep   30 | Phase: ANTAGON | Ticks: 795 | Protag R: -9472.00 | Antag R: 9113.00 | Delivery:  62.2% | Budget Used: 3600.00/4000.0
Ep   31 | Phase: ANTAGON | Ticks: 794 | Protag R: -14658.00 | Antag R: 14287.00 | Delivery:  48.3% | Budget Used: 3720.00/4000.0
Ep   32 | Phase: ANTAGON | Ticks: 790 | Protag R: -12313.00 | Antag R: 11977.00 | Delivery:  48.3% | Budget Used: 3360.00/4000.0
Ep   33 | Phase: ANTAGON | Ticks: 783 | Protag R: -11730.00 | Antag R: 11371.00 | Delivery:  50.0% | Budget Used: 3600.00/4000.0
Ep   34 | Phase: ANTAGON | Ticks: 792 | Protag R: -8775.00 | Antag R: 8416.00 | Delivery:  55.4% | Budget Used: 3600.00/4000.0
Ep   35 | Phase: ANTAGON | Ticks: 794 | Protag R: -11346.00 | Antag R: 10987.00 | Delivery:  54.0% | Budget Used: 3600.00/4000.0
Ep   36 | Phase: ANTAGON | Ticks: 780 | Protag R: -10561.00 | Antag R: 10226.00 | Delivery:  53.6% | Budget Used: 3360.00/4000.0
Ep   37 | Phase: ANTAGON | Ticks: 788 | Protag R: -10207.00 | Antag R: 9847.00 | Delivery:  54.3% | Budget Used: 3600.00/4000.0
Ep   38 | Phase: ANTAGON | Ticks: 793 | Protag R: -11233.00 | Antag R: 10886.00 | Delivery:  53.3% | Budget Used: 3480.00/4000.0
Ep   39 | Phase: ANTAGON | Ticks: 790 | Protag R: -12262.00 | Antag R: 11903.00 | Delivery:  51.7% | Budget Used: 3600.00/4000.0
Ep   40 | Phase: ANTAGON | Ticks: 792 | Protag R: -8277.00 | Antag R: 7930.00 | Delivery:  55.3% | Budget Used: 3480.00/4000.0
Ep   41 | Phase: ANTAGON | Ticks: 781 | Protag R: -5954.00 | Antag R: 5607.00 | Delivery:  62.8% | Budget Used: 3480.00/4000.0
Ep   42 | Phase: ANTAGON | Ticks: 799 | Protag R: -12685.00 | Antag R: 12326.00 | Delivery:  49.0% | Budget Used: 3600.00/4000.0
Ep   43 | Phase: ANTAGON | Ticks: 794 | Protag R: -5796.00 | Antag R: 5437.00 | Delivery:  68.6% | Budget Used: 3600.00/4000.0
Ep   44 | Phase: ANTAGON | Ticks: 799 | Protag R: -8927.00 | Antag R: 8556.00 | Delivery:  60.4% | Budget Used: 3720.00/4000.0
Ep   45 | Phase: ANTAGON | Ticks: 799 | Protag R: -8891.00 | Antag R: 8532.00 | Delivery:  57.8% | Budget Used: 3600.00/4000.0
Ep   46 | Phase: ANTAGON | Ticks: 797 | Protag R: -14853.00 | Antag R: 14507.00 | Delivery:  35.0% | Budget Used: 3480.00/4000.0
Ep   47 | Phase: ANTAGON | Ticks: 796 | Protag R: -8986.00 | Antag R: 8627.00 | Delivery:  54.5% | Budget Used: 3600.00/4000.0
Ep   48 | Phase: ANTAGON | Ticks: 794 | Protag R: -13267.00 | Antag R: 12908.00 | Delivery:  50.0% | Budget Used: 3600.00/4000.0
Ep   49 | Phase: ANTAGON | Ticks: 783 | Protag R: -10499.00 | Antag R: 10164.00 | Delivery:  49.0% | Budget Used: 3360.00/4000.0
Ep   50 | Phase: ANTAGON | Ticks: 794 | Protag R: -12500.00 | Antag R: 12153.00 | Delivery:  43.9% | Budget Used: 3480.00/4000.0
Saving checkpoints for both agents before phase switch...
Ep   51 | Phase: ANTAGON | Ticks: 795 | Protag R: -10898.00 | Antag R: 10527.00 | Delivery:  54.9% | Budget Used: 3720.00/4000.0
Ep   52 | Phase: ANTAGON | Ticks: 789 | Protag R: -15909.00 | Antag R: 15550.00 | Delivery:  43.1% | Budget Used: 3600.00/4000.0
Ep   53 | Phase: ANTAGON | Ticks: 796 | Protag R: -8902.00 | Antag R: 8579.00 | Delivery:  58.5% | Budget Used: 3240.00/4000.0
Ep   54 | Phase: ANTAGON | Ticks: 783 | Protag R: -15453.00 | Antag R: 15082.00 | Delivery:  36.8% | Budget Used: 3720.00/4000.0
Ep   55 | Phase: ANTAGON | Ticks: 797 | Protag R: -8001.00 | Antag R: 7665.00 | Delivery:  45.8% | Budget Used: 3360.00/4000.0
Ep   56 | Phase: ANTAGON | Ticks: 794 | Protag R: -8778.00 | Antag R: 8431.00 | Delivery:  58.7% | Budget Used: 3480.00/4000.0
Ep   57 | Phase: ANTAGON | Ticks: 789 | Protag R: -8522.00 | Antag R: 8151.00 | Delivery:  51.1% | Budget Used: 3720.00/4000.0
Ep   58 | Phase: ANTAGON | Ticks: 778 | Protag R: -8046.00 | Antag R: 7674.00 | Delivery:  63.8% | Budget Used: 3720.00/4000.0
Ep   59 | Phase: ANTAGON | Ticks: 798 | Protag R: -4834.00 | Antag R: 4475.00 | Delivery:  73.2% | Budget Used: 3600.00/4000.0
Ep   60 | Phase: ANTAGON | Ticks: 794 | Protag R: -8707.00 | Antag R: 8347.00 | Delivery:  64.3% | Budget Used: 3600.00/4000.0
Ep   61 | Phase: ANTAGON | Ticks: 777 | Protag R: -8269.00 | Antag R: 7898.00 | Delivery:  50.8% | Budget Used: 3720.00/4000.0
Ep   62 | Phase: ANTAGON | Ticks: 777 | Protag R: -9730.00 | Antag R: 9359.00 | Delivery:  59.5% | Budget Used: 3720.00/4000.0
Ep   63 | Phase: ANTAGON | Ticks: 793 | Protag R: -9648.00 | Antag R: 9288.00 | Delivery:  53.8% | Budget Used: 3600.00/4000.0
Ep   64 | Phase: ANTAGON | Ticks: 799 | Protag R: -5664.00 | Antag R: 5293.00 | Delivery:  63.6% | Budget Used: 3720.00/4000.0
Ep   65 | Phase: ANTAGON | Ticks: 792 | Protag R: -7114.00 | Antag R: 6755.00 | Delivery:  60.0% | Budget Used: 3600.00/4000.0
Ep   66 | Phase: ANTAGON | Ticks: 797 | Protag R: -8952.00 | Antag R: 8581.00 | Delivery:  54.2% | Budget Used: 3720.00/4000.0
Ep   67 | Phase: ANTAGON | Ticks: 783 | Protag R: -6784.00 | Antag R: 6436.00 | Delivery:  66.7% | Budget Used: 3480.00/4000.0
Ep   68 | Phase: ANTAGON | Ticks: 796 | Protag R: -2183.00 | Antag R: 1836.00 | Delivery:  89.3% | Budget Used: 3480.00/4000.0
Ep   69 | Phase: ANTAGON | Ticks: 777 | Protag R: -13952.00 | Antag R: 13592.00 | Delivery:  42.9% | Budget Used: 3600.00/4000.0
Ep   70 | Phase: ANTAGON | Ticks: 794 | Protag R: -9471.00 | Antag R: 9123.00 | Delivery:  55.1% | Budget Used: 3480.00/4000.0
Ep   71 | Phase: ANTAGON | Ticks: 797 | Protag R: -8822.00 | Antag R: 8451.00 | Delivery:  67.3% | Budget Used: 3720.00/4000.0
Ep   72 | Phase: ANTAGON | Ticks: 792 | Protag R: -7116.00 | Antag R: 6756.00 | Delivery:  60.0% | Budget Used: 3600.00/4000.0
Ep   73 | Phase: ANTAGON | Ticks: 797 | Protag R: -11552.00 | Antag R: 11181.00 | Delivery:  55.6% | Budget Used: 3720.00/4000.0
Ep   74 | Phase: ANTAGON | Ticks: 792 | Protag R: -6466.00 | Antag R: 6095.00 | Delivery:  55.8% | Budget Used: 3720.00/4000.0
Ep   75 | Phase: ANTAGON | Ticks: 799 | Protag R: -11053.00 | Antag R: 10694.00 | Delivery:  48.2% | Budget Used: 3600.00/4000.0
Ep   76 | Phase: ANTAGON | Ticks: 793 | Protag R: -11946.00 | Antag R: 11587.00 | Delivery:  47.5% | Budget Used: 3600.00/4000.0
Ep   77 | Phase: ANTAGON | Ticks: 788 | Protag R: -7093.00 | Antag R: 6722.00 | Delivery:  73.2% | Budget Used: 3720.00/4000.0
Ep   78 | Phase: ANTAGON | Ticks: 792 | Protag R: -14142.00 | Antag R: 13772.00 | Delivery:  45.8% | Budget Used: 3720.00/4000.0
Ep   79 | Phase: ANTAGON | Ticks: 796 | Protag R: -7903.00 | Antag R: 7544.00 | Delivery:  56.5% | Budget Used: 3600.00/4000.0
Ep   80 | Phase: ANTAGON | Ticks: 797 | Protag R: -10066.00 | Antag R: 9732.00 | Delivery:  48.1% | Budget Used: 3360.00/4000.0
Ep   81 | Phase: ANTAGON | Ticks: 792 | Protag R: -16564.00 | Antag R: 16193.00 | Delivery:  46.8% | Budget Used: 3720.00/4000.0
Ep   82 | Phase: ANTAGON | Ticks: 783 | Protag R: -7447.00 | Antag R: 7076.00 | Delivery:  61.4% | Budget Used: 3720.00/4000.0
Ep   83 | Phase: ANTAGON | Ticks: 789 | Protag R: -13802.00 | Antag R: 13431.00 | Delivery:  44.4% | Budget Used: 3720.00/4000.0
Ep   84 | Phase: ANTAGON | Ticks: 788 | Protag R: -8631.00 | Antag R: 8272.00 | Delivery:  54.2% | Budget Used: 3600.00/4000.0
Ep   85 | Phase: ANTAGON | Ticks: 790 | Protag R: -6267.00 | Antag R: 5908.00 | Delivery:  61.0% | Budget Used: 3600.00/4000.0
Ep   86 | Phase: ANTAGON | Ticks: 782 | Protag R: -4739.00 | Antag R: 4379.00 | Delivery:  73.7% | Budget Used: 3600.00/4000.0
Ep   87 | Phase: ANTAGON | Ticks: 798 | Protag R: -12034.00 | Antag R: 11662.00 | Delivery:  54.2% | Budget Used: 3720.00/4000.0
Ep   88 | Phase: ANTAGON | Ticks: 797 | Protag R: -7867.00 | Antag R: 7496.00 | Delivery:  60.5% | Budget Used: 3720.00/4000.0
Ep   89 | Phase: ANTAGON | Ticks: 793 | Protag R: -13590.00 | Antag R: 13231.00 | Delivery:  43.1% | Budget Used: 3600.00/4000.0
Ep   90 | Phase: ANTAGON | Ticks: 794 | Protag R: -10331.00 | Antag R: 9984.00 | Delivery:  54.9% | Budget Used: 3480.00/4000.0
Ep   91 | Phase: ANTAGON | Ticks: 788 | Protag R: -9520.00 | Antag R: 9149.00 | Delivery:  50.0% | Budget Used: 3720.00/4000.0
Ep   92 | Phase: ANTAGON | Ticks: 780 | Protag R: -12557.00 | Antag R: 12186.00 | Delivery:  34.7% | Budget Used: 3720.00/4000.0
Ep   93 | Phase: ANTAGON | Ticks: 780 | Protag R: -4346.00 | Antag R: 3975.00 | Delivery:  76.5% | Budget Used: 3720.00/4000.0
Ep   94 | Phase: ANTAGON | Ticks: 789 | Protag R: -8766.00 | Antag R: 8395.00 | Delivery:  50.9% | Budget Used: 3720.00/4000.0
Ep   95 | Phase: ANTAGON | Ticks: 794 | Protag R: -7338.00 | Antag R: 6979.00 | Delivery:  67.4% | Budget Used: 3600.00/4000.0
Ep   96 | Phase: ANTAGON | Ticks: 786 | Protag R: -3301.00 | Antag R: 3002.00 | Delivery:  65.8% | Budget Used: 3000.00/4000.0
Ep   97 | Phase: ANTAGON | Ticks: 798 | Protag R: -8851.00 | Antag R: 8480.00 | Delivery:  54.5% | Budget Used: 3720.00/4000.0
Ep   98 | Phase: ANTAGON | Ticks: 790 | Protag R: -8127.00 | Antag R: 7780.00 | Delivery:  50.0% | Budget Used: 3480.00/4000.0
Ep   99 | Phase: ANTAGON | Ticks: 797 | Protag R: -7500.00 | Antag R: 7129.00 | Delivery:  64.6% | Budget Used: 3720.00/4000.0
Ep  100 | Phase: ANTAGON | Ticks: 792 | Protag R: -6481.00 | Antag R: 6157.00 | Delivery:  50.0% | Budget Used: 3240.00/4000.0
Saving checkpoints for both agents before phase switch...
Ep  101 | Phase: ANTAGON | Ticks: 780 | Protag R: -8741.00 | Antag R: 8370.00 | Delivery:  47.6% | Budget Used: 3720.00/4000.0
Ep  102 | Phase: ANTAGON | Ticks: 799 | Protag R: -9633.00 | Antag R: 9274.00 | Delivery:  42.1% | Budget Used: 3600.00/4000.0
Ep  103 | Phase: ANTAGON | Ticks: 796 | Protag R: -5863.00 | Antag R: 5491.00 | Delivery:  57.1% | Budget Used: 3720.00/4000.0
Ep  104 | Phase: ANTAGON | Ticks: 793 | Protag R: -11095.00 | Antag R: 10736.00 | Delivery:  58.3% | Budget Used: 3600.00/4000.0
Ep  105 | Phase: ANTAGON | Ticks: 786 | Protag R: -10491.00 | Antag R: 10132.00 | Delivery:  57.7% | Budget Used: 3600.00/4000.0
Ep  106 | Phase: ANTAGON | Ticks: 794 | Protag R: -8123.00 | Antag R: 7764.00 | Delivery:  60.4% | Budget Used: 3600.00/4000.0
Ep  107 | Phase: ANTAGON | Ticks: 786 | Protag R: -13590.00 | Antag R: 13231.00 | Delivery:  44.2% | Budget Used: 3600.00/4000.0
Ep  108 | Phase: ANTAGON | Ticks: 784 | Protag R: -9415.00 | Antag R: 9044.00 | Delivery:  54.3% | Budget Used: 3720.00/4000.0
Ep  109 | Phase: ANTAGON | Ticks: 794 | Protag R: -5810.00 | Antag R: 5439.00 | Delivery:  65.0% | Budget Used: 3720.00/4000.0
Ep  110 | Phase: ANTAGON | Ticks: 799 | Protag R: -11700.00 | Antag R: 11364.00 | Delivery:  40.4% | Budget Used: 3360.00/4000.0
Ep  111 | Phase: ANTAGON | Ticks: 796 | Protag R: -11096.00 | Antag R: 10737.00 | Delivery:  44.7% | Budget Used: 3600.00/4000.0
Ep  112 | Phase: ANTAGON | Ticks: 792 | Protag R: -8072.00 | Antag R: 7712.00 | Delivery:  55.6% | Budget Used: 3600.00/4000.0
Ep  113 | Phase: ANTAGON | Ticks: 783 | Protag R: -5225.00 | Antag R: 4866.00 | Delivery:  72.5% | Budget Used: 3600.00/4000.0
Ep  114 | Phase: ANTAGON | Ticks: 782 | Protag R: -8548.00 | Antag R: 8189.00 | Delivery:  51.1% | Budget Used: 3600.00/4000.0
Ep  115 | Phase: ANTAGON | Ticks: 788 | Protag R: -9685.00 | Antag R: 9337.00 | Delivery:  53.8% | Budget Used: 3480.00/4000.0
Ep  116 | Phase: ANTAGON | Ticks: 791 | Protag R: -6625.00 | Antag R: 6326.00 | Delivery:  70.7% | Budget Used: 3000.00/4000.0
Ep  117 | Phase: ANTAGON | Ticks: 799 | Protag R: -5604.00 | Antag R: 5245.00 | Delivery:  69.8% | Budget Used: 3600.00/4000.0
Ep  118 | Phase: ANTAGON | Ticks: 796 | Protag R: -9532.00 | Antag R: 9161.00 | Delivery:  53.7% | Budget Used: 3720.00/4000.0
Ep  119 | Phase: ANTAGON | Ticks: 796 | Protag R: -12746.00 | Antag R: 12375.00 | Delivery:  47.3% | Budget Used: 3720.00/4000.0
Ep  120 | Phase: ANTAGON | Ticks: 787 | Protag R: -11314.00 | Antag R: 10943.00 | Delivery:  50.0% | Budget Used: 3720.00/4000.0
Ep  121 | Phase: ANTAGON | Ticks: 798 | Protag R: -13455.00 | Antag R: 13096.00 | Delivery:  54.4% | Budget Used: 3600.00/4000.0
Ep  122 | Phase: ANTAGON | Ticks: 792 | Protag R: -10341.00 | Antag R: 9970.00 | Delivery:  55.1% | Budget Used: 3720.00/4000.0
Ep  123 | Phase: ANTAGON | Ticks: 794 | Protag R: -11640.00 | Antag R: 11304.00 | Delivery:  50.9% | Budget Used: 3360.00/4000.0
Ep  124 | Phase: ANTAGON | Ticks: 789 | Protag R: -9206.00 | Antag R: 8931.00 | Delivery:  54.0% | Budget Used: 2760.00/4000.0
Ep  125 | Phase: ANTAGON | Ticks: 784 | Protag R: -8329.00 | Antag R: 8017.00 | Delivery:  59.6% | Budget Used: 3120.00/4000.0
Ep  126 | Phase: ANTAGON | Ticks: 799 | Protag R: -5918.00 | Antag R: 5559.00 | Delivery:  68.3% | Budget Used: 3600.00/4000.0
Ep  127 | Phase: ANTAGON | Ticks: 781 | Protag R: -7669.00 | Antag R: 7322.00 | Delivery:  53.1% | Budget Used: 3480.00/4000.0
Ep  128 | Phase: ANTAGON | Ticks: 798 | Protag R: -11384.00 | Antag R: 11013.00 | Delivery:  52.6% | Budget Used: 3720.00/4000.0
Ep  129 | Phase: ANTAGON | Ticks: 796 | Protag R: -9049.00 | Antag R: 8714.00 | Delivery:  62.2% | Budget Used: 3360.00/4000.0
Ep  130 | Phase: ANTAGON | Ticks: 787 | Protag R: -11011.00 | Antag R: 10652.00 | Delivery:  52.9% | Budget Used: 3600.00/4000.0
Ep  131 | Phase: ANTAGON | Ticks: 795 | Protag R: -3447.00 | Antag R: 3111.00 | Delivery:  69.0% | Budget Used: 3360.00/4000.0
Ep  132 | Phase: ANTAGON | Ticks: 776 | Protag R: -4773.00 | Antag R: 4414.00 | Delivery:  66.7% | Budget Used: 3600.00/4000.0
Ep  133 | Phase: ANTAGON | Ticks: 780 | Protag R: -6870.00 | Antag R: 6499.00 | Delivery:  59.1% | Budget Used: 3720.00/4000.0
Ep  134 | Phase: ANTAGON | Ticks: 794 | Protag R: -10287.00 | Antag R: 9916.00 | Delivery:  46.0% | Budget Used: 3720.00/4000.0
Ep  135 | Phase: ANTAGON | Ticks: 795 | Protag R: -5748.00 | Antag R: 5388.00 | Delivery:  57.8% | Budget Used: 3600.00/4000.0
Ep  136 | Phase: ANTAGON | Ticks: 791 | Protag R: -12261.00 | Antag R: 11890.00 | Delivery:  43.6% | Budget Used: 3720.00/4000.0
Ep  137 | Phase: ANTAGON | Ticks: 791 | Protag R: -8904.00 | Antag R: 8557.00 | Delivery:  61.4% | Budget Used: 3480.00/4000.0
Ep  138 | Phase: ANTAGON | Ticks: 799 | Protag R: -5015.00 | Antag R: 4667.00 | Delivery:  69.0% | Budget Used: 3480.00/4000.0
Ep  139 | Phase: ANTAGON | Ticks: 784 | Protag R: -9452.00 | Antag R: 9082.00 | Delivery:  58.8% | Budget Used: 3720.00/4000.0
Ep  140 | Phase: ANTAGON | Ticks: 786 | Protag R: -5418.00 | Antag R: 5070.00 | Delivery:  58.1% | Budget Used: 3480.00/4000.0
Ep  141 | Phase: ANTAGON | Ticks: 797 | Protag R: -8413.00 | Antag R: 8066.00 | Delivery:  52.9% | Budget Used: 3480.00/4000.0
Ep  142 | Phase: ANTAGON | Ticks: 797 | Protag R: -9273.00 | Antag R: 8926.00 | Delivery:  52.9% | Budget Used: 3480.00/4000.0
Ep  143 | Phase: ANTAGON | Ticks: 790 | Protag R: -10131.00 | Antag R: 9784.00 | Delivery:  57.1% | Budget Used: 3480.00/4000.0
Ep  144 | Phase: ANTAGON | Ticks: 783 | Protag R: -7118.00 | Antag R: 6759.00 | Delivery:  66.7% | Budget Used: 3600.00/4000.0
Ep  145 | Phase: ANTAGON | Ticks: 796 | Protag R: -8919.00 | Antag R: 8548.00 | Delivery:  51.9% | Budget Used: 3720.00/4000.0
Ep  146 | Phase: ANTAGON | Ticks: 785 | Protag R: -7005.00 | Antag R: 6646.00 | Delivery:  56.5% | Budget Used: 3600.00/4000.0
Ep  147 | Phase: ANTAGON | Ticks: 789 | Protag R: -7271.00 | Antag R: 6936.00 | Delivery:  46.8% | Budget Used: 3360.00/4000.0
Ep  148 | Phase: ANTAGON | Ticks: 789 | Protag R: -8296.00 | Antag R: 7948.00 | Delivery:  59.1% | Budget Used: 3480.00/4000.0
Ep  149 | Phase: ANTAGON | Ticks: 785 | Protag R: -11938.00 | Antag R: 11590.00 | Delivery:  47.1% | Budget Used: 3480.00/4000.0
Ep  150 | Phase: ANTAGON | Ticks: 785 | Protag R: -4381.00 | Antag R: 4045.00 | Delivery:  51.4% | Budget Used: 3360.00/4000.0
Saving checkpoints for both agents before phase switch...
Ep  151 | Phase: ANTAGON | Ticks: 791 | Protag R: -13481.00 | Antag R: 13110.00 | Delivery:  39.1% | Budget Used: 3720.00/4000.0
Ep  152 | Phase: ANTAGON | Ticks: 784 | Protag R: -9417.00 | Antag R: 9046.00 | Delivery:  53.1% | Budget Used: 3720.00/4000.0
Ep  153 | Phase: ANTAGON | Ticks: 799 | Protag R: -7114.00 | Antag R: 6755.00 | Delivery:  61.2% | Budget Used: 3600.00/4000.0
Ep  154 | Phase: ANTAGON | Ticks: 788 | Protag R: -8674.00 | Antag R: 8302.00 | Delivery:  50.9% | Budget Used: 3720.00/4000.0
Ep  155 | Phase: ANTAGON | Ticks: 782 | Protag R: -8530.00 | Antag R: 8170.00 | Delivery:  60.9% | Budget Used: 3600.00/4000.0
Ep  156 | Phase: ANTAGON | Ticks: 792 | Protag R: -9251.00 | Antag R: 8891.00 | Delivery:  45.1% | Budget Used: 3600.00/4000.0
Ep  157 | Phase: ANTAGON | Ticks: 792 | Protag R: -7726.00 | Antag R: 7355.00 | Delivery:  63.2% | Budget Used: 3720.00/4000.0
Ep  158 | Phase: ANTAGON | Ticks: 794 | Protag R: -10349.00 | Antag R: 9978.00 | Delivery:  50.9% | Budget Used: 3720.00/4000.0
Ep  159 | Phase: ANTAGON | Ticks: 788 | Protag R: -4558.00 | Antag R: 4199.00 | Delivery:  67.4% | Budget Used: 3600.00/4000.0
Ep  160 | Phase: ANTAGON | Ticks: 788 | Protag R: -6426.00 | Antag R: 6055.00 | Delivery:  65.2% | Budget Used: 3720.00/4000.0
Ep  161 | Phase: ANTAGON | Ticks: 788 | Protag R: -11089.00 | Antag R: 10719.00 | Delivery:  51.9% | Budget Used: 3720.00/4000.0
Ep  162 | Phase: ANTAGON | Ticks: 785 | Protag R: -9762.00 | Antag R: 9391.00 | Delivery:  51.1% | Budget Used: 3720.00/4000.0
Ep  163 | Phase: ANTAGON | Ticks: 798 | Protag R: -12012.00 | Antag R: 11641.00 | Delivery:  49.2% | Budget Used: 3720.00/4000.0
Ep  164 | Phase: ANTAGON | Ticks: 787 | Protag R: -9301.00 | Antag R: 8942.00 | Delivery:  51.0% | Budget Used: 3600.00/4000.0
Ep  165 | Phase: ANTAGON | Ticks: 778 | Protag R: -9735.00 | Antag R: 9387.00 | Delivery:  45.8% | Budget Used: 3480.00/4000.0
Ep  166 | Phase: ANTAGON | Ticks: 788 | Protag R: -16787.00 | Antag R: 16417.00 | Delivery:  39.4% | Budget Used: 3720.00/4000.0
Ep  167 | Phase: ANTAGON | Ticks: 787 | Protag R: -10160.00 | Antag R: 9800.00 | Delivery:  52.9% | Budget Used: 3600.00/4000.0
Ep  168 | Phase: ANTAGON | Ticks: 796 | Protag R: -8761.00 | Antag R: 8426.00 | Delivery:  51.1% | Budget Used: 3360.00/4000.0
Ep  169 | Phase: ANTAGON | Ticks: 775 | Protag R: -15877.00 | Antag R: 15506.00 | Delivery:  37.5% | Budget Used: 3720.00/4000.0
Ep  170 | Phase: ANTAGON | Ticks: 789 | Protag R: -7336.00 | Antag R: 6989.00 | Delivery:  60.0% | Budget Used: 3480.00/4000.0
Ep  171 | Phase: ANTAGON | Ticks: 788 | Protag R: -12935.00 | Antag R: 12588.00 | Delivery:  47.5% | Budget Used: 3480.00/4000.0
Ep  172 | Phase: ANTAGON | Ticks: 789 | Protag R: -10387.00 | Antag R: 10016.00 | Delivery:  47.1% | Budget Used: 3720.00/4000.0
Ep  173 | Phase: ANTAGON | Ticks: 787 | Protag R: -13903.00 | Antag R: 13544.00 | Delivery:  39.6% | Budget Used: 3600.00/4000.0
Ep  174 | Phase: ANTAGON | Ticks: 797 | Protag R: -11647.00 | Antag R: 11276.00 | Delivery:  50.9% | Budget Used: 3720.00/4000.0
Ep  175 | Phase: ANTAGON | Ticks: 799 | Protag R: -5270.00 | Antag R: 4922.00 | Delivery:  66.7% | Budget Used: 3480.00/4000.0
Ep  176 | Phase: ANTAGON | Ticks: 796 | Protag R: -6949.00 | Antag R: 6590.00 | Delivery:  56.1% | Budget Used: 3600.00/4000.0
Ep  177 | Phase: ANTAGON | Ticks: 799 | Protag R: -5915.00 | Antag R: 5580.00 | Delivery:  60.5% | Budget Used: 3360.00/4000.0
Ep  178 | Phase: ANTAGON | Ticks: 788 | Protag R: -10471.00 | Antag R: 10100.00 | Delivery:  51.1% | Budget Used: 3720.00/4000.0
Ep  179 | Phase: ANTAGON | Ticks: 790 | Protag R: -9373.00 | Antag R: 9002.00 | Delivery:  58.7% | Budget Used: 3720.00/4000.0
Ep  180 | Phase: ANTAGON | Ticks: 799 | Protag R: -8687.00 | Antag R: 8352.00 | Delivery:  63.4% | Budget Used: 3360.00/4000.0
Ep  181 | Phase: ANTAGON | Ticks: 778 | Protag R: -4433.00 | Antag R: 4098.00 | Delivery:  73.7% | Budget Used: 3360.00/4000.0
Ep  182 | Phase: ANTAGON | Ticks: 775 | Protag R: -8498.00 | Antag R: 8127.00 | Delivery:  47.9% | Budget Used: 3720.00/4000.0
Ep  183 | Phase: ANTAGON | Ticks: 789 | Protag R: -7631.00 | Antag R: 7272.00 | Delivery:  50.0% | Budget Used: 3600.00/4000.0
Ep  184 | Phase: ANTAGON | Ticks: 796 | Protag R: -10075.00 | Antag R: 9704.00 | Delivery:  52.1% | Budget Used: 3720.00/4000.0
Ep  185 | Phase: ANTAGON | Ticks: 785 | Protag R: -6383.00 | Antag R: 6024.00 | Delivery:  62.8% | Budget Used: 3600.00/4000.0
Ep  186 | Phase: ANTAGON | Ticks: 791 | Protag R: -14571.00 | Antag R: 14224.00 | Delivery:  38.7% | Budget Used: 3480.00/4000.0
Ep  187 | Phase: ANTAGON | Ticks: 790 | Protag R: -11364.00 | Antag R: 11017.00 | Delivery:  51.8% | Budget Used: 3480.00/4000.0
Ep  188 | Phase: ANTAGON | Ticks: 783 | Protag R: -8163.00 | Antag R: 7804.00 | Delivery:  56.4% | Budget Used: 3600.00/4000.0
Ep  189 | Phase: ANTAGON | Ticks: 785 | Protag R: -11368.00 | Antag R: 11033.00 | Delivery:  55.1% | Budget Used: 3360.00/4000.0
Ep  190 | Phase: ANTAGON | Ticks: 788 | Protag R: -4775.00 | Antag R: 4404.00 | Delivery:  64.9% | Budget Used: 3720.00/4000.0
Ep  191 | Phase: ANTAGON | Ticks: 797 | Protag R: -3627.00 | Antag R: 3268.00 | Delivery:  78.1% | Budget Used: 3600.00/4000.0
Ep  192 | Phase: ANTAGON | Ticks: 799 | Protag R: -6760.00 | Antag R: 6413.00 | Delivery:  68.9% | Budget Used: 3480.00/4000.0
Ep  193 | Phase: ANTAGON | Ticks: 784 | Protag R: -9955.00 | Antag R: 9619.00 | Delivery:  47.9% | Budget Used: 3360.00/4000.0
Ep  194 | Phase: ANTAGON | Ticks: 795 | Protag R: -6198.00 | Antag R: 5851.00 | Delivery:  56.5% | Budget Used: 3480.00/4000.0
Ep  195 | Phase: ANTAGON | Ticks: 799 | Protag R: -6148.00 | Antag R: 5789.00 | Delivery:  60.0% | Budget Used: 3600.00/4000.0
Ep  196 | Phase: ANTAGON | Ticks: 789 | Protag R: -8759.00 | Antag R: 8400.00 | Delivery:  49.1% | Budget Used: 3600.00/4000.0
Ep  197 | Phase: ANTAGON | Ticks: 796 | Protag R: -12459.00 | Antag R: 12088.00 | Delivery:  48.8% | Budget Used: 3720.00/4000.0
Ep  198 | Phase: ANTAGON | Ticks: 798 | Protag R: -14880.00 | Antag R: 14521.00 | Delivery:  47.5% | Budget Used: 3600.00/4000.0
Ep  199 | Phase: ANTAGON | Ticks: 786 | Protag R: -5774.00 | Antag R: 5415.00 | Delivery:  69.2% | Budget Used: 3600.00/4000.0
Ep  200 | Phase: ANTAGON | Ticks: 780 | Protag R: -5671.00 | Antag R: 5299.00 | Delivery:  50.0% | Budget Used: 3720.00/4000.0
Saving checkpoints for both agents before phase switch...
Ep  201 | Phase: ANTAGON | Ticks: 787 | Protag R: -13809.00 | Antag R: 13450.00 | Delivery:  50.8% | Budget Used: 3600.00/4000.0
Ep  202 | Phase: ANTAGON | Ticks: 797 | Protag R: -7570.00 | Antag R: 7199.00 | Delivery:  58.8% | Budget Used: 3720.00/4000.0
Ep  203 | Phase: ANTAGON | Ticks: 779 | Protag R: -10165.00 | Antag R: 9818.00 | Delivery:  52.8% | Budget Used: 3480.00/4000.0
Ep  204 | Phase: ANTAGON | Ticks: 797 | Protag R: -8411.00 | Antag R: 8064.00 | Delivery:  56.2% | Budget Used: 3480.00/4000.0
Ep  205 | Phase: ANTAGON | Ticks: 796 | Protag R: -11701.00 | Antag R: 11330.00 | Delivery:  45.9% | Budget Used: 3720.00/4000.0
Ep  206 | Phase: ANTAGON | Ticks: 799 | Protag R: -11118.00 | Antag R: 10759.00 | Delivery:  50.0% | Budget Used: 3600.00/4000.0
Ep  207 | Phase: ANTAGON | Ticks: 786 | Protag R: -7610.00 | Antag R: 7275.00 | Delivery:  55.8% | Budget Used: 3360.00/4000.0
Ep  208 | Phase: ANTAGON | Ticks: 781 | Protag R: -6061.00 | Antag R: 5690.00 | Delivery:  53.5% | Budget Used: 3720.00/4000.0
Ep  209 | Phase: ANTAGON | Ticks: 786 | Protag R: -8628.00 | Antag R: 8281.00 | Delivery:  64.0% | Budget Used: 3480.00/4000.0
Ep  210 | Phase: ANTAGON | Ticks: 781 | Protag R: -4814.00 | Antag R: 4443.00 | Delivery:  63.4% | Budget Used: 3720.00/4000.0
Ep  211 | Phase: ANTAGON | Ticks: 797 | Protag R: -13872.00 | Antag R: 13513.00 | Delivery:  39.0% | Budget Used: 3600.00/4000.0
Ep  212 | Phase: ANTAGON | Ticks: 795 | Protag R: -8737.00 | Antag R: 8366.00 | Delivery:  65.0% | Budget Used: 3720.00/4000.0
Ep  213 | Phase: ANTAGON | Ticks: 781 | Protag R: -11099.00 | Antag R: 10728.00 | Delivery:  50.0% | Budget Used: 3720.00/4000.0
Ep  214 | Phase: ANTAGON | Ticks: 787 | Protag R: -8432.00 | Antag R: 8097.00 | Delivery:  70.5% | Budget Used: 3360.00/4000.0
Ep  215 | Phase: ANTAGON | Ticks: 796 | Protag R: -7537.00 | Antag R: 7165.00 | Delivery:  63.6% | Budget Used: 3720.00/4000.0
Ep  216 | Phase: ANTAGON | Ticks: 775 | Protag R: -15040.00 | Antag R: 14681.00 | Delivery:  35.7% | Budget Used: 3600.00/4000.0
Ep  217 | Phase: ANTAGON | Ticks: 799 | Protag R: -12634.00 | Antag R: 12263.00 | Delivery:  42.9% | Budget Used: 3720.00/4000.0
Ep  218 | Phase: ANTAGON | Ticks: 792 | Protag R: -8720.00 | Antag R: 8373.00 | Delivery:  48.9% | Budget Used: 3480.00/4000.0
Ep  219 | Phase: ANTAGON | Ticks: 794 | Protag R: -10044.00 | Antag R: 9696.00 | Delivery:  48.0% | Budget Used: 3480.00/4000.0
Ep  220 | Phase: ANTAGON | Ticks: 791 | Protag R: -8290.00 | Antag R: 7931.00 | Delivery:  62.2% | Budget Used: 3600.00/4000.0
Ep  221 | Phase: ANTAGON | Ticks: 793 | Protag R: -2868.00 | Antag R: 2533.00 | Delivery:  78.9% | Budget Used: 3360.00/4000.0
Ep  222 | Phase: ANTAGON | Ticks: 788 | Protag R: -7053.00 | Antag R: 6730.00 | Delivery:  50.0% | Budget Used: 3240.00/4000.0
Ep  223 | Phase: ANTAGON | Ticks: 795 | Protag R: -10261.00 | Antag R: 9902.00 | Delivery:  46.4% | Budget Used: 3600.00/4000.0
Ep  224 | Phase: ANTAGON | Ticks: 792 | Protag R: -7574.00 | Antag R: 7214.00 | Delivery:  52.2% | Budget Used: 3600.00/4000.0
Ep  225 | Phase: ANTAGON | Ticks: 792 | Protag R: -11569.00 | Antag R: 11222.00 | Delivery:  53.4% | Budget Used: 3480.00/4000.0
Ep  226 | Phase: ANTAGON | Ticks: 792 | Protag R: -8163.00 | Antag R: 7828.00 | Delivery:  56.4% | Budget Used: 3360.00/4000.0
Ep  227 | Phase: ANTAGON | Ticks: 789 | Protag R: -11173.00 | Antag R: 10802.00 | Delivery:  50.0% | Budget Used: 3720.00/4000.0
Ep  228 | Phase: ANTAGON | Ticks: 788 | Protag R: -2983.00 | Antag R: 2624.00 | Delivery:  78.1% | Budget Used: 3600.00/4000.0
Ep  229 | Phase: ANTAGON | Ticks: 798 | Protag R: -8548.00 | Antag R: 8189.00 | Delivery:  54.2% | Budget Used: 3600.00/4000.0
Ep  230 | Phase: ANTAGON | Ticks: 782 | Protag R: -11399.00 | Antag R: 11052.00 | Delivery:  55.8% | Budget Used: 3480.00/4000.0
Ep  231 | Phase: ANTAGON | Ticks: 797 | Protag R: -10457.00 | Antag R: 10086.00 | Delivery:  50.9% | Budget Used: 3720.00/4000.0
Ep  232 | Phase: ANTAGON | Ticks: 791 | Protag R: -13404.00 | Antag R: 13057.00 | Delivery:  50.0% | Budget Used: 3480.00/4000.0
Ep  233 | Phase: ANTAGON | Ticks: 778 | Protag R: -7273.00 | Antag R: 6926.00 | Delivery:  69.0% | Budget Used: 3480.00/4000.0
Ep  234 | Phase: ANTAGON | Ticks: 797 | Protag R: -8925.00 | Antag R: 8554.00 | Delivery:  49.1% | Budget Used: 3720.00/4000.0
Ep  235 | Phase: ANTAGON | Ticks: 787 | Protag R: -7110.00 | Antag R: 6751.00 | Delivery:  68.9% | Budget Used: 3600.00/4000.0
Ep  236 | Phase: ANTAGON | Ticks: 792 | Protag R: -10065.00 | Antag R: 9706.00 | Delivery:  45.6% | Budget Used: 3600.00/4000.0
Ep  237 | Phase: ANTAGON | Ticks: 789 | Protag R: -10826.00 | Antag R: 10466.00 | Delivery:  52.0% | Budget Used: 3600.00/4000.0
Ep  238 | Phase: ANTAGON | Ticks: 780 | Protag R: -9460.00 | Antag R: 9101.00 | Delivery:  43.9% | Budget Used: 3600.00/4000.0
Ep  239 | Phase: ANTAGON | Ticks: 794 | Protag R: -10740.00 | Antag R: 10369.00 | Delivery:  56.0% | Budget Used: 3720.00/4000.0
Ep  240 | Phase: ANTAGON | Ticks: 791 | Protag R: -13789.00 | Antag R: 13418.00 | Delivery:  48.2% | Budget Used: 3720.00/4000.0
Ep  241 | Phase: ANTAGON | Ticks: 792 | Protag R: -11805.00 | Antag R: 11433.00 | Delivery:  45.6% | Budget Used: 3720.00/4000.0
Ep  242 | Phase: ANTAGON | Ticks: 797 | Protag R: -8736.00 | Antag R: 8377.00 | Delivery:  65.9% | Budget Used: 3600.00/4000.0
Ep  243 | Phase: ANTAGON | Ticks: 798 | Protag R: -14123.00 | Antag R: 13751.00 | Delivery:  38.1% | Budget Used: 3720.00/4000.0
Ep  244 | Phase: ANTAGON | Ticks: 793 | Protag R: -7046.00 | Antag R: 6687.00 | Delivery:  66.7% | Budget Used: 3600.00/4000.0
Ep  245 | Phase: ANTAGON | Ticks: 796 | Protag R: -4849.00 | Antag R: 4478.00 | Delivery:  68.6% | Budget Used: 3720.00/4000.0
Ep  246 | Phase: ANTAGON | Ticks: 795 | Protag R: -6377.00 | Antag R: 6005.00 | Delivery:  61.1% | Budget Used: 3720.00/4000.0
Ep  247 | Phase: ANTAGON | Ticks: 795 | Protag R: -6988.00 | Antag R: 6629.00 | Delivery:  62.5% | Budget Used: 3600.00/4000.0
Ep  248 | Phase: ANTAGON | Ticks: 796 | Protag R: -7220.00 | Antag R: 6849.00 | Delivery:  49.1% | Budget Used: 3720.00/4000.0
Ep  249 | Phase: ANTAGON | Ticks: 798 | Protag R: -13096.00 | Antag R: 12725.00 | Delivery:  46.3% | Budget Used: 3720.00/4000.0
Ep  250 | Phase: ANTAGON | Ticks: 798 | Protag R: -4360.00 | Antag R: 4025.00 | Delivery:  70.5% | Budget Used: 3360.00/4000.0
Saving checkpoints for both agents before phase switch...
Ep  251 | Phase: ANTAGON | Ticks: 790 | Protag R: -9178.00 | Antag R: 8807.00 | Delivery:  57.7% | Budget Used: 3720.00/4000.0
Ep  252 | Phase: ANTAGON | Ticks: 785 | Protag R: -7007.00 | Antag R: 6648.00 | Delivery:  59.1% | Budget Used: 3600.00/4000.0
Ep  253 | Phase: ANTAGON | Ticks: 793 | Protag R: -8318.00 | Antag R: 7947.00 | Delivery:  64.4% | Budget Used: 3720.00/4000.0
Ep  254 | Phase: ANTAGON | Ticks: 791 | Protag R: -5088.00 | Antag R: 4728.00 | Delivery:  68.3% | Budget Used: 3600.00/4000.0
Ep  255 | Phase: ANTAGON | Ticks: 790 | Protag R: -10585.00 | Antag R: 10225.00 | Delivery:  52.9% | Budget Used: 3600.00/4000.0
Ep  256 | Phase: ANTAGON | Ticks: 797 | Protag R: -5140.00 | Antag R: 4793.00 | Delivery:  75.0% | Budget Used: 3480.00/4000.0
Ep  257 | Phase: ANTAGON | Ticks: 799 | Protag R: -15179.00 | Antag R: 14808.00 | Delivery:  46.8% | Budget Used: 3720.00/4000.0
Ep  258 | Phase: ANTAGON | Ticks: 791 | Protag R: -9805.00 | Antag R: 9434.00 | Delivery:  54.9% | Budget Used: 3720.00/4000.0
Ep  259 | Phase: ANTAGON | Ticks: 787 | Protag R: -8252.00 | Antag R: 7880.00 | Delivery:  48.8% | Budget Used: 3720.00/4000.0
Ep  260 | Phase: ANTAGON | Ticks: 796 | Protag R: -8882.00 | Antag R: 8511.00 | Delivery:  72.7% | Budget Used: 3720.00/4000.0
Ep  261 | Phase: ANTAGON | Ticks: 796 | Protag R: -8848.00 | Antag R: 8477.00 | Delivery:  59.6% | Budget Used: 3720.00/4000.0
Ep  262 | Phase: ANTAGON | Ticks: 781 | Protag R: -6289.00 | Antag R: 5918.00 | Delivery:  61.2% | Budget Used: 3720.00/4000.0
Ep  263 | Phase: ANTAGON | Ticks: 778 | Protag R: -8071.00 | Antag R: 7700.00 | Delivery:  54.3% | Budget Used: 3720.00/4000.0
Ep  264 | Phase: ANTAGON | Ticks: 794 | Protag R: -8414.00 | Antag R: 8054.00 | Delivery:  51.1% | Budget Used: 3600.00/4000.0
Ep  265 | Phase: ANTAGON | Ticks: 794 | Protag R: -4661.00 | Antag R: 4290.00 | Delivery:  63.9% | Budget Used: 3720.00/4000.0
Ep  266 | Phase: ANTAGON | Ticks: 788 | Protag R: -10344.00 | Antag R: 9985.00 | Delivery:  49.0% | Budget Used: 3600.00/4000.0
Ep  267 | Phase: ANTAGON | Ticks: 790 | Protag R: -17097.00 | Antag R: 16726.00 | Delivery:  42.2% | Budget Used: 3720.00/4000.0
Ep  268 | Phase: ANTAGON | Ticks: 792 | Protag R: -4574.00 | Antag R: 4214.00 | Delivery:  66.7% | Budget Used: 3600.00/4000.0
Ep  269 | Phase: ANTAGON | Ticks: 795 | Protag R: -5839.00 | Antag R: 5480.00 | Delivery:  51.2% | Budget Used: 3600.00/4000.0
Ep  270 | Phase: ANTAGON | Ticks: 792 | Protag R: -10664.00 | Antag R: 10293.00 | Delivery:  52.0% | Budget Used: 3720.00/4000.0
Ep  271 | Phase: ANTAGON | Ticks: 782 | Protag R: -8198.00 | Antag R: 7839.00 | Delivery:  47.9% | Budget Used: 3600.00/4000.0
Ep  272 | Phase: ANTAGON | Ticks: 783 | Protag R: -7007.00 | Antag R: 6636.00 | Delivery:  55.3% | Budget Used: 3720.00/4000.0
Ep  273 | Phase: ANTAGON | Ticks: 781 | Protag R: -8238.00 | Antag R: 7879.00 | Delivery:  58.3% | Budget Used: 3600.00/4000.0
Ep  274 | Phase: ANTAGON | Ticks: 794 | Protag R: -10956.00 | Antag R: 10585.00 | Delivery:  52.7% | Budget Used: 3720.00/4000.0
Ep  275 | Phase: ANTAGON | Ticks: 786 | Protag R: -10596.00 | Antag R: 10273.00 | Delivery:  51.7% | Budget Used: 3240.00/4000.0
Ep  276 | Phase: ANTAGON | Ticks: 796 | Protag R: -12035.00 | Antag R: 11675.00 | Delivery:  47.2% | Budget Used: 3600.00/4000.0
Ep  277 | Phase: ANTAGON | Ticks: 794 | Protag R: -7300.00 | Antag R: 6941.00 | Delivery:  53.6% | Budget Used: 3600.00/4000.0
Ep  278 | Phase: ANTAGON | Ticks: 785 | Protag R: -5545.00 | Antag R: 5186.00 | Delivery:  66.7% | Budget Used: 3600.00/4000.0
Ep  279 | Phase: ANTAGON | Ticks: 795 | Protag R: -6130.00 | Antag R: 5783.00 | Delivery:  63.2% | Budget Used: 3480.00/4000.0
Ep  280 | Phase: ANTAGON | Ticks: 792 | Protag R: -10486.00 | Antag R: 10115.00 | Delivery:  51.0% | Budget Used: 3720.00/4000.0
Ep  281 | Phase: ANTAGON | Ticks: 799 | Protag R: -10839.00 | Antag R: 10468.00 | Delivery:  56.4% | Budget Used: 3720.00/4000.0
Ep  282 | Phase: ANTAGON | Ticks: 776 | Protag R: -3312.00 | Antag R: 2965.00 | Delivery:  75.7% | Budget Used: 3480.00/4000.0
Ep  283 | Phase: ANTAGON | Ticks: 787 | Protag R: -12711.00 | Antag R: 12340.00 | Delivery:  45.1% | Budget Used: 3720.00/4000.0
Ep  284 | Phase: ANTAGON | Ticks: 779 | Protag R: -7586.00 | Antag R: 7214.00 | Delivery:  52.6% | Budget Used: 3720.00/4000.0
Ep  285 | Phase: ANTAGON | Ticks: 797 | Protag R: -8067.00 | Antag R: 7696.00 | Delivery:  52.1% | Budget Used: 3720.00/4000.0
Ep  286 | Phase: ANTAGON | Ticks: 784 | Protag R: -10811.00 | Antag R: 10439.00 | Delivery:  43.8% | Budget Used: 3720.00/4000.0
Ep  287 | Phase: ANTAGON | Ticks: 799 | Protag R: -6972.00 | Antag R: 6601.00 | Delivery:  63.6% | Budget Used: 3720.00/4000.0
Ep  288 | Phase: ANTAGON | Ticks: 796 | Protag R: -9802.00 | Antag R: 9430.00 | Delivery:  43.4% | Budget Used: 3720.00/4000.0
Ep  289 | Phase: ANTAGON | Ticks: 790 | Protag R: -9714.00 | Antag R: 9355.00 | Delivery:  49.1% | Budget Used: 3600.00/4000.0
Ep  290 | Phase: ANTAGON | Ticks: 783 | Protag R: -4708.00 | Antag R: 4349.00 | Delivery:  81.1% | Budget Used: 3600.00/4000.0
Ep  291 | Phase: ANTAGON | Ticks: 786 | Protag R: -7336.00 | Antag R: 6976.00 | Delivery:  61.2% | Budget Used: 3600.00/4000.0
Ep  292 | Phase: ANTAGON | Ticks: 797 | Protag R: -14744.00 | Antag R: 14373.00 | Delivery:  45.2% | Budget Used: 3720.00/4000.0
Ep  293 | Phase: ANTAGON | Ticks: 799 | Protag R: -5028.00 | Antag R: 4657.00 | Delivery:  66.7% | Budget Used: 3720.00/4000.0
Ep  294 | Phase: ANTAGON | Ticks: 796 | Protag R: -9068.00 | Antag R: 8697.00 | Delivery:  42.0% | Budget Used: 3720.00/4000.0
Ep  295 | Phase: ANTAGON | Ticks: 799 | Protag R: -13108.00 | Antag R: 12737.00 | Delivery:  38.2% | Budget Used: 3720.00/4000.0
Ep  296 | Phase: ANTAGON | Ticks: 796 | Protag R: -7962.00 | Antag R: 7591.00 | Delivery:  56.9% | Budget Used: 3720.00/4000.0
Ep  297 | Phase: ANTAGON | Ticks: 786 | Protag R: -9342.00 | Antag R: 8982.00 | Delivery:  57.1% | Budget Used: 3600.00/4000.0
Ep  298 | Phase: ANTAGON | Ticks: 796 | Protag R: -6711.00 | Antag R: 6339.00 | Delivery:  64.9% | Budget Used: 3720.00/4000.0
Ep  299 | Phase: ANTAGON | Ticks: 778 | Protag R: -5128.00 | Antag R: 4768.00 | Delivery:  64.4% | Budget Used: 3600.00/4000.0
Ep  300 | Phase: ANTAGON | Ticks: 776 | Protag R: -14134.00 | Antag R: 13762.00 | Delivery:  41.5% | Budget Used: 3720.00/4000.0
Saved coevolved protagonist actor to models/runs/gen06_dynassign_matrix/br_scripted_s0_seed0/protagonist/actor.pt
Saved coevolved antagonist actor to models/runs/gen06_dynassign_matrix/br_scripted_s0_seed0/antagonist/actor.pt
Saved copy of protagonist actor as latest to models/protagonist/actor.pt
Saved copy of antagonist actor as latest to models/antagonist/actor.pt

SACRED ATLA Training completed successfully! Logs saved to TensorBoard.
