Seeded run: seed=0
Initializing SACRED Stage-1.5 dynamic assignment (Poisson arrivals, 2 trucks)...
Configuring Protagonist Dispatch Agent...
Frozen protagonist from models/runs/gen06_dynassign_matrix/vanilla_seed0/snapshots/protagonist_ep750.pt (node_in_dim=13, edge_in_dim=4).
Configuring Antagonist Congestion Agent...
Initializing ATLA Coevolution Trainer...
Run Name: gen06_dynassign_matrix/br_vanilla_s0_seed0
Starting SACRED training (mode=antagonist_only) for 300 episodes...
Device: Protagonist=cpu, Antagonist=cpu
Initial Phase: Training ANTAGONIST

Ep    1 | Phase: ANTAGON | Ticks: 798 | Protag R: -9589.00 | Antag R: 9218.00 | Delivery:  53.2% | Budget Used: 3720.00/4000.0
Ep    2 | Phase: ANTAGON | Ticks: 798 | Protag R: -8034.00 | Antag R: 7675.00 | Delivery:  61.7% | Budget Used: 3600.00/4000.0
Ep    3 | Phase: ANTAGON | Ticks: 786 | Protag R: -10664.00 | Antag R: 10293.00 | Delivery:  54.3% | Budget Used: 3720.00/4000.0
Ep    4 | Phase: ANTAGON | Ticks: 796 | Protag R: -7803.00 | Antag R: 7432.00 | Delivery:  60.5% | Budget Used: 3720.00/4000.0
Ep    5 | Phase: ANTAGON | Ticks: 798 | Protag R: -7883.00 | Antag R: 7511.00 | Delivery:  47.9% | Budget Used: 3720.00/4000.0
Ep    6 | Phase: ANTAGON | Ticks: 787 | Protag R: -9782.00 | Antag R: 9411.00 | Delivery:  48.0% | Budget Used: 3720.00/4000.0
Ep    7 | Phase: ANTAGON | Ticks: 795 | Protag R: -8367.00 | Antag R: 7996.00 | Delivery:  50.0% | Budget Used: 3720.00/4000.0
Ep    8 | Phase: ANTAGON | Ticks: 796 | Protag R: -7331.00 | Antag R: 6960.00 | Delivery:  51.1% | Budget Used: 3720.00/4000.0
Ep    9 | Phase: ANTAGON | Ticks: 786 | Protag R: -10778.00 | Antag R: 10406.00 | Delivery:  46.9% | Budget Used: 3720.00/4000.0
Ep   10 | Phase: ANTAGON | Ticks: 790 | Protag R: -8448.00 | Antag R: 8076.00 | Delivery:  52.0% | Budget Used: 3720.00/4000.0
Ep   11 | Phase: ANTAGON | Ticks: 787 | Protag R: -8774.00 | Antag R: 8403.00 | Delivery:  50.0% | Budget Used: 3720.00/4000.0
Ep   12 | Phase: ANTAGON | Ticks: 778 | Protag R: -9690.00 | Antag R: 9319.00 | Delivery:  50.0% | Budget Used: 3720.00/4000.0
Ep   13 | Phase: ANTAGON | Ticks: 796 | Protag R: -4076.00 | Antag R: 3705.00 | Delivery:  60.5% | Budget Used: 3720.00/4000.0
Ep   14 | Phase: ANTAGON | Ticks: 775 | Protag R: -12047.00 | Antag R: 11675.00 | Delivery:  44.4% | Budget Used: 3720.00/4000.0
Ep   15 | Phase: ANTAGON | Ticks: 789 | Protag R: -7934.00 | Antag R: 7563.00 | Delivery:  56.5% | Budget Used: 3720.00/4000.0
Ep   16 | Phase: ANTAGON | Ticks: 786 | Protag R: -6823.00 | Antag R: 6452.00 | Delivery:  48.8% | Budget Used: 3720.00/4000.0
Ep   17 | Phase: ANTAGON | Ticks: 787 | Protag R: -8072.00 | Antag R: 7700.00 | Delivery:  54.2% | Budget Used: 3720.00/4000.0
Ep   18 | Phase: ANTAGON | Ticks: 789 | Protag R: -8518.00 | Antag R: 8147.00 | Delivery:  61.4% | Budget Used: 3720.00/4000.0
Ep   19 | Phase: ANTAGON | Ticks: 793 | Protag R: -3353.00 | Antag R: 2981.00 | Delivery:  78.1% | Budget Used: 3720.00/4000.0
Ep   20 | Phase: ANTAGON | Ticks: 790 | Protag R: -7665.00 | Antag R: 7294.00 | Delivery:  57.9% | Budget Used: 3720.00/4000.0
Ep   21 | Phase: ANTAGON | Ticks: 786 | Protag R: -9809.00 | Antag R: 9438.00 | Delivery:  52.9% | Budget Used: 3720.00/4000.0
Ep   22 | Phase: ANTAGON | Ticks: 784 | Protag R: -15625.00 | Antag R: 15254.00 | Delivery:  35.5% | Budget Used: 3720.00/4000.0
Ep   23 | Phase: ANTAGON | Ticks: 792 | Protag R: -9219.00 | Antag R: 8848.00 | Delivery:  54.8% | Budget Used: 3720.00/4000.0
Ep   24 | Phase: ANTAGON | Ticks: 775 | Protag R: -8036.00 | Antag R: 7665.00 | Delivery:  56.6% | Budget Used: 3720.00/4000.0
Ep   25 | Phase: ANTAGON | Ticks: 785 | Protag R: -6619.00 | Antag R: 6248.00 | Delivery:  81.2% | Budget Used: 3720.00/4000.0
Ep   26 | Phase: ANTAGON | Ticks: 778 | Protag R: -16091.00 | Antag R: 15720.00 | Delivery:  41.0% | Budget Used: 3720.00/4000.0
Ep   27 | Phase: ANTAGON | Ticks: 788 | Protag R: -3207.00 | Antag R: 2836.00 | Delivery:  71.9% | Budget Used: 3720.00/4000.0
Ep   28 | Phase: ANTAGON | Ticks: 793 | Protag R: -5937.00 | Antag R: 5566.00 | Delivery:  67.5% | Budget Used: 3720.00/4000.0
Ep   29 | Phase: ANTAGON | Ticks: 790 | Protag R: -10048.00 | Antag R: 9677.00 | Delivery:  46.2% | Budget Used: 3720.00/4000.0
Ep   30 | Phase: ANTAGON | Ticks: 795 | Protag R: -8403.00 | Antag R: 8032.00 | Delivery:  68.9% | Budget Used: 3720.00/4000.0
Ep   31 | Phase: ANTAGON | Ticks: 798 | Protag R: -12707.00 | Antag R: 12336.00 | Delivery:  53.4% | Budget Used: 3720.00/4000.0
Ep   32 | Phase: ANTAGON | Ticks: 798 | Protag R: -13341.00 | Antag R: 12969.00 | Delivery:  41.4% | Budget Used: 3720.00/4000.0
Ep   33 | Phase: ANTAGON | Ticks: 789 | Protag R: -12220.00 | Antag R: 11849.00 | Delivery:  50.0% | Budget Used: 3720.00/4000.0
Ep   34 | Phase: ANTAGON | Ticks: 785 | Protag R: -11389.00 | Antag R: 11018.00 | Delivery:  41.1% | Budget Used: 3720.00/4000.0
Ep   35 | Phase: ANTAGON | Ticks: 782 | Protag R: -10545.00 | Antag R: 10174.00 | Delivery:  54.0% | Budget Used: 3720.00/4000.0
Ep   36 | Phase: ANTAGON | Ticks: 798 | Protag R: -11412.00 | Antag R: 11041.00 | Delivery:  46.4% | Budget Used: 3720.00/4000.0
Ep   37 | Phase: ANTAGON | Ticks: 790 | Protag R: -10792.00 | Antag R: 10420.00 | Delivery:  47.8% | Budget Used: 3720.00/4000.0
Ep   38 | Phase: ANTAGON | Ticks: 791 | Protag R: -13651.00 | Antag R: 13280.00 | Delivery:  36.7% | Budget Used: 3720.00/4000.0
Ep   39 | Phase: ANTAGON | Ticks: 786 | Protag R: -13626.00 | Antag R: 13255.00 | Delivery:  43.3% | Budget Used: 3720.00/4000.0
Ep   40 | Phase: ANTAGON | Ticks: 789 | Protag R: -8551.00 | Antag R: 8180.00 | Delivery:  51.1% | Budget Used: 3720.00/4000.0
Ep   41 | Phase: ANTAGON | Ticks: 782 | Protag R: -7162.00 | Antag R: 6791.00 | Delivery:  51.2% | Budget Used: 3720.00/4000.0
Ep   42 | Phase: ANTAGON | Ticks: 789 | Protag R: -12267.00 | Antag R: 11896.00 | Delivery:  51.0% | Budget Used: 3720.00/4000.0
Ep   43 | Phase: ANTAGON | Ticks: 793 | Protag R: -3728.00 | Antag R: 3357.00 | Delivery:  77.1% | Budget Used: 3720.00/4000.0
Ep   44 | Phase: ANTAGON | Ticks: 775 | Protag R: -11312.00 | Antag R: 10941.00 | Delivery:  41.7% | Budget Used: 3720.00/4000.0
Ep   45 | Phase: ANTAGON | Ticks: 781 | Protag R: -9549.00 | Antag R: 9178.00 | Delivery:  51.1% | Budget Used: 3720.00/4000.0
Ep   46 | Phase: ANTAGON | Ticks: 795 | Protag R: -11831.00 | Antag R: 11461.00 | Delivery:  43.3% | Budget Used: 3720.00/4000.0
Ep   47 | Phase: ANTAGON | Ticks: 798 | Protag R: -10399.00 | Antag R: 10028.00 | Delivery:  47.7% | Budget Used: 3720.00/4000.0
Ep   48 | Phase: ANTAGON | Ticks: 798 | Protag R: -13454.00 | Antag R: 13083.00 | Delivery:  44.4% | Budget Used: 3720.00/4000.0
Ep   49 | Phase: ANTAGON | Ticks: 791 | Protag R: -10077.00 | Antag R: 9706.00 | Delivery:  49.0% | Budget Used: 3720.00/4000.0
Ep   50 | Phase: ANTAGON | Ticks: 785 | Protag R: -11246.00 | Antag R: 10875.00 | Delivery:  38.6% | Budget Used: 3720.00/4000.0
Saving checkpoints for both agents before phase switch...
Ep   51 | Phase: ANTAGON | Ticks: 798 | Protag R: -11808.00 | Antag R: 11437.00 | Delivery:  43.1% | Budget Used: 3720.00/4000.0
Ep   52 | Phase: ANTAGON | Ticks: 798 | Protag R: -15662.00 | Antag R: 15291.00 | Delivery:  41.4% | Budget Used: 3720.00/4000.0
Ep   53 | Phase: ANTAGON | Ticks: 776 | Protag R: -10201.00 | Antag R: 9830.00 | Delivery:  49.1% | Budget Used: 3720.00/4000.0
Ep   54 | Phase: ANTAGON | Ticks: 775 | Protag R: -13511.00 | Antag R: 13140.00 | Delivery:  43.9% | Budget Used: 3720.00/4000.0
Ep   55 | Phase: ANTAGON | Ticks: 786 | Protag R: -6363.00 | Antag R: 5991.00 | Delivery:  56.2% | Budget Used: 3720.00/4000.0
Ep   56 | Phase: ANTAGON | Ticks: 789 | Protag R: -9480.00 | Antag R: 9109.00 | Delivery:  50.0% | Budget Used: 3720.00/4000.0
Ep   57 | Phase: ANTAGON | Ticks: 798 | Protag R: -7713.00 | Antag R: 7342.00 | Delivery:  53.2% | Budget Used: 3720.00/4000.0
Ep   58 | Phase: ANTAGON | Ticks: 793 | Protag R: -8991.00 | Antag R: 8619.00 | Delivery:  55.3% | Budget Used: 3720.00/4000.0
Ep   59 | Phase: ANTAGON | Ticks: 799 | Protag R: -5993.00 | Antag R: 5622.00 | Delivery:  63.4% | Budget Used: 3720.00/4000.0
Ep   60 | Phase: ANTAGON | Ticks: 782 | Protag R: -8156.00 | Antag R: 7784.00 | Delivery:  61.9% | Budget Used: 3720.00/4000.0
Ep   61 | Phase: ANTAGON | Ticks: 799 | Protag R: -8865.00 | Antag R: 8494.00 | Delivery:  50.8% | Budget Used: 3720.00/4000.0
Ep   62 | Phase: ANTAGON | Ticks: 789 | Protag R: -9229.00 | Antag R: 8858.00 | Delivery:  59.5% | Budget Used: 3720.00/4000.0
Ep   63 | Phase: ANTAGON | Ticks: 786 | Protag R: -11252.00 | Antag R: 10880.00 | Delivery:  44.2% | Budget Used: 3720.00/4000.0
Ep   64 | Phase: ANTAGON | Ticks: 796 | Protag R: -5494.00 | Antag R: 5123.00 | Delivery:  59.1% | Budget Used: 3720.00/4000.0
Ep   65 | Phase: ANTAGON | Ticks: 787 | Protag R: -7284.00 | Antag R: 6913.00 | Delivery:  57.8% | Budget Used: 3720.00/4000.0
Ep   66 | Phase: ANTAGON | Ticks: 797 | Protag R: -8446.00 | Antag R: 8075.00 | Delivery:  50.0% | Budget Used: 3720.00/4000.0
Ep   67 | Phase: ANTAGON | Ticks: 788 | Protag R: -7552.00 | Antag R: 7180.00 | Delivery:  69.4% | Budget Used: 3720.00/4000.0
Ep   68 | Phase: ANTAGON | Ticks: 785 | Protag R: -1822.00 | Antag R: 1451.00 | Delivery:  89.3% | Budget Used: 3720.00/4000.0
Ep   69 | Phase: ANTAGON | Ticks: 783 | Protag R: -12117.00 | Antag R: 11745.00 | Delivery:  50.0% | Budget Used: 3720.00/4000.0
Ep   70 | Phase: ANTAGON | Ticks: 785 | Protag R: -10322.00 | Antag R: 9950.00 | Delivery:  46.9% | Budget Used: 3720.00/4000.0
Ep   71 | Phase: ANTAGON | Ticks: 780 | Protag R: -9856.00 | Antag R: 9485.00 | Delivery:  59.2% | Budget Used: 3720.00/4000.0
Ep   72 | Phase: ANTAGON | Ticks: 793 | Protag R: -9641.00 | Antag R: 9269.00 | Delivery:  44.4% | Budget Used: 3720.00/4000.0
Ep   73 | Phase: ANTAGON | Ticks: 779 | Protag R: -13641.00 | Antag R: 13270.00 | Delivery:  44.4% | Budget Used: 3720.00/4000.0
Ep   74 | Phase: ANTAGON | Ticks: 792 | Protag R: -6236.00 | Antag R: 5865.00 | Delivery:  60.5% | Budget Used: 3720.00/4000.0
Ep   75 | Phase: ANTAGON | Ticks: 791 | Protag R: -13511.00 | Antag R: 13140.00 | Delivery:  39.3% | Budget Used: 3720.00/4000.0
Ep   76 | Phase: ANTAGON | Ticks: 798 | Protag R: -12000.00 | Antag R: 11629.00 | Delivery:  41.0% | Budget Used: 3720.00/4000.0
Ep   77 | Phase: ANTAGON | Ticks: 791 | Protag R: -7899.00 | Antag R: 7528.00 | Delivery:  63.4% | Budget Used: 3720.00/4000.0
Ep   78 | Phase: ANTAGON | Ticks: 783 | Protag R: -14716.00 | Antag R: 14346.00 | Delivery:  44.1% | Budget Used: 3720.00/4000.0
Ep   79 | Phase: ANTAGON | Ticks: 797 | Protag R: -7885.00 | Antag R: 7514.00 | Delivery:  54.3% | Budget Used: 3720.00/4000.0
Ep   80 | Phase: ANTAGON | Ticks: 797 | Protag R: -12008.00 | Antag R: 11638.00 | Delivery:  38.9% | Budget Used: 3720.00/4000.0
Ep   81 | Phase: ANTAGON | Ticks: 780 | Protag R: -16611.00 | Antag R: 16240.00 | Delivery:  40.3% | Budget Used: 3720.00/4000.0
Ep   82 | Phase: ANTAGON | Ticks: 794 | Protag R: -9081.00 | Antag R: 8710.00 | Delivery:  47.7% | Budget Used: 3720.00/4000.0
Ep   83 | Phase: ANTAGON | Ticks: 783 | Protag R: -14751.00 | Antag R: 14380.00 | Delivery:  41.3% | Budget Used: 3720.00/4000.0
Ep   84 | Phase: ANTAGON | Ticks: 794 | Protag R: -9909.00 | Antag R: 9538.00 | Delivery:  50.0% | Budget Used: 3720.00/4000.0
Ep   85 | Phase: ANTAGON | Ticks: 797 | Protag R: -7261.00 | Antag R: 6890.00 | Delivery:  58.5% | Budget Used: 3720.00/4000.0
Ep   86 | Phase: ANTAGON | Ticks: 788 | Protag R: -5350.00 | Antag R: 4978.00 | Delivery:  65.8% | Budget Used: 3720.00/4000.0
Ep   87 | Phase: ANTAGON | Ticks: 785 | Protag R: -12320.00 | Antag R: 11948.00 | Delivery:  43.8% | Budget Used: 3720.00/4000.0
Ep   88 | Phase: ANTAGON | Ticks: 792 | Protag R: -5766.00 | Antag R: 5395.00 | Delivery:  63.2% | Budget Used: 3720.00/4000.0
Ep   89 | Phase: ANTAGON | Ticks: 781 | Protag R: -11959.00 | Antag R: 11588.00 | Delivery:  46.6% | Budget Used: 3720.00/4000.0
Ep   90 | Phase: ANTAGON | Ticks: 787 | Protag R: -10853.00 | Antag R: 10482.00 | Delivery:  51.0% | Budget Used: 3720.00/4000.0
Ep   91 | Phase: ANTAGON | Ticks: 799 | Protag R: -6854.00 | Antag R: 6483.00 | Delivery:  61.4% | Budget Used: 3720.00/4000.0
Ep   92 | Phase: ANTAGON | Ticks: 775 | Protag R: -9828.00 | Antag R: 9457.00 | Delivery:  49.0% | Budget Used: 3720.00/4000.0
Ep   93 | Phase: ANTAGON | Ticks: 797 | Protag R: -4515.00 | Antag R: 4144.00 | Delivery:  70.6% | Budget Used: 3720.00/4000.0
Ep   94 | Phase: ANTAGON | Ticks: 782 | Protag R: -9644.00 | Antag R: 9273.00 | Delivery:  54.5% | Budget Used: 3720.00/4000.0
Ep   95 | Phase: ANTAGON | Ticks: 790 | Protag R: -10501.00 | Antag R: 10130.00 | Delivery:  50.0% | Budget Used: 3720.00/4000.0
Ep   96 | Phase: ANTAGON | Ticks: 799 | Protag R: -3209.00 | Antag R: 2838.00 | Delivery:  68.4% | Budget Used: 3720.00/4000.0
Ep   97 | Phase: ANTAGON | Ticks: 795 | Protag R: -7217.00 | Antag R: 6846.00 | Delivery:  54.5% | Budget Used: 3720.00/4000.0
Ep   98 | Phase: ANTAGON | Ticks: 797 | Protag R: -8748.00 | Antag R: 8377.00 | Delivery:  50.0% | Budget Used: 3720.00/4000.0
Ep   99 | Phase: ANTAGON | Ticks: 781 | Protag R: -9983.00 | Antag R: 9612.00 | Delivery:  50.0% | Budget Used: 3720.00/4000.0
Ep  100 | Phase: ANTAGON | Ticks: 787 | Protag R: -7388.00 | Antag R: 7016.00 | Delivery:  50.0% | Budget Used: 3720.00/4000.0
Saving checkpoints for both agents before phase switch...
Ep  101 | Phase: ANTAGON | Ticks: 786 | Protag R: -6271.00 | Antag R: 5900.00 | Delivery:  61.9% | Budget Used: 3720.00/4000.0
Ep  102 | Phase: ANTAGON | Ticks: 776 | Protag R: -9895.00 | Antag R: 9524.00 | Delivery:  43.9% | Budget Used: 3720.00/4000.0
Ep  103 | Phase: ANTAGON | Ticks: 799 | Protag R: -4636.00 | Antag R: 4264.00 | Delivery:  64.3% | Budget Used: 3720.00/4000.0
Ep  104 | Phase: ANTAGON | Ticks: 775 | Protag R: -9340.00 | Antag R: 8969.00 | Delivery:  60.4% | Budget Used: 3720.00/4000.0
Ep  105 | Phase: ANTAGON | Ticks: 779 | Protag R: -10472.00 | Antag R: 10101.00 | Delivery:  53.8% | Budget Used: 3720.00/4000.0
Ep  106 | Phase: ANTAGON | Ticks: 781 | Protag R: -9714.00 | Antag R: 9343.00 | Delivery:  47.9% | Budget Used: 3720.00/4000.0
Ep  107 | Phase: ANTAGON | Ticks: 798 | Protag R: -12444.00 | Antag R: 12073.00 | Delivery:  51.9% | Budget Used: 3720.00/4000.0
Ep  108 | Phase: ANTAGON | Ticks: 789 | Protag R: -9806.00 | Antag R: 9435.00 | Delivery:  50.0% | Budget Used: 3720.00/4000.0
Ep  109 | Phase: ANTAGON | Ticks: 797 | Protag R: -5131.00 | Antag R: 4760.00 | Delivery:  67.5% | Budget Used: 3720.00/4000.0
Ep  110 | Phase: ANTAGON | Ticks: 784 | Protag R: -9200.00 | Antag R: 8828.00 | Delivery:  51.1% | Budget Used: 3720.00/4000.0
Ep  111 | Phase: ANTAGON | Ticks: 789 | Protag R: -8872.00 | Antag R: 8501.00 | Delivery:  55.3% | Budget Used: 3720.00/4000.0
Ep  112 | Phase: ANTAGON | Ticks: 782 | Protag R: -7388.00 | Antag R: 7016.00 | Delivery:  55.6% | Budget Used: 3720.00/4000.0
Ep  113 | Phase: ANTAGON | Ticks: 794 | Protag R: -9993.00 | Antag R: 9622.00 | Delivery:  52.5% | Budget Used: 3720.00/4000.0
Ep  114 | Phase: ANTAGON | Ticks: 781 | Protag R: -8735.00 | Antag R: 8364.00 | Delivery:  46.7% | Budget Used: 3720.00/4000.0
Ep  115 | Phase: ANTAGON | Ticks: 792 | Protag R: -10078.00 | Antag R: 9706.00 | Delivery:  48.1% | Budget Used: 3720.00/4000.0
Ep  116 | Phase: ANTAGON | Ticks: 790 | Protag R: -7125.00 | Antag R: 6754.00 | Delivery:  65.9% | Budget Used: 3720.00/4000.0
Ep  117 | Phase: ANTAGON | Ticks: 798 | Protag R: -6371.00 | Antag R: 6000.00 | Delivery:  67.4% | Budget Used: 3720.00/4000.0
Ep  118 | Phase: ANTAGON | Ticks: 797 | Protag R: -10449.00 | Antag R: 10078.00 | Delivery:  51.9% | Budget Used: 3720.00/4000.0
Ep  119 | Phase: ANTAGON | Ticks: 798 | Protag R: -12079.00 | Antag R: 11708.00 | Delivery:  45.5% | Budget Used: 3720.00/4000.0
Ep  120 | Phase: ANTAGON | Ticks: 797 | Protag R: -10371.00 | Antag R: 10000.00 | Delivery:  50.0% | Budget Used: 3720.00/4000.0
Ep  121 | Phase: ANTAGON | Ticks: 779 | Protag R: -16504.00 | Antag R: 16133.00 | Delivery:  42.1% | Budget Used: 3720.00/4000.0
Ep  122 | Phase: ANTAGON | Ticks: 797 | Protag R: -11024.00 | Antag R: 10653.00 | Delivery:  46.9% | Budget Used: 3720.00/4000.0
Ep  123 | Phase: ANTAGON | Ticks: 775 | Protag R: -11315.00 | Antag R: 10943.00 | Delivery:  45.5% | Budget Used: 3720.00/4000.0
Ep  124 | Phase: ANTAGON | Ticks: 775 | Protag R: -9338.00 | Antag R: 8967.00 | Delivery:  44.0% | Budget Used: 3720.00/4000.0
Ep  125 | Phase: ANTAGON | Ticks: 794 | Protag R: -9710.00 | Antag R: 9338.00 | Delivery:  53.2% | Budget Used: 3720.00/4000.0
Ep  126 | Phase: ANTAGON | Ticks: 796 | Protag R: -8088.00 | Antag R: 7717.00 | Delivery:  56.1% | Budget Used: 3720.00/4000.0
Ep  127 | Phase: ANTAGON | Ticks: 793 | Protag R: -6758.00 | Antag R: 6387.00 | Delivery:  61.2% | Budget Used: 3720.00/4000.0
Ep  128 | Phase: ANTAGON | Ticks: 787 | Protag R: -13501.00 | Antag R: 13130.00 | Delivery:  42.1% | Budget Used: 3720.00/4000.0
Ep  129 | Phase: ANTAGON | Ticks: 791 | Protag R: -8613.00 | Antag R: 8242.00 | Delivery:  60.0% | Budget Used: 3720.00/4000.0
Ep  130 | Phase: ANTAGON | Ticks: 786 | Protag R: -10970.00 | Antag R: 10599.00 | Delivery:  52.9% | Budget Used: 3720.00/4000.0
Ep  131 | Phase: ANTAGON | Ticks: 788 | Protag R: -2494.00 | Antag R: 2122.00 | Delivery:  82.8% | Budget Used: 3720.00/4000.0
Ep  132 | Phase: ANTAGON | Ticks: 797 | Protag R: -5311.00 | Antag R: 4940.00 | Delivery:  59.5% | Budget Used: 3720.00/4000.0
Ep  133 | Phase: ANTAGON | Ticks: 784 | Protag R: -6163.00 | Antag R: 5792.00 | Delivery:  63.6% | Budget Used: 3720.00/4000.0
Ep  134 | Phase: ANTAGON | Ticks: 795 | Protag R: -9731.00 | Antag R: 9360.00 | Delivery:  44.0% | Budget Used: 3720.00/4000.0
Ep  135 | Phase: ANTAGON | Ticks: 788 | Protag R: -5237.00 | Antag R: 4865.00 | Delivery:  55.6% | Budget Used: 3720.00/4000.0
Ep  136 | Phase: ANTAGON | Ticks: 797 | Protag R: -11432.00 | Antag R: 11061.00 | Delivery:  43.6% | Budget Used: 3720.00/4000.0
Ep  137 | Phase: ANTAGON | Ticks: 775 | Protag R: -8657.00 | Antag R: 8286.00 | Delivery:  56.8% | Budget Used: 3720.00/4000.0
Ep  138 | Phase: ANTAGON | Ticks: 798 | Protag R: -6409.00 | Antag R: 6037.00 | Delivery:  64.3% | Budget Used: 3720.00/4000.0
Ep  139 | Phase: ANTAGON | Ticks: 777 | Protag R: -12435.00 | Antag R: 12065.00 | Delivery:  43.1% | Budget Used: 3720.00/4000.0
Ep  140 | Phase: ANTAGON | Ticks: 793 | Protag R: -7404.00 | Antag R: 7032.00 | Delivery:  44.2% | Budget Used: 3720.00/4000.0
Ep  141 | Phase: ANTAGON | Ticks: 789 | Protag R: -9037.00 | Antag R: 8666.00 | Delivery:  54.9% | Budget Used: 3720.00/4000.0
Ep  142 | Phase: ANTAGON | Ticks: 798 | Protag R: -11664.00 | Antag R: 11293.00 | Delivery:  47.1% | Budget Used: 3720.00/4000.0
Ep  143 | Phase: ANTAGON | Ticks: 775 | Protag R: -12626.00 | Antag R: 12255.00 | Delivery:  44.9% | Budget Used: 3720.00/4000.0
Ep  144 | Phase: ANTAGON | Ticks: 791 | Protag R: -7124.00 | Antag R: 6753.00 | Delivery:  61.9% | Budget Used: 3720.00/4000.0
Ep  145 | Phase: ANTAGON | Ticks: 778 | Protag R: -10703.00 | Antag R: 10332.00 | Delivery:  38.9% | Budget Used: 3720.00/4000.0
Ep  146 | Phase: ANTAGON | Ticks: 788 | Protag R: -5799.00 | Antag R: 5428.00 | Delivery:  63.0% | Budget Used: 3720.00/4000.0
Ep  147 | Phase: ANTAGON | Ticks: 795 | Protag R: -8275.00 | Antag R: 7904.00 | Delivery:  40.4% | Budget Used: 3720.00/4000.0
Ep  148 | Phase: ANTAGON | Ticks: 798 | Protag R: -8676.00 | Antag R: 8304.00 | Delivery:  63.6% | Budget Used: 3720.00/4000.0
Ep  149 | Phase: ANTAGON | Ticks: 790 | Protag R: -12284.00 | Antag R: 11912.00 | Delivery:  47.1% | Budget Used: 3720.00/4000.0
Ep  150 | Phase: ANTAGON | Ticks: 792 | Protag R: -2848.00 | Antag R: 2476.00 | Delivery:  68.6% | Budget Used: 3720.00/4000.0
Saving checkpoints for both agents before phase switch...
Ep  151 | Phase: ANTAGON | Ticks: 798 | Protag R: -14085.00 | Antag R: 13714.00 | Delivery:  37.7% | Budget Used: 3720.00/4000.0
Ep  152 | Phase: ANTAGON | Ticks: 789 | Protag R: -9791.00 | Antag R: 9420.00 | Delivery:  53.1% | Budget Used: 3720.00/4000.0
Ep  153 | Phase: ANTAGON | Ticks: 785 | Protag R: -6261.00 | Antag R: 5890.00 | Delivery:  57.1% | Budget Used: 3720.00/4000.0
Ep  154 | Phase: ANTAGON | Ticks: 786 | Protag R: -9801.00 | Antag R: 9429.00 | Delivery:  49.1% | Budget Used: 3720.00/4000.0
Ep  155 | Phase: ANTAGON | Ticks: 796 | Protag R: -7444.00 | Antag R: 7072.00 | Delivery:  63.0% | Budget Used: 3720.00/4000.0
Ep  156 | Phase: ANTAGON | Ticks: 785 | Protag R: -8779.00 | Antag R: 8407.00 | Delivery:  43.1% | Budget Used: 3720.00/4000.0
Ep  157 | Phase: ANTAGON | Ticks: 792 | Protag R: -7065.00 | Antag R: 6694.00 | Delivery:  68.4% | Budget Used: 3720.00/4000.0
Ep  158 | Phase: ANTAGON | Ticks: 795 | Protag R: -10305.00 | Antag R: 9934.00 | Delivery:  49.1% | Budget Used: 3720.00/4000.0
Ep  159 | Phase: ANTAGON | Ticks: 784 | Protag R: -4709.00 | Antag R: 4338.00 | Delivery:  62.8% | Budget Used: 3720.00/4000.0
Ep  160 | Phase: ANTAGON | Ticks: 796 | Protag R: -8023.00 | Antag R: 7652.00 | Delivery:  52.2% | Budget Used: 3720.00/4000.0
Ep  161 | Phase: ANTAGON | Ticks: 785 | Protag R: -11868.00 | Antag R: 11498.00 | Delivery:  50.0% | Budget Used: 3720.00/4000.0
Ep  162 | Phase: ANTAGON | Ticks: 791 | Protag R: -9318.00 | Antag R: 8947.00 | Delivery:  51.1% | Budget Used: 3720.00/4000.0
Ep  163 | Phase: ANTAGON | Ticks: 789 | Protag R: -14895.00 | Antag R: 14524.00 | Delivery:  39.0% | Budget Used: 3720.00/4000.0
Ep  164 | Phase: ANTAGON | Ticks: 790 | Protag R: -7745.00 | Antag R: 7374.00 | Delivery:  56.9% | Budget Used: 3720.00/4000.0
Ep  165 | Phase: ANTAGON | Ticks: 781 | Protag R: -9804.00 | Antag R: 9432.00 | Delivery:  50.0% | Budget Used: 3720.00/4000.0
Ep  166 | Phase: ANTAGON | Ticks: 785 | Protag R: -16022.00 | Antag R: 15652.00 | Delivery:  42.4% | Budget Used: 3720.00/4000.0
Ep  167 | Phase: ANTAGON | Ticks: 780 | Protag R: -9410.00 | Antag R: 9038.00 | Delivery:  54.9% | Budget Used: 3720.00/4000.0
Ep  168 | Phase: ANTAGON | Ticks: 793 | Protag R: -7094.00 | Antag R: 6723.00 | Delivery:  64.4% | Budget Used: 3720.00/4000.0
Ep  169 | Phase: ANTAGON | Ticks: 788 | Protag R: -14976.00 | Antag R: 14605.00 | Delivery:  42.9% | Budget Used: 3720.00/4000.0
Ep  170 | Phase: ANTAGON | Ticks: 797 | Protag R: -6661.00 | Antag R: 6290.00 | Delivery:  60.0% | Budget Used: 3720.00/4000.0
Ep  171 | Phase: ANTAGON | Ticks: 798 | Protag R: -11854.00 | Antag R: 11483.00 | Delivery:  50.8% | Budget Used: 3720.00/4000.0
Ep  172 | Phase: ANTAGON | Ticks: 796 | Protag R: -10570.00 | Antag R: 10199.00 | Delivery:  47.1% | Budget Used: 3720.00/4000.0
Ep  173 | Phase: ANTAGON | Ticks: 775 | Protag R: -10975.00 | Antag R: 10604.00 | Delivery:  47.9% | Budget Used: 3720.00/4000.0
Ep  174 | Phase: ANTAGON | Ticks: 784 | Protag R: -12786.00 | Antag R: 12415.00 | Delivery:  49.1% | Budget Used: 3720.00/4000.0
Ep  175 | Phase: ANTAGON | Ticks: 786 | Protag R: -6580.00 | Antag R: 6208.00 | Delivery:  54.8% | Budget Used: 3720.00/4000.0
Ep  176 | Phase: ANTAGON | Ticks: 790 | Protag R: -5666.00 | Antag R: 5295.00 | Delivery:  65.9% | Budget Used: 3720.00/4000.0
Ep  177 | Phase: ANTAGON | Ticks: 788 | Protag R: -6853.00 | Antag R: 6482.00 | Delivery:  51.2% | Budget Used: 3720.00/4000.0
Ep  178 | Phase: ANTAGON | Ticks: 775 | Protag R: -8726.00 | Antag R: 8355.00 | Delivery:  51.1% | Budget Used: 3720.00/4000.0
Ep  179 | Phase: ANTAGON | Ticks: 799 | Protag R: -10024.00 | Antag R: 9653.00 | Delivery:  50.0% | Budget Used: 3720.00/4000.0
Ep  180 | Phase: ANTAGON | Ticks: 796 | Protag R: -7831.00 | Antag R: 7460.00 | Delivery:  65.9% | Budget Used: 3720.00/4000.0
Ep  181 | Phase: ANTAGON | Ticks: 797 | Protag R: -6495.00 | Antag R: 6124.00 | Delivery:  57.9% | Budget Used: 3720.00/4000.0
Ep  182 | Phase: ANTAGON | Ticks: 775 | Protag R: -7488.00 | Antag R: 7117.00 | Delivery:  58.3% | Budget Used: 3720.00/4000.0
Ep  183 | Phase: ANTAGON | Ticks: 797 | Protag R: -4547.00 | Antag R: 4176.00 | Delivery:  63.0% | Budget Used: 3720.00/4000.0
Ep  184 | Phase: ANTAGON | Ticks: 791 | Protag R: -7139.00 | Antag R: 6768.00 | Delivery:  58.3% | Budget Used: 3720.00/4000.0
Ep  185 | Phase: ANTAGON | Ticks: 786 | Protag R: -6924.00 | Antag R: 6553.00 | Delivery:  62.8% | Budget Used: 3720.00/4000.0
Ep  186 | Phase: ANTAGON | Ticks: 776 | Protag R: -14181.00 | Antag R: 13810.00 | Delivery:  38.7% | Budget Used: 3720.00/4000.0
Ep  187 | Phase: ANTAGON | Ticks: 787 | Protag R: -12481.00 | Antag R: 12110.00 | Delivery:  41.1% | Budget Used: 3720.00/4000.0
Ep  188 | Phase: ANTAGON | Ticks: 785 | Protag R: -8734.00 | Antag R: 8363.00 | Delivery:  52.7% | Budget Used: 3720.00/4000.0
Ep  189 | Phase: ANTAGON | Ticks: 799 | Protag R: -10073.00 | Antag R: 9702.00 | Delivery:  61.2% | Budget Used: 3720.00/4000.0
Ep  190 | Phase: ANTAGON | Ticks: 797 | Protag R: -4854.00 | Antag R: 4483.00 | Delivery:  62.2% | Budget Used: 3720.00/4000.0
Ep  191 | Phase: ANTAGON | Ticks: 799 | Protag R: -3161.00 | Antag R: 2790.00 | Delivery:  75.0% | Budget Used: 3720.00/4000.0
Ep  192 | Phase: ANTAGON | Ticks: 786 | Protag R: -8579.00 | Antag R: 8208.00 | Delivery:  57.8% | Budget Used: 3720.00/4000.0
Ep  193 | Phase: ANTAGON | Ticks: 795 | Protag R: -9239.00 | Antag R: 8867.00 | Delivery:  52.1% | Budget Used: 3720.00/4000.0
Ep  194 | Phase: ANTAGON | Ticks: 788 | Protag R: -4875.00 | Antag R: 4504.00 | Delivery:  63.0% | Budget Used: 3720.00/4000.0
Ep  195 | Phase: ANTAGON | Ticks: 790 | Protag R: -5964.00 | Antag R: 5593.00 | Delivery:  58.0% | Budget Used: 3720.00/4000.0
Ep  196 | Phase: ANTAGON | Ticks: 781 | Protag R: -8963.00 | Antag R: 8592.00 | Delivery:  47.2% | Budget Used: 3720.00/4000.0
Ep  197 | Phase: ANTAGON | Ticks: 775 | Protag R: -8856.00 | Antag R: 8485.00 | Delivery:  60.5% | Budget Used: 3720.00/4000.0
Ep  198 | Phase: ANTAGON | Ticks: 792 | Protag R: -14541.00 | Antag R: 14170.00 | Delivery:  44.1% | Budget Used: 3720.00/4000.0
Ep  199 | Phase: ANTAGON | Ticks: 796 | Protag R: -7651.00 | Antag R: 7280.00 | Delivery:  66.7% | Budget Used: 3720.00/4000.0
Ep  200 | Phase: ANTAGON | Ticks: 798 | Protag R: -5225.00 | Antag R: 4853.00 | Delivery:  68.4% | Budget Used: 3720.00/4000.0
Saving checkpoints for both agents before phase switch...
Ep  201 | Phase: ANTAGON | Ticks: 794 | Protag R: -14876.00 | Antag R: 14505.00 | Delivery:  44.3% | Budget Used: 3720.00/4000.0
Ep  202 | Phase: ANTAGON | Ticks: 799 | Protag R: -7208.00 | Antag R: 6837.00 | Delivery:  54.9% | Budget Used: 3720.00/4000.0
Ep  203 | Phase: ANTAGON | Ticks: 798 | Protag R: -10054.00 | Antag R: 9683.00 | Delivery:  47.2% | Budget Used: 3720.00/4000.0
Ep  204 | Phase: ANTAGON | Ticks: 788 | Protag R: -7142.00 | Antag R: 6771.00 | Delivery:  60.4% | Budget Used: 3720.00/4000.0
Ep  205 | Phase: ANTAGON | Ticks: 786 | Protag R: -12541.00 | Antag R: 12170.00 | Delivery:  42.6% | Budget Used: 3720.00/4000.0
Ep  206 | Phase: ANTAGON | Ticks: 787 | Protag R: -11006.00 | Antag R: 10635.00 | Delivery:  53.8% | Budget Used: 3720.00/4000.0
Ep  207 | Phase: ANTAGON | Ticks: 799 | Protag R: -8577.00 | Antag R: 8206.00 | Delivery:  55.8% | Budget Used: 3720.00/4000.0
Ep  208 | Phase: ANTAGON | Ticks: 787 | Protag R: -5768.00 | Antag R: 5397.00 | Delivery:  55.8% | Budget Used: 3720.00/4000.0
Ep  209 | Phase: ANTAGON | Ticks: 792 | Protag R: -10578.00 | Antag R: 10207.00 | Delivery:  54.0% | Budget Used: 3720.00/4000.0
Ep  210 | Phase: ANTAGON | Ticks: 790 | Protag R: -4666.00 | Antag R: 4295.00 | Delivery:  56.1% | Budget Used: 3720.00/4000.0
Ep  211 | Phase: ANTAGON | Ticks: 792 | Protag R: -11217.00 | Antag R: 10846.00 | Delivery:  49.2% | Budget Used: 3720.00/4000.0
Ep  212 | Phase: ANTAGON | Ticks: 792 | Protag R: -7900.00 | Antag R: 7529.00 | Delivery:  67.5% | Budget Used: 3720.00/4000.0
Ep  213 | Phase: ANTAGON | Ticks: 795 | Protag R: -7270.00 | Antag R: 6899.00 | Delivery:  68.2% | Budget Used: 3720.00/4000.0
Ep  214 | Phase: ANTAGON | Ticks: 775 | Protag R: -11296.00 | Antag R: 10925.00 | Delivery:  54.5% | Budget Used: 3720.00/4000.0
Ep  215 | Phase: ANTAGON | Ticks: 778 | Protag R: -7865.00 | Antag R: 7493.00 | Delivery:  63.6% | Budget Used: 3720.00/4000.0
Ep  216 | Phase: ANTAGON | Ticks: 791 | Protag R: -13789.00 | Antag R: 13418.00 | Delivery:  48.2% | Budget Used: 3720.00/4000.0
Ep  217 | Phase: ANTAGON | Ticks: 798 | Protag R: -11003.00 | Antag R: 10632.00 | Delivery:  46.9% | Budget Used: 3720.00/4000.0
Ep  218 | Phase: ANTAGON | Ticks: 781 | Protag R: -6793.00 | Antag R: 6422.00 | Delivery:  57.8% | Budget Used: 3720.00/4000.0
Ep  219 | Phase: ANTAGON | Ticks: 789 | Protag R: -10691.00 | Antag R: 10319.00 | Delivery:  52.0% | Budget Used: 3720.00/4000.0
Ep  220 | Phase: ANTAGON | Ticks: 797 | Protag R: -8032.00 | Antag R: 7661.00 | Delivery:  62.2% | Budget Used: 3720.00/4000.0
Ep  221 | Phase: ANTAGON | Ticks: 779 | Protag R: -3868.00 | Antag R: 3497.00 | Delivery:  71.1% | Budget Used: 3720.00/4000.0
Ep  222 | Phase: ANTAGON | Ticks: 799 | Protag R: -4523.00 | Antag R: 4152.00 | Delivery:  70.5% | Budget Used: 3720.00/4000.0
Ep  223 | Phase: ANTAGON | Ticks: 790 | Protag R: -11744.00 | Antag R: 11373.00 | Delivery:  39.3% | Budget Used: 3720.00/4000.0
Ep  224 | Phase: ANTAGON | Ticks: 780 | Protag R: -9030.00 | Antag R: 8658.00 | Delivery:  47.8% | Budget Used: 3720.00/4000.0
Ep  225 | Phase: ANTAGON | Ticks: 789 | Protag R: -11959.00 | Antag R: 11588.00 | Delivery:  51.7% | Budget Used: 3720.00/4000.0
Ep  226 | Phase: ANTAGON | Ticks: 795 | Protag R: -6479.00 | Antag R: 6108.00 | Delivery:  71.8% | Budget Used: 3720.00/4000.0
Ep  227 | Phase: ANTAGON | Ticks: 791 | Protag R: -8890.00 | Antag R: 8519.00 | Delivery:  56.5% | Budget Used: 3720.00/4000.0
Ep  228 | Phase: ANTAGON | Ticks: 785 | Protag R: -1617.00 | Antag R: 1246.00 | Delivery:  87.5% | Budget Used: 3720.00/4000.0
Ep  229 | Phase: ANTAGON | Ticks: 795 | Protag R: -7947.00 | Antag R: 7576.00 | Delivery:  54.2% | Budget Used: 3720.00/4000.0
Ep  230 | Phase: ANTAGON | Ticks: 795 | Protag R: -10979.00 | Antag R: 10608.00 | Delivery:  53.8% | Budget Used: 3720.00/4000.0
Ep  231 | Phase: ANTAGON | Ticks: 786 | Protag R: -9808.00 | Antag R: 9437.00 | Delivery:  47.3% | Budget Used: 3720.00/4000.0
Ep  232 | Phase: ANTAGON | Ticks: 791 | Protag R: -12596.00 | Antag R: 12225.00 | Delivery:  54.2% | Budget Used: 3720.00/4000.0
Ep  233 | Phase: ANTAGON | Ticks: 794 | Protag R: -8956.00 | Antag R: 8585.00 | Delivery:  59.5% | Budget Used: 3720.00/4000.0
Ep  234 | Phase: ANTAGON | Ticks: 794 | Protag R: -9358.00 | Antag R: 8987.00 | Delivery:  50.9% | Budget Used: 3720.00/4000.0
Ep  235 | Phase: ANTAGON | Ticks: 792 | Protag R: -8819.00 | Antag R: 8448.00 | Delivery:  60.0% | Budget Used: 3720.00/4000.0
Ep  236 | Phase: ANTAGON | Ticks: 786 | Protag R: -10001.00 | Antag R: 9630.00 | Delivery:  50.9% | Budget Used: 3720.00/4000.0
Ep  237 | Phase: ANTAGON | Ticks: 776 | Protag R: -9169.00 | Antag R: 8797.00 | Delivery:  56.0% | Budget Used: 3720.00/4000.0
Ep  238 | Phase: ANTAGON | Ticks: 784 | Protag R: -9593.00 | Antag R: 9222.00 | Delivery:  43.9% | Budget Used: 3720.00/4000.0
Ep  239 | Phase: ANTAGON | Ticks: 779 | Protag R: -11534.00 | Antag R: 11163.00 | Delivery:  44.0% | Budget Used: 3720.00/4000.0
Ep  240 | Phase: ANTAGON | Ticks: 794 | Protag R: -12513.00 | Antag R: 12142.00 | Delivery:  50.0% | Budget Used: 3720.00/4000.0
Ep  241 | Phase: ANTAGON | Ticks: 788 | Protag R: -11379.00 | Antag R: 11007.00 | Delivery:  45.6% | Budget Used: 3720.00/4000.0
Ep  242 | Phase: ANTAGON | Ticks: 786 | Protag R: -7452.00 | Antag R: 7081.00 | Delivery:  65.9% | Budget Used: 3720.00/4000.0
Ep  243 | Phase: ANTAGON | Ticks: 794 | Protag R: -12610.00 | Antag R: 12238.00 | Delivery:  46.0% | Budget Used: 3720.00/4000.0
Ep  244 | Phase: ANTAGON | Ticks: 798 | Protag R: -7692.00 | Antag R: 7321.00 | Delivery:  62.2% | Budget Used: 3720.00/4000.0
Ep  245 | Phase: ANTAGON | Ticks: 782 | Protag R: -4113.00 | Antag R: 3742.00 | Delivery:  68.6% | Budget Used: 3720.00/4000.0
Ep  246 | Phase: ANTAGON | Ticks: 786 | Protag R: -5696.00 | Antag R: 5324.00 | Delivery:  69.4% | Budget Used: 3720.00/4000.0
Ep  247 | Phase: ANTAGON | Ticks: 796 | Protag R: -6845.00 | Antag R: 6474.00 | Delivery:  56.2% | Budget Used: 3720.00/4000.0
Ep  248 | Phase: ANTAGON | Ticks: 795 | Protag R: -6867.00 | Antag R: 6496.00 | Delivery:  50.9% | Budget Used: 3720.00/4000.0
Ep  249 | Phase: ANTAGON | Ticks: 779 | Protag R: -13479.00 | Antag R: 13108.00 | Delivery:  44.4% | Budget Used: 3720.00/4000.0
Ep  250 | Phase: ANTAGON | Ticks: 797 | Protag R: -4492.00 | Antag R: 4121.00 | Delivery:  65.9% | Budget Used: 3720.00/4000.0
Saving checkpoints for both agents before phase switch...
Ep  251 | Phase: ANTAGON | Ticks: 797 | Protag R: -9448.00 | Antag R: 9077.00 | Delivery:  48.1% | Budget Used: 3720.00/4000.0
Ep  252 | Phase: ANTAGON | Ticks: 781 | Protag R: -6330.00 | Antag R: 5959.00 | Delivery:  65.9% | Budget Used: 3720.00/4000.0
Ep  253 | Phase: ANTAGON | Ticks: 776 | Protag R: -9080.00 | Antag R: 8709.00 | Delivery:  55.6% | Budget Used: 3720.00/4000.0
Ep  254 | Phase: ANTAGON | Ticks: 789 | Protag R: -5361.00 | Antag R: 4989.00 | Delivery:  73.2% | Budget Used: 3720.00/4000.0
Ep  255 | Phase: ANTAGON | Ticks: 784 | Protag R: -10503.00 | Antag R: 10131.00 | Delivery:  54.9% | Budget Used: 3720.00/4000.0
Ep  256 | Phase: ANTAGON | Ticks: 788 | Protag R: -6633.00 | Antag R: 6262.00 | Delivery:  62.5% | Budget Used: 3720.00/4000.0
Ep  257 | Phase: ANTAGON | Ticks: 792 | Protag R: -13983.00 | Antag R: 13612.00 | Delivery:  48.4% | Budget Used: 3720.00/4000.0
Ep  258 | Phase: ANTAGON | Ticks: 798 | Protag R: -9490.00 | Antag R: 9119.00 | Delivery:  52.9% | Budget Used: 3720.00/4000.0
Ep  259 | Phase: ANTAGON | Ticks: 797 | Protag R: -4911.00 | Antag R: 4539.00 | Delivery:  60.5% | Budget Used: 3720.00/4000.0
Ep  260 | Phase: ANTAGON | Ticks: 790 | Protag R: -10116.00 | Antag R: 9745.00 | Delivery:  63.6% | Budget Used: 3720.00/4000.0
Ep  261 | Phase: ANTAGON | Ticks: 791 | Protag R: -6691.00 | Antag R: 6320.00 | Delivery:  66.0% | Budget Used: 3720.00/4000.0
Ep  262 | Phase: ANTAGON | Ticks: 794 | Protag R: -5980.00 | Antag R: 5609.00 | Delivery:  61.2% | Budget Used: 3720.00/4000.0
Ep  263 | Phase: ANTAGON | Ticks: 788 | Protag R: -7781.00 | Antag R: 7410.00 | Delivery:  65.2% | Budget Used: 3720.00/4000.0
Ep  264 | Phase: ANTAGON | Ticks: 789 | Protag R: -7146.00 | Antag R: 6774.00 | Delivery:  57.4% | Budget Used: 3720.00/4000.0
Ep  265 | Phase: ANTAGON | Ticks: 790 | Protag R: -2288.00 | Antag R: 1917.00 | Delivery:  75.0% | Budget Used: 3720.00/4000.0
Ep  266 | Phase: ANTAGON | Ticks: 777 | Protag R: -7656.00 | Antag R: 7285.00 | Delivery:  62.7% | Budget Used: 3720.00/4000.0
Ep  267 | Phase: ANTAGON | Ticks: 786 | Protag R: -15973.00 | Antag R: 15602.00 | Delivery:  48.4% | Budget Used: 3720.00/4000.0
Ep  268 | Phase: ANTAGON | Ticks: 797 | Protag R: -4308.00 | Antag R: 3936.00 | Delivery:  69.2% | Budget Used: 3720.00/4000.0
Ep  269 | Phase: ANTAGON | Ticks: 791 | Protag R: -4573.00 | Antag R: 4202.00 | Delivery:  61.0% | Budget Used: 3720.00/4000.0
Ep  270 | Phase: ANTAGON | Ticks: 798 | Protag R: -8575.00 | Antag R: 8204.00 | Delivery:  56.0% | Budget Used: 3720.00/4000.0
Ep  271 | Phase: ANTAGON | Ticks: 797 | Protag R: -8221.00 | Antag R: 7850.00 | Delivery:  47.9% | Budget Used: 3720.00/4000.0
Ep  272 | Phase: ANTAGON | Ticks: 790 | Protag R: -6798.00 | Antag R: 6427.00 | Delivery:  57.4% | Budget Used: 3720.00/4000.0
Ep  273 | Phase: ANTAGON | Ticks: 784 | Protag R: -8459.00 | Antag R: 8088.00 | Delivery:  56.2% | Budget Used: 3720.00/4000.0
Ep  274 | Phase: ANTAGON | Ticks: 777 | Protag R: -11242.00 | Antag R: 10871.00 | Delivery:  50.9% | Budget Used: 3720.00/4000.0
Ep  275 | Phase: ANTAGON | Ticks: 796 | Protag R: -11552.00 | Antag R: 11181.00 | Delivery:  43.3% | Budget Used: 3720.00/4000.0
Ep  276 | Phase: ANTAGON | Ticks: 797 | Protag R: -12914.00 | Antag R: 12542.00 | Delivery:  45.3% | Budget Used: 3720.00/4000.0
Ep  277 | Phase: ANTAGON | Ticks: 794 | Protag R: -7955.00 | Antag R: 7584.00 | Delivery:  50.0% | Budget Used: 3720.00/4000.0
Ep  278 | Phase: ANTAGON | Ticks: 798 | Protag R: -5189.00 | Antag R: 4818.00 | Delivery:  71.4% | Budget Used: 3720.00/4000.0
Ep  279 | Phase: ANTAGON | Ticks: 783 | Protag R: -7482.00 | Antag R: 7111.00 | Delivery:  55.3% | Budget Used: 3720.00/4000.0
Ep  280 | Phase: ANTAGON | Ticks: 791 | Protag R: -9877.00 | Antag R: 9506.00 | Delivery:  51.0% | Budget Used: 3720.00/4000.0
Ep  281 | Phase: ANTAGON | Ticks: 794 | Protag R: -12901.00 | Antag R: 12530.00 | Delivery:  45.5% | Budget Used: 3720.00/4000.0
Ep  282 | Phase: ANTAGON | Ticks: 788 | Protag R: -4110.00 | Antag R: 3739.00 | Delivery:  73.0% | Budget Used: 3720.00/4000.0
Ep  283 | Phase: ANTAGON | Ticks: 787 | Protag R: -9953.00 | Antag R: 9582.00 | Delivery:  54.9% | Budget Used: 3720.00/4000.0
Ep  284 | Phase: ANTAGON | Ticks: 787 | Protag R: -5224.00 | Antag R: 4852.00 | Delivery:  78.9% | Budget Used: 3720.00/4000.0
Ep  285 | Phase: ANTAGON | Ticks: 788 | Protag R: -7638.00 | Antag R: 7267.00 | Delivery:  56.2% | Budget Used: 3720.00/4000.0
Ep  286 | Phase: ANTAGON | Ticks: 786 | Protag R: -12018.00 | Antag R: 11646.00 | Delivery:  39.6% | Budget Used: 3720.00/4000.0
Ep  287 | Phase: ANTAGON | Ticks: 799 | Protag R: -7398.00 | Antag R: 7027.00 | Delivery:  59.1% | Budget Used: 3720.00/4000.0
Ep  288 | Phase: ANTAGON | Ticks: 776 | Protag R: -8770.00 | Antag R: 8398.00 | Delivery:  45.3% | Budget Used: 3720.00/4000.0
Ep  289 | Phase: ANTAGON | Ticks: 786 | Protag R: -9120.00 | Antag R: 8749.00 | Delivery:  49.1% | Budget Used: 3720.00/4000.0
Ep  290 | Phase: ANTAGON | Ticks: 790 | Protag R: -6436.00 | Antag R: 6065.00 | Delivery:  70.3% | Budget Used: 3720.00/4000.0
Ep  291 | Phase: ANTAGON | Ticks: 778 | Protag R: -8249.00 | Antag R: 7877.00 | Delivery:  49.0% | Budget Used: 3720.00/4000.0
Ep  292 | Phase: ANTAGON | Ticks: 799 | Protag R: -14624.00 | Antag R: 14253.00 | Delivery:  45.2% | Budget Used: 3720.00/4000.0
Ep  293 | Phase: ANTAGON | Ticks: 783 | Protag R: -5732.00 | Antag R: 5361.00 | Delivery:  61.9% | Budget Used: 3720.00/4000.0
Ep  294 | Phase: ANTAGON | Ticks: 799 | Protag R: -6698.00 | Antag R: 6327.00 | Delivery:  52.0% | Budget Used: 3720.00/4000.0
Ep  295 | Phase: ANTAGON | Ticks: 794 | Protag R: -9760.00 | Antag R: 9389.00 | Delivery:  50.9% | Budget Used: 3720.00/4000.0
Ep  296 | Phase: ANTAGON | Ticks: 799 | Protag R: -8081.00 | Antag R: 7710.00 | Delivery:  54.9% | Budget Used: 3720.00/4000.0
Ep  297 | Phase: ANTAGON | Ticks: 784 | Protag R: -8547.00 | Antag R: 8175.00 | Delivery:  55.1% | Budget Used: 3720.00/4000.0
Ep  298 | Phase: ANTAGON | Ticks: 792 | Protag R: -5283.00 | Antag R: 4911.00 | Delivery:  70.3% | Budget Used: 3720.00/4000.0
Ep  299 | Phase: ANTAGON | Ticks: 798 | Protag R: -6487.00 | Antag R: 6115.00 | Delivery:  57.8% | Budget Used: 3720.00/4000.0
Ep  300 | Phase: ANTAGON | Ticks: 797 | Protag R: -13709.00 | Antag R: 13337.00 | Delivery:  45.3% | Budget Used: 3720.00/4000.0
Saved coevolved protagonist actor to models/runs/gen06_dynassign_matrix/br_vanilla_s0_seed0/protagonist/actor.pt
Saved coevolved antagonist actor to models/runs/gen06_dynassign_matrix/br_vanilla_s0_seed0/antagonist/actor.pt
Saved copy of protagonist actor as latest to models/protagonist/actor.pt
Saved copy of antagonist actor as latest to models/antagonist/actor.pt

SACRED ATLA Training completed successfully! Logs saved to TensorBoard.
