Seeded run: seed=0
Initializing SACRED Stage-2 HYBRID (assignment + next-hop routing, static demand)...
Hybrid: forcing --preseed-buffer False.
Configuring Protagonist Dispatch Agent...
Frozen protagonist from models/runs/gen05_hybrid_matrix/hybrid_vanilla_seed0/snapshots/protagonist_ep375.pt (node_in_dim=13, edge_in_dim=4).
Configuring Antagonist Congestion Agent...
Initializing ATLA Coevolution Trainer...
Run Name: gen05_hybrid_matrix/br_vanilla_s0_seed0
Starting SACRED training (mode=antagonist_only) for 300 episodes...
Device: Protagonist=cpu, Antagonist=cpu
Initial Phase: Training ANTAGONIST

Ep    1 | Phase: ANTAGON | Ticks: 799 | Protag R: -4853.00 | Antag R: 4703.00 | Delivery:  37.5% | Budget Used: 1500.00/1500.0
Ep    2 | Phase: ANTAGON | Ticks: 799 | Protag R: -4687.00 | Antag R: 4537.00 | Delivery:  50.0% | Budget Used: 1500.00/1500.0
Ep    3 | Phase: ANTAGON | Ticks: 799 | Protag R: -4761.00 | Antag R: 4611.00 | Delivery:  50.0% | Budget Used: 1500.00/1500.0
Ep    4 | Phase: ANTAGON | Ticks: 797 | Protag R: -5113.00 | Antag R: 4963.00 | Delivery:  37.5% | Budget Used: 1500.00/1500.0
Ep    5 | Phase: ANTAGON | Ticks: 796 | Protag R: -5105.00 | Antag R: 4955.00 | Delivery:  37.5% | Budget Used: 1500.00/1500.0
Ep    6 | Phase: ANTAGON | Ticks: 799 | Protag R: -5509.00 | Antag R: 5359.00 | Delivery:  37.5% | Budget Used: 1500.00/1500.0
Ep    7 | Phase: ANTAGON | Ticks: 797 | Protag R: -5333.00 | Antag R: 5183.00 | Delivery:  37.5% | Budget Used: 1500.00/1500.0
Ep    8 | Phase: ANTAGON | Ticks: 796 | Protag R: -5635.00 | Antag R: 5485.00 | Delivery:  25.0% | Budget Used: 1500.00/1500.0
Ep    9 | Phase: ANTAGON | Ticks: 799 | Protag R: -5125.00 | Antag R: 4975.00 | Delivery:  37.5% | Budget Used: 1500.00/1500.0
Ep   10 | Phase: ANTAGON | Ticks: 799 | Protag R: -4400.00 | Antag R: 4250.00 | Delivery:  62.5% | Budget Used: 1500.00/1500.0
Ep   11 | Phase: ANTAGON | Ticks: 799 | Protag R: -4899.00 | Antag R: 4749.00 | Delivery:  50.0% | Budget Used: 1500.00/1500.0
Ep   12 | Phase: ANTAGON | Ticks: 799 | Protag R: -4954.00 | Antag R: 4804.00 | Delivery:  62.5% | Budget Used: 1500.00/1500.0
Ep   13 | Phase: ANTAGON | Ticks: 799 | Protag R: -5360.00 | Antag R: 5210.00 | Delivery:  25.0% | Budget Used: 1500.00/1500.0
Ep   14 | Phase: ANTAGON | Ticks: 799 | Protag R: -4945.00 | Antag R: 4795.00 | Delivery:  50.0% | Budget Used: 1500.00/1500.0
Ep   15 | Phase: ANTAGON | Ticks: 799 | Protag R: -5081.00 | Antag R: 4931.00 | Delivery:  37.5% | Budget Used: 1500.00/1500.0
Ep   16 | Phase: ANTAGON | Ticks: 799 | Protag R: -4148.00 | Antag R: 3998.00 | Delivery:  62.5% | Budget Used: 1500.00/1500.0
Ep   17 | Phase: ANTAGON | Ticks: 799 | Protag R: -5297.00 | Antag R: 5147.00 | Delivery:  37.5% | Budget Used: 1500.00/1500.0
Ep   18 | Phase: ANTAGON | Ticks: 799 | Protag R: -5732.00 | Antag R: 5582.00 | Delivery:  25.0% | Budget Used: 1500.00/1500.0
Ep   19 | Phase: ANTAGON | Ticks: 798 | Protag R: -5154.00 | Antag R: 5004.00 | Delivery:  37.5% | Budget Used: 1500.00/1500.0
Ep   20 | Phase: ANTAGON | Ticks: 798 | Protag R: -4883.00 | Antag R: 4733.00 | Delivery:  50.0% | Budget Used: 1500.00/1500.0
Ep   21 | Phase: ANTAGON | Ticks: 799 | Protag R: -5666.00 | Antag R: 5516.00 | Delivery:  37.5% | Budget Used: 1500.00/1500.0
Ep   22 | Phase: ANTAGON | Ticks: 798 | Protag R: -5440.00 | Antag R: 5290.00 | Delivery:  37.5% | Budget Used: 1500.00/1500.0
Ep   23 | Phase: ANTAGON | Ticks: 797 | Protag R: -5462.00 | Antag R: 5312.00 | Delivery:  25.0% | Budget Used: 1500.00/1500.0
Ep   24 | Phase: ANTAGON | Ticks: 799 | Protag R: -5345.00 | Antag R: 5195.00 | Delivery:  37.5% | Budget Used: 1500.00/1500.0
Ep   25 | Phase: ANTAGON | Ticks: 798 | Protag R: -5328.00 | Antag R: 5178.00 | Delivery:  25.0% | Budget Used: 1500.00/1500.0
Ep   26 | Phase: ANTAGON | Ticks: 799 | Protag R: -5566.00 | Antag R: 5416.00 | Delivery:  25.0% | Budget Used: 1500.00/1500.0
Ep   27 | Phase: ANTAGON | Ticks: 799 | Protag R: -4637.00 | Antag R: 4487.00 | Delivery:  62.5% | Budget Used: 1500.00/1500.0
Ep   28 | Phase: ANTAGON | Ticks: 799 | Protag R: -5019.00 | Antag R: 4869.00 | Delivery:  50.0% | Budget Used: 1500.00/1500.0
Ep   29 | Phase: ANTAGON | Ticks: 798 | Protag R: -5271.00 | Antag R: 5121.00 | Delivery:  50.0% | Budget Used: 1500.00/1500.0
Ep   30 | Phase: ANTAGON | Ticks: 797 | Protag R: -4867.00 | Antag R: 4717.00 | Delivery:  50.0% | Budget Used: 1500.00/1500.0
Ep   31 | Phase: ANTAGON | Ticks: 797 | Protag R: -5046.00 | Antag R: 4896.00 | Delivery:  37.5% | Budget Used: 1500.00/1500.0
Ep   32 | Phase: ANTAGON | Ticks: 799 | Protag R: -5629.00 | Antag R: 5479.00 | Delivery:  25.0% | Budget Used: 1500.00/1500.0
Ep   33 | Phase: ANTAGON | Ticks: 799 | Protag R: -4946.00 | Antag R: 4796.00 | Delivery:  50.0% | Budget Used: 1500.00/1500.0
Ep   34 | Phase: ANTAGON | Ticks: 798 | Protag R: -4972.00 | Antag R: 4822.00 | Delivery:  50.0% | Budget Used: 1500.00/1500.0
Ep   35 | Phase: ANTAGON | Ticks: 799 | Protag R: -5678.00 | Antag R: 5528.00 | Delivery:  25.0% | Budget Used: 1500.00/1500.0
Ep   36 | Phase: ANTAGON | Ticks: 799 | Protag R: -5251.00 | Antag R: 5101.00 | Delivery:  25.0% | Budget Used: 1500.00/1500.0
Ep   37 | Phase: ANTAGON | Ticks: 799 | Protag R: -4872.00 | Antag R: 4722.00 | Delivery:  50.0% | Budget Used: 1500.00/1500.0
Ep   38 | Phase: ANTAGON | Ticks: 799 | Protag R: -5386.00 | Antag R: 5236.00 | Delivery:  50.0% | Budget Used: 1500.00/1500.0
Ep   39 | Phase: ANTAGON | Ticks: 798 | Protag R: -4890.00 | Antag R: 4740.00 | Delivery:  50.0% | Budget Used: 1500.00/1500.0
Ep   40 | Phase: ANTAGON | Ticks: 799 | Protag R: -5290.00 | Antag R: 5140.00 | Delivery:  37.5% | Budget Used: 1500.00/1500.0
Ep   41 | Phase: ANTAGON | Ticks: 799 | Protag R: -4980.00 | Antag R: 4830.00 | Delivery:  25.0% | Budget Used: 1500.00/1500.0
Ep   42 | Phase: ANTAGON | Ticks: 799 | Protag R: -5363.00 | Antag R: 5213.00 | Delivery:  25.0% | Budget Used: 1500.00/1500.0
Ep   43 | Phase: ANTAGON | Ticks: 798 | Protag R: -5696.00 | Antag R: 5546.00 | Delivery:  37.5% | Budget Used: 1500.00/1500.0
Ep   44 | Phase: ANTAGON | Ticks: 799 | Protag R: -5485.00 | Antag R: 5335.00 | Delivery:  37.5% | Budget Used: 1500.00/1500.0
Ep   45 | Phase: ANTAGON | Ticks: 799 | Protag R: -5225.00 | Antag R: 5075.00 | Delivery:  25.0% | Budget Used: 1500.00/1500.0
Ep   46 | Phase: ANTAGON | Ticks: 799 | Protag R: -5456.00 | Antag R: 5306.00 | Delivery:  25.0% | Budget Used: 1500.00/1500.0
Ep   47 | Phase: ANTAGON | Ticks: 799 | Protag R: -5421.00 | Antag R: 5271.00 | Delivery:  25.0% | Budget Used: 1500.00/1500.0
Ep   48 | Phase: ANTAGON | Ticks: 798 | Protag R: -4811.00 | Antag R: 4661.00 | Delivery:  50.0% | Budget Used: 1500.00/1500.0
Ep   49 | Phase: ANTAGON | Ticks: 799 | Protag R: -4900.00 | Antag R: 4750.00 | Delivery:  50.0% | Budget Used: 1500.00/1500.0
Ep   50 | Phase: ANTAGON | Ticks: 799 | Protag R: -5597.00 | Antag R: 5447.00 | Delivery:  25.0% | Budget Used: 1500.00/1500.0
Saving checkpoints for both agents before phase switch...
Ep   51 | Phase: ANTAGON | Ticks: 798 | Protag R: -4532.00 | Antag R: 4382.00 | Delivery:  50.0% | Budget Used: 1500.00/1500.0
Ep   52 | Phase: ANTAGON | Ticks: 799 | Protag R: -5567.00 | Antag R: 5417.00 | Delivery:  37.5% | Budget Used: 1500.00/1500.0
Ep   53 | Phase: ANTAGON | Ticks: 799 | Protag R: -5472.00 | Antag R: 5322.00 | Delivery:  37.5% | Budget Used: 1500.00/1500.0
Ep   54 | Phase: ANTAGON | Ticks: 799 | Protag R: -5294.00 | Antag R: 5144.00 | Delivery:  50.0% | Budget Used: 1500.00/1500.0
Ep   55 | Phase: ANTAGON | Ticks: 799 | Protag R: -4727.00 | Antag R: 4577.00 | Delivery:  50.0% | Budget Used: 1500.00/1500.0
Ep   56 | Phase: ANTAGON | Ticks: 798 | Protag R: -4952.00 | Antag R: 4802.00 | Delivery:  37.5% | Budget Used: 1500.00/1500.0
Ep   57 | Phase: ANTAGON | Ticks: 798 | Protag R: -4932.00 | Antag R: 4782.00 | Delivery:  50.0% | Budget Used: 1500.00/1500.0
Ep   58 | Phase: ANTAGON | Ticks: 799 | Protag R: -5129.00 | Antag R: 4979.00 | Delivery:  37.5% | Budget Used: 1500.00/1500.0
Ep   59 | Phase: ANTAGON | Ticks: 799 | Protag R: -5813.00 | Antag R: 5663.00 | Delivery:  25.0% | Budget Used: 1500.00/1500.0
Ep   60 | Phase: ANTAGON | Ticks: 799 | Protag R: -5269.00 | Antag R: 5119.00 | Delivery:  50.0% | Budget Used: 1500.00/1500.0
Ep   61 | Phase: ANTAGON | Ticks: 799 | Protag R: -5789.00 | Antag R: 5639.00 | Delivery:  25.0% | Budget Used: 1500.00/1500.0
Ep   62 | Phase: ANTAGON | Ticks: 799 | Protag R: -5725.00 | Antag R: 5575.00 | Delivery:  25.0% | Budget Used: 1500.00/1500.0
Ep   63 | Phase: ANTAGON | Ticks: 798 | Protag R: -5511.00 | Antag R: 5361.00 | Delivery:  50.0% | Budget Used: 1500.00/1500.0
Ep   64 | Phase: ANTAGON | Ticks: 798 | Protag R: -5627.00 | Antag R: 5477.00 | Delivery:  25.0% | Budget Used: 1500.00/1500.0
Ep   65 | Phase: ANTAGON | Ticks: 798 | Protag R: -5406.00 | Antag R: 5256.00 | Delivery:  50.0% | Budget Used: 1500.00/1500.0
Ep   66 | Phase: ANTAGON | Ticks: 799 | Protag R: -4818.00 | Antag R: 4668.00 | Delivery:  50.0% | Budget Used: 1500.00/1500.0
Ep   67 | Phase: ANTAGON | Ticks: 798 | Protag R: -5699.00 | Antag R: 5549.00 | Delivery:  37.5% | Budget Used: 1500.00/1500.0
Ep   68 | Phase: ANTAGON | Ticks: 798 | Protag R: -4824.00 | Antag R: 4674.00 | Delivery:  50.0% | Budget Used: 1500.00/1500.0
Ep   69 | Phase: ANTAGON | Ticks: 799 | Protag R: -5000.00 | Antag R: 4850.00 | Delivery:  37.5% | Budget Used: 1500.00/1500.0
Ep   70 | Phase: ANTAGON | Ticks: 799 | Protag R: -5382.00 | Antag R: 5232.00 | Delivery:  37.5% | Budget Used: 1500.00/1500.0
Ep   71 | Phase: ANTAGON | Ticks: 798 | Protag R: -5688.00 | Antag R: 5538.00 | Delivery:  37.5% | Budget Used: 1500.00/1500.0
Ep   72 | Phase: ANTAGON | Ticks: 799 | Protag R: -5525.00 | Antag R: 5375.00 | Delivery:  37.5% | Budget Used: 1500.00/1500.0
Ep   73 | Phase: ANTAGON | Ticks: 799 | Protag R: -5171.00 | Antag R: 5021.00 | Delivery:  37.5% | Budget Used: 1500.00/1500.0
Ep   74 | Phase: ANTAGON | Ticks: 799 | Protag R: -5270.00 | Antag R: 5120.00 | Delivery:  25.0% | Budget Used: 1500.00/1500.0
Ep   75 | Phase: ANTAGON | Ticks: 799 | Protag R: -5513.00 | Antag R: 5363.00 | Delivery:  37.5% | Budget Used: 1500.00/1500.0
Ep   76 | Phase: ANTAGON | Ticks: 799 | Protag R: -4974.00 | Antag R: 4824.00 | Delivery:  37.5% | Budget Used: 1500.00/1500.0
Ep   77 | Phase: ANTAGON | Ticks: 799 | Protag R: -5603.00 | Antag R: 5453.00 | Delivery:  25.0% | Budget Used: 1500.00/1500.0
Ep   78 | Phase: ANTAGON | Ticks: 798 | Protag R: -4529.00 | Antag R: 4379.00 | Delivery:  50.0% | Budget Used: 1500.00/1500.0
Ep   79 | Phase: ANTAGON | Ticks: 799 | Protag R: -5232.00 | Antag R: 5082.00 | Delivery:  25.0% | Budget Used: 1500.00/1500.0
Ep   80 | Phase: ANTAGON | Ticks: 799 | Protag R: -5149.00 | Antag R: 4999.00 | Delivery:  37.5% | Budget Used: 1500.00/1500.0
Ep   81 | Phase: ANTAGON | Ticks: 798 | Protag R: -5451.00 | Antag R: 5301.00 | Delivery:  25.0% | Budget Used: 1500.00/1500.0
Ep   82 | Phase: ANTAGON | Ticks: 799 | Protag R: -4477.00 | Antag R: 4327.00 | Delivery:  50.0% | Budget Used: 1500.00/1500.0
Ep   83 | Phase: ANTAGON | Ticks: 798 | Protag R: -5374.00 | Antag R: 5224.00 | Delivery:  37.5% | Budget Used: 1500.00/1500.0
Ep   84 | Phase: ANTAGON | Ticks: 799 | Protag R: -5513.00 | Antag R: 5363.00 | Delivery:  25.0% | Budget Used: 1500.00/1500.0
Ep   85 | Phase: ANTAGON | Ticks: 797 | Protag R: -4598.00 | Antag R: 4448.00 | Delivery:  62.5% | Budget Used: 1500.00/1500.0
Ep   86 | Phase: ANTAGON | Ticks: 799 | Protag R: -5600.00 | Antag R: 5450.00 | Delivery:  25.0% | Budget Used: 1500.00/1500.0
Ep   87 | Phase: ANTAGON | Ticks: 797 | Protag R: -5332.00 | Antag R: 5182.00 | Delivery:  50.0% | Budget Used: 1500.00/1500.0
Ep   88 | Phase: ANTAGON | Ticks: 799 | Protag R: -5675.00 | Antag R: 5525.00 | Delivery:  25.0% | Budget Used: 1500.00/1500.0
Ep   89 | Phase: ANTAGON | Ticks: 799 | Protag R: -5531.00 | Antag R: 5381.00 | Delivery:  25.0% | Budget Used: 1500.00/1500.0
Ep   90 | Phase: ANTAGON | Ticks: 799 | Protag R: -5366.00 | Antag R: 5216.00 | Delivery:  37.5% | Budget Used: 1500.00/1500.0
Ep   91 | Phase: ANTAGON | Ticks: 799 | Protag R: -5397.00 | Antag R: 5247.00 | Delivery:  37.5% | Budget Used: 1500.00/1500.0
Ep   92 | Phase: ANTAGON | Ticks: 799 | Protag R: -5329.00 | Antag R: 5179.00 | Delivery:  50.0% | Budget Used: 1500.00/1500.0
Ep   93 | Phase: ANTAGON | Ticks: 798 | Protag R: -5200.00 | Antag R: 5050.00 | Delivery:  37.5% | Budget Used: 1500.00/1500.0
Ep   94 | Phase: ANTAGON | Ticks: 799 | Protag R: -5386.00 | Antag R: 5236.00 | Delivery:  37.5% | Budget Used: 1500.00/1500.0
Ep   95 | Phase: ANTAGON | Ticks: 798 | Protag R: -5448.00 | Antag R: 5298.00 | Delivery:  37.5% | Budget Used: 1500.00/1500.0
Ep   96 | Phase: ANTAGON | Ticks: 798 | Protag R: -5038.00 | Antag R: 4888.00 | Delivery:  37.5% | Budget Used: 1500.00/1500.0
Ep   97 | Phase: ANTAGON | Ticks: 799 | Protag R: -4909.00 | Antag R: 4759.00 | Delivery:  50.0% | Budget Used: 1500.00/1500.0
Ep   98 | Phase: ANTAGON | Ticks: 799 | Protag R: -5742.00 | Antag R: 5592.00 | Delivery:  25.0% | Budget Used: 1500.00/1500.0
Ep   99 | Phase: ANTAGON | Ticks: 797 | Protag R: -4704.00 | Antag R: 4554.00 | Delivery:  62.5% | Budget Used: 1500.00/1500.0
Ep  100 | Phase: ANTAGON | Ticks: 799 | Protag R: -5693.00 | Antag R: 5543.00 | Delivery:  12.5% | Budget Used: 1500.00/1500.0
Saving checkpoints for both agents before phase switch...
Ep  101 | Phase: ANTAGON | Ticks: 798 | Protag R: -5321.00 | Antag R: 5171.00 | Delivery:  37.5% | Budget Used: 1500.00/1500.0
Ep  102 | Phase: ANTAGON | Ticks: 799 | Protag R: -5913.00 | Antag R: 5763.00 | Delivery:  25.0% | Budget Used: 1500.00/1500.0
Ep  103 | Phase: ANTAGON | Ticks: 799 | Protag R: -5528.00 | Antag R: 5378.00 | Delivery:  50.0% | Budget Used: 1500.00/1500.0
Ep  104 | Phase: ANTAGON | Ticks: 799 | Protag R: -4972.00 | Antag R: 4822.00 | Delivery:  37.5% | Budget Used: 1500.00/1500.0
Ep  105 | Phase: ANTAGON | Ticks: 799 | Protag R: -5428.00 | Antag R: 5278.00 | Delivery:  37.5% | Budget Used: 1500.00/1500.0
Ep  106 | Phase: ANTAGON | Ticks: 797 | Protag R: -5340.00 | Antag R: 5190.00 | Delivery:  37.5% | Budget Used: 1500.00/1500.0
Ep  107 | Phase: ANTAGON | Ticks: 799 | Protag R: -5751.00 | Antag R: 5601.00 | Delivery:  25.0% | Budget Used: 1500.00/1500.0
Ep  108 | Phase: ANTAGON | Ticks: 798 | Protag R: -5077.00 | Antag R: 4927.00 | Delivery:  50.0% | Budget Used: 1500.00/1500.0
Ep  109 | Phase: ANTAGON | Ticks: 797 | Protag R: -5527.00 | Antag R: 5377.00 | Delivery:  37.5% | Budget Used: 1500.00/1500.0
Ep  110 | Phase: ANTAGON | Ticks: 799 | Protag R: -5395.00 | Antag R: 5245.00 | Delivery:  37.5% | Budget Used: 1500.00/1500.0
Ep  111 | Phase: ANTAGON | Ticks: 798 | Protag R: -5560.00 | Antag R: 5410.00 | Delivery:  37.5% | Budget Used: 1500.00/1500.0
Ep  112 | Phase: ANTAGON | Ticks: 799 | Protag R: -5143.00 | Antag R: 4993.00 | Delivery:  50.0% | Budget Used: 1500.00/1500.0
Ep  113 | Phase: ANTAGON | Ticks: 799 | Protag R: -5264.00 | Antag R: 5114.00 | Delivery:  37.5% | Budget Used: 1500.00/1500.0
Ep  114 | Phase: ANTAGON | Ticks: 799 | Protag R: -5481.00 | Antag R: 5331.00 | Delivery:  25.0% | Budget Used: 1500.00/1500.0
Ep  115 | Phase: ANTAGON | Ticks: 799 | Protag R: -5705.00 | Antag R: 5555.00 | Delivery:  25.0% | Budget Used: 1500.00/1500.0
Ep  116 | Phase: ANTAGON | Ticks: 799 | Protag R: -5094.00 | Antag R: 4944.00 | Delivery:  50.0% | Budget Used: 1500.00/1500.0
Ep  117 | Phase: ANTAGON | Ticks: 798 | Protag R: -5651.00 | Antag R: 5501.00 | Delivery:  25.0% | Budget Used: 1500.00/1500.0
Ep  118 | Phase: ANTAGON | Ticks: 799 | Protag R: -5467.00 | Antag R: 5317.00 | Delivery:  25.0% | Budget Used: 1500.00/1500.0
Ep  119 | Phase: ANTAGON | Ticks: 798 | Protag R: -5794.00 | Antag R: 5644.00 | Delivery:  25.0% | Budget Used: 1500.00/1500.0
Ep  120 | Phase: ANTAGON | Ticks: 797 | Protag R: -4967.00 | Antag R: 4817.00 | Delivery:  50.0% | Budget Used: 1500.00/1500.0
Ep  121 | Phase: ANTAGON | Ticks: 799 | Protag R: -5319.00 | Antag R: 5169.00 | Delivery:  37.5% | Budget Used: 1500.00/1500.0
Ep  122 | Phase: ANTAGON | Ticks: 799 | Protag R: -5605.00 | Antag R: 5455.00 | Delivery:  37.5% | Budget Used: 1500.00/1500.0
Ep  123 | Phase: ANTAGON | Ticks: 798 | Protag R: -4897.00 | Antag R: 4747.00 | Delivery:  37.5% | Budget Used: 1500.00/1500.0
Ep  124 | Phase: ANTAGON | Ticks: 799 | Protag R: -4722.00 | Antag R: 4572.00 | Delivery:  50.0% | Budget Used: 1500.00/1500.0
Ep  125 | Phase: ANTAGON | Ticks: 799 | Protag R: -5017.00 | Antag R: 4867.00 | Delivery:  50.0% | Budget Used: 1500.00/1500.0
Ep  126 | Phase: ANTAGON | Ticks: 799 | Protag R: -5423.00 | Antag R: 5273.00 | Delivery:  37.5% | Budget Used: 1500.00/1500.0
Ep  127 | Phase: ANTAGON | Ticks: 799 | Protag R: -5605.00 | Antag R: 5455.00 | Delivery:  25.0% | Budget Used: 1500.00/1500.0
Ep  128 | Phase: ANTAGON | Ticks: 799 | Protag R: -5307.00 | Antag R: 5157.00 | Delivery:  25.0% | Budget Used: 1500.00/1500.0
Ep  129 | Phase: ANTAGON | Ticks: 799 | Protag R: -5140.00 | Antag R: 4990.00 | Delivery:  37.5% | Budget Used: 1500.00/1500.0
Ep  130 | Phase: ANTAGON | Ticks: 798 | Protag R: -5570.00 | Antag R: 5420.00 | Delivery:  37.5% | Budget Used: 1500.00/1500.0
Ep  131 | Phase: ANTAGON | Ticks: 798 | Protag R: -4470.00 | Antag R: 4320.00 | Delivery:  50.0% | Budget Used: 1500.00/1500.0
Ep  132 | Phase: ANTAGON | Ticks: 798 | Protag R: -5075.00 | Antag R: 4925.00 | Delivery:  50.0% | Budget Used: 1500.00/1500.0
Ep  133 | Phase: ANTAGON | Ticks: 798 | Protag R: -5511.00 | Antag R: 5361.00 | Delivery:  25.0% | Budget Used: 1500.00/1500.0
Ep  134 | Phase: ANTAGON | Ticks: 799 | Protag R: -5118.00 | Antag R: 4968.00 | Delivery:  50.0% | Budget Used: 1500.00/1500.0
Ep  135 | Phase: ANTAGON | Ticks: 799 | Protag R: -5376.00 | Antag R: 5226.00 | Delivery:  37.5% | Budget Used: 1500.00/1500.0
Ep  136 | Phase: ANTAGON | Ticks: 799 | Protag R: -5153.00 | Antag R: 5003.00 | Delivery:  50.0% | Budget Used: 1500.00/1500.0
Ep  137 | Phase: ANTAGON | Ticks: 799 | Protag R: -5839.00 | Antag R: 5689.00 | Delivery:  25.0% | Budget Used: 1500.00/1500.0
Ep  138 | Phase: ANTAGON | Ticks: 799 | Protag R: -5508.00 | Antag R: 5358.00 | Delivery:  25.0% | Budget Used: 1500.00/1500.0
Ep  139 | Phase: ANTAGON | Ticks: 798 | Protag R: -5457.00 | Antag R: 5307.00 | Delivery:  37.5% | Budget Used: 1500.00/1500.0
Ep  140 | Phase: ANTAGON | Ticks: 799 | Protag R: -5913.00 | Antag R: 5763.00 | Delivery:  25.0% | Budget Used: 1500.00/1500.0
Ep  141 | Phase: ANTAGON | Ticks: 799 | Protag R: -5292.00 | Antag R: 5142.00 | Delivery:  25.0% | Budget Used: 1500.00/1500.0
Ep  142 | Phase: ANTAGON | Ticks: 798 | Protag R: -5688.00 | Antag R: 5538.00 | Delivery:  25.0% | Budget Used: 1500.00/1500.0
Ep  143 | Phase: ANTAGON | Ticks: 796 | Protag R: -5195.00 | Antag R: 5045.00 | Delivery:  37.5% | Budget Used: 1500.00/1500.0
Ep  144 | Phase: ANTAGON | Ticks: 799 | Protag R: -5100.00 | Antag R: 4950.00 | Delivery:  50.0% | Budget Used: 1500.00/1500.0
Ep  145 | Phase: ANTAGON | Ticks: 799 | Protag R: -5851.00 | Antag R: 5701.00 | Delivery:  25.0% | Budget Used: 1500.00/1500.0
Ep  146 | Phase: ANTAGON | Ticks: 799 | Protag R: -5581.00 | Antag R: 5431.00 | Delivery:  37.5% | Budget Used: 1500.00/1500.0
Ep  147 | Phase: ANTAGON | Ticks: 799 | Protag R: -5457.00 | Antag R: 5307.00 | Delivery:  37.5% | Budget Used: 1500.00/1500.0
Ep  148 | Phase: ANTAGON | Ticks: 799 | Protag R: -5524.00 | Antag R: 5374.00 | Delivery:  50.0% | Budget Used: 1500.00/1500.0
Ep  149 | Phase: ANTAGON | Ticks: 799 | Protag R: -5548.00 | Antag R: 5398.00 | Delivery:  37.5% | Budget Used: 1500.00/1500.0
Ep  150 | Phase: ANTAGON | Ticks: 799 | Protag R: -5565.00 | Antag R: 5415.00 | Delivery:  37.5% | Budget Used: 1500.00/1500.0
Saving checkpoints for both agents before phase switch...
Ep  151 | Phase: ANTAGON | Ticks: 799 | Protag R: -5684.00 | Antag R: 5534.00 | Delivery:  25.0% | Budget Used: 1500.00/1500.0
Ep  152 | Phase: ANTAGON | Ticks: 799 | Protag R: -5336.00 | Antag R: 5186.00 | Delivery:  37.5% | Budget Used: 1500.00/1500.0
Ep  153 | Phase: ANTAGON | Ticks: 799 | Protag R: -4925.00 | Antag R: 4775.00 | Delivery:  50.0% | Budget Used: 1500.00/1500.0
Ep  154 | Phase: ANTAGON | Ticks: 799 | Protag R: -4774.00 | Antag R: 4624.00 | Delivery:  50.0% | Budget Used: 1500.00/1500.0
Ep  155 | Phase: ANTAGON | Ticks: 799 | Protag R: -5377.00 | Antag R: 5227.00 | Delivery:  50.0% | Budget Used: 1500.00/1500.0
Ep  156 | Phase: ANTAGON | Ticks: 799 | Protag R: -5585.00 | Antag R: 5435.00 | Delivery:  50.0% | Budget Used: 1500.00/1500.0
Ep  157 | Phase: ANTAGON | Ticks: 798 | Protag R: -5852.00 | Antag R: 5702.00 | Delivery:  25.0% | Budget Used: 1500.00/1500.0
Ep  158 | Phase: ANTAGON | Ticks: 799 | Protag R: -5095.00 | Antag R: 4945.00 | Delivery:  50.0% | Budget Used: 1500.00/1500.0
Ep  159 | Phase: ANTAGON | Ticks: 798 | Protag R: -5894.00 | Antag R: 5744.00 | Delivery:  25.0% | Budget Used: 1500.00/1500.0
Ep  160 | Phase: ANTAGON | Ticks: 798 | Protag R: -5384.00 | Antag R: 5234.00 | Delivery:  37.5% | Budget Used: 1500.00/1500.0
Ep  161 | Phase: ANTAGON | Ticks: 799 | Protag R: -4989.00 | Antag R: 4839.00 | Delivery:  37.5% | Budget Used: 1500.00/1500.0
Ep  162 | Phase: ANTAGON | Ticks: 798 | Protag R: -5180.00 | Antag R: 5030.00 | Delivery:  37.5% | Budget Used: 1500.00/1500.0
Ep  163 | Phase: ANTAGON | Ticks: 799 | Protag R: -5524.00 | Antag R: 5374.00 | Delivery:  37.5% | Budget Used: 1500.00/1500.0
Ep  164 | Phase: ANTAGON | Ticks: 799 | Protag R: -5587.00 | Antag R: 5437.00 | Delivery:  37.5% | Budget Used: 1500.00/1500.0
Ep  165 | Phase: ANTAGON | Ticks: 798 | Protag R: -4913.00 | Antag R: 4763.00 | Delivery:  50.0% | Budget Used: 1500.00/1500.0
Ep  166 | Phase: ANTAGON | Ticks: 799 | Protag R: -5103.00 | Antag R: 4953.00 | Delivery:  37.5% | Budget Used: 1500.00/1500.0
Ep  167 | Phase: ANTAGON | Ticks: 799 | Protag R: -5212.00 | Antag R: 5062.00 | Delivery:  25.0% | Budget Used: 1500.00/1500.0
Ep  168 | Phase: ANTAGON | Ticks: 799 | Protag R: -5524.00 | Antag R: 5374.00 | Delivery:  37.5% | Budget Used: 1500.00/1500.0
Ep  169 | Phase: ANTAGON | Ticks: 799 | Protag R: -5188.00 | Antag R: 5038.00 | Delivery:  50.0% | Budget Used: 1500.00/1500.0
Ep  170 | Phase: ANTAGON | Ticks: 799 | Protag R: -5374.00 | Antag R: 5224.00 | Delivery:  25.0% | Budget Used: 1500.00/1500.0
Ep  171 | Phase: ANTAGON | Ticks: 799 | Protag R: -5130.00 | Antag R: 4980.00 | Delivery:  50.0% | Budget Used: 1500.00/1500.0
Ep  172 | Phase: ANTAGON | Ticks: 799 | Protag R: -5308.00 | Antag R: 5158.00 | Delivery:  37.5% | Budget Used: 1500.00/1500.0
Ep  173 | Phase: ANTAGON | Ticks: 798 | Protag R: -4859.00 | Antag R: 4709.00 | Delivery:  62.5% | Budget Used: 1500.00/1500.0
Ep  174 | Phase: ANTAGON | Ticks: 798 | Protag R: -5301.00 | Antag R: 5151.00 | Delivery:  37.5% | Budget Used: 1500.00/1500.0
Ep  175 | Phase: ANTAGON | Ticks: 799 | Protag R: -5524.00 | Antag R: 5374.00 | Delivery:  25.0% | Budget Used: 1500.00/1500.0
Ep  176 | Phase: ANTAGON | Ticks: 798 | Protag R: -5304.00 | Antag R: 5154.00 | Delivery:  37.5% | Budget Used: 1500.00/1500.0
Ep  177 | Phase: ANTAGON | Ticks: 799 | Protag R: -5393.00 | Antag R: 5243.00 | Delivery:  25.0% | Budget Used: 1500.00/1500.0
Ep  178 | Phase: ANTAGON | Ticks: 799 | Protag R: -5508.00 | Antag R: 5358.00 | Delivery:  25.0% | Budget Used: 1500.00/1500.0
Ep  179 | Phase: ANTAGON | Ticks: 799 | Protag R: -5532.00 | Antag R: 5382.00 | Delivery:  37.5% | Budget Used: 1500.00/1500.0
Ep  180 | Phase: ANTAGON | Ticks: 799 | Protag R: -5580.00 | Antag R: 5430.00 | Delivery:  25.0% | Budget Used: 1500.00/1500.0
Ep  181 | Phase: ANTAGON | Ticks: 798 | Protag R: -5750.00 | Antag R: 5600.00 | Delivery:  37.5% | Budget Used: 1500.00/1500.0
Ep  182 | Phase: ANTAGON | Ticks: 799 | Protag R: -5854.00 | Antag R: 5704.00 | Delivery:  37.5% | Budget Used: 1500.00/1500.0
Ep  183 | Phase: ANTAGON | Ticks: 799 | Protag R: -4794.00 | Antag R: 4644.00 | Delivery:  50.0% | Budget Used: 1500.00/1500.0
Ep  184 | Phase: ANTAGON | Ticks: 799 | Protag R: -4752.00 | Antag R: 4602.00 | Delivery:  62.5% | Budget Used: 1500.00/1500.0
Ep  185 | Phase: ANTAGON | Ticks: 798 | Protag R: -5347.00 | Antag R: 5197.00 | Delivery:  37.5% | Budget Used: 1500.00/1500.0
Ep  186 | Phase: ANTAGON | Ticks: 799 | Protag R: -4852.00 | Antag R: 4702.00 | Delivery:  50.0% | Budget Used: 1500.00/1500.0
Ep  187 | Phase: ANTAGON | Ticks: 796 | Protag R: -4874.00 | Antag R: 4724.00 | Delivery:  62.5% | Budget Used: 1500.00/1500.0
Ep  188 | Phase: ANTAGON | Ticks: 799 | Protag R: -5068.00 | Antag R: 4918.00 | Delivery:  50.0% | Budget Used: 1500.00/1500.0
Ep  189 | Phase: ANTAGON | Ticks: 796 | Protag R: -5851.00 | Antag R: 5701.00 | Delivery:  25.0% | Budget Used: 1500.00/1500.0
Ep  190 | Phase: ANTAGON | Ticks: 799 | Protag R: -5306.00 | Antag R: 5156.00 | Delivery:  37.5% | Budget Used: 1500.00/1500.0
Ep  191 | Phase: ANTAGON | Ticks: 799 | Protag R: -5260.00 | Antag R: 5110.00 | Delivery:  37.5% | Budget Used: 1500.00/1500.0
Ep  192 | Phase: ANTAGON | Ticks: 798 | Protag R: -5526.00 | Antag R: 5376.00 | Delivery:  25.0% | Budget Used: 1500.00/1500.0
Ep  193 | Phase: ANTAGON | Ticks: 799 | Protag R: -5004.00 | Antag R: 4854.00 | Delivery:  50.0% | Budget Used: 1500.00/1500.0
Ep  194 | Phase: ANTAGON | Ticks: 799 | Protag R: -5392.00 | Antag R: 5242.00 | Delivery:  37.5% | Budget Used: 1500.00/1500.0
Ep  195 | Phase: ANTAGON | Ticks: 797 | Protag R: -5601.00 | Antag R: 5451.00 | Delivery:  37.5% | Budget Used: 1500.00/1500.0
Ep  196 | Phase: ANTAGON | Ticks: 798 | Protag R: -4910.00 | Antag R: 4760.00 | Delivery:  50.0% | Budget Used: 1500.00/1500.0
Ep  197 | Phase: ANTAGON | Ticks: 799 | Protag R: -4547.00 | Antag R: 4397.00 | Delivery:  62.5% | Budget Used: 1500.00/1500.0
Ep  198 | Phase: ANTAGON | Ticks: 799 | Protag R: -5347.00 | Antag R: 5197.00 | Delivery:  37.5% | Budget Used: 1500.00/1500.0
Ep  199 | Phase: ANTAGON | Ticks: 799 | Protag R: -5496.00 | Antag R: 5346.00 | Delivery:  37.5% | Budget Used: 1500.00/1500.0
Ep  200 | Phase: ANTAGON | Ticks: 797 | Protag R: -5702.00 | Antag R: 5552.00 | Delivery:  25.0% | Budget Used: 1500.00/1500.0
Saving checkpoints for both agents before phase switch...
Ep  201 | Phase: ANTAGON | Ticks: 799 | Protag R: -5230.00 | Antag R: 5080.00 | Delivery:  50.0% | Budget Used: 1500.00/1500.0
Ep  202 | Phase: ANTAGON | Ticks: 799 | Protag R: -5644.00 | Antag R: 5494.00 | Delivery:  25.0% | Budget Used: 1500.00/1500.0
Ep  203 | Phase: ANTAGON | Ticks: 798 | Protag R: -5319.00 | Antag R: 5169.00 | Delivery:  37.5% | Budget Used: 1500.00/1500.0
Ep  204 | Phase: ANTAGON | Ticks: 798 | Protag R: -5293.00 | Antag R: 5143.00 | Delivery:  50.0% | Budget Used: 1500.00/1500.0
Ep  205 | Phase: ANTAGON | Ticks: 799 | Protag R: -5503.00 | Antag R: 5353.00 | Delivery:  50.0% | Budget Used: 1500.00/1500.0
Ep  206 | Phase: ANTAGON | Ticks: 799 | Protag R: -5535.00 | Antag R: 5385.00 | Delivery:  37.5% | Budget Used: 1500.00/1500.0
Ep  207 | Phase: ANTAGON | Ticks: 799 | Protag R: -5068.00 | Antag R: 4918.00 | Delivery:  37.5% | Budget Used: 1500.00/1500.0
Ep  208 | Phase: ANTAGON | Ticks: 799 | Protag R: -5244.00 | Antag R: 5094.00 | Delivery:  37.5% | Budget Used: 1500.00/1500.0
Ep  209 | Phase: ANTAGON | Ticks: 798 | Protag R: -5675.00 | Antag R: 5525.00 | Delivery:  50.0% | Budget Used: 1500.00/1500.0
Ep  210 | Phase: ANTAGON | Ticks: 799 | Protag R: -4773.00 | Antag R: 4623.00 | Delivery:  50.0% | Budget Used: 1500.00/1500.0
Ep  211 | Phase: ANTAGON | Ticks: 799 | Protag R: -5372.00 | Antag R: 5222.00 | Delivery:  37.5% | Budget Used: 1500.00/1500.0
Ep  212 | Phase: ANTAGON | Ticks: 798 | Protag R: -5607.00 | Antag R: 5457.00 | Delivery:  25.0% | Budget Used: 1500.00/1500.0
Ep  213 | Phase: ANTAGON | Ticks: 799 | Protag R: -5447.00 | Antag R: 5297.00 | Delivery:  25.0% | Budget Used: 1500.00/1500.0
Ep  214 | Phase: ANTAGON | Ticks: 799 | Protag R: -4616.00 | Antag R: 4466.00 | Delivery:  62.5% | Budget Used: 1500.00/1500.0
Ep  215 | Phase: ANTAGON | Ticks: 799 | Protag R: -5579.00 | Antag R: 5429.00 | Delivery:  37.5% | Budget Used: 1500.00/1500.0
Ep  216 | Phase: ANTAGON | Ticks: 799 | Protag R: -3926.00 | Antag R: 3776.00 | Delivery:  75.0% | Budget Used: 1500.00/1500.0
Ep  217 | Phase: ANTAGON | Ticks: 797 | Protag R: -5213.00 | Antag R: 5063.00 | Delivery:  50.0% | Budget Used: 1500.00/1500.0
Ep  218 | Phase: ANTAGON | Ticks: 799 | Protag R: -5381.00 | Antag R: 5231.00 | Delivery:  50.0% | Budget Used: 1500.00/1500.0
Ep  219 | Phase: ANTAGON | Ticks: 799 | Protag R: -5066.00 | Antag R: 4916.00 | Delivery:  50.0% | Budget Used: 1500.00/1500.0
Ep  220 | Phase: ANTAGON | Ticks: 798 | Protag R: -4957.00 | Antag R: 4807.00 | Delivery:  37.5% | Budget Used: 1500.00/1500.0
Ep  221 | Phase: ANTAGON | Ticks: 799 | Protag R: -5162.00 | Antag R: 5012.00 | Delivery:  37.5% | Budget Used: 1500.00/1500.0
Ep  222 | Phase: ANTAGON | Ticks: 798 | Protag R: -4843.00 | Antag R: 4693.00 | Delivery:  50.0% | Budget Used: 1500.00/1500.0
Ep  223 | Phase: ANTAGON | Ticks: 798 | Protag R: -5485.00 | Antag R: 5335.00 | Delivery:  37.5% | Budget Used: 1500.00/1500.0
Ep  224 | Phase: ANTAGON | Ticks: 798 | Protag R: -5279.00 | Antag R: 5129.00 | Delivery:  62.5% | Budget Used: 1500.00/1500.0
Ep  225 | Phase: ANTAGON | Ticks: 799 | Protag R: -5564.00 | Antag R: 5414.00 | Delivery:  37.5% | Budget Used: 1500.00/1500.0
Ep  226 | Phase: ANTAGON | Ticks: 799 | Protag R: -5563.00 | Antag R: 5413.00 | Delivery:  37.5% | Budget Used: 1500.00/1500.0
Ep  227 | Phase: ANTAGON | Ticks: 798 | Protag R: -5001.00 | Antag R: 4851.00 | Delivery:  50.0% | Budget Used: 1500.00/1500.0
Ep  228 | Phase: ANTAGON | Ticks: 799 | Protag R: -5205.00 | Antag R: 5055.00 | Delivery:  50.0% | Budget Used: 1500.00/1500.0
Ep  229 | Phase: ANTAGON | Ticks: 799 | Protag R: -5044.00 | Antag R: 4894.00 | Delivery:  37.5% | Budget Used: 1500.00/1500.0
Ep  230 | Phase: ANTAGON | Ticks: 799 | Protag R: -5243.00 | Antag R: 5093.00 | Delivery:  37.5% | Budget Used: 1500.00/1500.0
Ep  231 | Phase: ANTAGON | Ticks: 799 | Protag R: -5422.00 | Antag R: 5272.00 | Delivery:  25.0% | Budget Used: 1500.00/1500.0
Ep  232 | Phase: ANTAGON | Ticks: 799 | Protag R: -5099.00 | Antag R: 4949.00 | Delivery:  37.5% | Budget Used: 1500.00/1500.0
Ep  233 | Phase: ANTAGON | Ticks: 797 | Protag R: -5452.00 | Antag R: 5302.00 | Delivery:  37.5% | Budget Used: 1500.00/1500.0
Ep  234 | Phase: ANTAGON | Ticks: 799 | Protag R: -5571.00 | Antag R: 5421.00 | Delivery:  37.5% | Budget Used: 1500.00/1500.0
Ep  235 | Phase: ANTAGON | Ticks: 799 | Protag R: -4933.00 | Antag R: 4783.00 | Delivery:  37.5% | Budget Used: 1500.00/1500.0
Ep  236 | Phase: ANTAGON | Ticks: 799 | Protag R: -5528.00 | Antag R: 5378.00 | Delivery:  25.0% | Budget Used: 1500.00/1500.0
Ep  237 | Phase: ANTAGON | Ticks: 798 | Protag R: -5493.00 | Antag R: 5343.00 | Delivery:  37.5% | Budget Used: 1500.00/1500.0
Ep  238 | Phase: ANTAGON | Ticks: 799 | Protag R: -5266.00 | Antag R: 5116.00 | Delivery:  50.0% | Budget Used: 1500.00/1500.0
Ep  239 | Phase: ANTAGON | Ticks: 799 | Protag R: -5724.00 | Antag R: 5574.00 | Delivery:  37.5% | Budget Used: 1500.00/1500.0
Ep  240 | Phase: ANTAGON | Ticks: 798 | Protag R: -5083.00 | Antag R: 4933.00 | Delivery:  37.5% | Budget Used: 1500.00/1500.0
Ep  241 | Phase: ANTAGON | Ticks: 799 | Protag R: -5372.00 | Antag R: 5222.00 | Delivery:  37.5% | Budget Used: 1500.00/1500.0
Ep  242 | Phase: ANTAGON | Ticks: 799 | Protag R: -5701.00 | Antag R: 5551.00 | Delivery:  25.0% | Budget Used: 1500.00/1500.0
Ep  243 | Phase: ANTAGON | Ticks: 798 | Protag R: -5345.00 | Antag R: 5195.00 | Delivery:  50.0% | Budget Used: 1500.00/1500.0
Ep  244 | Phase: ANTAGON | Ticks: 799 | Protag R: -5618.00 | Antag R: 5468.00 | Delivery:  25.0% | Budget Used: 1500.00/1500.0
Ep  245 | Phase: ANTAGON | Ticks: 799 | Protag R: -5181.00 | Antag R: 5031.00 | Delivery:  37.5% | Budget Used: 1500.00/1500.0
Ep  246 | Phase: ANTAGON | Ticks: 799 | Protag R: -5683.00 | Antag R: 5533.00 | Delivery:  25.0% | Budget Used: 1500.00/1500.0
Ep  247 | Phase: ANTAGON | Ticks: 799 | Protag R: -5018.00 | Antag R: 4868.00 | Delivery:  37.5% | Budget Used: 1500.00/1500.0
Ep  248 | Phase: ANTAGON | Ticks: 796 | Protag R: -4859.00 | Antag R: 4709.00 | Delivery:  37.5% | Budget Used: 1500.00/1500.0
Ep  249 | Phase: ANTAGON | Ticks: 799 | Protag R: -5343.00 | Antag R: 5193.00 | Delivery:  37.5% | Budget Used: 1500.00/1500.0
Ep  250 | Phase: ANTAGON | Ticks: 799 | Protag R: -5130.00 | Antag R: 4980.00 | Delivery:  37.5% | Budget Used: 1500.00/1500.0
Saving checkpoints for both agents before phase switch...
Ep  251 | Phase: ANTAGON | Ticks: 799 | Protag R: -5339.00 | Antag R: 5189.00 | Delivery:  37.5% | Budget Used: 1500.00/1500.0
Ep  252 | Phase: ANTAGON | Ticks: 798 | Protag R: -5644.00 | Antag R: 5494.00 | Delivery:  25.0% | Budget Used: 1500.00/1500.0
Ep  253 | Phase: ANTAGON | Ticks: 798 | Protag R: -5499.00 | Antag R: 5349.00 | Delivery:  37.5% | Budget Used: 1500.00/1500.0
Ep  254 | Phase: ANTAGON | Ticks: 799 | Protag R: -5748.00 | Antag R: 5598.00 | Delivery:  25.0% | Budget Used: 1500.00/1500.0
Ep  255 | Phase: ANTAGON | Ticks: 798 | Protag R: -5815.00 | Antag R: 5665.00 | Delivery:  25.0% | Budget Used: 1500.00/1500.0
Ep  256 | Phase: ANTAGON | Ticks: 799 | Protag R: -5576.00 | Antag R: 5426.00 | Delivery:  25.0% | Budget Used: 1500.00/1500.0
Ep  257 | Phase: ANTAGON | Ticks: 799 | Protag R: -5452.00 | Antag R: 5302.00 | Delivery:  37.5% | Budget Used: 1500.00/1500.0
Ep  258 | Phase: ANTAGON | Ticks: 799 | Protag R: -6177.00 | Antag R: 6027.00 | Delivery:  25.0% | Budget Used: 1500.00/1500.0
Ep  259 | Phase: ANTAGON | Ticks: 799 | Protag R: -5196.00 | Antag R: 5046.00 | Delivery:  37.5% | Budget Used: 1500.00/1500.0
Ep  260 | Phase: ANTAGON | Ticks: 797 | Protag R: -4989.00 | Antag R: 4839.00 | Delivery:  37.5% | Budget Used: 1500.00/1500.0
Ep  261 | Phase: ANTAGON | Ticks: 799 | Protag R: -5148.00 | Antag R: 4998.00 | Delivery:  37.5% | Budget Used: 1500.00/1500.0
Ep  262 | Phase: ANTAGON | Ticks: 799 | Protag R: -4986.00 | Antag R: 4836.00 | Delivery:  62.5% | Budget Used: 1500.00/1500.0
Ep  263 | Phase: ANTAGON | Ticks: 799 | Protag R: -5384.00 | Antag R: 5234.00 | Delivery:  25.0% | Budget Used: 1500.00/1500.0
Ep  264 | Phase: ANTAGON | Ticks: 799 | Protag R: -4834.00 | Antag R: 4684.00 | Delivery:  37.5% | Budget Used: 1500.00/1500.0
Ep  265 | Phase: ANTAGON | Ticks: 799 | Protag R: -5795.00 | Antag R: 5645.00 | Delivery:  37.5% | Budget Used: 1500.00/1500.0
Ep  266 | Phase: ANTAGON | Ticks: 797 | Protag R: -5649.00 | Antag R: 5499.00 | Delivery:  37.5% | Budget Used: 1500.00/1500.0
Ep  267 | Phase: ANTAGON | Ticks: 798 | Protag R: -5701.00 | Antag R: 5551.00 | Delivery:  37.5% | Budget Used: 1500.00/1500.0
Ep  268 | Phase: ANTAGON | Ticks: 797 | Protag R: -5292.00 | Antag R: 5142.00 | Delivery:  50.0% | Budget Used: 1500.00/1500.0
Ep  269 | Phase: ANTAGON | Ticks: 798 | Protag R: -5352.00 | Antag R: 5202.00 | Delivery:  25.0% | Budget Used: 1500.00/1500.0
Ep  270 | Phase: ANTAGON | Ticks: 799 | Protag R: -5420.00 | Antag R: 5270.00 | Delivery:  50.0% | Budget Used: 1500.00/1500.0
Ep  271 | Phase: ANTAGON | Ticks: 799 | Protag R: -5048.00 | Antag R: 4898.00 | Delivery:  37.5% | Budget Used: 1500.00/1500.0
Ep  272 | Phase: ANTAGON | Ticks: 799 | Protag R: -5208.00 | Antag R: 5058.00 | Delivery:  25.0% | Budget Used: 1500.00/1500.0
Ep  273 | Phase: ANTAGON | Ticks: 799 | Protag R: -5515.00 | Antag R: 5365.00 | Delivery:  50.0% | Budget Used: 1500.00/1500.0
Ep  274 | Phase: ANTAGON | Ticks: 799 | Protag R: -5939.00 | Antag R: 5789.00 | Delivery:  25.0% | Budget Used: 1500.00/1500.0
Ep  275 | Phase: ANTAGON | Ticks: 799 | Protag R: -5246.00 | Antag R: 5096.00 | Delivery:  50.0% | Budget Used: 1500.00/1500.0
Ep  276 | Phase: ANTAGON | Ticks: 799 | Protag R: -5865.00 | Antag R: 5715.00 | Delivery:  25.0% | Budget Used: 1500.00/1500.0
Ep  277 | Phase: ANTAGON | Ticks: 799 | Protag R: -5703.00 | Antag R: 5553.00 | Delivery:  25.0% | Budget Used: 1500.00/1500.0
Ep  278 | Phase: ANTAGON | Ticks: 799 | Protag R: -5116.00 | Antag R: 4966.00 | Delivery:  37.5% | Budget Used: 1500.00/1500.0
Ep  279 | Phase: ANTAGON | Ticks: 798 | Protag R: -4735.00 | Antag R: 4585.00 | Delivery:  50.0% | Budget Used: 1500.00/1500.0
Ep  280 | Phase: ANTAGON | Ticks: 798 | Protag R: -5556.00 | Antag R: 5406.00 | Delivery:  37.5% | Budget Used: 1500.00/1500.0
Ep  281 | Phase: ANTAGON | Ticks: 799 | Protag R: -5857.00 | Antag R: 5707.00 | Delivery:  25.0% | Budget Used: 1500.00/1500.0
Ep  282 | Phase: ANTAGON | Ticks: 798 | Protag R: -5822.00 | Antag R: 5672.00 | Delivery:  25.0% | Budget Used: 1500.00/1500.0
Ep  283 | Phase: ANTAGON | Ticks: 799 | Protag R: -5102.00 | Antag R: 4952.00 | Delivery:  50.0% | Budget Used: 1500.00/1500.0
Ep  284 | Phase: ANTAGON | Ticks: 799 | Protag R: -5709.00 | Antag R: 5559.00 | Delivery:  25.0% | Budget Used: 1500.00/1500.0
Ep  285 | Phase: ANTAGON | Ticks: 799 | Protag R: -4955.00 | Antag R: 4805.00 | Delivery:  62.5% | Budget Used: 1500.00/1500.0
Ep  286 | Phase: ANTAGON | Ticks: 799 | Protag R: -5626.00 | Antag R: 5476.00 | Delivery:  25.0% | Budget Used: 1500.00/1500.0
Ep  287 | Phase: ANTAGON | Ticks: 799 | Protag R: -5401.00 | Antag R: 5251.00 | Delivery:  37.5% | Budget Used: 1500.00/1500.0
Ep  288 | Phase: ANTAGON | Ticks: 799 | Protag R: -5926.00 | Antag R: 5776.00 | Delivery:  25.0% | Budget Used: 1500.00/1500.0
Ep  289 | Phase: ANTAGON | Ticks: 799 | Protag R: -4722.00 | Antag R: 4572.00 | Delivery:  50.0% | Budget Used: 1500.00/1500.0
Ep  290 | Phase: ANTAGON | Ticks: 799 | Protag R: -5602.00 | Antag R: 5452.00 | Delivery:  25.0% | Budget Used: 1500.00/1500.0
Ep  291 | Phase: ANTAGON | Ticks: 799 | Protag R: -5621.00 | Antag R: 5471.00 | Delivery:  37.5% | Budget Used: 1500.00/1500.0
Ep  292 | Phase: ANTAGON | Ticks: 799 | Protag R: -5472.00 | Antag R: 5322.00 | Delivery:  37.5% | Budget Used: 1500.00/1500.0
Ep  293 | Phase: ANTAGON | Ticks: 799 | Protag R: -4686.00 | Antag R: 4536.00 | Delivery:  50.0% | Budget Used: 1500.00/1500.0
Ep  294 | Phase: ANTAGON | Ticks: 798 | Protag R: -5586.00 | Antag R: 5436.00 | Delivery:  37.5% | Budget Used: 1500.00/1500.0
Ep  295 | Phase: ANTAGON | Ticks: 799 | Protag R: -5573.00 | Antag R: 5423.00 | Delivery:  37.5% | Budget Used: 1500.00/1500.0
Ep  296 | Phase: ANTAGON | Ticks: 799 | Protag R: -5355.00 | Antag R: 5205.00 | Delivery:  37.5% | Budget Used: 1500.00/1500.0
Ep  297 | Phase: ANTAGON | Ticks: 798 | Protag R: -5448.00 | Antag R: 5298.00 | Delivery:  37.5% | Budget Used: 1500.00/1500.0
Ep  298 | Phase: ANTAGON | Ticks: 799 | Protag R: -5107.00 | Antag R: 4957.00 | Delivery:  37.5% | Budget Used: 1500.00/1500.0
Ep  299 | Phase: ANTAGON | Ticks: 799 | Protag R: -5068.00 | Antag R: 4918.00 | Delivery:  50.0% | Budget Used: 1500.00/1500.0
Ep  300 | Phase: ANTAGON | Ticks: 798 | Protag R: -5206.00 | Antag R: 5056.00 | Delivery:  37.5% | Budget Used: 1500.00/1500.0
Saved coevolved protagonist actor to models/runs/gen05_hybrid_matrix/br_vanilla_s0_seed0/protagonist/actor.pt
Saved coevolved antagonist actor to models/runs/gen05_hybrid_matrix/br_vanilla_s0_seed0/antagonist/actor.pt
Saved copy of protagonist actor as latest to models/protagonist/actor.pt
Saved copy of antagonist actor as latest to models/antagonist/actor.pt

SACRED ATLA Training completed successfully! Logs saved to TensorBoard.
