Seeded run: seed=1
Initializing SACRED Stage-2 HYBRID (assignment + next-hop routing, static demand)...
Configuring Protagonist Dispatch Agent...
Configuring Antagonist Congestion Agent...
Initializing ATLA Coevolution Trainer...
Run Name: gen05_hybrid_matrix/hybrid_scripted_seed1
Starting SACRED training (mode=scripted_adversary) for 400 episodes...
Device: Protagonist=cpu, Antagonist=cpu
Initial Phase: Training PROTAGONIST

Ep    1 | Phase: PROTAGO | Ticks: 799 | Protag R: -5844.00 | Antag R: 5694.00 | Delivery:  25.0% | Budget Used: 1500.00/1500.0
Ep    2 | Phase: PROTAGO | Ticks: 798 | Protag R: -5402.00 | Antag R: 5252.00 | Delivery:  25.0% | Budget Used: 1500.00/1500.0
Ep    3 | Phase: PROTAGO | Ticks: 799 | Protag R: -5488.00 | Antag R: 5338.00 | Delivery:  37.5% | Budget Used: 1500.00/1500.0
Ep    4 | Phase: PROTAGO | Ticks: 798 | Protag R: -5244.00 | Antag R: 5094.00 | Delivery:  50.0% | Budget Used: 1500.00/1500.0
Ep    5 | Phase: PROTAGO | Ticks: 799 | Protag R: -5703.00 | Antag R: 5553.00 | Delivery:  25.0% | Budget Used: 1500.00/1500.0
Ep    6 | Phase: PROTAGO | Ticks: 798 | Protag R: -5299.00 | Antag R: 5149.00 | Delivery:  37.5% | Budget Used: 1500.00/1500.0
Ep    7 | Phase: PROTAGO | Ticks: 799 | Protag R: -5613.00 | Antag R: 5463.00 | Delivery:  25.0% | Budget Used: 1500.00/1500.0
Ep    8 | Phase: PROTAGO | Ticks: 797 | Protag R: -5100.00 | Antag R: 4950.00 | Delivery:  50.0% | Budget Used: 1500.00/1500.0
Ep    9 | Phase: PROTAGO | Ticks: 799 | Protag R: -5567.00 | Antag R: 5417.00 | Delivery:  37.5% | Budget Used: 1500.00/1500.0
Ep   10 | Phase: PROTAGO | Ticks: 798 | Protag R: -5621.00 | Antag R: 5471.00 | Delivery:  37.5% | Budget Used: 1500.00/1500.0
Ep   11 | Phase: PROTAGO | Ticks: 799 | Protag R: -5506.00 | Antag R: 5356.00 | Delivery:  37.5% | Budget Used: 1500.00/1500.0
Ep   12 | Phase: PROTAGO | Ticks: 799 | Protag R: -5846.00 | Antag R: 5696.00 | Delivery:  37.5% | Budget Used: 1500.00/1500.0
Ep   13 | Phase: PROTAGO | Ticks: 799 | Protag R: -5506.00 | Antag R: 5356.00 | Delivery:  50.0% | Budget Used: 1500.00/1500.0
Ep   14 | Phase: PROTAGO | Ticks: 799 | Protag R: -5679.00 | Antag R: 5529.00 | Delivery:  37.5% | Budget Used: 1500.00/1500.0
Ep   15 | Phase: PROTAGO | Ticks: 798 | Protag R: -5365.00 | Antag R: 5215.00 | Delivery:  37.5% | Budget Used: 1500.00/1500.0
Ep   16 | Phase: PROTAGO | Ticks: 799 | Protag R: -5715.00 | Antag R: 5565.00 | Delivery:  37.5% | Budget Used: 1500.00/1500.0
Ep   17 | Phase: PROTAGO | Ticks: 799 | Protag R: -5724.00 | Antag R: 5574.00 | Delivery:  25.0% | Budget Used: 1500.00/1500.0
Ep   18 | Phase: PROTAGO | Ticks: 799 | Protag R: -5351.00 | Antag R: 5201.00 | Delivery:  25.0% | Budget Used: 1500.00/1500.0
Ep   19 | Phase: PROTAGO | Ticks: 799 | Protag R: -5365.00 | Antag R: 5215.00 | Delivery:  50.0% | Budget Used: 1500.00/1500.0
Ep   20 | Phase: PROTAGO | Ticks: 798 | Protag R: -5493.00 | Antag R: 5343.00 | Delivery:  25.0% | Budget Used: 1500.00/1500.0
Ep   21 | Phase: PROTAGO | Ticks: 799 | Protag R: -5605.00 | Antag R: 5455.00 | Delivery:  37.5% | Budget Used: 1500.00/1500.0
Ep   22 | Phase: PROTAGO | Ticks: 799 | Protag R: -5604.00 | Antag R: 5454.00 | Delivery:  25.0% | Budget Used: 1500.00/1500.0
Ep   23 | Phase: PROTAGO | Ticks: 799 | Protag R: -5719.00 | Antag R: 5569.00 | Delivery:  25.0% | Budget Used: 1500.00/1500.0
Ep   24 | Phase: PROTAGO | Ticks: 799 | Protag R: -5596.00 | Antag R: 5446.00 | Delivery:  25.0% | Budget Used: 1500.00/1500.0
Ep   25 | Phase: PROTAGO | Ticks: 797 | Protag R: -5925.00 | Antag R: 5775.00 | Delivery:  25.0% | Budget Used: 1500.00/1500.0
Saving checkpoints for both agents before phase switch...
Ep   26 | Phase: PROTAGO | Ticks: 799 | Protag R: -5476.00 | Antag R: 5326.00 | Delivery:  37.5% | Budget Used: 1500.00/1500.0
Ep   27 | Phase: PROTAGO | Ticks: 799 | Protag R: -5761.00 | Antag R: 5611.00 | Delivery:  37.5% | Budget Used: 1500.00/1500.0
Ep   28 | Phase: PROTAGO | Ticks: 798 | Protag R: -5840.00 | Antag R: 5690.00 | Delivery:  50.0% | Budget Used: 1500.00/1500.0
Ep   29 | Phase: PROTAGO | Ticks: 799 | Protag R: -5695.00 | Antag R: 5545.00 | Delivery:  25.0% | Budget Used: 1500.00/1500.0
Ep   30 | Phase: PROTAGO | Ticks: 799 | Protag R: -5360.00 | Antag R: 5210.00 | Delivery:  50.0% | Budget Used: 1500.00/1500.0
Ep   31 | Phase: PROTAGO | Ticks: 798 | Protag R: -5223.00 | Antag R: 5073.00 | Delivery:  37.5% | Budget Used: 1500.00/1500.0
Ep   32 | Phase: PROTAGO | Ticks: 799 | Protag R: -6138.00 | Antag R: 5988.00 | Delivery:  37.5% | Budget Used: 1500.00/1500.0
Ep   33 | Phase: PROTAGO | Ticks: 799 | Protag R: -6013.00 | Antag R: 5863.00 | Delivery:  12.5% | Budget Used: 1500.00/1500.0
Ep   34 | Phase: PROTAGO | Ticks: 797 | Protag R: -5468.00 | Antag R: 5318.00 | Delivery:  37.5% | Budget Used: 1500.00/1500.0
Ep   35 | Phase: PROTAGO | Ticks: 799 | Protag R: -5290.00 | Antag R: 5140.00 | Delivery:  50.0% | Budget Used: 1500.00/1500.0
Ep   36 | Phase: PROTAGO | Ticks: 799 | Protag R: -5401.00 | Antag R: 5251.00 | Delivery:  50.0% | Budget Used: 1500.00/1500.0
Ep   37 | Phase: PROTAGO | Ticks: 798 | Protag R: -5045.00 | Antag R: 4895.00 | Delivery:  50.0% | Budget Used: 1500.00/1500.0
Ep   38 | Phase: PROTAGO | Ticks: 799 | Protag R: -5072.00 | Antag R: 4922.00 | Delivery:  62.5% | Budget Used: 1500.00/1500.0
Ep   39 | Phase: PROTAGO | Ticks: 796 | Protag R: -5633.00 | Antag R: 5483.00 | Delivery:  37.5% | Budget Used: 1500.00/1500.0
Ep   40 | Phase: PROTAGO | Ticks: 797 | Protag R: -5604.00 | Antag R: 5454.00 | Delivery:  25.0% | Budget Used: 1500.00/1500.0
Ep   41 | Phase: PROTAGO | Ticks: 798 | Protag R: -5612.00 | Antag R: 5462.00 | Delivery:  37.5% | Budget Used: 1500.00/1500.0
Ep   42 | Phase: PROTAGO | Ticks: 799 | Protag R: -5909.00 | Antag R: 5759.00 | Delivery:  25.0% | Budget Used: 1500.00/1500.0
Ep   43 | Phase: PROTAGO | Ticks: 798 | Protag R: -5318.00 | Antag R: 5168.00 | Delivery:  37.5% | Budget Used: 1500.00/1500.0
Ep   44 | Phase: PROTAGO | Ticks: 798 | Protag R: -5567.00 | Antag R: 5417.00 | Delivery:  37.5% | Budget Used: 1500.00/1500.0
Ep   45 | Phase: PROTAGO | Ticks: 799 | Protag R: -5842.00 | Antag R: 5692.00 | Delivery:  25.0% | Budget Used: 1500.00/1500.0
Ep   46 | Phase: PROTAGO | Ticks: 799 | Protag R: -5298.00 | Antag R: 5148.00 | Delivery:  37.5% | Budget Used: 1500.00/1500.0
Ep   47 | Phase: PROTAGO | Ticks: 799 | Protag R: -4861.00 | Antag R: 4711.00 | Delivery:  37.5% | Budget Used: 1500.00/1500.0
Ep   48 | Phase: PROTAGO | Ticks: 799 | Protag R: -5761.00 | Antag R: 5611.00 | Delivery:  50.0% | Budget Used: 1500.00/1500.0
Ep   49 | Phase: PROTAGO | Ticks: 799 | Protag R: -5215.00 | Antag R: 5065.00 | Delivery:  50.0% | Budget Used: 1500.00/1500.0
Ep   50 | Phase: PROTAGO | Ticks: 799 | Protag R: -5219.00 | Antag R: 5069.00 | Delivery:  25.0% | Budget Used: 1500.00/1500.0
  [EVAL ep 50] greedy_atk=847 learned_atk=6400 gap=+5553 (neg = learned beats greedy under attack)
Saving checkpoints for both agents before phase switch...
Ep   51 | Phase: PROTAGO | Ticks: 799 | Protag R: -5653.00 | Antag R: 5503.00 | Delivery:  37.5% | Budget Used: 1500.00/1500.0
Ep   52 | Phase: PROTAGO | Ticks: 799 | Protag R: -5661.00 | Antag R: 5511.00 | Delivery:  25.0% | Budget Used: 1500.00/1500.0
Ep   53 | Phase: PROTAGO | Ticks: 799 | Protag R: -5265.00 | Antag R: 5115.00 | Delivery:  50.0% | Budget Used: 1500.00/1500.0
Ep   54 | Phase: PROTAGO | Ticks: 799 | Protag R: -5459.00 | Antag R: 5309.00 | Delivery:  37.5% | Budget Used: 1500.00/1500.0
Ep   55 | Phase: PROTAGO | Ticks: 799 | Protag R: -5755.00 | Antag R: 5605.00 | Delivery:  25.0% | Budget Used: 1500.00/1500.0
Ep   56 | Phase: PROTAGO | Ticks: 799 | Protag R: -4926.00 | Antag R: 4776.00 | Delivery:  50.0% | Budget Used: 1500.00/1500.0
Ep   57 | Phase: PROTAGO | Ticks: 797 | Protag R: -5445.00 | Antag R: 5295.00 | Delivery:  37.5% | Budget Used: 1500.00/1500.0
Ep   58 | Phase: PROTAGO | Ticks: 798 | Protag R: -5375.00 | Antag R: 5225.00 | Delivery:  25.0% | Budget Used: 1500.00/1500.0
Ep   59 | Phase: PROTAGO | Ticks: 799 | Protag R: -5229.00 | Antag R: 5079.00 | Delivery:  37.5% | Budget Used: 1500.00/1500.0
Ep   60 | Phase: PROTAGO | Ticks: 798 | Protag R: -5102.00 | Antag R: 4952.00 | Delivery:  37.5% | Budget Used: 1500.00/1500.0
Ep   61 | Phase: PROTAGO | Ticks: 798 | Protag R: -5849.00 | Antag R: 5699.00 | Delivery:  25.0% | Budget Used: 1500.00/1500.0
Ep   62 | Phase: PROTAGO | Ticks: 799 | Protag R: -5861.00 | Antag R: 5711.00 | Delivery:  37.5% | Budget Used: 1500.00/1500.0
Ep   63 | Phase: PROTAGO | Ticks: 799 | Protag R: -5253.00 | Antag R: 5103.00 | Delivery:  37.5% | Budget Used: 1500.00/1500.0
Ep   64 | Phase: PROTAGO | Ticks: 798 | Protag R: -5371.00 | Antag R: 5221.00 | Delivery:  25.0% | Budget Used: 1500.00/1500.0
Ep   65 | Phase: PROTAGO | Ticks: 798 | Protag R: -5616.00 | Antag R: 5466.00 | Delivery:  37.5% | Budget Used: 1500.00/1500.0
Ep   66 | Phase: PROTAGO | Ticks: 799 | Protag R: -5383.00 | Antag R: 5233.00 | Delivery:  25.0% | Budget Used: 1500.00/1500.0
Ep   67 | Phase: PROTAGO | Ticks: 799 | Protag R: -5940.00 | Antag R: 5790.00 | Delivery:  25.0% | Budget Used: 1500.00/1500.0
Ep   68 | Phase: PROTAGO | Ticks: 799 | Protag R: -5347.00 | Antag R: 5197.00 | Delivery:  37.5% | Budget Used: 1500.00/1500.0
Ep   69 | Phase: PROTAGO | Ticks: 799 | Protag R: -5421.00 | Antag R: 5271.00 | Delivery:  37.5% | Budget Used: 1500.00/1500.0
Ep   70 | Phase: PROTAGO | Ticks: 798 | Protag R: -5209.00 | Antag R: 5059.00 | Delivery:  50.0% | Budget Used: 1500.00/1500.0
Ep   71 | Phase: PROTAGO | Ticks: 799 | Protag R: -6096.00 | Antag R: 5946.00 | Delivery:  12.5% | Budget Used: 1500.00/1500.0
Ep   72 | Phase: PROTAGO | Ticks: 798 | Protag R: -5782.00 | Antag R: 5632.00 | Delivery:  25.0% | Budget Used: 1500.00/1500.0
Ep   73 | Phase: PROTAGO | Ticks: 799 | Protag R: -5644.00 | Antag R: 5494.00 | Delivery:  25.0% | Budget Used: 1500.00/1500.0
Ep   74 | Phase: PROTAGO | Ticks: 799 | Protag R: -5902.00 | Antag R: 5752.00 | Delivery:  37.5% | Budget Used: 1500.00/1500.0
Ep   75 | Phase: PROTAGO | Ticks: 799 | Protag R: -5305.00 | Antag R: 5155.00 | Delivery:  50.0% | Budget Used: 1500.00/1500.0
Saving checkpoints for both agents before phase switch...
Ep   76 | Phase: PROTAGO | Ticks: 797 | Protag R: -5560.00 | Antag R: 5410.00 | Delivery:  37.5% | Budget Used: 1500.00/1500.0
Ep   77 | Phase: PROTAGO | Ticks: 798 | Protag R: -5203.00 | Antag R: 5053.00 | Delivery:  37.5% | Budget Used: 1500.00/1500.0
Ep   78 | Phase: PROTAGO | Ticks: 799 | Protag R: -5726.00 | Antag R: 5576.00 | Delivery:  37.5% | Budget Used: 1500.00/1500.0
Ep   79 | Phase: PROTAGO | Ticks: 798 | Protag R: -5787.00 | Antag R: 5637.00 | Delivery:  25.0% | Budget Used: 1500.00/1500.0
Ep   80 | Phase: PROTAGO | Ticks: 799 | Protag R: -5408.00 | Antag R: 5258.00 | Delivery:  50.0% | Budget Used: 1500.00/1500.0
Ep   81 | Phase: PROTAGO | Ticks: 799 | Protag R: -5894.00 | Antag R: 5744.00 | Delivery:  37.5% | Budget Used: 1500.00/1500.0
Ep   82 | Phase: PROTAGO | Ticks: 799 | Protag R: -5597.00 | Antag R: 5447.00 | Delivery:  37.5% | Budget Used: 1500.00/1500.0
Ep   83 | Phase: PROTAGO | Ticks: 799 | Protag R: -5730.00 | Antag R: 5580.00 | Delivery:  25.0% | Budget Used: 1500.00/1500.0
Ep   84 | Phase: PROTAGO | Ticks: 798 | Protag R: -5573.00 | Antag R: 5423.00 | Delivery:  37.5% | Budget Used: 1500.00/1500.0
Ep   85 | Phase: PROTAGO | Ticks: 798 | Protag R: -5705.00 | Antag R: 5555.00 | Delivery:  25.0% | Budget Used: 1500.00/1500.0
Ep   86 | Phase: PROTAGO | Ticks: 798 | Protag R: -5655.00 | Antag R: 5505.00 | Delivery:  25.0% | Budget Used: 1500.00/1500.0
Ep   87 | Phase: PROTAGO | Ticks: 798 | Protag R: -5812.00 | Antag R: 5662.00 | Delivery:  25.0% | Budget Used: 1500.00/1500.0
Ep   88 | Phase: PROTAGO | Ticks: 799 | Protag R: -5331.00 | Antag R: 5181.00 | Delivery:  37.5% | Budget Used: 1500.00/1500.0
Ep   89 | Phase: PROTAGO | Ticks: 798 | Protag R: -5418.00 | Antag R: 5268.00 | Delivery:  37.5% | Budget Used: 1500.00/1500.0
Ep   90 | Phase: PROTAGO | Ticks: 799 | Protag R: -5394.00 | Antag R: 5244.00 | Delivery:  50.0% | Budget Used: 1500.00/1500.0
Ep   91 | Phase: PROTAGO | Ticks: 798 | Protag R: -5509.00 | Antag R: 5359.00 | Delivery:  37.5% | Budget Used: 1500.00/1500.0
Ep   92 | Phase: PROTAGO | Ticks: 799 | Protag R: -5714.00 | Antag R: 5564.00 | Delivery:  25.0% | Budget Used: 1500.00/1500.0
Ep   93 | Phase: PROTAGO | Ticks: 799 | Protag R: -5605.00 | Antag R: 5455.00 | Delivery:  37.5% | Budget Used: 1500.00/1500.0
Ep   94 | Phase: PROTAGO | Ticks: 799 | Protag R: -5244.00 | Antag R: 5094.00 | Delivery:  50.0% | Budget Used: 1500.00/1500.0
Ep   95 | Phase: PROTAGO | Ticks: 799 | Protag R: -5350.00 | Antag R: 5200.00 | Delivery:  50.0% | Budget Used: 1500.00/1500.0
Ep   96 | Phase: PROTAGO | Ticks: 798 | Protag R: -5524.00 | Antag R: 5374.00 | Delivery:  50.0% | Budget Used: 1500.00/1500.0
Ep   97 | Phase: PROTAGO | Ticks: 799 | Protag R: -5763.00 | Antag R: 5613.00 | Delivery:  25.0% | Budget Used: 1500.00/1500.0
Ep   98 | Phase: PROTAGO | Ticks: 799 | Protag R: -5776.00 | Antag R: 5626.00 | Delivery:  37.5% | Budget Used: 1500.00/1500.0
Ep   99 | Phase: PROTAGO | Ticks: 799 | Protag R: -5949.00 | Antag R: 5799.00 | Delivery:  25.0% | Budget Used: 1500.00/1500.0
Ep  100 | Phase: PROTAGO | Ticks: 798 | Protag R: -5650.00 | Antag R: 5500.00 | Delivery:  37.5% | Budget Used: 1500.00/1500.0
  [EVAL ep 100] greedy_atk=847 learned_atk=6400 gap=+5553 (neg = learned beats greedy under attack)
Saving checkpoints for both agents before phase switch...
Ep  101 | Phase: PROTAGO | Ticks: 799 | Protag R: -5509.00 | Antag R: 5359.00 | Delivery:  25.0% | Budget Used: 1500.00/1500.0
Ep  102 | Phase: PROTAGO | Ticks: 799 | Protag R: -5422.00 | Antag R: 5272.00 | Delivery:  50.0% | Budget Used: 1500.00/1500.0
Ep  103 | Phase: PROTAGO | Ticks: 798 | Protag R: -5545.00 | Antag R: 5395.00 | Delivery:  37.5% | Budget Used: 1500.00/1500.0
Ep  104 | Phase: PROTAGO | Ticks: 799 | Protag R: -5529.00 | Antag R: 5379.00 | Delivery:  37.5% | Budget Used: 1500.00/1500.0
Ep  105 | Phase: PROTAGO | Ticks: 799 | Protag R: -5174.00 | Antag R: 5024.00 | Delivery:  37.5% | Budget Used: 1500.00/1500.0
Ep  106 | Phase: PROTAGO | Ticks: 797 | Protag R: -5540.00 | Antag R: 5390.00 | Delivery:  37.5% | Budget Used: 1500.00/1500.0
Ep  107 | Phase: PROTAGO | Ticks: 799 | Protag R: -5827.00 | Antag R: 5677.00 | Delivery:  25.0% | Budget Used: 1500.00/1500.0
Ep  108 | Phase: PROTAGO | Ticks: 799 | Protag R: -5539.00 | Antag R: 5389.00 | Delivery:  37.5% | Budget Used: 1500.00/1500.0
Ep  109 | Phase: PROTAGO | Ticks: 799 | Protag R: -5434.00 | Antag R: 5284.00 | Delivery:  25.0% | Budget Used: 1500.00/1500.0
Ep  110 | Phase: PROTAGO | Ticks: 799 | Protag R: -5630.00 | Antag R: 5480.00 | Delivery:  37.5% | Budget Used: 1500.00/1500.0
Ep  111 | Phase: PROTAGO | Ticks: 799 | Protag R: -6368.00 | Antag R: 6218.00 | Delivery:  25.0% | Budget Used: 1500.00/1500.0
Ep  112 | Phase: PROTAGO | Ticks: 799 | Protag R: -5642.00 | Antag R: 5492.00 | Delivery:  25.0% | Budget Used: 1500.00/1500.0
Ep  113 | Phase: PROTAGO | Ticks: 798 | Protag R: -5747.00 | Antag R: 5597.00 | Delivery:  25.0% | Budget Used: 1500.00/1500.0
Ep  114 | Phase: PROTAGO | Ticks: 798 | Protag R: -5564.00 | Antag R: 5414.00 | Delivery:  37.5% | Budget Used: 1500.00/1500.0
Ep  115 | Phase: PROTAGO | Ticks: 798 | Protag R: -5165.00 | Antag R: 5015.00 | Delivery:  62.5% | Budget Used: 1500.00/1500.0
Ep  116 | Phase: PROTAGO | Ticks: 799 | Protag R: -5647.00 | Antag R: 5497.00 | Delivery:  37.5% | Budget Used: 1500.00/1500.0
Ep  117 | Phase: PROTAGO | Ticks: 795 | Protag R: -5276.00 | Antag R: 5126.00 | Delivery:  37.5% | Budget Used: 1500.00/1500.0
Ep  118 | Phase: PROTAGO | Ticks: 798 | Protag R: -5367.00 | Antag R: 5217.00 | Delivery:  25.0% | Budget Used: 1500.00/1500.0
Ep  119 | Phase: PROTAGO | Ticks: 799 | Protag R: -4980.00 | Antag R: 4830.00 | Delivery:  62.5% | Budget Used: 1500.00/1500.0
Ep  120 | Phase: PROTAGO | Ticks: 799 | Protag R: -5664.00 | Antag R: 5514.00 | Delivery:  37.5% | Budget Used: 1500.00/1500.0
Ep  121 | Phase: PROTAGO | Ticks: 799 | Protag R: -5802.00 | Antag R: 5652.00 | Delivery:  25.0% | Budget Used: 1500.00/1500.0
Ep  122 | Phase: PROTAGO | Ticks: 799 | Protag R: -5638.00 | Antag R: 5488.00 | Delivery:  25.0% | Budget Used: 1500.00/1500.0
Ep  123 | Phase: PROTAGO | Ticks: 799 | Protag R: -5321.00 | Antag R: 5171.00 | Delivery:  37.5% | Budget Used: 1500.00/1500.0
Ep  124 | Phase: PROTAGO | Ticks: 799 | Protag R: -6085.00 | Antag R: 5935.00 | Delivery:  37.5% | Budget Used: 1500.00/1500.0
Ep  125 | Phase: PROTAGO | Ticks: 799 | Protag R: -5799.00 | Antag R: 5649.00 | Delivery:  25.0% | Budget Used: 1500.00/1500.0
Saving checkpoints for both agents before phase switch...
Ep  126 | Phase: PROTAGO | Ticks: 799 | Protag R: -5484.00 | Antag R: 5334.00 | Delivery:  25.0% | Budget Used: 1500.00/1500.0
Ep  127 | Phase: PROTAGO | Ticks: 799 | Protag R: -5724.00 | Antag R: 5574.00 | Delivery:  25.0% | Budget Used: 1500.00/1500.0
Ep  128 | Phase: PROTAGO | Ticks: 799 | Protag R: -5514.00 | Antag R: 5364.00 | Delivery:  37.5% | Budget Used: 1500.00/1500.0
Ep  129 | Phase: PROTAGO | Ticks: 799 | Protag R: -5731.00 | Antag R: 5581.00 | Delivery:  25.0% | Budget Used: 1500.00/1500.0
Ep  130 | Phase: PROTAGO | Ticks: 799 | Protag R: -5494.00 | Antag R: 5344.00 | Delivery:  25.0% | Budget Used: 1500.00/1500.0
Ep  131 | Phase: PROTAGO | Ticks: 797 | Protag R: -5843.00 | Antag R: 5693.00 | Delivery:  25.0% | Budget Used: 1500.00/1500.0
Ep  132 | Phase: PROTAGO | Ticks: 799 | Protag R: -5987.00 | Antag R: 5837.00 | Delivery:  25.0% | Budget Used: 1500.00/1500.0
Ep  133 | Phase: PROTAGO | Ticks: 798 | Protag R: -5515.00 | Antag R: 5365.00 | Delivery:  37.5% | Budget Used: 1500.00/1500.0
Ep  134 | Phase: PROTAGO | Ticks: 797 | Protag R: -5248.00 | Antag R: 5098.00 | Delivery:  37.5% | Budget Used: 1500.00/1500.0
Ep  135 | Phase: PROTAGO | Ticks: 799 | Protag R: -5425.00 | Antag R: 5275.00 | Delivery:  37.5% | Budget Used: 1500.00/1500.0
Ep  136 | Phase: PROTAGO | Ticks: 798 | Protag R: -5460.00 | Antag R: 5310.00 | Delivery:  37.5% | Budget Used: 1500.00/1500.0
Ep  137 | Phase: PROTAGO | Ticks: 798 | Protag R: -5507.00 | Antag R: 5357.00 | Delivery:  37.5% | Budget Used: 1500.00/1500.0
Ep  138 | Phase: PROTAGO | Ticks: 799 | Protag R: -5856.00 | Antag R: 5706.00 | Delivery:  25.0% | Budget Used: 1500.00/1500.0
Ep  139 | Phase: PROTAGO | Ticks: 798 | Protag R: -5420.00 | Antag R: 5270.00 | Delivery:  37.5% | Budget Used: 1500.00/1500.0
Ep  140 | Phase: PROTAGO | Ticks: 799 | Protag R: -5680.00 | Antag R: 5530.00 | Delivery:  37.5% | Budget Used: 1500.00/1500.0
Ep  141 | Phase: PROTAGO | Ticks: 799 | Protag R: -5801.00 | Antag R: 5651.00 | Delivery:  25.0% | Budget Used: 1500.00/1500.0
Ep  142 | Phase: PROTAGO | Ticks: 799 | Protag R: -5683.00 | Antag R: 5533.00 | Delivery:  25.0% | Budget Used: 1500.00/1500.0
Ep  143 | Phase: PROTAGO | Ticks: 798 | Protag R: -5347.00 | Antag R: 5197.00 | Delivery:  50.0% | Budget Used: 1500.00/1500.0
Ep  144 | Phase: PROTAGO | Ticks: 799 | Protag R: -5854.00 | Antag R: 5704.00 | Delivery:  37.5% | Budget Used: 1500.00/1500.0
Ep  145 | Phase: PROTAGO | Ticks: 798 | Protag R: -5687.00 | Antag R: 5537.00 | Delivery:  25.0% | Budget Used: 1500.00/1500.0
Ep  146 | Phase: PROTAGO | Ticks: 798 | Protag R: -5151.00 | Antag R: 5001.00 | Delivery:  37.5% | Budget Used: 1500.00/1500.0
Ep  147 | Phase: PROTAGO | Ticks: 798 | Protag R: -5197.00 | Antag R: 5047.00 | Delivery:  37.5% | Budget Used: 1500.00/1500.0
Ep  148 | Phase: PROTAGO | Ticks: 798 | Protag R: -5700.00 | Antag R: 5550.00 | Delivery:  37.5% | Budget Used: 1500.00/1500.0
Ep  149 | Phase: PROTAGO | Ticks: 799 | Protag R: -5499.00 | Antag R: 5349.00 | Delivery:  37.5% | Budget Used: 1500.00/1500.0
Ep  150 | Phase: PROTAGO | Ticks: 798 | Protag R: -5389.00 | Antag R: 5239.00 | Delivery:  37.5% | Budget Used: 1500.00/1500.0
  [EVAL ep 150] greedy_atk=847 learned_atk=6400 gap=+5553 (neg = learned beats greedy under attack)
Saving checkpoints for both agents before phase switch...
Ep  151 | Phase: PROTAGO | Ticks: 797 | Protag R: -5428.00 | Antag R: 5278.00 | Delivery:  50.0% | Budget Used: 1500.00/1500.0
Ep  152 | Phase: PROTAGO | Ticks: 798 | Protag R: -5621.00 | Antag R: 5471.00 | Delivery:  37.5% | Budget Used: 1500.00/1500.0
Ep  153 | Phase: PROTAGO | Ticks: 799 | Protag R: -4850.00 | Antag R: 4700.00 | Delivery:  50.0% | Budget Used: 1500.00/1500.0
Ep  154 | Phase: PROTAGO | Ticks: 799 | Protag R: -6067.00 | Antag R: 5917.00 | Delivery:  12.5% | Budget Used: 1500.00/1500.0
Ep  155 | Phase: PROTAGO | Ticks: 799 | Protag R: -5280.00 | Antag R: 5130.00 | Delivery:  50.0% | Budget Used: 1500.00/1500.0
Ep  156 | Phase: PROTAGO | Ticks: 799 | Protag R: -5524.00 | Antag R: 5374.00 | Delivery:  50.0% | Budget Used: 1500.00/1500.0
Ep  157 | Phase: PROTAGO | Ticks: 799 | Protag R: -5487.00 | Antag R: 5337.00 | Delivery:  37.5% | Budget Used: 1500.00/1500.0
Ep  158 | Phase: PROTAGO | Ticks: 798 | Protag R: -5397.00 | Antag R: 5247.00 | Delivery:  50.0% | Budget Used: 1500.00/1500.0
Ep  159 | Phase: PROTAGO | Ticks: 799 | Protag R: -5340.00 | Antag R: 5190.00 | Delivery:  50.0% | Budget Used: 1500.00/1500.0
Ep  160 | Phase: PROTAGO | Ticks: 799 | Protag R: -5829.00 | Antag R: 5679.00 | Delivery:  25.0% | Budget Used: 1500.00/1500.0
Ep  161 | Phase: PROTAGO | Ticks: 799 | Protag R: -5352.00 | Antag R: 5202.00 | Delivery:  25.0% | Budget Used: 1500.00/1500.0
Ep  162 | Phase: PROTAGO | Ticks: 799 | Protag R: -5473.00 | Antag R: 5323.00 | Delivery:  37.5% | Budget Used: 1500.00/1500.0
Ep  163 | Phase: PROTAGO | Ticks: 799 | Protag R: -5232.00 | Antag R: 5082.00 | Delivery:  37.5% | Budget Used: 1500.00/1500.0
Ep  164 | Phase: PROTAGO | Ticks: 798 | Protag R: -5426.00 | Antag R: 5276.00 | Delivery:  37.5% | Budget Used: 1500.00/1500.0
Ep  165 | Phase: PROTAGO | Ticks: 799 | Protag R: -6069.00 | Antag R: 5919.00 | Delivery:  37.5% | Budget Used: 1500.00/1500.0
Ep  166 | Phase: PROTAGO | Ticks: 799 | Protag R: -5345.00 | Antag R: 5195.00 | Delivery:  37.5% | Budget Used: 1500.00/1500.0
Ep  167 | Phase: PROTAGO | Ticks: 799 | Protag R: -5741.00 | Antag R: 5591.00 | Delivery:  25.0% | Budget Used: 1500.00/1500.0
Ep  168 | Phase: PROTAGO | Ticks: 799 | Protag R: -5625.00 | Antag R: 5475.00 | Delivery:  25.0% | Budget Used: 1500.00/1500.0
Ep  169 | Phase: PROTAGO | Ticks: 799 | Protag R: -5481.00 | Antag R: 5331.00 | Delivery:  37.5% | Budget Used: 1500.00/1500.0
Ep  170 | Phase: PROTAGO | Ticks: 799 | Protag R: -5669.00 | Antag R: 5519.00 | Delivery:  25.0% | Budget Used: 1500.00/1500.0
Ep  171 | Phase: PROTAGO | Ticks: 799 | Protag R: -5759.00 | Antag R: 5609.00 | Delivery:  25.0% | Budget Used: 1500.00/1500.0
Ep  172 | Phase: PROTAGO | Ticks: 798 | Protag R: -5522.00 | Antag R: 5372.00 | Delivery:  25.0% | Budget Used: 1500.00/1500.0
Ep  173 | Phase: PROTAGO | Ticks: 799 | Protag R: -5527.00 | Antag R: 5377.00 | Delivery:  50.0% | Budget Used: 1500.00/1500.0
Ep  174 | Phase: PROTAGO | Ticks: 799 | Protag R: -5710.00 | Antag R: 5560.00 | Delivery:  25.0% | Budget Used: 1500.00/1500.0
Ep  175 | Phase: PROTAGO | Ticks: 799 | Protag R: -6079.00 | Antag R: 5929.00 | Delivery:  12.5% | Budget Used: 1500.00/1500.0
Saving checkpoints for both agents before phase switch...
Ep  176 | Phase: PROTAGO | Ticks: 798 | Protag R: -4885.00 | Antag R: 4735.00 | Delivery:  50.0% | Budget Used: 1500.00/1500.0
Ep  177 | Phase: PROTAGO | Ticks: 798 | Protag R: -5696.00 | Antag R: 5546.00 | Delivery:  25.0% | Budget Used: 1500.00/1500.0
Ep  178 | Phase: PROTAGO | Ticks: 797 | Protag R: -5607.00 | Antag R: 5457.00 | Delivery:  37.5% | Budget Used: 1500.00/1500.0
Ep  179 | Phase: PROTAGO | Ticks: 797 | Protag R: -5537.00 | Antag R: 5387.00 | Delivery:  25.0% | Budget Used: 1500.00/1500.0
Ep  180 | Phase: PROTAGO | Ticks: 799 | Protag R: -5331.00 | Antag R: 5181.00 | Delivery:  50.0% | Budget Used: 1500.00/1500.0
Ep  181 | Phase: PROTAGO | Ticks: 798 | Protag R: -5632.00 | Antag R: 5482.00 | Delivery:  25.0% | Budget Used: 1500.00/1500.0
Ep  182 | Phase: PROTAGO | Ticks: 798 | Protag R: -5552.00 | Antag R: 5402.00 | Delivery:  37.5% | Budget Used: 1500.00/1500.0
Ep  183 | Phase: PROTAGO | Ticks: 799 | Protag R: -5648.00 | Antag R: 5498.00 | Delivery:  37.5% | Budget Used: 1500.00/1500.0
Ep  184 | Phase: PROTAGO | Ticks: 799 | Protag R: -5741.00 | Antag R: 5591.00 | Delivery:  37.5% | Budget Used: 1500.00/1500.0
Ep  185 | Phase: PROTAGO | Ticks: 796 | Protag R: -5762.00 | Antag R: 5612.00 | Delivery:  25.0% | Budget Used: 1500.00/1500.0
Ep  186 | Phase: PROTAGO | Ticks: 799 | Protag R: -5624.00 | Antag R: 5474.00 | Delivery:  25.0% | Budget Used: 1500.00/1500.0
Ep  187 | Phase: PROTAGO | Ticks: 798 | Protag R: -5936.00 | Antag R: 5786.00 | Delivery:  25.0% | Budget Used: 1500.00/1500.0
Ep  188 | Phase: PROTAGO | Ticks: 799 | Protag R: -6024.00 | Antag R: 5874.00 | Delivery:  12.5% | Budget Used: 1500.00/1500.0
Ep  189 | Phase: PROTAGO | Ticks: 799 | Protag R: -6004.00 | Antag R: 5854.00 | Delivery:  12.5% | Budget Used: 1500.00/1500.0
Ep  190 | Phase: PROTAGO | Ticks: 797 | Protag R: -5715.00 | Antag R: 5565.00 | Delivery:  25.0% | Budget Used: 1500.00/1500.0
Ep  191 | Phase: PROTAGO | Ticks: 799 | Protag R: -5235.00 | Antag R: 5085.00 | Delivery:  50.0% | Budget Used: 1500.00/1500.0
Ep  192 | Phase: PROTAGO | Ticks: 799 | Protag R: -5610.00 | Antag R: 5460.00 | Delivery:  25.0% | Budget Used: 1500.00/1500.0
Ep  193 | Phase: PROTAGO | Ticks: 799 | Protag R: -5192.00 | Antag R: 5042.00 | Delivery:  37.5% | Budget Used: 1500.00/1500.0
Ep  194 | Phase: PROTAGO | Ticks: 795 | Protag R: -5364.00 | Antag R: 5214.00 | Delivery:  37.5% | Budget Used: 1500.00/1500.0
Ep  195 | Phase: PROTAGO | Ticks: 799 | Protag R: -5591.00 | Antag R: 5441.00 | Delivery:  25.0% | Budget Used: 1500.00/1500.0
Ep  196 | Phase: PROTAGO | Ticks: 798 | Protag R: -5415.00 | Antag R: 5265.00 | Delivery:  37.5% | Budget Used: 1500.00/1500.0
Ep  197 | Phase: PROTAGO | Ticks: 799 | Protag R: -5508.00 | Antag R: 5358.00 | Delivery:  37.5% | Budget Used: 1500.00/1500.0
Ep  198 | Phase: PROTAGO | Ticks: 798 | Protag R: -5241.00 | Antag R: 5091.00 | Delivery:  37.5% | Budget Used: 1500.00/1500.0
Ep  199 | Phase: PROTAGO | Ticks: 798 | Protag R: -5703.00 | Antag R: 5553.00 | Delivery:  25.0% | Budget Used: 1500.00/1500.0
Ep  200 | Phase: PROTAGO | Ticks: 798 | Protag R: -5312.00 | Antag R: 5162.00 | Delivery:  37.5% | Budget Used: 1500.00/1500.0
  [EVAL ep 200] greedy_atk=847 learned_atk=6400 gap=+5553 (neg = learned beats greedy under attack)
Saving checkpoints for both agents before phase switch...
Ep  201 | Phase: PROTAGO | Ticks: 799 | Protag R: -5479.00 | Antag R: 5329.00 | Delivery:  50.0% | Budget Used: 1500.00/1500.0
Ep  202 | Phase: PROTAGO | Ticks: 798 | Protag R: -5455.00 | Antag R: 5305.00 | Delivery:  37.5% | Budget Used: 1500.00/1500.0
Ep  203 | Phase: PROTAGO | Ticks: 799 | Protag R: -5867.00 | Antag R: 5717.00 | Delivery:  37.5% | Budget Used: 1500.00/1500.0
Ep  204 | Phase: PROTAGO | Ticks: 799 | Protag R: -5423.00 | Antag R: 5273.00 | Delivery:  25.0% | Budget Used: 1500.00/1500.0
Ep  205 | Phase: PROTAGO | Ticks: 799 | Protag R: -5565.00 | Antag R: 5415.00 | Delivery:  37.5% | Budget Used: 1500.00/1500.0
Ep  206 | Phase: PROTAGO | Ticks: 799 | Protag R: -5272.00 | Antag R: 5122.00 | Delivery:  37.5% | Budget Used: 1500.00/1500.0
Ep  207 | Phase: PROTAGO | Ticks: 799 | Protag R: -5872.00 | Antag R: 5722.00 | Delivery:  25.0% | Budget Used: 1500.00/1500.0
Ep  208 | Phase: PROTAGO | Ticks: 799 | Protag R: -6162.00 | Antag R: 6012.00 | Delivery:  12.5% | Budget Used: 1500.00/1500.0
Ep  209 | Phase: PROTAGO | Ticks: 799 | Protag R: -5198.00 | Antag R: 5048.00 | Delivery:  50.0% | Budget Used: 1500.00/1500.0
Ep  210 | Phase: PROTAGO | Ticks: 799 | Protag R: -5391.00 | Antag R: 5241.00 | Delivery:  37.5% | Budget Used: 1500.00/1500.0
Ep  211 | Phase: PROTAGO | Ticks: 798 | Protag R: -5552.00 | Antag R: 5402.00 | Delivery:  37.5% | Budget Used: 1500.00/1500.0
Ep  212 | Phase: PROTAGO | Ticks: 797 | Protag R: -5524.00 | Antag R: 5374.00 | Delivery:  37.5% | Budget Used: 1500.00/1500.0
Ep  213 | Phase: PROTAGO | Ticks: 798 | Protag R: -5915.00 | Antag R: 5765.00 | Delivery:  25.0% | Budget Used: 1500.00/1500.0
Ep  214 | Phase: PROTAGO | Ticks: 798 | Protag R: -5617.00 | Antag R: 5467.00 | Delivery:  25.0% | Budget Used: 1500.00/1500.0
Ep  215 | Phase: PROTAGO | Ticks: 799 | Protag R: -5658.00 | Antag R: 5508.00 | Delivery:  25.0% | Budget Used: 1500.00/1500.0
Ep  216 | Phase: PROTAGO | Ticks: 799 | Protag R: -5535.00 | Antag R: 5385.00 | Delivery:  25.0% | Budget Used: 1500.00/1500.0
Ep  217 | Phase: PROTAGO | Ticks: 798 | Protag R: -5515.00 | Antag R: 5365.00 | Delivery:  37.5% | Budget Used: 1500.00/1500.0
Ep  218 | Phase: PROTAGO | Ticks: 798 | Protag R: -6156.00 | Antag R: 6006.00 | Delivery:  25.0% | Budget Used: 1500.00/1500.0
Ep  219 | Phase: PROTAGO | Ticks: 798 | Protag R: -5520.00 | Antag R: 5370.00 | Delivery:  37.5% | Budget Used: 1500.00/1500.0
Ep  220 | Phase: PROTAGO | Ticks: 799 | Protag R: -5791.00 | Antag R: 5641.00 | Delivery:  25.0% | Budget Used: 1500.00/1500.0
Ep  221 | Phase: PROTAGO | Ticks: 798 | Protag R: -5893.00 | Antag R: 5743.00 | Delivery:  25.0% | Budget Used: 1500.00/1500.0
Ep  222 | Phase: PROTAGO | Ticks: 799 | Protag R: -5494.00 | Antag R: 5344.00 | Delivery:  37.5% | Budget Used: 1500.00/1500.0
Ep  223 | Phase: PROTAGO | Ticks: 799 | Protag R: -5969.00 | Antag R: 5819.00 | Delivery:  12.5% | Budget Used: 1500.00/1500.0
Ep  224 | Phase: PROTAGO | Ticks: 799 | Protag R: -5674.00 | Antag R: 5524.00 | Delivery:  25.0% | Budget Used: 1500.00/1500.0
Ep  225 | Phase: PROTAGO | Ticks: 798 | Protag R: -5807.00 | Antag R: 5657.00 | Delivery:  12.5% | Budget Used: 1500.00/1500.0
Saving checkpoints for both agents before phase switch...
Ep  226 | Phase: PROTAGO | Ticks: 799 | Protag R: -5472.00 | Antag R: 5322.00 | Delivery:  37.5% | Budget Used: 1500.00/1500.0
Ep  227 | Phase: PROTAGO | Ticks: 798 | Protag R: -4856.00 | Antag R: 4706.00 | Delivery:  50.0% | Budget Used: 1500.00/1500.0
Ep  228 | Phase: PROTAGO | Ticks: 799 | Protag R: -5207.00 | Antag R: 5057.00 | Delivery:  37.5% | Budget Used: 1500.00/1500.0
Ep  229 | Phase: PROTAGO | Ticks: 799 | Protag R: -5734.00 | Antag R: 5584.00 | Delivery:  37.5% | Budget Used: 1500.00/1500.0
Ep  230 | Phase: PROTAGO | Ticks: 798 | Protag R: -5893.00 | Antag R: 5743.00 | Delivery:  25.0% | Budget Used: 1500.00/1500.0
Ep  231 | Phase: PROTAGO | Ticks: 799 | Protag R: -5639.00 | Antag R: 5489.00 | Delivery:  25.0% | Budget Used: 1500.00/1500.0
Ep  232 | Phase: PROTAGO | Ticks: 798 | Protag R: -5655.00 | Antag R: 5505.00 | Delivery:  37.5% | Budget Used: 1500.00/1500.0
Ep  233 | Phase: PROTAGO | Ticks: 799 | Protag R: -5828.00 | Antag R: 5678.00 | Delivery:  25.0% | Budget Used: 1500.00/1500.0
Ep  234 | Phase: PROTAGO | Ticks: 798 | Protag R: -5831.00 | Antag R: 5681.00 | Delivery:  25.0% | Budget Used: 1500.00/1500.0
Ep  235 | Phase: PROTAGO | Ticks: 799 | Protag R: -5687.00 | Antag R: 5537.00 | Delivery:  37.5% | Budget Used: 1500.00/1500.0
Ep  236 | Phase: PROTAGO | Ticks: 799 | Protag R: -5687.00 | Antag R: 5537.00 | Delivery:  25.0% | Budget Used: 1500.00/1500.0
Ep  237 | Phase: PROTAGO | Ticks: 798 | Protag R: -5240.00 | Antag R: 5090.00 | Delivery:  37.5% | Budget Used: 1500.00/1500.0
Ep  238 | Phase: PROTAGO | Ticks: 798 | Protag R: -5820.00 | Antag R: 5670.00 | Delivery:  25.0% | Budget Used: 1500.00/1500.0
Ep  239 | Phase: PROTAGO | Ticks: 798 | Protag R: -5094.00 | Antag R: 4944.00 | Delivery:  50.0% | Budget Used: 1500.00/1500.0
Ep  240 | Phase: PROTAGO | Ticks: 799 | Protag R: -5942.00 | Antag R: 5792.00 | Delivery:  25.0% | Budget Used: 1500.00/1500.0
Ep  241 | Phase: PROTAGO | Ticks: 799 | Protag R: -5457.00 | Antag R: 5307.00 | Delivery:  37.5% | Budget Used: 1500.00/1500.0
Ep  242 | Phase: PROTAGO | Ticks: 798 | Protag R: -5758.00 | Antag R: 5608.00 | Delivery:  25.0% | Budget Used: 1500.00/1500.0
Ep  243 | Phase: PROTAGO | Ticks: 797 | Protag R: -5317.00 | Antag R: 5167.00 | Delivery:  62.5% | Budget Used: 1500.00/1500.0
Ep  244 | Phase: PROTAGO | Ticks: 798 | Protag R: -5864.00 | Antag R: 5714.00 | Delivery:  25.0% | Budget Used: 1500.00/1500.0
Ep  245 | Phase: PROTAGO | Ticks: 799 | Protag R: -5164.00 | Antag R: 5014.00 | Delivery:  50.0% | Budget Used: 1500.00/1500.0
Ep  246 | Phase: PROTAGO | Ticks: 799 | Protag R: -6003.00 | Antag R: 5853.00 | Delivery:  25.0% | Budget Used: 1500.00/1500.0
Ep  247 | Phase: PROTAGO | Ticks: 799 | Protag R: -5714.00 | Antag R: 5564.00 | Delivery:  37.5% | Budget Used: 1500.00/1500.0
Ep  248 | Phase: PROTAGO | Ticks: 799 | Protag R: -5587.00 | Antag R: 5437.00 | Delivery:  25.0% | Budget Used: 1500.00/1500.0
Ep  249 | Phase: PROTAGO | Ticks: 799 | Protag R: -5703.00 | Antag R: 5553.00 | Delivery:  37.5% | Budget Used: 1500.00/1500.0
Ep  250 | Phase: PROTAGO | Ticks: 799 | Protag R: -5592.00 | Antag R: 5442.00 | Delivery:  37.5% | Budget Used: 1500.00/1500.0
  [EVAL ep 250] greedy_atk=847 learned_atk=6400 gap=+5553 (neg = learned beats greedy under attack)
Saving checkpoints for both agents before phase switch...
Ep  251 | Phase: PROTAGO | Ticks: 799 | Protag R: -5235.00 | Antag R: 5085.00 | Delivery:  50.0% | Budget Used: 1500.00/1500.0
Ep  252 | Phase: PROTAGO | Ticks: 799 | Protag R: -5809.00 | Antag R: 5659.00 | Delivery:  25.0% | Budget Used: 1500.00/1500.0
Ep  253 | Phase: PROTAGO | Ticks: 799 | Protag R: -5580.00 | Antag R: 5430.00 | Delivery:  25.0% | Budget Used: 1500.00/1500.0
Ep  254 | Phase: PROTAGO | Ticks: 799 | Protag R: -5765.00 | Antag R: 5615.00 | Delivery:  25.0% | Budget Used: 1500.00/1500.0
Ep  255 | Phase: PROTAGO | Ticks: 799 | Protag R: -5591.00 | Antag R: 5441.00 | Delivery:  25.0% | Budget Used: 1500.00/1500.0
Ep  256 | Phase: PROTAGO | Ticks: 799 | Protag R: -5053.00 | Antag R: 4903.00 | Delivery:  50.0% | Budget Used: 1500.00/1500.0
Ep  257 | Phase: PROTAGO | Ticks: 798 | Protag R: -5641.00 | Antag R: 5491.00 | Delivery:  37.5% | Budget Used: 1500.00/1500.0
Ep  258 | Phase: PROTAGO | Ticks: 798 | Protag R: -5003.00 | Antag R: 4853.00 | Delivery:  37.5% | Budget Used: 1500.00/1500.0
Ep  259 | Phase: PROTAGO | Ticks: 799 | Protag R: -5500.00 | Antag R: 5350.00 | Delivery:  37.5% | Budget Used: 1500.00/1500.0
Ep  260 | Phase: PROTAGO | Ticks: 798 | Protag R: -4989.00 | Antag R: 4839.00 | Delivery:  50.0% | Budget Used: 1500.00/1500.0
Ep  261 | Phase: PROTAGO | Ticks: 799 | Protag R: -5824.00 | Antag R: 5674.00 | Delivery:  37.5% | Budget Used: 1500.00/1500.0
Ep  262 | Phase: PROTAGO | Ticks: 799 | Protag R: -5551.00 | Antag R: 5401.00 | Delivery:  37.5% | Budget Used: 1500.00/1500.0
Ep  263 | Phase: PROTAGO | Ticks: 799 | Protag R: -5235.00 | Antag R: 5085.00 | Delivery:  50.0% | Budget Used: 1500.00/1500.0
Ep  264 | Phase: PROTAGO | Ticks: 799 | Protag R: -5551.00 | Antag R: 5401.00 | Delivery:  37.5% | Budget Used: 1500.00/1500.0
Ep  265 | Phase: PROTAGO | Ticks: 799 | Protag R: -5511.00 | Antag R: 5361.00 | Delivery:  37.5% | Budget Used: 1500.00/1500.0
Ep  266 | Phase: PROTAGO | Ticks: 798 | Protag R: -5099.00 | Antag R: 4949.00 | Delivery:  50.0% | Budget Used: 1500.00/1500.0
Ep  267 | Phase: PROTAGO | Ticks: 799 | Protag R: -5816.00 | Antag R: 5666.00 | Delivery:  25.0% | Budget Used: 1500.00/1500.0
Ep  268 | Phase: PROTAGO | Ticks: 797 | Protag R: -5539.00 | Antag R: 5389.00 | Delivery:  25.0% | Budget Used: 1500.00/1500.0
Ep  269 | Phase: PROTAGO | Ticks: 798 | Protag R: -5613.00 | Antag R: 5463.00 | Delivery:  25.0% | Budget Used: 1500.00/1500.0
Ep  270 | Phase: PROTAGO | Ticks: 797 | Protag R: -5461.00 | Antag R: 5311.00 | Delivery:  50.0% | Budget Used: 1500.00/1500.0
Ep  271 | Phase: PROTAGO | Ticks: 797 | Protag R: -5442.00 | Antag R: 5292.00 | Delivery:  50.0% | Budget Used: 1500.00/1500.0
Ep  272 | Phase: PROTAGO | Ticks: 798 | Protag R: -5650.00 | Antag R: 5500.00 | Delivery:  37.5% | Budget Used: 1500.00/1500.0
Ep  273 | Phase: PROTAGO | Ticks: 799 | Protag R: -5573.00 | Antag R: 5423.00 | Delivery:  37.5% | Budget Used: 1500.00/1500.0
Ep  274 | Phase: PROTAGO | Ticks: 799 | Protag R: -5459.00 | Antag R: 5309.00 | Delivery:  50.0% | Budget Used: 1500.00/1500.0
Ep  275 | Phase: PROTAGO | Ticks: 799 | Protag R: -5626.00 | Antag R: 5476.00 | Delivery:  37.5% | Budget Used: 1500.00/1500.0
Saving checkpoints for both agents before phase switch...
Ep  276 | Phase: PROTAGO | Ticks: 798 | Protag R: -5609.00 | Antag R: 5459.00 | Delivery:  25.0% | Budget Used: 1500.00/1500.0
Ep  277 | Phase: PROTAGO | Ticks: 798 | Protag R: -5629.00 | Antag R: 5479.00 | Delivery:  25.0% | Budget Used: 1500.00/1500.0
Ep  278 | Phase: PROTAGO | Ticks: 798 | Protag R: -5583.00 | Antag R: 5433.00 | Delivery:  25.0% | Budget Used: 1500.00/1500.0
Ep  279 | Phase: PROTAGO | Ticks: 798 | Protag R: -5510.00 | Antag R: 5360.00 | Delivery:  37.5% | Budget Used: 1500.00/1500.0
Ep  280 | Phase: PROTAGO | Ticks: 798 | Protag R: -5334.00 | Antag R: 5184.00 | Delivery:  37.5% | Budget Used: 1500.00/1500.0
Ep  281 | Phase: PROTAGO | Ticks: 799 | Protag R: -5800.00 | Antag R: 5650.00 | Delivery:  25.0% | Budget Used: 1500.00/1500.0
Ep  282 | Phase: PROTAGO | Ticks: 799 | Protag R: -5079.00 | Antag R: 4929.00 | Delivery:  37.5% | Budget Used: 1500.00/1500.0
Ep  283 | Phase: PROTAGO | Ticks: 797 | Protag R: -5532.00 | Antag R: 5382.00 | Delivery:  37.5% | Budget Used: 1500.00/1500.0
Ep  284 | Phase: PROTAGO | Ticks: 796 | Protag R: -5218.00 | Antag R: 5068.00 | Delivery:  37.5% | Budget Used: 1500.00/1500.0
Ep  285 | Phase: PROTAGO | Ticks: 799 | Protag R: -5848.00 | Antag R: 5698.00 | Delivery:  37.5% | Budget Used: 1500.00/1500.0
Ep  286 | Phase: PROTAGO | Ticks: 797 | Protag R: -5580.00 | Antag R: 5430.00 | Delivery:  25.0% | Budget Used: 1500.00/1500.0
Ep  287 | Phase: PROTAGO | Ticks: 799 | Protag R: -5176.00 | Antag R: 5026.00 | Delivery:  50.0% | Budget Used: 1500.00/1500.0
Ep  288 | Phase: PROTAGO | Ticks: 799 | Protag R: -5354.00 | Antag R: 5204.00 | Delivery:  37.5% | Budget Used: 1500.00/1500.0
Ep  289 | Phase: PROTAGO | Ticks: 798 | Protag R: -5833.00 | Antag R: 5683.00 | Delivery:  25.0% | Budget Used: 1500.00/1500.0
Ep  290 | Phase: PROTAGO | Ticks: 799 | Protag R: -6197.00 | Antag R: 6047.00 | Delivery:  12.5% | Budget Used: 1500.00/1500.0
Ep  291 | Phase: PROTAGO | Ticks: 799 | Protag R: -5507.00 | Antag R: 5357.00 | Delivery:  37.5% | Budget Used: 1500.00/1500.0
Ep  292 | Phase: PROTAGO | Ticks: 799 | Protag R: -5819.00 | Antag R: 5669.00 | Delivery:  25.0% | Budget Used: 1500.00/1500.0
Ep  293 | Phase: PROTAGO | Ticks: 799 | Protag R: -5890.00 | Antag R: 5740.00 | Delivery:  25.0% | Budget Used: 1500.00/1500.0
Ep  294 | Phase: PROTAGO | Ticks: 799 | Protag R: -5630.00 | Antag R: 5480.00 | Delivery:  25.0% | Budget Used: 1500.00/1500.0
Ep  295 | Phase: PROTAGO | Ticks: 798 | Protag R: -5688.00 | Antag R: 5538.00 | Delivery:  25.0% | Budget Used: 1500.00/1500.0
Ep  296 | Phase: PROTAGO | Ticks: 798 | Protag R: -5705.00 | Antag R: 5555.00 | Delivery:  25.0% | Budget Used: 1500.00/1500.0
Ep  297 | Phase: PROTAGO | Ticks: 797 | Protag R: -5545.00 | Antag R: 5395.00 | Delivery:  37.5% | Budget Used: 1500.00/1500.0
Ep  298 | Phase: PROTAGO | Ticks: 799 | Protag R: -5907.00 | Antag R: 5757.00 | Delivery:  25.0% | Budget Used: 1500.00/1500.0
Ep  299 | Phase: PROTAGO | Ticks: 797 | Protag R: -4884.00 | Antag R: 4734.00 | Delivery:  37.5% | Budget Used: 1500.00/1500.0
Ep  300 | Phase: PROTAGO | Ticks: 799 | Protag R: -5572.00 | Antag R: 5422.00 | Delivery:  37.5% | Budget Used: 1500.00/1500.0
  [EVAL ep 300] greedy_atk=847 learned_atk=6400 gap=+5553 (neg = learned beats greedy under attack)
Saving checkpoints for both agents before phase switch...
Ep  301 | Phase: PROTAGO | Ticks: 799 | Protag R: -5597.00 | Antag R: 5447.00 | Delivery:  25.0% | Budget Used: 1500.00/1500.0
Ep  302 | Phase: PROTAGO | Ticks: 799 | Protag R: -5585.00 | Antag R: 5435.00 | Delivery:  37.5% | Budget Used: 1500.00/1500.0
Ep  303 | Phase: PROTAGO | Ticks: 799 | Protag R: -5446.00 | Antag R: 5296.00 | Delivery:  37.5% | Budget Used: 1500.00/1500.0
Ep  304 | Phase: PROTAGO | Ticks: 798 | Protag R: -5545.00 | Antag R: 5395.00 | Delivery:  37.5% | Budget Used: 1500.00/1500.0
Ep  305 | Phase: PROTAGO | Ticks: 799 | Protag R: -5227.00 | Antag R: 5077.00 | Delivery:  25.0% | Budget Used: 1500.00/1500.0
Ep  306 | Phase: PROTAGO | Ticks: 799 | Protag R: -4801.00 | Antag R: 4651.00 | Delivery:  50.0% | Budget Used: 1500.00/1500.0
Ep  307 | Phase: PROTAGO | Ticks: 799 | Protag R: -5711.00 | Antag R: 5561.00 | Delivery:  25.0% | Budget Used: 1500.00/1500.0
Ep  308 | Phase: PROTAGO | Ticks: 798 | Protag R: -5625.00 | Antag R: 5475.00 | Delivery:  25.0% | Budget Used: 1500.00/1500.0
Ep  309 | Phase: PROTAGO | Ticks: 799 | Protag R: -5750.00 | Antag R: 5600.00 | Delivery:  25.0% | Budget Used: 1500.00/1500.0
Ep  310 | Phase: PROTAGO | Ticks: 798 | Protag R: -4620.00 | Antag R: 4470.00 | Delivery:  50.0% | Budget Used: 1500.00/1500.0
Ep  311 | Phase: PROTAGO | Ticks: 799 | Protag R: -5254.00 | Antag R: 5104.00 | Delivery:  50.0% | Budget Used: 1500.00/1500.0
Ep  312 | Phase: PROTAGO | Ticks: 798 | Protag R: -5452.00 | Antag R: 5302.00 | Delivery:  25.0% | Budget Used: 1500.00/1500.0
Ep  313 | Phase: PROTAGO | Ticks: 799 | Protag R: -5529.00 | Antag R: 5379.00 | Delivery:  37.5% | Budget Used: 1500.00/1500.0
Ep  314 | Phase: PROTAGO | Ticks: 799 | Protag R: -5468.00 | Antag R: 5318.00 | Delivery:  37.5% | Budget Used: 1500.00/1500.0
Ep  315 | Phase: PROTAGO | Ticks: 799 | Protag R: -5734.00 | Antag R: 5584.00 | Delivery:  25.0% | Budget Used: 1500.00/1500.0
Ep  316 | Phase: PROTAGO | Ticks: 799 | Protag R: -4912.00 | Antag R: 4762.00 | Delivery:  37.5% | Budget Used: 1500.00/1500.0
Ep  317 | Phase: PROTAGO | Ticks: 798 | Protag R: -5312.00 | Antag R: 5162.00 | Delivery:  37.5% | Budget Used: 1500.00/1500.0
Ep  318 | Phase: PROTAGO | Ticks: 799 | Protag R: -5764.00 | Antag R: 5614.00 | Delivery:  25.0% | Budget Used: 1500.00/1500.0
Ep  319 | Phase: PROTAGO | Ticks: 799 | Protag R: -6038.00 | Antag R: 5888.00 | Delivery:  12.5% | Budget Used: 1500.00/1500.0
Ep  320 | Phase: PROTAGO | Ticks: 799 | Protag R: -5799.00 | Antag R: 5649.00 | Delivery:  37.5% | Budget Used: 1500.00/1500.0
Ep  321 | Phase: PROTAGO | Ticks: 798 | Protag R: -5257.00 | Antag R: 5107.00 | Delivery:  50.0% | Budget Used: 1500.00/1500.0
Ep  322 | Phase: PROTAGO | Ticks: 799 | Protag R: -5079.00 | Antag R: 4929.00 | Delivery:  37.5% | Budget Used: 1500.00/1500.0
Ep  323 | Phase: PROTAGO | Ticks: 799 | Protag R: -5683.00 | Antag R: 5533.00 | Delivery:  25.0% | Budget Used: 1500.00/1500.0
Ep  324 | Phase: PROTAGO | Ticks: 799 | Protag R: -5707.00 | Antag R: 5557.00 | Delivery:  37.5% | Budget Used: 1500.00/1500.0
Ep  325 | Phase: PROTAGO | Ticks: 799 | Protag R: -5659.00 | Antag R: 5509.00 | Delivery:  37.5% | Budget Used: 1500.00/1500.0
Saving checkpoints for both agents before phase switch...
Ep  326 | Phase: PROTAGO | Ticks: 799 | Protag R: -5527.00 | Antag R: 5377.00 | Delivery:  25.0% | Budget Used: 1500.00/1500.0
Ep  327 | Phase: PROTAGO | Ticks: 797 | Protag R: -5531.00 | Antag R: 5381.00 | Delivery:  37.5% | Budget Used: 1500.00/1500.0
Ep  328 | Phase: PROTAGO | Ticks: 799 | Protag R: -5559.00 | Antag R: 5409.00 | Delivery:  37.5% | Budget Used: 1500.00/1500.0
Ep  329 | Phase: PROTAGO | Ticks: 799 | Protag R: -5248.00 | Antag R: 5098.00 | Delivery:  37.5% | Budget Used: 1500.00/1500.0
Ep  330 | Phase: PROTAGO | Ticks: 799 | Protag R: -5742.00 | Antag R: 5592.00 | Delivery:  37.5% | Budget Used: 1500.00/1500.0
Ep  331 | Phase: PROTAGO | Ticks: 799 | Protag R: -5821.00 | Antag R: 5671.00 | Delivery:  25.0% | Budget Used: 1500.00/1500.0
Ep  332 | Phase: PROTAGO | Ticks: 799 | Protag R: -5426.00 | Antag R: 5276.00 | Delivery:  37.5% | Budget Used: 1500.00/1500.0
Ep  333 | Phase: PROTAGO | Ticks: 799 | Protag R: -5884.00 | Antag R: 5734.00 | Delivery:  37.5% | Budget Used: 1500.00/1500.0
Ep  334 | Phase: PROTAGO | Ticks: 797 | Protag R: -5326.00 | Antag R: 5176.00 | Delivery:  37.5% | Budget Used: 1500.00/1500.0
Ep  335 | Phase: PROTAGO | Ticks: 798 | Protag R: -5896.00 | Antag R: 5746.00 | Delivery:  37.5% | Budget Used: 1500.00/1500.0
Ep  336 | Phase: PROTAGO | Ticks: 799 | Protag R: -5409.00 | Antag R: 5259.00 | Delivery:  25.0% | Budget Used: 1500.00/1500.0
Ep  337 | Phase: PROTAGO | Ticks: 799 | Protag R: -5643.00 | Antag R: 5493.00 | Delivery:  25.0% | Budget Used: 1500.00/1500.0
Ep  338 | Phase: PROTAGO | Ticks: 799 | Protag R: -5292.00 | Antag R: 5142.00 | Delivery:  50.0% | Budget Used: 1500.00/1500.0
Ep  339 | Phase: PROTAGO | Ticks: 798 | Protag R: -5534.00 | Antag R: 5384.00 | Delivery:  50.0% | Budget Used: 1500.00/1500.0
Ep  340 | Phase: PROTAGO | Ticks: 798 | Protag R: -5361.00 | Antag R: 5211.00 | Delivery:  25.0% | Budget Used: 1500.00/1500.0
Ep  341 | Phase: PROTAGO | Ticks: 797 | Protag R: -6163.00 | Antag R: 6013.00 | Delivery:  25.0% | Budget Used: 1500.00/1500.0
Ep  342 | Phase: PROTAGO | Ticks: 799 | Protag R: -5550.00 | Antag R: 5400.00 | Delivery:  25.0% | Budget Used: 1500.00/1500.0
Ep  343 | Phase: PROTAGO | Ticks: 798 | Protag R: -5971.00 | Antag R: 5821.00 | Delivery:  25.0% | Budget Used: 1500.00/1500.0
Ep  344 | Phase: PROTAGO | Ticks: 799 | Protag R: -6140.00 | Antag R: 5990.00 | Delivery:  25.0% | Budget Used: 1500.00/1500.0
Ep  345 | Phase: PROTAGO | Ticks: 799 | Protag R: -5509.00 | Antag R: 5359.00 | Delivery:  50.0% | Budget Used: 1500.00/1500.0
Ep  346 | Phase: PROTAGO | Ticks: 799 | Protag R: -4945.00 | Antag R: 4795.00 | Delivery:  37.5% | Budget Used: 1500.00/1500.0
Ep  347 | Phase: PROTAGO | Ticks: 799 | Protag R: -5821.00 | Antag R: 5671.00 | Delivery:  25.0% | Budget Used: 1500.00/1500.0
Ep  348 | Phase: PROTAGO | Ticks: 799 | Protag R: -5717.00 | Antag R: 5567.00 | Delivery:  25.0% | Budget Used: 1500.00/1500.0
Ep  349 | Phase: PROTAGO | Ticks: 799 | Protag R: -5614.00 | Antag R: 5464.00 | Delivery:  25.0% | Budget Used: 1500.00/1500.0
Ep  350 | Phase: PROTAGO | Ticks: 799 | Protag R: -5657.00 | Antag R: 5507.00 | Delivery:  25.0% | Budget Used: 1500.00/1500.0
  [EVAL ep 350] greedy_atk=847 learned_atk=6400 gap=+5553 (neg = learned beats greedy under attack)
Saving checkpoints for both agents before phase switch...
Ep  351 | Phase: PROTAGO | Ticks: 797 | Protag R: -5855.00 | Antag R: 5705.00 | Delivery:  25.0% | Budget Used: 1500.00/1500.0
Ep  352 | Phase: PROTAGO | Ticks: 798 | Protag R: -5987.00 | Antag R: 5837.00 | Delivery:  25.0% | Budget Used: 1500.00/1500.0
Ep  353 | Phase: PROTAGO | Ticks: 799 | Protag R: -5683.00 | Antag R: 5533.00 | Delivery:  25.0% | Budget Used: 1500.00/1500.0
Ep  354 | Phase: PROTAGO | Ticks: 799 | Protag R: -5306.00 | Antag R: 5156.00 | Delivery:  50.0% | Budget Used: 1500.00/1500.0
Ep  355 | Phase: PROTAGO | Ticks: 799 | Protag R: -5969.00 | Antag R: 5819.00 | Delivery:  25.0% | Budget Used: 1500.00/1500.0
Ep  356 | Phase: PROTAGO | Ticks: 799 | Protag R: -5615.00 | Antag R: 5465.00 | Delivery:  50.0% | Budget Used: 1500.00/1500.0
Ep  357 | Phase: PROTAGO | Ticks: 799 | Protag R: -5834.00 | Antag R: 5684.00 | Delivery:  25.0% | Budget Used: 1500.00/1500.0
Ep  358 | Phase: PROTAGO | Ticks: 799 | Protag R: -5614.00 | Antag R: 5464.00 | Delivery:  25.0% | Budget Used: 1500.00/1500.0
Ep  359 | Phase: PROTAGO | Ticks: 799 | Protag R: -5494.00 | Antag R: 5344.00 | Delivery:  50.0% | Budget Used: 1500.00/1500.0
Ep  360 | Phase: PROTAGO | Ticks: 799 | Protag R: -5829.00 | Antag R: 5679.00 | Delivery:  25.0% | Budget Used: 1500.00/1500.0
Ep  361 | Phase: PROTAGO | Ticks: 798 | Protag R: -5816.00 | Antag R: 5666.00 | Delivery:  25.0% | Budget Used: 1500.00/1500.0
Ep  362 | Phase: PROTAGO | Ticks: 798 | Protag R: -5570.00 | Antag R: 5420.00 | Delivery:  37.5% | Budget Used: 1500.00/1500.0
Ep  363 | Phase: PROTAGO | Ticks: 799 | Protag R: -5596.00 | Antag R: 5446.00 | Delivery:  25.0% | Budget Used: 1500.00/1500.0
Ep  364 | Phase: PROTAGO | Ticks: 799 | Protag R: -5744.00 | Antag R: 5594.00 | Delivery:  25.0% | Budget Used: 1500.00/1500.0
Ep  365 | Phase: PROTAGO | Ticks: 798 | Protag R: -5959.00 | Antag R: 5809.00 | Delivery:  12.5% | Budget Used: 1500.00/1500.0
Ep  366 | Phase: PROTAGO | Ticks: 799 | Protag R: -5884.00 | Antag R: 5734.00 | Delivery:  25.0% | Budget Used: 1500.00/1500.0
Ep  367 | Phase: PROTAGO | Ticks: 798 | Protag R: -5254.00 | Antag R: 5104.00 | Delivery:  37.5% | Budget Used: 1500.00/1500.0
Ep  368 | Phase: PROTAGO | Ticks: 799 | Protag R: -5713.00 | Antag R: 5563.00 | Delivery:  25.0% | Budget Used: 1500.00/1500.0
Ep  369 | Phase: PROTAGO | Ticks: 798 | Protag R: -5496.00 | Antag R: 5346.00 | Delivery:  37.5% | Budget Used: 1500.00/1500.0
Ep  370 | Phase: PROTAGO | Ticks: 799 | Protag R: -5388.00 | Antag R: 5238.00 | Delivery:  37.5% | Budget Used: 1500.00/1500.0
Ep  371 | Phase: PROTAGO | Ticks: 799 | Protag R: -5634.00 | Antag R: 5484.00 | Delivery:  37.5% | Budget Used: 1500.00/1500.0
Ep  372 | Phase: PROTAGO | Ticks: 798 | Protag R: -5923.00 | Antag R: 5773.00 | Delivery:  37.5% | Budget Used: 1500.00/1500.0
Ep  373 | Phase: PROTAGO | Ticks: 799 | Protag R: -5675.00 | Antag R: 5525.00 | Delivery:  25.0% | Budget Used: 1500.00/1500.0
Ep  374 | Phase: PROTAGO | Ticks: 799 | Protag R: -5399.00 | Antag R: 5249.00 | Delivery:  50.0% | Budget Used: 1500.00/1500.0
Ep  375 | Phase: PROTAGO | Ticks: 799 | Protag R: -5816.00 | Antag R: 5666.00 | Delivery:  25.0% | Budget Used: 1500.00/1500.0
Saving checkpoints for both agents before phase switch...
Ep  376 | Phase: PROTAGO | Ticks: 799 | Protag R: -5516.00 | Antag R: 5366.00 | Delivery:  37.5% | Budget Used: 1500.00/1500.0
Ep  377 | Phase: PROTAGO | Ticks: 799 | Protag R: -5235.00 | Antag R: 5085.00 | Delivery:  37.5% | Budget Used: 1500.00/1500.0
Ep  378 | Phase: PROTAGO | Ticks: 799 | Protag R: -5512.00 | Antag R: 5362.00 | Delivery:  37.5% | Budget Used: 1500.00/1500.0
Ep  379 | Phase: PROTAGO | Ticks: 799 | Protag R: -5674.00 | Antag R: 5524.00 | Delivery:  25.0% | Budget Used: 1500.00/1500.0
Ep  380 | Phase: PROTAGO | Ticks: 798 | Protag R: -5476.00 | Antag R: 5326.00 | Delivery:  37.5% | Budget Used: 1500.00/1500.0
Ep  381 | Phase: PROTAGO | Ticks: 799 | Protag R: -5037.00 | Antag R: 4887.00 | Delivery:  37.5% | Budget Used: 1500.00/1500.0
Ep  382 | Phase: PROTAGO | Ticks: 799 | Protag R: -5561.00 | Antag R: 5411.00 | Delivery:  37.5% | Budget Used: 1500.00/1500.0
Ep  383 | Phase: PROTAGO | Ticks: 799 | Protag R: -5496.00 | Antag R: 5346.00 | Delivery:  37.5% | Budget Used: 1500.00/1500.0
Ep  384 | Phase: PROTAGO | Ticks: 799 | Protag R: -5731.00 | Antag R: 5581.00 | Delivery:  37.5% | Budget Used: 1500.00/1500.0
Ep  385 | Phase: PROTAGO | Ticks: 799 | Protag R: -5569.00 | Antag R: 5419.00 | Delivery:  37.5% | Budget Used: 1500.00/1500.0
Ep  386 | Phase: PROTAGO | Ticks: 798 | Protag R: -5815.00 | Antag R: 5665.00 | Delivery:  37.5% | Budget Used: 1500.00/1500.0
Ep  387 | Phase: PROTAGO | Ticks: 799 | Protag R: -5788.00 | Antag R: 5638.00 | Delivery:  25.0% | Budget Used: 1500.00/1500.0
Ep  388 | Phase: PROTAGO | Ticks: 799 | Protag R: -5576.00 | Antag R: 5426.00 | Delivery:  37.5% | Budget Used: 1500.00/1500.0
Ep  389 | Phase: PROTAGO | Ticks: 798 | Protag R: -5693.00 | Antag R: 5543.00 | Delivery:  25.0% | Budget Used: 1500.00/1500.0
Ep  390 | Phase: PROTAGO | Ticks: 798 | Protag R: -5227.00 | Antag R: 5077.00 | Delivery:  37.5% | Budget Used: 1500.00/1500.0
Ep  391 | Phase: PROTAGO | Ticks: 799 | Protag R: -5196.00 | Antag R: 5046.00 | Delivery:  37.5% | Budget Used: 1500.00/1500.0
Ep  392 | Phase: PROTAGO | Ticks: 799 | Protag R: -5235.00 | Antag R: 5085.00 | Delivery:  37.5% | Budget Used: 1500.00/1500.0
Ep  393 | Phase: PROTAGO | Ticks: 799 | Protag R: -5544.00 | Antag R: 5394.00 | Delivery:  37.5% | Budget Used: 1500.00/1500.0
Ep  394 | Phase: PROTAGO | Ticks: 798 | Protag R: -5709.00 | Antag R: 5559.00 | Delivery:  25.0% | Budget Used: 1500.00/1500.0
Ep  395 | Phase: PROTAGO | Ticks: 797 | Protag R: -5161.00 | Antag R: 5011.00 | Delivery:  37.5% | Budget Used: 1500.00/1500.0
Ep  396 | Phase: PROTAGO | Ticks: 799 | Protag R: -5627.00 | Antag R: 5477.00 | Delivery:  25.0% | Budget Used: 1500.00/1500.0
Ep  397 | Phase: PROTAGO | Ticks: 799 | Protag R: -5978.00 | Antag R: 5828.00 | Delivery:  25.0% | Budget Used: 1500.00/1500.0
Ep  398 | Phase: PROTAGO | Ticks: 799 | Protag R: -5626.00 | Antag R: 5476.00 | Delivery:  37.5% | Budget Used: 1500.00/1500.0
Ep  399 | Phase: PROTAGO | Ticks: 799 | Protag R: -5615.00 | Antag R: 5465.00 | Delivery:  37.5% | Budget Used: 1500.00/1500.0
Ep  400 | Phase: PROTAGO | Ticks: 795 | Protag R: -5043.00 | Antag R: 4893.00 | Delivery:  50.0% | Budget Used: 1500.00/1500.0
  [EVAL ep 400] greedy_atk=847 learned_atk=6400 gap=+5553 (neg = learned beats greedy under attack)
Saved coevolved protagonist actor to models/runs/gen05_hybrid_matrix/hybrid_scripted_seed1/protagonist/actor.pt
Saved coevolved antagonist actor to models/runs/gen05_hybrid_matrix/hybrid_scripted_seed1/antagonist/actor.pt
Saved copy of protagonist actor as latest to models/protagonist/actor.pt
Saved copy of antagonist actor as latest to models/antagonist/actor.pt

SACRED ATLA Training completed successfully! Logs saved to TensorBoard.
