Seeded run: seed=2
Initializing SACRED Stage-2 HYBRID (assignment + next-hop routing, static demand)...
Configuring Protagonist Dispatch Agent...
Configuring Antagonist Congestion Agent...
Initializing ATLA Coevolution Trainer...
Run Name: gen05_hybrid_matrix/hybrid_scripted_seed2
Starting SACRED training (mode=scripted_adversary) for 400 episodes...
Device: Protagonist=cpu, Antagonist=cpu
Initial Phase: Training PROTAGONIST

Ep    1 | Phase: PROTAGO | Ticks: 797 | Protag R: -5728.00 | Antag R: 5578.00 | Delivery:  37.5% | Budget Used: 1500.00/1500.0
Ep    2 | Phase: PROTAGO | Ticks: 797 | Protag R: -5129.00 | Antag R: 4979.00 | Delivery:  50.0% | Budget Used: 1500.00/1500.0
Ep    3 | Phase: PROTAGO | Ticks: 799 | Protag R: -5945.00 | Antag R: 5795.00 | Delivery:  25.0% | Budget Used: 1500.00/1500.0
Ep    4 | Phase: PROTAGO | Ticks: 798 | Protag R: -5561.00 | Antag R: 5411.00 | Delivery:  37.5% | Budget Used: 1500.00/1500.0
Ep    5 | Phase: PROTAGO | Ticks: 799 | Protag R: -5612.00 | Antag R: 5462.00 | Delivery:  37.5% | Budget Used: 1500.00/1500.0
Ep    6 | Phase: PROTAGO | Ticks: 799 | Protag R: -5554.00 | Antag R: 5404.00 | Delivery:  25.0% | Budget Used: 1500.00/1500.0
Ep    7 | Phase: PROTAGO | Ticks: 799 | Protag R: -5557.00 | Antag R: 5407.00 | Delivery:  37.5% | Budget Used: 1500.00/1500.0
Ep    8 | Phase: PROTAGO | Ticks: 799 | Protag R: -5060.00 | Antag R: 4910.00 | Delivery:  50.0% | Budget Used: 1500.00/1500.0
Ep    9 | Phase: PROTAGO | Ticks: 798 | Protag R: -5328.00 | Antag R: 5178.00 | Delivery:  37.5% | Budget Used: 1500.00/1500.0
Ep   10 | Phase: PROTAGO | Ticks: 798 | Protag R: -5711.00 | Antag R: 5561.00 | Delivery:  25.0% | Budget Used: 1500.00/1500.0
Ep   11 | Phase: PROTAGO | Ticks: 799 | Protag R: -5621.00 | Antag R: 5471.00 | Delivery:  37.5% | Budget Used: 1500.00/1500.0
Ep   12 | Phase: PROTAGO | Ticks: 798 | Protag R: -6006.00 | Antag R: 5856.00 | Delivery:  12.5% | Budget Used: 1500.00/1500.0
Ep   13 | Phase: PROTAGO | Ticks: 799 | Protag R: -5657.00 | Antag R: 5507.00 | Delivery:  25.0% | Budget Used: 1500.00/1500.0
Ep   14 | Phase: PROTAGO | Ticks: 799 | Protag R: -5566.00 | Antag R: 5416.00 | Delivery:  37.5% | Budget Used: 1500.00/1500.0
Ep   15 | Phase: PROTAGO | Ticks: 799 | Protag R: -5003.00 | Antag R: 4853.00 | Delivery:  50.0% | Budget Used: 1500.00/1500.0
Ep   16 | Phase: PROTAGO | Ticks: 799 | Protag R: -5638.00 | Antag R: 5488.00 | Delivery:  25.0% | Budget Used: 1500.00/1500.0
Ep   17 | Phase: PROTAGO | Ticks: 799 | Protag R: -6044.00 | Antag R: 5894.00 | Delivery:  25.0% | Budget Used: 1500.00/1500.0
Ep   18 | Phase: PROTAGO | Ticks: 798 | Protag R: -5232.00 | Antag R: 5082.00 | Delivery:  37.5% | Budget Used: 1500.00/1500.0
Ep   19 | Phase: PROTAGO | Ticks: 799 | Protag R: -5425.00 | Antag R: 5275.00 | Delivery:  37.5% | Budget Used: 1500.00/1500.0
Ep   20 | Phase: PROTAGO | Ticks: 799 | Protag R: -5679.00 | Antag R: 5529.00 | Delivery:  25.0% | Budget Used: 1500.00/1500.0
Ep   21 | Phase: PROTAGO | Ticks: 799 | Protag R: -5334.00 | Antag R: 5184.00 | Delivery:  50.0% | Budget Used: 1500.00/1500.0
Ep   22 | Phase: PROTAGO | Ticks: 799 | Protag R: -5308.00 | Antag R: 5158.00 | Delivery:  50.0% | Budget Used: 1500.00/1500.0
Ep   23 | Phase: PROTAGO | Ticks: 798 | Protag R: -5336.00 | Antag R: 5186.00 | Delivery:  50.0% | Budget Used: 1500.00/1500.0
Ep   24 | Phase: PROTAGO | Ticks: 799 | Protag R: -5633.00 | Antag R: 5483.00 | Delivery:  25.0% | Budget Used: 1500.00/1500.0
Ep   25 | Phase: PROTAGO | Ticks: 799 | Protag R: -4688.00 | Antag R: 4538.00 | Delivery:  50.0% | Budget Used: 1500.00/1500.0
Saving checkpoints for both agents before phase switch...
Ep   26 | Phase: PROTAGO | Ticks: 799 | Protag R: -5630.00 | Antag R: 5480.00 | Delivery:  37.5% | Budget Used: 1500.00/1500.0
Ep   27 | Phase: PROTAGO | Ticks: 797 | Protag R: -5480.00 | Antag R: 5330.00 | Delivery:  25.0% | Budget Used: 1500.00/1500.0
Ep   28 | Phase: PROTAGO | Ticks: 799 | Protag R: -5611.00 | Antag R: 5461.00 | Delivery:  25.0% | Budget Used: 1500.00/1500.0
Ep   29 | Phase: PROTAGO | Ticks: 799 | Protag R: -5266.00 | Antag R: 5116.00 | Delivery:  50.0% | Budget Used: 1500.00/1500.0
Ep   30 | Phase: PROTAGO | Ticks: 798 | Protag R: -5820.00 | Antag R: 5670.00 | Delivery:  25.0% | Budget Used: 1500.00/1500.0
Ep   31 | Phase: PROTAGO | Ticks: 799 | Protag R: -5538.00 | Antag R: 5388.00 | Delivery:  37.5% | Budget Used: 1500.00/1500.0
Ep   32 | Phase: PROTAGO | Ticks: 799 | Protag R: -5640.00 | Antag R: 5490.00 | Delivery:  37.5% | Budget Used: 1500.00/1500.0
Ep   33 | Phase: PROTAGO | Ticks: 799 | Protag R: -5508.00 | Antag R: 5358.00 | Delivery:  50.0% | Budget Used: 1500.00/1500.0
Ep   34 | Phase: PROTAGO | Ticks: 797 | Protag R: -5593.00 | Antag R: 5443.00 | Delivery:  50.0% | Budget Used: 1500.00/1500.0
Ep   35 | Phase: PROTAGO | Ticks: 798 | Protag R: -5138.00 | Antag R: 4988.00 | Delivery:  37.5% | Budget Used: 1500.00/1500.0
Ep   36 | Phase: PROTAGO | Ticks: 799 | Protag R: -5477.00 | Antag R: 5327.00 | Delivery:  37.5% | Budget Used: 1500.00/1500.0
Ep   37 | Phase: PROTAGO | Ticks: 799 | Protag R: -5587.00 | Antag R: 5437.00 | Delivery:  37.5% | Budget Used: 1500.00/1500.0
Ep   38 | Phase: PROTAGO | Ticks: 799 | Protag R: -5975.00 | Antag R: 5825.00 | Delivery:  12.5% | Budget Used: 1500.00/1500.0
Ep   39 | Phase: PROTAGO | Ticks: 799 | Protag R: -5624.00 | Antag R: 5474.00 | Delivery:  37.5% | Budget Used: 1500.00/1500.0
Ep   40 | Phase: PROTAGO | Ticks: 799 | Protag R: -5458.00 | Antag R: 5308.00 | Delivery:  50.0% | Budget Used: 1500.00/1500.0
Ep   41 | Phase: PROTAGO | Ticks: 799 | Protag R: -5517.00 | Antag R: 5367.00 | Delivery:  37.5% | Budget Used: 1500.00/1500.0
Ep   42 | Phase: PROTAGO | Ticks: 799 | Protag R: -5220.00 | Antag R: 5070.00 | Delivery:  50.0% | Budget Used: 1500.00/1500.0
Ep   43 | Phase: PROTAGO | Ticks: 799 | Protag R: -5706.00 | Antag R: 5556.00 | Delivery:  25.0% | Budget Used: 1500.00/1500.0
Ep   44 | Phase: PROTAGO | Ticks: 798 | Protag R: -5145.00 | Antag R: 4995.00 | Delivery:  50.0% | Budget Used: 1500.00/1500.0
Ep   45 | Phase: PROTAGO | Ticks: 799 | Protag R: -5312.00 | Antag R: 5162.00 | Delivery:  37.5% | Budget Used: 1500.00/1500.0
Ep   46 | Phase: PROTAGO | Ticks: 795 | Protag R: -5450.00 | Antag R: 5300.00 | Delivery:  37.5% | Budget Used: 1500.00/1500.0
Ep   47 | Phase: PROTAGO | Ticks: 799 | Protag R: -5436.00 | Antag R: 5286.00 | Delivery:  37.5% | Budget Used: 1500.00/1500.0
Ep   48 | Phase: PROTAGO | Ticks: 799 | Protag R: -5609.00 | Antag R: 5459.00 | Delivery:  25.0% | Budget Used: 1500.00/1500.0
Ep   49 | Phase: PROTAGO | Ticks: 798 | Protag R: -5782.00 | Antag R: 5632.00 | Delivery:  37.5% | Budget Used: 1500.00/1500.0
Ep   50 | Phase: PROTAGO | Ticks: 799 | Protag R: -5565.00 | Antag R: 5415.00 | Delivery:  37.5% | Budget Used: 1500.00/1500.0
  [EVAL ep 50] greedy_atk=1812 learned_atk=6400 gap=+4588 (neg = learned beats greedy under attack)
Saving checkpoints for both agents before phase switch...
Ep   51 | Phase: PROTAGO | Ticks: 799 | Protag R: -5959.00 | Antag R: 5809.00 | Delivery:  25.0% | Budget Used: 1500.00/1500.0
Ep   52 | Phase: PROTAGO | Ticks: 799 | Protag R: -5792.00 | Antag R: 5642.00 | Delivery:  25.0% | Budget Used: 1500.00/1500.0
Ep   53 | Phase: PROTAGO | Ticks: 799 | Protag R: -5472.00 | Antag R: 5322.00 | Delivery:  37.5% | Budget Used: 1500.00/1500.0
Ep   54 | Phase: PROTAGO | Ticks: 798 | Protag R: -5640.00 | Antag R: 5490.00 | Delivery:  25.0% | Budget Used: 1500.00/1500.0
Ep   55 | Phase: PROTAGO | Ticks: 799 | Protag R: -5823.00 | Antag R: 5673.00 | Delivery:  25.0% | Budget Used: 1500.00/1500.0
Ep   56 | Phase: PROTAGO | Ticks: 799 | Protag R: -5741.00 | Antag R: 5591.00 | Delivery:  25.0% | Budget Used: 1500.00/1500.0
Ep   57 | Phase: PROTAGO | Ticks: 798 | Protag R: -5581.00 | Antag R: 5431.00 | Delivery:  37.5% | Budget Used: 1500.00/1500.0
Ep   58 | Phase: PROTAGO | Ticks: 799 | Protag R: -5830.00 | Antag R: 5680.00 | Delivery:  25.0% | Budget Used: 1500.00/1500.0
Ep   59 | Phase: PROTAGO | Ticks: 798 | Protag R: -5528.00 | Antag R: 5378.00 | Delivery:  37.5% | Budget Used: 1500.00/1500.0
Ep   60 | Phase: PROTAGO | Ticks: 797 | Protag R: -5944.00 | Antag R: 5794.00 | Delivery:  25.0% | Budget Used: 1500.00/1500.0
Ep   61 | Phase: PROTAGO | Ticks: 798 | Protag R: -5859.00 | Antag R: 5709.00 | Delivery:  25.0% | Budget Used: 1500.00/1500.0
Ep   62 | Phase: PROTAGO | Ticks: 798 | Protag R: -5326.00 | Antag R: 5176.00 | Delivery:  37.5% | Budget Used: 1500.00/1500.0
Ep   63 | Phase: PROTAGO | Ticks: 798 | Protag R: -5744.00 | Antag R: 5594.00 | Delivery:  37.5% | Budget Used: 1500.00/1500.0
Ep   64 | Phase: PROTAGO | Ticks: 799 | Protag R: -5844.00 | Antag R: 5694.00 | Delivery:  25.0% | Budget Used: 1500.00/1500.0
Ep   65 | Phase: PROTAGO | Ticks: 794 | Protag R: -5517.00 | Antag R: 5367.00 | Delivery:  37.5% | Budget Used: 1500.00/1500.0
Ep   66 | Phase: PROTAGO | Ticks: 798 | Protag R: -5918.00 | Antag R: 5768.00 | Delivery:  37.5% | Budget Used: 1500.00/1500.0
Ep   67 | Phase: PROTAGO | Ticks: 799 | Protag R: -5682.00 | Antag R: 5532.00 | Delivery:  37.5% | Budget Used: 1500.00/1500.0
Ep   68 | Phase: PROTAGO | Ticks: 799 | Protag R: -4812.00 | Antag R: 4662.00 | Delivery:  50.0% | Budget Used: 1500.00/1500.0
Ep   69 | Phase: PROTAGO | Ticks: 799 | Protag R: -5781.00 | Antag R: 5631.00 | Delivery:  37.5% | Budget Used: 1500.00/1500.0
Ep   70 | Phase: PROTAGO | Ticks: 799 | Protag R: -5859.00 | Antag R: 5709.00 | Delivery:  25.0% | Budget Used: 1500.00/1500.0
Ep   71 | Phase: PROTAGO | Ticks: 797 | Protag R: -6139.00 | Antag R: 5989.00 | Delivery:  25.0% | Budget Used: 1500.00/1500.0
Ep   72 | Phase: PROTAGO | Ticks: 799 | Protag R: -5680.00 | Antag R: 5530.00 | Delivery:  25.0% | Budget Used: 1500.00/1500.0
Ep   73 | Phase: PROTAGO | Ticks: 799 | Protag R: -5375.00 | Antag R: 5225.00 | Delivery:  50.0% | Budget Used: 1500.00/1500.0
Ep   74 | Phase: PROTAGO | Ticks: 799 | Protag R: -5701.00 | Antag R: 5551.00 | Delivery:  25.0% | Budget Used: 1500.00/1500.0
Ep   75 | Phase: PROTAGO | Ticks: 798 | Protag R: -5627.00 | Antag R: 5477.00 | Delivery:  25.0% | Budget Used: 1500.00/1500.0
Saving checkpoints for both agents before phase switch...
Ep   76 | Phase: PROTAGO | Ticks: 799 | Protag R: -5418.00 | Antag R: 5268.00 | Delivery:  50.0% | Budget Used: 1500.00/1500.0
Ep   77 | Phase: PROTAGO | Ticks: 799 | Protag R: -5634.00 | Antag R: 5484.00 | Delivery:  37.5% | Budget Used: 1500.00/1500.0
Ep   78 | Phase: PROTAGO | Ticks: 799 | Protag R: -5556.00 | Antag R: 5406.00 | Delivery:  37.5% | Budget Used: 1500.00/1500.0
Ep   79 | Phase: PROTAGO | Ticks: 799 | Protag R: -5405.00 | Antag R: 5255.00 | Delivery:  37.5% | Budget Used: 1500.00/1500.0
Ep   80 | Phase: PROTAGO | Ticks: 799 | Protag R: -5552.00 | Antag R: 5402.00 | Delivery:  25.0% | Budget Used: 1500.00/1500.0
Ep   81 | Phase: PROTAGO | Ticks: 798 | Protag R: -5730.00 | Antag R: 5580.00 | Delivery:  25.0% | Budget Used: 1500.00/1500.0
Ep   82 | Phase: PROTAGO | Ticks: 798 | Protag R: -5603.00 | Antag R: 5453.00 | Delivery:  25.0% | Budget Used: 1500.00/1500.0
Ep   83 | Phase: PROTAGO | Ticks: 799 | Protag R: -5670.00 | Antag R: 5520.00 | Delivery:  25.0% | Budget Used: 1500.00/1500.0
Ep   84 | Phase: PROTAGO | Ticks: 799 | Protag R: -5386.00 | Antag R: 5236.00 | Delivery:  37.5% | Budget Used: 1500.00/1500.0
Ep   85 | Phase: PROTAGO | Ticks: 798 | Protag R: -5640.00 | Antag R: 5490.00 | Delivery:  25.0% | Budget Used: 1500.00/1500.0
Ep   86 | Phase: PROTAGO | Ticks: 797 | Protag R: -5541.00 | Antag R: 5391.00 | Delivery:  25.0% | Budget Used: 1500.00/1500.0
Ep   87 | Phase: PROTAGO | Ticks: 798 | Protag R: -6005.00 | Antag R: 5855.00 | Delivery:  25.0% | Budget Used: 1500.00/1500.0
Ep   88 | Phase: PROTAGO | Ticks: 799 | Protag R: -5403.00 | Antag R: 5253.00 | Delivery:  37.5% | Budget Used: 1500.00/1500.0
Ep   89 | Phase: PROTAGO | Ticks: 799 | Protag R: -5729.00 | Antag R: 5579.00 | Delivery:  37.5% | Budget Used: 1500.00/1500.0
Ep   90 | Phase: PROTAGO | Ticks: 799 | Protag R: -5733.00 | Antag R: 5583.00 | Delivery:  37.5% | Budget Used: 1500.00/1500.0
Ep   91 | Phase: PROTAGO | Ticks: 797 | Protag R: -5405.00 | Antag R: 5255.00 | Delivery:  37.5% | Budget Used: 1500.00/1500.0
Ep   92 | Phase: PROTAGO | Ticks: 799 | Protag R: -5428.00 | Antag R: 5278.00 | Delivery:  50.0% | Budget Used: 1500.00/1500.0
Ep   93 | Phase: PROTAGO | Ticks: 799 | Protag R: -5794.00 | Antag R: 5644.00 | Delivery:  37.5% | Budget Used: 1500.00/1500.0
Ep   94 | Phase: PROTAGO | Ticks: 797 | Protag R: -5157.00 | Antag R: 5007.00 | Delivery:  37.5% | Budget Used: 1500.00/1500.0
Ep   95 | Phase: PROTAGO | Ticks: 799 | Protag R: -5345.00 | Antag R: 5195.00 | Delivery:  50.0% | Budget Used: 1500.00/1500.0
Ep   96 | Phase: PROTAGO | Ticks: 798 | Protag R: -5670.00 | Antag R: 5520.00 | Delivery:  37.5% | Budget Used: 1500.00/1500.0
Ep   97 | Phase: PROTAGO | Ticks: 799 | Protag R: -5375.00 | Antag R: 5225.00 | Delivery:  37.5% | Budget Used: 1500.00/1500.0
Ep   98 | Phase: PROTAGO | Ticks: 799 | Protag R: -5256.00 | Antag R: 5106.00 | Delivery:  37.5% | Budget Used: 1500.00/1500.0
Ep   99 | Phase: PROTAGO | Ticks: 799 | Protag R: -5852.00 | Antag R: 5702.00 | Delivery:  25.0% | Budget Used: 1500.00/1500.0
Ep  100 | Phase: PROTAGO | Ticks: 797 | Protag R: -5667.00 | Antag R: 5517.00 | Delivery:  37.5% | Budget Used: 1500.00/1500.0
  [EVAL ep 100] greedy_atk=1812 learned_atk=6400 gap=+4588 (neg = learned beats greedy under attack)
Saving checkpoints for both agents before phase switch...
Ep  101 | Phase: PROTAGO | Ticks: 799 | Protag R: -5642.00 | Antag R: 5492.00 | Delivery:  25.0% | Budget Used: 1500.00/1500.0
Ep  102 | Phase: PROTAGO | Ticks: 798 | Protag R: -5451.00 | Antag R: 5301.00 | Delivery:  50.0% | Budget Used: 1500.00/1500.0
Ep  103 | Phase: PROTAGO | Ticks: 797 | Protag R: -5193.00 | Antag R: 5043.00 | Delivery:  37.5% | Budget Used: 1500.00/1500.0
Ep  104 | Phase: PROTAGO | Ticks: 796 | Protag R: -5510.00 | Antag R: 5360.00 | Delivery:  37.5% | Budget Used: 1500.00/1500.0
Ep  105 | Phase: PROTAGO | Ticks: 798 | Protag R: -5635.00 | Antag R: 5485.00 | Delivery:  37.5% | Budget Used: 1500.00/1500.0
Ep  106 | Phase: PROTAGO | Ticks: 799 | Protag R: -5656.00 | Antag R: 5506.00 | Delivery:  25.0% | Budget Used: 1500.00/1500.0
Ep  107 | Phase: PROTAGO | Ticks: 798 | Protag R: -5434.00 | Antag R: 5284.00 | Delivery:  37.5% | Budget Used: 1500.00/1500.0
Ep  108 | Phase: PROTAGO | Ticks: 798 | Protag R: -5075.00 | Antag R: 4925.00 | Delivery:  37.5% | Budget Used: 1500.00/1500.0
Ep  109 | Phase: PROTAGO | Ticks: 799 | Protag R: -5788.00 | Antag R: 5638.00 | Delivery:  25.0% | Budget Used: 1500.00/1500.0
Ep  110 | Phase: PROTAGO | Ticks: 799 | Protag R: -5627.00 | Antag R: 5477.00 | Delivery:  37.5% | Budget Used: 1500.00/1500.0
Ep  111 | Phase: PROTAGO | Ticks: 798 | Protag R: -5673.00 | Antag R: 5523.00 | Delivery:  12.5% | Budget Used: 1500.00/1500.0
Ep  112 | Phase: PROTAGO | Ticks: 799 | Protag R: -5856.00 | Antag R: 5706.00 | Delivery:  25.0% | Budget Used: 1500.00/1500.0
Ep  113 | Phase: PROTAGO | Ticks: 799 | Protag R: -5903.00 | Antag R: 5753.00 | Delivery:  25.0% | Budget Used: 1500.00/1500.0
Ep  114 | Phase: PROTAGO | Ticks: 799 | Protag R: -5625.00 | Antag R: 5475.00 | Delivery:  50.0% | Budget Used: 1500.00/1500.0
Ep  115 | Phase: PROTAGO | Ticks: 798 | Protag R: -5637.00 | Antag R: 5487.00 | Delivery:  25.0% | Budget Used: 1500.00/1500.0
Ep  116 | Phase: PROTAGO | Ticks: 798 | Protag R: -5592.00 | Antag R: 5442.00 | Delivery:  37.5% | Budget Used: 1500.00/1500.0
Ep  117 | Phase: PROTAGO | Ticks: 797 | Protag R: -6000.00 | Antag R: 5850.00 | Delivery:  12.5% | Budget Used: 1500.00/1500.0
Ep  118 | Phase: PROTAGO | Ticks: 798 | Protag R: -5283.00 | Antag R: 5133.00 | Delivery:  37.5% | Budget Used: 1500.00/1500.0
Ep  119 | Phase: PROTAGO | Ticks: 799 | Protag R: -5572.00 | Antag R: 5422.00 | Delivery:  37.5% | Budget Used: 1500.00/1500.0
Ep  120 | Phase: PROTAGO | Ticks: 798 | Protag R: -5558.00 | Antag R: 5408.00 | Delivery:  37.5% | Budget Used: 1500.00/1500.0
Ep  121 | Phase: PROTAGO | Ticks: 799 | Protag R: -5932.00 | Antag R: 5782.00 | Delivery:  25.0% | Budget Used: 1500.00/1500.0
Ep  122 | Phase: PROTAGO | Ticks: 799 | Protag R: -5372.00 | Antag R: 5222.00 | Delivery:  37.5% | Budget Used: 1500.00/1500.0
Ep  123 | Phase: PROTAGO | Ticks: 799 | Protag R: -5700.00 | Antag R: 5550.00 | Delivery:  37.5% | Budget Used: 1500.00/1500.0
Ep  124 | Phase: PROTAGO | Ticks: 799 | Protag R: -5742.00 | Antag R: 5592.00 | Delivery:  37.5% | Budget Used: 1500.00/1500.0
Ep  125 | Phase: PROTAGO | Ticks: 799 | Protag R: -5643.00 | Antag R: 5493.00 | Delivery:  25.0% | Budget Used: 1500.00/1500.0
Saving checkpoints for both agents before phase switch...
Ep  126 | Phase: PROTAGO | Ticks: 799 | Protag R: -5584.00 | Antag R: 5434.00 | Delivery:  37.5% | Budget Used: 1500.00/1500.0
Ep  127 | Phase: PROTAGO | Ticks: 799 | Protag R: -5307.00 | Antag R: 5157.00 | Delivery:  37.5% | Budget Used: 1500.00/1500.0
Ep  128 | Phase: PROTAGO | Ticks: 799 | Protag R: -5569.00 | Antag R: 5419.00 | Delivery:  25.0% | Budget Used: 1500.00/1500.0
Ep  129 | Phase: PROTAGO | Ticks: 798 | Protag R: -6005.00 | Antag R: 5855.00 | Delivery:  12.5% | Budget Used: 1500.00/1500.0
Ep  130 | Phase: PROTAGO | Ticks: 799 | Protag R: -5617.00 | Antag R: 5467.00 | Delivery:  37.5% | Budget Used: 1500.00/1500.0
Ep  131 | Phase: PROTAGO | Ticks: 799 | Protag R: -5463.00 | Antag R: 5313.00 | Delivery:  37.5% | Budget Used: 1500.00/1500.0
Ep  132 | Phase: PROTAGO | Ticks: 799 | Protag R: -5666.00 | Antag R: 5516.00 | Delivery:  25.0% | Budget Used: 1500.00/1500.0
Ep  133 | Phase: PROTAGO | Ticks: 799 | Protag R: -5458.00 | Antag R: 5308.00 | Delivery:  37.5% | Budget Used: 1500.00/1500.0
Ep  134 | Phase: PROTAGO | Ticks: 799 | Protag R: -5118.00 | Antag R: 4968.00 | Delivery:  50.0% | Budget Used: 1500.00/1500.0
Ep  135 | Phase: PROTAGO | Ticks: 799 | Protag R: -6062.00 | Antag R: 5912.00 | Delivery:  12.5% | Budget Used: 1500.00/1500.0
Ep  136 | Phase: PROTAGO | Ticks: 799 | Protag R: -5692.00 | Antag R: 5542.00 | Delivery:  37.5% | Budget Used: 1500.00/1500.0
Ep  137 | Phase: PROTAGO | Ticks: 798 | Protag R: -5701.00 | Antag R: 5551.00 | Delivery:  37.5% | Budget Used: 1500.00/1500.0
Ep  138 | Phase: PROTAGO | Ticks: 799 | Protag R: -5718.00 | Antag R: 5568.00 | Delivery:  25.0% | Budget Used: 1500.00/1500.0
Ep  139 | Phase: PROTAGO | Ticks: 799 | Protag R: -5367.00 | Antag R: 5217.00 | Delivery:  37.5% | Budget Used: 1500.00/1500.0
Ep  140 | Phase: PROTAGO | Ticks: 798 | Protag R: -5361.00 | Antag R: 5211.00 | Delivery:  50.0% | Budget Used: 1500.00/1500.0
Ep  141 | Phase: PROTAGO | Ticks: 799 | Protag R: -5484.00 | Antag R: 5334.00 | Delivery:  50.0% | Budget Used: 1500.00/1500.0
Ep  142 | Phase: PROTAGO | Ticks: 799 | Protag R: -5932.00 | Antag R: 5782.00 | Delivery:  25.0% | Budget Used: 1500.00/1500.0
Ep  143 | Phase: PROTAGO | Ticks: 799 | Protag R: -5547.00 | Antag R: 5397.00 | Delivery:  37.5% | Budget Used: 1500.00/1500.0
Ep  144 | Phase: PROTAGO | Ticks: 799 | Protag R: -5487.00 | Antag R: 5337.00 | Delivery:  37.5% | Budget Used: 1500.00/1500.0
Ep  145 | Phase: PROTAGO | Ticks: 799 | Protag R: -5318.00 | Antag R: 5168.00 | Delivery:  50.0% | Budget Used: 1500.00/1500.0
Ep  146 | Phase: PROTAGO | Ticks: 799 | Protag R: -5911.00 | Antag R: 5761.00 | Delivery:  25.0% | Budget Used: 1500.00/1500.0
Ep  147 | Phase: PROTAGO | Ticks: 799 | Protag R: -6029.00 | Antag R: 5879.00 | Delivery:  12.5% | Budget Used: 1500.00/1500.0
Ep  148 | Phase: PROTAGO | Ticks: 799 | Protag R: -5572.00 | Antag R: 5422.00 | Delivery:  37.5% | Budget Used: 1500.00/1500.0
Ep  149 | Phase: PROTAGO | Ticks: 799 | Protag R: -5712.00 | Antag R: 5562.00 | Delivery:  25.0% | Budget Used: 1500.00/1500.0
Ep  150 | Phase: PROTAGO | Ticks: 799 | Protag R: -5975.00 | Antag R: 5825.00 | Delivery:  25.0% | Budget Used: 1500.00/1500.0
  [EVAL ep 150] greedy_atk=1812 learned_atk=6400 gap=+4588 (neg = learned beats greedy under attack)
Saving checkpoints for both agents before phase switch...
Ep  151 | Phase: PROTAGO | Ticks: 799 | Protag R: -5640.00 | Antag R: 5490.00 | Delivery:  37.5% | Budget Used: 1500.00/1500.0
Ep  152 | Phase: PROTAGO | Ticks: 797 | Protag R: -5457.00 | Antag R: 5307.00 | Delivery:  37.5% | Budget Used: 1500.00/1500.0
Ep  153 | Phase: PROTAGO | Ticks: 798 | Protag R: -5425.00 | Antag R: 5275.00 | Delivery:  25.0% | Budget Used: 1500.00/1500.0
Ep  154 | Phase: PROTAGO | Ticks: 799 | Protag R: -5219.00 | Antag R: 5069.00 | Delivery:  37.5% | Budget Used: 1500.00/1500.0
Ep  155 | Phase: PROTAGO | Ticks: 798 | Protag R: -5302.00 | Antag R: 5152.00 | Delivery:  62.5% | Budget Used: 1500.00/1500.0
Ep  156 | Phase: PROTAGO | Ticks: 797 | Protag R: -5439.00 | Antag R: 5289.00 | Delivery:  37.5% | Budget Used: 1500.00/1500.0
Ep  157 | Phase: PROTAGO | Ticks: 799 | Protag R: -5455.00 | Antag R: 5305.00 | Delivery:  50.0% | Budget Used: 1500.00/1500.0
Ep  158 | Phase: PROTAGO | Ticks: 799 | Protag R: -5406.00 | Antag R: 5256.00 | Delivery:  50.0% | Budget Used: 1500.00/1500.0
Ep  159 | Phase: PROTAGO | Ticks: 799 | Protag R: -4817.00 | Antag R: 4667.00 | Delivery:  50.0% | Budget Used: 1500.00/1500.0
Ep  160 | Phase: PROTAGO | Ticks: 797 | Protag R: -5551.00 | Antag R: 5401.00 | Delivery:  37.5% | Budget Used: 1500.00/1500.0
Ep  161 | Phase: PROTAGO | Ticks: 798 | Protag R: -5984.00 | Antag R: 5834.00 | Delivery:  25.0% | Budget Used: 1500.00/1500.0
Ep  162 | Phase: PROTAGO | Ticks: 798 | Protag R: -5382.00 | Antag R: 5232.00 | Delivery:  25.0% | Budget Used: 1500.00/1500.0
Ep  163 | Phase: PROTAGO | Ticks: 797 | Protag R: -5333.00 | Antag R: 5183.00 | Delivery:  37.5% | Budget Used: 1500.00/1500.0
Ep  164 | Phase: PROTAGO | Ticks: 799 | Protag R: -5553.00 | Antag R: 5403.00 | Delivery:  37.5% | Budget Used: 1500.00/1500.0
Ep  165 | Phase: PROTAGO | Ticks: 798 | Protag R: -5733.00 | Antag R: 5583.00 | Delivery:  25.0% | Budget Used: 1500.00/1500.0
Ep  166 | Phase: PROTAGO | Ticks: 799 | Protag R: -5407.00 | Antag R: 5257.00 | Delivery:  37.5% | Budget Used: 1500.00/1500.0
Ep  167 | Phase: PROTAGO | Ticks: 799 | Protag R: -5639.00 | Antag R: 5489.00 | Delivery:  37.5% | Budget Used: 1500.00/1500.0
Ep  168 | Phase: PROTAGO | Ticks: 799 | Protag R: -5621.00 | Antag R: 5471.00 | Delivery:  25.0% | Budget Used: 1500.00/1500.0
Ep  169 | Phase: PROTAGO | Ticks: 798 | Protag R: -5533.00 | Antag R: 5383.00 | Delivery:  37.5% | Budget Used: 1500.00/1500.0
Ep  170 | Phase: PROTAGO | Ticks: 798 | Protag R: -5099.00 | Antag R: 4949.00 | Delivery:  50.0% | Budget Used: 1500.00/1500.0
Ep  171 | Phase: PROTAGO | Ticks: 799 | Protag R: -5695.00 | Antag R: 5545.00 | Delivery:  25.0% | Budget Used: 1500.00/1500.0
Ep  172 | Phase: PROTAGO | Ticks: 799 | Protag R: -5716.00 | Antag R: 5566.00 | Delivery:  50.0% | Budget Used: 1500.00/1500.0
Ep  173 | Phase: PROTAGO | Ticks: 799 | Protag R: -5467.00 | Antag R: 5317.00 | Delivery:  37.5% | Budget Used: 1500.00/1500.0
Ep  174 | Phase: PROTAGO | Ticks: 798 | Protag R: -5309.00 | Antag R: 5159.00 | Delivery:  50.0% | Budget Used: 1500.00/1500.0
Ep  175 | Phase: PROTAGO | Ticks: 798 | Protag R: -5049.00 | Antag R: 4899.00 | Delivery:  37.5% | Budget Used: 1500.00/1500.0
Saving checkpoints for both agents before phase switch...
Ep  176 | Phase: PROTAGO | Ticks: 799 | Protag R: -5904.00 | Antag R: 5754.00 | Delivery:  25.0% | Budget Used: 1500.00/1500.0
Ep  177 | Phase: PROTAGO | Ticks: 798 | Protag R: -5779.00 | Antag R: 5629.00 | Delivery:  37.5% | Budget Used: 1500.00/1500.0
Ep  178 | Phase: PROTAGO | Ticks: 796 | Protag R: -5302.00 | Antag R: 5152.00 | Delivery:  37.5% | Budget Used: 1500.00/1500.0
Ep  179 | Phase: PROTAGO | Ticks: 798 | Protag R: -5264.00 | Antag R: 5114.00 | Delivery:  50.0% | Budget Used: 1500.00/1500.0
Ep  180 | Phase: PROTAGO | Ticks: 799 | Protag R: -5635.00 | Antag R: 5485.00 | Delivery:  37.5% | Budget Used: 1500.00/1500.0
Ep  181 | Phase: PROTAGO | Ticks: 799 | Protag R: -5235.00 | Antag R: 5085.00 | Delivery:  50.0% | Budget Used: 1500.00/1500.0
Ep  182 | Phase: PROTAGO | Ticks: 799 | Protag R: -5142.00 | Antag R: 4992.00 | Delivery:  50.0% | Budget Used: 1500.00/1500.0
Ep  183 | Phase: PROTAGO | Ticks: 799 | Protag R: -5388.00 | Antag R: 5238.00 | Delivery:  50.0% | Budget Used: 1500.00/1500.0
Ep  184 | Phase: PROTAGO | Ticks: 799 | Protag R: -5146.00 | Antag R: 4996.00 | Delivery:  50.0% | Budget Used: 1500.00/1500.0
Ep  185 | Phase: PROTAGO | Ticks: 799 | Protag R: -6307.00 | Antag R: 6157.00 | Delivery:  12.5% | Budget Used: 1500.00/1500.0
Ep  186 | Phase: PROTAGO | Ticks: 799 | Protag R: -5652.00 | Antag R: 5502.00 | Delivery:  25.0% | Budget Used: 1500.00/1500.0
Ep  187 | Phase: PROTAGO | Ticks: 798 | Protag R: -5800.00 | Antag R: 5650.00 | Delivery:  25.0% | Budget Used: 1500.00/1500.0
Ep  188 | Phase: PROTAGO | Ticks: 798 | Protag R: -5620.00 | Antag R: 5470.00 | Delivery:  37.5% | Budget Used: 1500.00/1500.0
Ep  189 | Phase: PROTAGO | Ticks: 799 | Protag R: -5652.00 | Antag R: 5502.00 | Delivery:  37.5% | Budget Used: 1500.00/1500.0
Ep  190 | Phase: PROTAGO | Ticks: 799 | Protag R: -6041.00 | Antag R: 5891.00 | Delivery:  25.0% | Budget Used: 1500.00/1500.0
Ep  191 | Phase: PROTAGO | Ticks: 799 | Protag R: -5535.00 | Antag R: 5385.00 | Delivery:  25.0% | Budget Used: 1500.00/1500.0
Ep  192 | Phase: PROTAGO | Ticks: 799 | Protag R: -5617.00 | Antag R: 5467.00 | Delivery:  37.5% | Budget Used: 1500.00/1500.0
Ep  193 | Phase: PROTAGO | Ticks: 799 | Protag R: -5216.00 | Antag R: 5066.00 | Delivery:  62.5% | Budget Used: 1500.00/1500.0
Ep  194 | Phase: PROTAGO | Ticks: 798 | Protag R: -4470.00 | Antag R: 4320.00 | Delivery:  50.0% | Budget Used: 1500.00/1500.0
Ep  195 | Phase: PROTAGO | Ticks: 799 | Protag R: -6093.00 | Antag R: 5943.00 | Delivery:  12.5% | Budget Used: 1500.00/1500.0
Ep  196 | Phase: PROTAGO | Ticks: 799 | Protag R: -5454.00 | Antag R: 5304.00 | Delivery:  50.0% | Budget Used: 1500.00/1500.0
Ep  197 | Phase: PROTAGO | Ticks: 798 | Protag R: -5416.00 | Antag R: 5266.00 | Delivery:  50.0% | Budget Used: 1500.00/1500.0
Ep  198 | Phase: PROTAGO | Ticks: 799 | Protag R: -5574.00 | Antag R: 5424.00 | Delivery:  37.5% | Budget Used: 1500.00/1500.0
Ep  199 | Phase: PROTAGO | Ticks: 799 | Protag R: -5496.00 | Antag R: 5346.00 | Delivery:  37.5% | Budget Used: 1500.00/1500.0
Ep  200 | Phase: PROTAGO | Ticks: 798 | Protag R: -5300.00 | Antag R: 5150.00 | Delivery:  37.5% | Budget Used: 1500.00/1500.0
  [EVAL ep 200] greedy_atk=1812 learned_atk=6400 gap=+4588 (neg = learned beats greedy under attack)
Saving checkpoints for both agents before phase switch...
Ep  201 | Phase: PROTAGO | Ticks: 798 | Protag R: -5489.00 | Antag R: 5339.00 | Delivery:  50.0% | Budget Used: 1500.00/1500.0
Ep  202 | Phase: PROTAGO | Ticks: 798 | Protag R: -5606.00 | Antag R: 5456.00 | Delivery:  25.0% | Budget Used: 1500.00/1500.0
Ep  203 | Phase: PROTAGO | Ticks: 799 | Protag R: -5508.00 | Antag R: 5358.00 | Delivery:  37.5% | Budget Used: 1500.00/1500.0
Ep  204 | Phase: PROTAGO | Ticks: 799 | Protag R: -5814.00 | Antag R: 5664.00 | Delivery:  37.5% | Budget Used: 1500.00/1500.0
Ep  205 | Phase: PROTAGO | Ticks: 799 | Protag R: -5293.00 | Antag R: 5143.00 | Delivery:  50.0% | Budget Used: 1500.00/1500.0
Ep  206 | Phase: PROTAGO | Ticks: 799 | Protag R: -6016.00 | Antag R: 5866.00 | Delivery:  25.0% | Budget Used: 1500.00/1500.0
Ep  207 | Phase: PROTAGO | Ticks: 799 | Protag R: -5253.00 | Antag R: 5103.00 | Delivery:  50.0% | Budget Used: 1500.00/1500.0
Ep  208 | Phase: PROTAGO | Ticks: 799 | Protag R: -5894.00 | Antag R: 5744.00 | Delivery:  25.0% | Budget Used: 1500.00/1500.0
Ep  209 | Phase: PROTAGO | Ticks: 798 | Protag R: -5302.00 | Antag R: 5152.00 | Delivery:  50.0% | Budget Used: 1500.00/1500.0
Ep  210 | Phase: PROTAGO | Ticks: 799 | Protag R: -5535.00 | Antag R: 5385.00 | Delivery:  37.5% | Budget Used: 1500.00/1500.0
Ep  211 | Phase: PROTAGO | Ticks: 798 | Protag R: -5946.00 | Antag R: 5796.00 | Delivery:  25.0% | Budget Used: 1500.00/1500.0
Ep  212 | Phase: PROTAGO | Ticks: 798 | Protag R: -5738.00 | Antag R: 5588.00 | Delivery:  25.0% | Budget Used: 1500.00/1500.0
Ep  213 | Phase: PROTAGO | Ticks: 799 | Protag R: -5532.00 | Antag R: 5382.00 | Delivery:  37.5% | Budget Used: 1500.00/1500.0
Ep  214 | Phase: PROTAGO | Ticks: 798 | Protag R: -6180.00 | Antag R: 6030.00 | Delivery:  12.5% | Budget Used: 1500.00/1500.0
Ep  215 | Phase: PROTAGO | Ticks: 799 | Protag R: -5422.00 | Antag R: 5272.00 | Delivery:  37.5% | Budget Used: 1500.00/1500.0
Ep  216 | Phase: PROTAGO | Ticks: 798 | Protag R: -5486.00 | Antag R: 5336.00 | Delivery:  25.0% | Budget Used: 1500.00/1500.0
Ep  217 | Phase: PROTAGO | Ticks: 798 | Protag R: -6139.00 | Antag R: 5989.00 | Delivery:  25.0% | Budget Used: 1500.00/1500.0
Ep  218 | Phase: PROTAGO | Ticks: 799 | Protag R: -5736.00 | Antag R: 5586.00 | Delivery:  37.5% | Budget Used: 1500.00/1500.0
Ep  219 | Phase: PROTAGO | Ticks: 799 | Protag R: -5447.00 | Antag R: 5297.00 | Delivery:  37.5% | Budget Used: 1500.00/1500.0
Ep  220 | Phase: PROTAGO | Ticks: 799 | Protag R: -5596.00 | Antag R: 5446.00 | Delivery:  37.5% | Budget Used: 1500.00/1500.0
Ep  221 | Phase: PROTAGO | Ticks: 799 | Protag R: -5783.00 | Antag R: 5633.00 | Delivery:  37.5% | Budget Used: 1500.00/1500.0
Ep  222 | Phase: PROTAGO | Ticks: 799 | Protag R: -5883.00 | Antag R: 5733.00 | Delivery:  25.0% | Budget Used: 1500.00/1500.0
Ep  223 | Phase: PROTAGO | Ticks: 799 | Protag R: -5599.00 | Antag R: 5449.00 | Delivery:  25.0% | Budget Used: 1500.00/1500.0
Ep  224 | Phase: PROTAGO | Ticks: 799 | Protag R: -5712.00 | Antag R: 5562.00 | Delivery:  37.5% | Budget Used: 1500.00/1500.0
Ep  225 | Phase: PROTAGO | Ticks: 799 | Protag R: -5677.00 | Antag R: 5527.00 | Delivery:  25.0% | Budget Used: 1500.00/1500.0
Saving checkpoints for both agents before phase switch...
Ep  226 | Phase: PROTAGO | Ticks: 799 | Protag R: -5426.00 | Antag R: 5276.00 | Delivery:  37.5% | Budget Used: 1500.00/1500.0
Ep  227 | Phase: PROTAGO | Ticks: 798 | Protag R: -5369.00 | Antag R: 5219.00 | Delivery:  37.5% | Budget Used: 1500.00/1500.0
Ep  228 | Phase: PROTAGO | Ticks: 799 | Protag R: -5360.00 | Antag R: 5210.00 | Delivery:  25.0% | Budget Used: 1500.00/1500.0
Ep  229 | Phase: PROTAGO | Ticks: 799 | Protag R: -5541.00 | Antag R: 5391.00 | Delivery:  50.0% | Budget Used: 1500.00/1500.0
Ep  230 | Phase: PROTAGO | Ticks: 796 | Protag R: -5571.00 | Antag R: 5421.00 | Delivery:  37.5% | Budget Used: 1500.00/1500.0
Ep  231 | Phase: PROTAGO | Ticks: 799 | Protag R: -5317.00 | Antag R: 5167.00 | Delivery:  37.5% | Budget Used: 1500.00/1500.0
Ep  232 | Phase: PROTAGO | Ticks: 799 | Protag R: -5390.00 | Antag R: 5240.00 | Delivery:  50.0% | Budget Used: 1500.00/1500.0
Ep  233 | Phase: PROTAGO | Ticks: 798 | Protag R: -5974.00 | Antag R: 5824.00 | Delivery:  25.0% | Budget Used: 1500.00/1500.0
Ep  234 | Phase: PROTAGO | Ticks: 796 | Protag R: -5136.00 | Antag R: 4986.00 | Delivery:  37.5% | Budget Used: 1500.00/1500.0
Ep  235 | Phase: PROTAGO | Ticks: 799 | Protag R: -5624.00 | Antag R: 5474.00 | Delivery:  37.5% | Budget Used: 1500.00/1500.0
Ep  236 | Phase: PROTAGO | Ticks: 799 | Protag R: -5565.00 | Antag R: 5415.00 | Delivery:  37.5% | Budget Used: 1500.00/1500.0
Ep  237 | Phase: PROTAGO | Ticks: 799 | Protag R: -5618.00 | Antag R: 5468.00 | Delivery:  37.5% | Budget Used: 1500.00/1500.0
Ep  238 | Phase: PROTAGO | Ticks: 799 | Protag R: -5812.00 | Antag R: 5662.00 | Delivery:  25.0% | Budget Used: 1500.00/1500.0
Ep  239 | Phase: PROTAGO | Ticks: 797 | Protag R: -6266.00 | Antag R: 6116.00 | Delivery:  12.5% | Budget Used: 1500.00/1500.0
Ep  240 | Phase: PROTAGO | Ticks: 799 | Protag R: -5192.00 | Antag R: 5042.00 | Delivery:  50.0% | Budget Used: 1500.00/1500.0
Ep  241 | Phase: PROTAGO | Ticks: 799 | Protag R: -5565.00 | Antag R: 5415.00 | Delivery:  37.5% | Budget Used: 1500.00/1500.0
Ep  242 | Phase: PROTAGO | Ticks: 798 | Protag R: -5407.00 | Antag R: 5257.00 | Delivery:  37.5% | Budget Used: 1500.00/1500.0
Ep  243 | Phase: PROTAGO | Ticks: 799 | Protag R: -5799.00 | Antag R: 5649.00 | Delivery:  25.0% | Budget Used: 1500.00/1500.0
Ep  244 | Phase: PROTAGO | Ticks: 799 | Protag R: -5677.00 | Antag R: 5527.00 | Delivery:  37.5% | Budget Used: 1500.00/1500.0
Ep  245 | Phase: PROTAGO | Ticks: 798 | Protag R: -6130.00 | Antag R: 5980.00 | Delivery:  25.0% | Budget Used: 1500.00/1500.0
Ep  246 | Phase: PROTAGO | Ticks: 799 | Protag R: -5433.00 | Antag R: 5283.00 | Delivery:  37.5% | Budget Used: 1500.00/1500.0
Ep  247 | Phase: PROTAGO | Ticks: 799 | Protag R: -5464.00 | Antag R: 5314.00 | Delivery:  37.5% | Budget Used: 1500.00/1500.0
Ep  248 | Phase: PROTAGO | Ticks: 798 | Protag R: -5643.00 | Antag R: 5493.00 | Delivery:  25.0% | Budget Used: 1500.00/1500.0
Ep  249 | Phase: PROTAGO | Ticks: 798 | Protag R: -5627.00 | Antag R: 5477.00 | Delivery:  25.0% | Budget Used: 1500.00/1500.0
Ep  250 | Phase: PROTAGO | Ticks: 799 | Protag R: -5850.00 | Antag R: 5700.00 | Delivery:  25.0% | Budget Used: 1500.00/1500.0
  [EVAL ep 250] greedy_atk=1812 learned_atk=6400 gap=+4588 (neg = learned beats greedy under attack)
Saving checkpoints for both agents before phase switch...
Ep  251 | Phase: PROTAGO | Ticks: 798 | Protag R: -5091.00 | Antag R: 4941.00 | Delivery:  50.0% | Budget Used: 1500.00/1500.0
Ep  252 | Phase: PROTAGO | Ticks: 799 | Protag R: -5592.00 | Antag R: 5442.00 | Delivery:  37.5% | Budget Used: 1500.00/1500.0
Ep  253 | Phase: PROTAGO | Ticks: 798 | Protag R: -5419.00 | Antag R: 5269.00 | Delivery:  37.5% | Budget Used: 1500.00/1500.0
Ep  254 | Phase: PROTAGO | Ticks: 799 | Protag R: -5636.00 | Antag R: 5486.00 | Delivery:  25.0% | Budget Used: 1500.00/1500.0
Ep  255 | Phase: PROTAGO | Ticks: 799 | Protag R: -5771.00 | Antag R: 5621.00 | Delivery:  37.5% | Budget Used: 1500.00/1500.0
Ep  256 | Phase: PROTAGO | Ticks: 799 | Protag R: -6153.00 | Antag R: 6003.00 | Delivery:  25.0% | Budget Used: 1500.00/1500.0
Ep  257 | Phase: PROTAGO | Ticks: 799 | Protag R: -5609.00 | Antag R: 5459.00 | Delivery:  37.5% | Budget Used: 1500.00/1500.0
Ep  258 | Phase: PROTAGO | Ticks: 799 | Protag R: -5041.00 | Antag R: 4891.00 | Delivery:  50.0% | Budget Used: 1500.00/1500.0
Ep  259 | Phase: PROTAGO | Ticks: 799 | Protag R: -5596.00 | Antag R: 5446.00 | Delivery:  25.0% | Budget Used: 1500.00/1500.0
Ep  260 | Phase: PROTAGO | Ticks: 799 | Protag R: -5404.00 | Antag R: 5254.00 | Delivery:  37.5% | Budget Used: 1500.00/1500.0
Ep  261 | Phase: PROTAGO | Ticks: 799 | Protag R: -5573.00 | Antag R: 5423.00 | Delivery:  25.0% | Budget Used: 1500.00/1500.0
Ep  262 | Phase: PROTAGO | Ticks: 796 | Protag R: -5733.00 | Antag R: 5583.00 | Delivery:  37.5% | Budget Used: 1500.00/1500.0
Ep  263 | Phase: PROTAGO | Ticks: 799 | Protag R: -5476.00 | Antag R: 5326.00 | Delivery:  37.5% | Budget Used: 1500.00/1500.0
Ep  264 | Phase: PROTAGO | Ticks: 799 | Protag R: -5062.00 | Antag R: 4912.00 | Delivery:  50.0% | Budget Used: 1500.00/1500.0
Ep  265 | Phase: PROTAGO | Ticks: 797 | Protag R: -5911.00 | Antag R: 5761.00 | Delivery:  25.0% | Budget Used: 1500.00/1500.0
Ep  266 | Phase: PROTAGO | Ticks: 798 | Protag R: -5441.00 | Antag R: 5291.00 | Delivery:  37.5% | Budget Used: 1500.00/1500.0
Ep  267 | Phase: PROTAGO | Ticks: 798 | Protag R: -5504.00 | Antag R: 5354.00 | Delivery:  37.5% | Budget Used: 1500.00/1500.0
Ep  268 | Phase: PROTAGO | Ticks: 799 | Protag R: -6003.00 | Antag R: 5853.00 | Delivery:  25.0% | Budget Used: 1500.00/1500.0
Ep  269 | Phase: PROTAGO | Ticks: 798 | Protag R: -5412.00 | Antag R: 5262.00 | Delivery:  37.5% | Budget Used: 1500.00/1500.0
Ep  270 | Phase: PROTAGO | Ticks: 798 | Protag R: -5512.00 | Antag R: 5362.00 | Delivery:  50.0% | Budget Used: 1500.00/1500.0
Ep  271 | Phase: PROTAGO | Ticks: 798 | Protag R: -5641.00 | Antag R: 5491.00 | Delivery:  50.0% | Budget Used: 1500.00/1500.0
Ep  272 | Phase: PROTAGO | Ticks: 797 | Protag R: -5780.00 | Antag R: 5630.00 | Delivery:  37.5% | Budget Used: 1500.00/1500.0
Ep  273 | Phase: PROTAGO | Ticks: 799 | Protag R: -5792.00 | Antag R: 5642.00 | Delivery:  37.5% | Budget Used: 1500.00/1500.0
Ep  274 | Phase: PROTAGO | Ticks: 799 | Protag R: -5562.00 | Antag R: 5412.00 | Delivery:  37.5% | Budget Used: 1500.00/1500.0
Ep  275 | Phase: PROTAGO | Ticks: 798 | Protag R: -5778.00 | Antag R: 5628.00 | Delivery:  25.0% | Budget Used: 1500.00/1500.0
Saving checkpoints for both agents before phase switch...
Ep  276 | Phase: PROTAGO | Ticks: 799 | Protag R: -5246.00 | Antag R: 5096.00 | Delivery:  37.5% | Budget Used: 1500.00/1500.0
Ep  277 | Phase: PROTAGO | Ticks: 798 | Protag R: -5821.00 | Antag R: 5671.00 | Delivery:  25.0% | Budget Used: 1500.00/1500.0
Ep  278 | Phase: PROTAGO | Ticks: 799 | Protag R: -5546.00 | Antag R: 5396.00 | Delivery:  50.0% | Budget Used: 1500.00/1500.0
Ep  279 | Phase: PROTAGO | Ticks: 799 | Protag R: -5207.00 | Antag R: 5057.00 | Delivery:  37.5% | Budget Used: 1500.00/1500.0
Ep  280 | Phase: PROTAGO | Ticks: 798 | Protag R: -5665.00 | Antag R: 5515.00 | Delivery:  25.0% | Budget Used: 1500.00/1500.0
Ep  281 | Phase: PROTAGO | Ticks: 799 | Protag R: -5560.00 | Antag R: 5410.00 | Delivery:  25.0% | Budget Used: 1500.00/1500.0
Ep  282 | Phase: PROTAGO | Ticks: 799 | Protag R: -5578.00 | Antag R: 5428.00 | Delivery:  25.0% | Budget Used: 1500.00/1500.0
Ep  283 | Phase: PROTAGO | Ticks: 798 | Protag R: -5378.00 | Antag R: 5228.00 | Delivery:  62.5% | Budget Used: 1500.00/1500.0
Ep  284 | Phase: PROTAGO | Ticks: 798 | Protag R: -5160.00 | Antag R: 5010.00 | Delivery:  37.5% | Budget Used: 1500.00/1500.0
Ep  285 | Phase: PROTAGO | Ticks: 799 | Protag R: -5694.00 | Antag R: 5544.00 | Delivery:  25.0% | Budget Used: 1500.00/1500.0
Ep  286 | Phase: PROTAGO | Ticks: 799 | Protag R: -5334.00 | Antag R: 5184.00 | Delivery:  50.0% | Budget Used: 1500.00/1500.0
Ep  287 | Phase: PROTAGO | Ticks: 799 | Protag R: -5512.00 | Antag R: 5362.00 | Delivery:  25.0% | Budget Used: 1500.00/1500.0
Ep  288 | Phase: PROTAGO | Ticks: 798 | Protag R: -5811.00 | Antag R: 5661.00 | Delivery:  37.5% | Budget Used: 1500.00/1500.0
Ep  289 | Phase: PROTAGO | Ticks: 798 | Protag R: -5521.00 | Antag R: 5371.00 | Delivery:  37.5% | Budget Used: 1500.00/1500.0
Ep  290 | Phase: PROTAGO | Ticks: 799 | Protag R: -5556.00 | Antag R: 5406.00 | Delivery:  37.5% | Budget Used: 1500.00/1500.0
Ep  291 | Phase: PROTAGO | Ticks: 799 | Protag R: -5793.00 | Antag R: 5643.00 | Delivery:  25.0% | Budget Used: 1500.00/1500.0
Ep  292 | Phase: PROTAGO | Ticks: 798 | Protag R: -5509.00 | Antag R: 5359.00 | Delivery:  37.5% | Budget Used: 1500.00/1500.0
Ep  293 | Phase: PROTAGO | Ticks: 797 | Protag R: -5438.00 | Antag R: 5288.00 | Delivery:  50.0% | Budget Used: 1500.00/1500.0
Ep  294 | Phase: PROTAGO | Ticks: 799 | Protag R: -5771.00 | Antag R: 5621.00 | Delivery:  37.5% | Budget Used: 1500.00/1500.0
Ep  295 | Phase: PROTAGO | Ticks: 799 | Protag R: -5951.00 | Antag R: 5801.00 | Delivery:  25.0% | Budget Used: 1500.00/1500.0
Ep  296 | Phase: PROTAGO | Ticks: 798 | Protag R: -5555.00 | Antag R: 5405.00 | Delivery:  50.0% | Budget Used: 1500.00/1500.0
Ep  297 | Phase: PROTAGO | Ticks: 799 | Protag R: -5156.00 | Antag R: 5006.00 | Delivery:  50.0% | Budget Used: 1500.00/1500.0
Ep  298 | Phase: PROTAGO | Ticks: 799 | Protag R: -5578.00 | Antag R: 5428.00 | Delivery:  25.0% | Budget Used: 1500.00/1500.0
Ep  299 | Phase: PROTAGO | Ticks: 798 | Protag R: -5905.00 | Antag R: 5755.00 | Delivery:  25.0% | Budget Used: 1500.00/1500.0
Ep  300 | Phase: PROTAGO | Ticks: 799 | Protag R: -5679.00 | Antag R: 5529.00 | Delivery:  25.0% | Budget Used: 1500.00/1500.0
  [EVAL ep 300] greedy_atk=1812 learned_atk=6400 gap=+4588 (neg = learned beats greedy under attack)
Saving checkpoints for both agents before phase switch...
Ep  301 | Phase: PROTAGO | Ticks: 799 | Protag R: -5577.00 | Antag R: 5427.00 | Delivery:  37.5% | Budget Used: 1500.00/1500.0
Ep  302 | Phase: PROTAGO | Ticks: 799 | Protag R: -4900.00 | Antag R: 4750.00 | Delivery:  37.5% | Budget Used: 1500.00/1500.0
Ep  303 | Phase: PROTAGO | Ticks: 799 | Protag R: -5654.00 | Antag R: 5504.00 | Delivery:  50.0% | Budget Used: 1500.00/1500.0
Ep  304 | Phase: PROTAGO | Ticks: 797 | Protag R: -5986.00 | Antag R: 5836.00 | Delivery:  25.0% | Budget Used: 1500.00/1500.0
Ep  305 | Phase: PROTAGO | Ticks: 799 | Protag R: -5805.00 | Antag R: 5655.00 | Delivery:  25.0% | Budget Used: 1500.00/1500.0
Ep  306 | Phase: PROTAGO | Ticks: 798 | Protag R: -5360.00 | Antag R: 5210.00 | Delivery:  25.0% | Budget Used: 1500.00/1500.0
Ep  307 | Phase: PROTAGO | Ticks: 799 | Protag R: -6005.00 | Antag R: 5855.00 | Delivery:  25.0% | Budget Used: 1500.00/1500.0
Ep  308 | Phase: PROTAGO | Ticks: 799 | Protag R: -6074.00 | Antag R: 5924.00 | Delivery:  25.0% | Budget Used: 1500.00/1500.0
Ep  309 | Phase: PROTAGO | Ticks: 798 | Protag R: -5565.00 | Antag R: 5415.00 | Delivery:  37.5% | Budget Used: 1500.00/1500.0
Ep  310 | Phase: PROTAGO | Ticks: 797 | Protag R: -6087.00 | Antag R: 5937.00 | Delivery:  12.5% | Budget Used: 1500.00/1500.0
Ep  311 | Phase: PROTAGO | Ticks: 799 | Protag R: -5360.00 | Antag R: 5210.00 | Delivery:  37.5% | Budget Used: 1500.00/1500.0
Ep  312 | Phase: PROTAGO | Ticks: 798 | Protag R: -5192.00 | Antag R: 5042.00 | Delivery:  25.0% | Budget Used: 1500.00/1500.0
Ep  313 | Phase: PROTAGO | Ticks: 798 | Protag R: -5316.00 | Antag R: 5166.00 | Delivery:  37.5% | Budget Used: 1500.00/1500.0
Ep  314 | Phase: PROTAGO | Ticks: 799 | Protag R: -5248.00 | Antag R: 5098.00 | Delivery:  50.0% | Budget Used: 1500.00/1500.0
Ep  315 | Phase: PROTAGO | Ticks: 798 | Protag R: -5457.00 | Antag R: 5307.00 | Delivery:  37.5% | Budget Used: 1500.00/1500.0
Ep  316 | Phase: PROTAGO | Ticks: 799 | Protag R: -5294.00 | Antag R: 5144.00 | Delivery:  37.5% | Budget Used: 1500.00/1500.0
Ep  317 | Phase: PROTAGO | Ticks: 799 | Protag R: -5600.00 | Antag R: 5450.00 | Delivery:  25.0% | Budget Used: 1500.00/1500.0
Ep  318 | Phase: PROTAGO | Ticks: 798 | Protag R: -5404.00 | Antag R: 5254.00 | Delivery:  37.5% | Budget Used: 1500.00/1500.0
Ep  319 | Phase: PROTAGO | Ticks: 799 | Protag R: -5774.00 | Antag R: 5624.00 | Delivery:  25.0% | Budget Used: 1500.00/1500.0
Ep  320 | Phase: PROTAGO | Ticks: 799 | Protag R: -5637.00 | Antag R: 5487.00 | Delivery:  25.0% | Budget Used: 1500.00/1500.0
Ep  321 | Phase: PROTAGO | Ticks: 799 | Protag R: -5708.00 | Antag R: 5558.00 | Delivery:  37.5% | Budget Used: 1500.00/1500.0
Ep  322 | Phase: PROTAGO | Ticks: 797 | Protag R: -6124.00 | Antag R: 5974.00 | Delivery:  25.0% | Budget Used: 1500.00/1500.0
Ep  323 | Phase: PROTAGO | Ticks: 798 | Protag R: -6161.00 | Antag R: 6011.00 | Delivery:  12.5% | Budget Used: 1500.00/1500.0
Ep  324 | Phase: PROTAGO | Ticks: 799 | Protag R: -5624.00 | Antag R: 5474.00 | Delivery:  37.5% | Budget Used: 1500.00/1500.0
Ep  325 | Phase: PROTAGO | Ticks: 799 | Protag R: -5727.00 | Antag R: 5577.00 | Delivery:  37.5% | Budget Used: 1500.00/1500.0
Saving checkpoints for both agents before phase switch...
Ep  326 | Phase: PROTAGO | Ticks: 799 | Protag R: -5026.00 | Antag R: 4876.00 | Delivery:  37.5% | Budget Used: 1500.00/1500.0
Ep  327 | Phase: PROTAGO | Ticks: 799 | Protag R: -5653.00 | Antag R: 5503.00 | Delivery:  37.5% | Budget Used: 1500.00/1500.0
Ep  328 | Phase: PROTAGO | Ticks: 799 | Protag R: -5554.00 | Antag R: 5404.00 | Delivery:  50.0% | Budget Used: 1500.00/1500.0
Ep  329 | Phase: PROTAGO | Ticks: 799 | Protag R: -5817.00 | Antag R: 5667.00 | Delivery:  25.0% | Budget Used: 1500.00/1500.0
Ep  330 | Phase: PROTAGO | Ticks: 797 | Protag R: -5811.00 | Antag R: 5661.00 | Delivery:  25.0% | Budget Used: 1500.00/1500.0
Ep  331 | Phase: PROTAGO | Ticks: 798 | Protag R: -5591.00 | Antag R: 5441.00 | Delivery:  37.5% | Budget Used: 1500.00/1500.0
Ep  332 | Phase: PROTAGO | Ticks: 799 | Protag R: -5687.00 | Antag R: 5537.00 | Delivery:  37.5% | Budget Used: 1500.00/1500.0
Ep  333 | Phase: PROTAGO | Ticks: 799 | Protag R: -5855.00 | Antag R: 5705.00 | Delivery:  37.5% | Budget Used: 1500.00/1500.0
Ep  334 | Phase: PROTAGO | Ticks: 799 | Protag R: -5530.00 | Antag R: 5380.00 | Delivery:  37.5% | Budget Used: 1500.00/1500.0
Ep  335 | Phase: PROTAGO | Ticks: 798 | Protag R: -5483.00 | Antag R: 5333.00 | Delivery:  37.5% | Budget Used: 1500.00/1500.0
Ep  336 | Phase: PROTAGO | Ticks: 798 | Protag R: -6000.00 | Antag R: 5850.00 | Delivery:  12.5% | Budget Used: 1500.00/1500.0
Ep  337 | Phase: PROTAGO | Ticks: 799 | Protag R: -5120.00 | Antag R: 4970.00 | Delivery:  37.5% | Budget Used: 1500.00/1500.0
Ep  338 | Phase: PROTAGO | Ticks: 799 | Protag R: -5247.00 | Antag R: 5097.00 | Delivery:  50.0% | Budget Used: 1500.00/1500.0
Ep  339 | Phase: PROTAGO | Ticks: 798 | Protag R: -5403.00 | Antag R: 5253.00 | Delivery:  37.5% | Budget Used: 1500.00/1500.0
Ep  340 | Phase: PROTAGO | Ticks: 799 | Protag R: -5646.00 | Antag R: 5496.00 | Delivery:  25.0% | Budget Used: 1500.00/1500.0
Ep  341 | Phase: PROTAGO | Ticks: 798 | Protag R: -5422.00 | Antag R: 5272.00 | Delivery:  37.5% | Budget Used: 1500.00/1500.0
Ep  342 | Phase: PROTAGO | Ticks: 797 | Protag R: -5933.00 | Antag R: 5783.00 | Delivery:  25.0% | Budget Used: 1500.00/1500.0
Ep  343 | Phase: PROTAGO | Ticks: 797 | Protag R: -6197.00 | Antag R: 6047.00 | Delivery:  25.0% | Budget Used: 1500.00/1500.0
Ep  344 | Phase: PROTAGO | Ticks: 796 | Protag R: -5225.00 | Antag R: 5075.00 | Delivery:  37.5% | Budget Used: 1500.00/1500.0
Ep  345 | Phase: PROTAGO | Ticks: 798 | Protag R: -5700.00 | Antag R: 5550.00 | Delivery:  25.0% | Budget Used: 1500.00/1500.0
Ep  346 | Phase: PROTAGO | Ticks: 799 | Protag R: -5753.00 | Antag R: 5603.00 | Delivery:  25.0% | Budget Used: 1500.00/1500.0
Ep  347 | Phase: PROTAGO | Ticks: 798 | Protag R: -5434.00 | Antag R: 5284.00 | Delivery:  37.5% | Budget Used: 1500.00/1500.0
Ep  348 | Phase: PROTAGO | Ticks: 799 | Protag R: -5755.00 | Antag R: 5605.00 | Delivery:  25.0% | Budget Used: 1500.00/1500.0
Ep  349 | Phase: PROTAGO | Ticks: 799 | Protag R: -5558.00 | Antag R: 5408.00 | Delivery:  25.0% | Budget Used: 1500.00/1500.0
Ep  350 | Phase: PROTAGO | Ticks: 798 | Protag R: -5401.00 | Antag R: 5251.00 | Delivery:  37.5% | Budget Used: 1500.00/1500.0
  [EVAL ep 350] greedy_atk=1812 learned_atk=6400 gap=+4588 (neg = learned beats greedy under attack)
Saving checkpoints for both agents before phase switch...
Ep  351 | Phase: PROTAGO | Ticks: 799 | Protag R: -5473.00 | Antag R: 5323.00 | Delivery:  37.5% | Budget Used: 1500.00/1500.0
Ep  352 | Phase: PROTAGO | Ticks: 797 | Protag R: -5992.00 | Antag R: 5842.00 | Delivery:  25.0% | Budget Used: 1500.00/1500.0
Ep  353 | Phase: PROTAGO | Ticks: 799 | Protag R: -5348.00 | Antag R: 5198.00 | Delivery:  50.0% | Budget Used: 1500.00/1500.0
Ep  354 | Phase: PROTAGO | Ticks: 799 | Protag R: -5220.00 | Antag R: 5070.00 | Delivery:  50.0% | Budget Used: 1500.00/1500.0
Ep  355 | Phase: PROTAGO | Ticks: 799 | Protag R: -5604.00 | Antag R: 5454.00 | Delivery:  37.5% | Budget Used: 1500.00/1500.0
Ep  356 | Phase: PROTAGO | Ticks: 799 | Protag R: -5619.00 | Antag R: 5469.00 | Delivery:  37.5% | Budget Used: 1500.00/1500.0
Ep  357 | Phase: PROTAGO | Ticks: 799 | Protag R: -5573.00 | Antag R: 5423.00 | Delivery:  37.5% | Budget Used: 1500.00/1500.0
Ep  358 | Phase: PROTAGO | Ticks: 799 | Protag R: -6163.00 | Antag R: 6013.00 | Delivery:  12.5% | Budget Used: 1500.00/1500.0
Ep  359 | Phase: PROTAGO | Ticks: 799 | Protag R: -5606.00 | Antag R: 5456.00 | Delivery:  25.0% | Budget Used: 1500.00/1500.0
Ep  360 | Phase: PROTAGO | Ticks: 797 | Protag R: -5485.00 | Antag R: 5335.00 | Delivery:  37.5% | Budget Used: 1500.00/1500.0
Ep  361 | Phase: PROTAGO | Ticks: 799 | Protag R: -5614.00 | Antag R: 5464.00 | Delivery:  25.0% | Budget Used: 1500.00/1500.0
Ep  362 | Phase: PROTAGO | Ticks: 799 | Protag R: -5769.00 | Antag R: 5619.00 | Delivery:  25.0% | Budget Used: 1500.00/1500.0
Ep  363 | Phase: PROTAGO | Ticks: 797 | Protag R: -5789.00 | Antag R: 5639.00 | Delivery:  25.0% | Budget Used: 1500.00/1500.0
Ep  364 | Phase: PROTAGO | Ticks: 799 | Protag R: -5692.00 | Antag R: 5542.00 | Delivery:  50.0% | Budget Used: 1500.00/1500.0
Ep  365 | Phase: PROTAGO | Ticks: 798 | Protag R: -5390.00 | Antag R: 5240.00 | Delivery:  50.0% | Budget Used: 1500.00/1500.0
Ep  366 | Phase: PROTAGO | Ticks: 799 | Protag R: -5722.00 | Antag R: 5572.00 | Delivery:  37.5% | Budget Used: 1500.00/1500.0
Ep  367 | Phase: PROTAGO | Ticks: 799 | Protag R: -5386.00 | Antag R: 5236.00 | Delivery:  37.5% | Budget Used: 1500.00/1500.0
Ep  368 | Phase: PROTAGO | Ticks: 799 | Protag R: -5973.00 | Antag R: 5823.00 | Delivery:  37.5% | Budget Used: 1500.00/1500.0
Ep  369 | Phase: PROTAGO | Ticks: 799 | Protag R: -5574.00 | Antag R: 5424.00 | Delivery:  37.5% | Budget Used: 1500.00/1500.0
Ep  370 | Phase: PROTAGO | Ticks: 798 | Protag R: -5733.00 | Antag R: 5583.00 | Delivery:  25.0% | Budget Used: 1500.00/1500.0
Ep  371 | Phase: PROTAGO | Ticks: 799 | Protag R: -5555.00 | Antag R: 5405.00 | Delivery:  37.5% | Budget Used: 1500.00/1500.0
Ep  372 | Phase: PROTAGO | Ticks: 799 | Protag R: -5427.00 | Antag R: 5277.00 | Delivery:  37.5% | Budget Used: 1500.00/1500.0
Ep  373 | Phase: PROTAGO | Ticks: 799 | Protag R: -5963.00 | Antag R: 5813.00 | Delivery:  25.0% | Budget Used: 1500.00/1500.0
Ep  374 | Phase: PROTAGO | Ticks: 799 | Protag R: -5653.00 | Antag R: 5503.00 | Delivery:  25.0% | Budget Used: 1500.00/1500.0
Ep  375 | Phase: PROTAGO | Ticks: 799 | Protag R: -5675.00 | Antag R: 5525.00 | Delivery:  25.0% | Budget Used: 1500.00/1500.0
Saving checkpoints for both agents before phase switch...
Ep  376 | Phase: PROTAGO | Ticks: 799 | Protag R: -5653.00 | Antag R: 5503.00 | Delivery:  25.0% | Budget Used: 1500.00/1500.0
Ep  377 | Phase: PROTAGO | Ticks: 798 | Protag R: -5927.00 | Antag R: 5777.00 | Delivery:  25.0% | Budget Used: 1500.00/1500.0
Ep  378 | Phase: PROTAGO | Ticks: 799 | Protag R: -5909.00 | Antag R: 5759.00 | Delivery:  25.0% | Budget Used: 1500.00/1500.0
Ep  379 | Phase: PROTAGO | Ticks: 799 | Protag R: -5424.00 | Antag R: 5274.00 | Delivery:  37.5% | Budget Used: 1500.00/1500.0
Ep  380 | Phase: PROTAGO | Ticks: 799 | Protag R: -5371.00 | Antag R: 5221.00 | Delivery:  37.5% | Budget Used: 1500.00/1500.0
Ep  381 | Phase: PROTAGO | Ticks: 798 | Protag R: -5488.00 | Antag R: 5338.00 | Delivery:  25.0% | Budget Used: 1500.00/1500.0
Ep  382 | Phase: PROTAGO | Ticks: 799 | Protag R: -5563.00 | Antag R: 5413.00 | Delivery:  37.5% | Budget Used: 1500.00/1500.0
Ep  383 | Phase: PROTAGO | Ticks: 799 | Protag R: -5437.00 | Antag R: 5287.00 | Delivery:  50.0% | Budget Used: 1500.00/1500.0
Ep  384 | Phase: PROTAGO | Ticks: 799 | Protag R: -4677.00 | Antag R: 4527.00 | Delivery:  50.0% | Budget Used: 1500.00/1500.0
Ep  385 | Phase: PROTAGO | Ticks: 799 | Protag R: -5084.00 | Antag R: 4934.00 | Delivery:  50.0% | Budget Used: 1500.00/1500.0
Ep  386 | Phase: PROTAGO | Ticks: 799 | Protag R: -5194.00 | Antag R: 5044.00 | Delivery:  37.5% | Budget Used: 1500.00/1500.0
Ep  387 | Phase: PROTAGO | Ticks: 799 | Protag R: -5070.00 | Antag R: 4920.00 | Delivery:  37.5% | Budget Used: 1500.00/1500.0
Ep  388 | Phase: PROTAGO | Ticks: 799 | Protag R: -5492.00 | Antag R: 5342.00 | Delivery:  50.0% | Budget Used: 1500.00/1500.0
Ep  389 | Phase: PROTAGO | Ticks: 799 | Protag R: -5315.00 | Antag R: 5165.00 | Delivery:  37.5% | Budget Used: 1500.00/1500.0
Ep  390 | Phase: PROTAGO | Ticks: 797 | Protag R: -6106.00 | Antag R: 5956.00 | Delivery:  25.0% | Budget Used: 1500.00/1500.0
Ep  391 | Phase: PROTAGO | Ticks: 799 | Protag R: -4846.00 | Antag R: 4696.00 | Delivery:  50.0% | Budget Used: 1500.00/1500.0
Ep  392 | Phase: PROTAGO | Ticks: 799 | Protag R: -5573.00 | Antag R: 5423.00 | Delivery:  25.0% | Budget Used: 1500.00/1500.0
Ep  393 | Phase: PROTAGO | Ticks: 799 | Protag R: -5680.00 | Antag R: 5530.00 | Delivery:  25.0% | Budget Used: 1500.00/1500.0
Ep  394 | Phase: PROTAGO | Ticks: 799 | Protag R: -5526.00 | Antag R: 5376.00 | Delivery:  25.0% | Budget Used: 1500.00/1500.0
Ep  395 | Phase: PROTAGO | Ticks: 798 | Protag R: -5839.00 | Antag R: 5689.00 | Delivery:  25.0% | Budget Used: 1500.00/1500.0
Ep  396 | Phase: PROTAGO | Ticks: 799 | Protag R: -5641.00 | Antag R: 5491.00 | Delivery:  25.0% | Budget Used: 1500.00/1500.0
Ep  397 | Phase: PROTAGO | Ticks: 798 | Protag R: -5642.00 | Antag R: 5492.00 | Delivery:  25.0% | Budget Used: 1500.00/1500.0
Ep  398 | Phase: PROTAGO | Ticks: 798 | Protag R: -5819.00 | Antag R: 5669.00 | Delivery:  25.0% | Budget Used: 1500.00/1500.0
Ep  399 | Phase: PROTAGO | Ticks: 798 | Protag R: -5647.00 | Antag R: 5497.00 | Delivery:  25.0% | Budget Used: 1500.00/1500.0
Ep  400 | Phase: PROTAGO | Ticks: 798 | Protag R: -5675.00 | Antag R: 5525.00 | Delivery:  37.5% | Budget Used: 1500.00/1500.0
  [EVAL ep 400] greedy_atk=1812 learned_atk=6400 gap=+4588 (neg = learned beats greedy under attack)
Saved coevolved protagonist actor to models/runs/gen05_hybrid_matrix/hybrid_scripted_seed2/protagonist/actor.pt
Saved coevolved antagonist actor to models/runs/gen05_hybrid_matrix/hybrid_scripted_seed2/antagonist/actor.pt
Saved copy of protagonist actor as latest to models/protagonist/actor.pt
Saved copy of antagonist actor as latest to models/antagonist/actor.pt

SACRED ATLA Training completed successfully! Logs saved to TensorBoard.
