Seeded run: seed=0
Initializing SACRED Stage-2 HYBRID (assignment + next-hop routing, static demand)...
Configuring Protagonist Dispatch Agent...
Configuring Antagonist Congestion Agent...
Initializing ATLA Coevolution Trainer...
Run Name: gen05_hybrid_matrix/hybrid_scripted_seed0
Starting SACRED training (mode=scripted_adversary) for 400 episodes...
Device: Protagonist=cpu, Antagonist=cpu
Initial Phase: Training PROTAGONIST

Ep    1 | Phase: PROTAGO | Ticks: 799 | Protag R: -5675.00 | Antag R: 5525.00 | Delivery:  37.5% | Budget Used: 1500.00/1500.0
Ep    2 | Phase: PROTAGO | Ticks: 797 | Protag R: -5785.00 | Antag R: 5635.00 | Delivery:  25.0% | Budget Used: 1500.00/1500.0
Ep    3 | Phase: PROTAGO | Ticks: 799 | Protag R: -5901.00 | Antag R: 5751.00 | Delivery:  25.0% | Budget Used: 1500.00/1500.0
Ep    4 | Phase: PROTAGO | Ticks: 799 | Protag R: -5683.00 | Antag R: 5533.00 | Delivery:  25.0% | Budget Used: 1500.00/1500.0
Ep    5 | Phase: PROTAGO | Ticks: 799 | Protag R: -5453.00 | Antag R: 5303.00 | Delivery:  50.0% | Budget Used: 1500.00/1500.0
Ep    6 | Phase: PROTAGO | Ticks: 799 | Protag R: -5855.00 | Antag R: 5705.00 | Delivery:  25.0% | Budget Used: 1500.00/1500.0
Ep    7 | Phase: PROTAGO | Ticks: 798 | Protag R: -5462.00 | Antag R: 5312.00 | Delivery:  37.5% | Budget Used: 1500.00/1500.0
Ep    8 | Phase: PROTAGO | Ticks: 799 | Protag R: -5539.00 | Antag R: 5389.00 | Delivery:  25.0% | Budget Used: 1500.00/1500.0
Ep    9 | Phase: PROTAGO | Ticks: 798 | Protag R: -5617.00 | Antag R: 5467.00 | Delivery:  37.5% | Budget Used: 1500.00/1500.0
Ep   10 | Phase: PROTAGO | Ticks: 799 | Protag R: -5618.00 | Antag R: 5468.00 | Delivery:  37.5% | Budget Used: 1500.00/1500.0
Ep   11 | Phase: PROTAGO | Ticks: 798 | Protag R: -5154.00 | Antag R: 5004.00 | Delivery:  37.5% | Budget Used: 1500.00/1500.0
Ep   12 | Phase: PROTAGO | Ticks: 799 | Protag R: -5655.00 | Antag R: 5505.00 | Delivery:  25.0% | Budget Used: 1500.00/1500.0
Ep   13 | Phase: PROTAGO | Ticks: 799 | Protag R: -5695.00 | Antag R: 5545.00 | Delivery:  37.5% | Budget Used: 1500.00/1500.0
Ep   14 | Phase: PROTAGO | Ticks: 799 | Protag R: -5669.00 | Antag R: 5519.00 | Delivery:  37.5% | Budget Used: 1500.00/1500.0
Ep   15 | Phase: PROTAGO | Ticks: 799 | Protag R: -5496.00 | Antag R: 5346.00 | Delivery:  37.5% | Budget Used: 1500.00/1500.0
Ep   16 | Phase: PROTAGO | Ticks: 798 | Protag R: -6113.00 | Antag R: 5963.00 | Delivery:  12.5% | Budget Used: 1500.00/1500.0
Ep   17 | Phase: PROTAGO | Ticks: 798 | Protag R: -5278.00 | Antag R: 5128.00 | Delivery:  37.5% | Budget Used: 1500.00/1500.0
Ep   18 | Phase: PROTAGO | Ticks: 799 | Protag R: -5579.00 | Antag R: 5429.00 | Delivery:  25.0% | Budget Used: 1500.00/1500.0
Ep   19 | Phase: PROTAGO | Ticks: 799 | Protag R: -5739.00 | Antag R: 5589.00 | Delivery:  25.0% | Budget Used: 1500.00/1500.0
Ep   20 | Phase: PROTAGO | Ticks: 799 | Protag R: -5429.00 | Antag R: 5279.00 | Delivery:  25.0% | Budget Used: 1500.00/1500.0
Ep   21 | Phase: PROTAGO | Ticks: 799 | Protag R: -5801.00 | Antag R: 5651.00 | Delivery:  37.5% | Budget Used: 1500.00/1500.0
Ep   22 | Phase: PROTAGO | Ticks: 798 | Protag R: -5190.00 | Antag R: 5040.00 | Delivery:  37.5% | Budget Used: 1500.00/1500.0
Ep   23 | Phase: PROTAGO | Ticks: 799 | Protag R: -5665.00 | Antag R: 5515.00 | Delivery:  37.5% | Budget Used: 1500.00/1500.0
Ep   24 | Phase: PROTAGO | Ticks: 797 | Protag R: -5449.00 | Antag R: 5299.00 | Delivery:  37.5% | Budget Used: 1500.00/1500.0
Ep   25 | Phase: PROTAGO | Ticks: 797 | Protag R: -5797.00 | Antag R: 5647.00 | Delivery:  25.0% | Budget Used: 1500.00/1500.0
Saving checkpoints for both agents before phase switch...
Ep   26 | Phase: PROTAGO | Ticks: 798 | Protag R: -5706.00 | Antag R: 5556.00 | Delivery:  37.5% | Budget Used: 1500.00/1500.0
Ep   27 | Phase: PROTAGO | Ticks: 799 | Protag R: -5645.00 | Antag R: 5495.00 | Delivery:  37.5% | Budget Used: 1500.00/1500.0
Ep   28 | Phase: PROTAGO | Ticks: 799 | Protag R: -5410.00 | Antag R: 5260.00 | Delivery:  37.5% | Budget Used: 1500.00/1500.0
Ep   29 | Phase: PROTAGO | Ticks: 799 | Protag R: -5284.00 | Antag R: 5134.00 | Delivery:  50.0% | Budget Used: 1500.00/1500.0
Ep   30 | Phase: PROTAGO | Ticks: 799 | Protag R: -5502.00 | Antag R: 5352.00 | Delivery:  37.5% | Budget Used: 1500.00/1500.0
Ep   31 | Phase: PROTAGO | Ticks: 799 | Protag R: -5428.00 | Antag R: 5278.00 | Delivery:  50.0% | Budget Used: 1500.00/1500.0
Ep   32 | Phase: PROTAGO | Ticks: 799 | Protag R: -5649.00 | Antag R: 5499.00 | Delivery:  25.0% | Budget Used: 1500.00/1500.0
Ep   33 | Phase: PROTAGO | Ticks: 798 | Protag R: -5604.00 | Antag R: 5454.00 | Delivery:  37.5% | Budget Used: 1500.00/1500.0
Ep   34 | Phase: PROTAGO | Ticks: 799 | Protag R: -4697.00 | Antag R: 4547.00 | Delivery:  37.5% | Budget Used: 1500.00/1500.0
Ep   35 | Phase: PROTAGO | Ticks: 799 | Protag R: -5846.00 | Antag R: 5696.00 | Delivery:  25.0% | Budget Used: 1500.00/1500.0
Ep   36 | Phase: PROTAGO | Ticks: 799 | Protag R: -5429.00 | Antag R: 5279.00 | Delivery:  25.0% | Budget Used: 1500.00/1500.0
Ep   37 | Phase: PROTAGO | Ticks: 798 | Protag R: -5630.00 | Antag R: 5480.00 | Delivery:  25.0% | Budget Used: 1500.00/1500.0
Ep   38 | Phase: PROTAGO | Ticks: 798 | Protag R: -5645.00 | Antag R: 5495.00 | Delivery:  25.0% | Budget Used: 1500.00/1500.0
Ep   39 | Phase: PROTAGO | Ticks: 799 | Protag R: -5109.00 | Antag R: 4959.00 | Delivery:  37.5% | Budget Used: 1500.00/1500.0
Ep   40 | Phase: PROTAGO | Ticks: 799 | Protag R: -5266.00 | Antag R: 5116.00 | Delivery:  50.0% | Budget Used: 1500.00/1500.0
Ep   41 | Phase: PROTAGO | Ticks: 799 | Protag R: -5489.00 | Antag R: 5339.00 | Delivery:  62.5% | Budget Used: 1500.00/1500.0
Ep   42 | Phase: PROTAGO | Ticks: 799 | Protag R: -5787.00 | Antag R: 5637.00 | Delivery:  25.0% | Budget Used: 1500.00/1500.0
Ep   43 | Phase: PROTAGO | Ticks: 799 | Protag R: -5962.00 | Antag R: 5812.00 | Delivery:  25.0% | Budget Used: 1500.00/1500.0
Ep   44 | Phase: PROTAGO | Ticks: 798 | Protag R: -5558.00 | Antag R: 5408.00 | Delivery:  37.5% | Budget Used: 1500.00/1500.0
Ep   45 | Phase: PROTAGO | Ticks: 798 | Protag R: -5648.00 | Antag R: 5498.00 | Delivery:  25.0% | Budget Used: 1500.00/1500.0
Ep   46 | Phase: PROTAGO | Ticks: 799 | Protag R: -5889.00 | Antag R: 5739.00 | Delivery:  25.0% | Budget Used: 1500.00/1500.0
Ep   47 | Phase: PROTAGO | Ticks: 799 | Protag R: -5480.00 | Antag R: 5330.00 | Delivery:  50.0% | Budget Used: 1500.00/1500.0
Ep   48 | Phase: PROTAGO | Ticks: 799 | Protag R: -5726.00 | Antag R: 5576.00 | Delivery:  37.5% | Budget Used: 1500.00/1500.0
Ep   49 | Phase: PROTAGO | Ticks: 798 | Protag R: -5443.00 | Antag R: 5293.00 | Delivery:  37.5% | Budget Used: 1500.00/1500.0
Ep   50 | Phase: PROTAGO | Ticks: 797 | Protag R: -5421.00 | Antag R: 5271.00 | Delivery:  37.5% | Budget Used: 1500.00/1500.0
  [EVAL ep 50] greedy_atk=847 learned_atk=6400 gap=+5553 (neg = learned beats greedy under attack)
Saving checkpoints for both agents before phase switch...
Ep   51 | Phase: PROTAGO | Ticks: 799 | Protag R: -5600.00 | Antag R: 5450.00 | Delivery:  25.0% | Budget Used: 1500.00/1500.0
Ep   52 | Phase: PROTAGO | Ticks: 799 | Protag R: -5105.00 | Antag R: 4955.00 | Delivery:  50.0% | Budget Used: 1500.00/1500.0
Ep   53 | Phase: PROTAGO | Ticks: 799 | Protag R: -5428.00 | Antag R: 5278.00 | Delivery:  37.5% | Budget Used: 1500.00/1500.0
Ep   54 | Phase: PROTAGO | Ticks: 796 | Protag R: -5362.00 | Antag R: 5212.00 | Delivery:  37.5% | Budget Used: 1500.00/1500.0
Ep   55 | Phase: PROTAGO | Ticks: 798 | Protag R: -5314.00 | Antag R: 5164.00 | Delivery:  37.5% | Budget Used: 1500.00/1500.0
Ep   56 | Phase: PROTAGO | Ticks: 799 | Protag R: -5881.00 | Antag R: 5731.00 | Delivery:  25.0% | Budget Used: 1500.00/1500.0
Ep   57 | Phase: PROTAGO | Ticks: 799 | Protag R: -5949.00 | Antag R: 5799.00 | Delivery:  37.5% | Budget Used: 1500.00/1500.0
Ep   58 | Phase: PROTAGO | Ticks: 799 | Protag R: -5433.00 | Antag R: 5283.00 | Delivery:  37.5% | Budget Used: 1500.00/1500.0
Ep   59 | Phase: PROTAGO | Ticks: 795 | Protag R: -6099.00 | Antag R: 5949.00 | Delivery:  12.5% | Budget Used: 1500.00/1500.0
Ep   60 | Phase: PROTAGO | Ticks: 799 | Protag R: -5741.00 | Antag R: 5591.00 | Delivery:  25.0% | Budget Used: 1500.00/1500.0
Ep   61 | Phase: PROTAGO | Ticks: 799 | Protag R: -5693.00 | Antag R: 5543.00 | Delivery:  37.5% | Budget Used: 1500.00/1500.0
Ep   62 | Phase: PROTAGO | Ticks: 799 | Protag R: -5782.00 | Antag R: 5632.00 | Delivery:  37.5% | Budget Used: 1500.00/1500.0
Ep   63 | Phase: PROTAGO | Ticks: 799 | Protag R: -5818.00 | Antag R: 5668.00 | Delivery:  25.0% | Budget Used: 1500.00/1500.0
Ep   64 | Phase: PROTAGO | Ticks: 799 | Protag R: -5893.00 | Antag R: 5743.00 | Delivery:  25.0% | Budget Used: 1500.00/1500.0
Ep   65 | Phase: PROTAGO | Ticks: 797 | Protag R: -5930.00 | Antag R: 5780.00 | Delivery:  25.0% | Budget Used: 1500.00/1500.0
Ep   66 | Phase: PROTAGO | Ticks: 799 | Protag R: -5900.00 | Antag R: 5750.00 | Delivery:  25.0% | Budget Used: 1500.00/1500.0
Ep   67 | Phase: PROTAGO | Ticks: 799 | Protag R: -5864.00 | Antag R: 5714.00 | Delivery:  25.0% | Budget Used: 1500.00/1500.0
Ep   68 | Phase: PROTAGO | Ticks: 798 | Protag R: -5400.00 | Antag R: 5250.00 | Delivery:  50.0% | Budget Used: 1500.00/1500.0
Ep   69 | Phase: PROTAGO | Ticks: 799 | Protag R: -5394.00 | Antag R: 5244.00 | Delivery:  62.5% | Budget Used: 1500.00/1500.0
Ep   70 | Phase: PROTAGO | Ticks: 798 | Protag R: -5182.00 | Antag R: 5032.00 | Delivery:  37.5% | Budget Used: 1500.00/1500.0
Ep   71 | Phase: PROTAGO | Ticks: 799 | Protag R: -5467.00 | Antag R: 5317.00 | Delivery:  50.0% | Budget Used: 1500.00/1500.0
Ep   72 | Phase: PROTAGO | Ticks: 799 | Protag R: -5681.00 | Antag R: 5531.00 | Delivery:  25.0% | Budget Used: 1500.00/1500.0
Ep   73 | Phase: PROTAGO | Ticks: 799 | Protag R: -5776.00 | Antag R: 5626.00 | Delivery:  25.0% | Budget Used: 1500.00/1500.0
Ep   74 | Phase: PROTAGO | Ticks: 798 | Protag R: -5636.00 | Antag R: 5486.00 | Delivery:  25.0% | Budget Used: 1500.00/1500.0
Ep   75 | Phase: PROTAGO | Ticks: 798 | Protag R: -5929.00 | Antag R: 5779.00 | Delivery:  25.0% | Budget Used: 1500.00/1500.0
Saving checkpoints for both agents before phase switch...
Ep   76 | Phase: PROTAGO | Ticks: 798 | Protag R: -5042.00 | Antag R: 4892.00 | Delivery:  50.0% | Budget Used: 1500.00/1500.0
Ep   77 | Phase: PROTAGO | Ticks: 799 | Protag R: -5706.00 | Antag R: 5556.00 | Delivery:  25.0% | Budget Used: 1500.00/1500.0
Ep   78 | Phase: PROTAGO | Ticks: 799 | Protag R: -5279.00 | Antag R: 5129.00 | Delivery:  25.0% | Budget Used: 1500.00/1500.0
Ep   79 | Phase: PROTAGO | Ticks: 799 | Protag R: -5673.00 | Antag R: 5523.00 | Delivery:  37.5% | Budget Used: 1500.00/1500.0
Ep   80 | Phase: PROTAGO | Ticks: 797 | Protag R: -5788.00 | Antag R: 5638.00 | Delivery:  25.0% | Budget Used: 1500.00/1500.0
Ep   81 | Phase: PROTAGO | Ticks: 798 | Protag R: -5989.00 | Antag R: 5839.00 | Delivery:  12.5% | Budget Used: 1500.00/1500.0
Ep   82 | Phase: PROTAGO | Ticks: 799 | Protag R: -5727.00 | Antag R: 5577.00 | Delivery:  25.0% | Budget Used: 1500.00/1500.0
Ep   83 | Phase: PROTAGO | Ticks: 799 | Protag R: -5830.00 | Antag R: 5680.00 | Delivery:  25.0% | Budget Used: 1500.00/1500.0
Ep   84 | Phase: PROTAGO | Ticks: 799 | Protag R: -5423.00 | Antag R: 5273.00 | Delivery:  50.0% | Budget Used: 1500.00/1500.0
Ep   85 | Phase: PROTAGO | Ticks: 799 | Protag R: -5554.00 | Antag R: 5404.00 | Delivery:  37.5% | Budget Used: 1500.00/1500.0
Ep   86 | Phase: PROTAGO | Ticks: 799 | Protag R: -5615.00 | Antag R: 5465.00 | Delivery:  37.5% | Budget Used: 1500.00/1500.0
Ep   87 | Phase: PROTAGO | Ticks: 799 | Protag R: -5556.00 | Antag R: 5406.00 | Delivery:  25.0% | Budget Used: 1500.00/1500.0
Ep   88 | Phase: PROTAGO | Ticks: 798 | Protag R: -5424.00 | Antag R: 5274.00 | Delivery:  25.0% | Budget Used: 1500.00/1500.0
Ep   89 | Phase: PROTAGO | Ticks: 799 | Protag R: -5953.00 | Antag R: 5803.00 | Delivery:  25.0% | Budget Used: 1500.00/1500.0
Ep   90 | Phase: PROTAGO | Ticks: 799 | Protag R: -5374.00 | Antag R: 5224.00 | Delivery:  50.0% | Budget Used: 1500.00/1500.0
Ep   91 | Phase: PROTAGO | Ticks: 799 | Protag R: -5787.00 | Antag R: 5637.00 | Delivery:  37.5% | Budget Used: 1500.00/1500.0
Ep   92 | Phase: PROTAGO | Ticks: 798 | Protag R: -6074.00 | Antag R: 5924.00 | Delivery:  12.5% | Budget Used: 1500.00/1500.0
Ep   93 | Phase: PROTAGO | Ticks: 799 | Protag R: -5627.00 | Antag R: 5477.00 | Delivery:  25.0% | Budget Used: 1500.00/1500.0
Ep   94 | Phase: PROTAGO | Ticks: 799 | Protag R: -5833.00 | Antag R: 5683.00 | Delivery:  25.0% | Budget Used: 1500.00/1500.0
Ep   95 | Phase: PROTAGO | Ticks: 799 | Protag R: -4985.00 | Antag R: 4835.00 | Delivery:  50.0% | Budget Used: 1500.00/1500.0
Ep   96 | Phase: PROTAGO | Ticks: 799 | Protag R: -5528.00 | Antag R: 5378.00 | Delivery:  37.5% | Budget Used: 1500.00/1500.0
Ep   97 | Phase: PROTAGO | Ticks: 798 | Protag R: -5618.00 | Antag R: 5468.00 | Delivery:  25.0% | Budget Used: 1500.00/1500.0
Ep   98 | Phase: PROTAGO | Ticks: 797 | Protag R: -5495.00 | Antag R: 5345.00 | Delivery:  50.0% | Budget Used: 1500.00/1500.0
Ep   99 | Phase: PROTAGO | Ticks: 797 | Protag R: -5631.00 | Antag R: 5481.00 | Delivery:  37.5% | Budget Used: 1500.00/1500.0
Ep  100 | Phase: PROTAGO | Ticks: 799 | Protag R: -5549.00 | Antag R: 5399.00 | Delivery:  25.0% | Budget Used: 1500.00/1500.0
  [EVAL ep 100] greedy_atk=847 learned_atk=6400 gap=+5553 (neg = learned beats greedy under attack)
Saving checkpoints for both agents before phase switch...
Ep  101 | Phase: PROTAGO | Ticks: 799 | Protag R: -5767.00 | Antag R: 5617.00 | Delivery:  12.5% | Budget Used: 1500.00/1500.0
Ep  102 | Phase: PROTAGO | Ticks: 799 | Protag R: -5807.00 | Antag R: 5657.00 | Delivery:  37.5% | Budget Used: 1500.00/1500.0
Ep  103 | Phase: PROTAGO | Ticks: 799 | Protag R: -5539.00 | Antag R: 5389.00 | Delivery:  37.5% | Budget Used: 1500.00/1500.0
Ep  104 | Phase: PROTAGO | Ticks: 799 | Protag R: -6006.00 | Antag R: 5856.00 | Delivery:  12.5% | Budget Used: 1500.00/1500.0
Ep  105 | Phase: PROTAGO | Ticks: 798 | Protag R: -5347.00 | Antag R: 5197.00 | Delivery:  37.5% | Budget Used: 1500.00/1500.0
Ep  106 | Phase: PROTAGO | Ticks: 798 | Protag R: -5816.00 | Antag R: 5666.00 | Delivery:  25.0% | Budget Used: 1500.00/1500.0
Ep  107 | Phase: PROTAGO | Ticks: 798 | Protag R: -5096.00 | Antag R: 4946.00 | Delivery:  50.0% | Budget Used: 1500.00/1500.0
Ep  108 | Phase: PROTAGO | Ticks: 799 | Protag R: -6057.00 | Antag R: 5907.00 | Delivery:  25.0% | Budget Used: 1500.00/1500.0
Ep  109 | Phase: PROTAGO | Ticks: 799 | Protag R: -5676.00 | Antag R: 5526.00 | Delivery:  37.5% | Budget Used: 1500.00/1500.0
Ep  110 | Phase: PROTAGO | Ticks: 799 | Protag R: -5815.00 | Antag R: 5665.00 | Delivery:  25.0% | Budget Used: 1500.00/1500.0
Ep  111 | Phase: PROTAGO | Ticks: 799 | Protag R: -5632.00 | Antag R: 5482.00 | Delivery:  25.0% | Budget Used: 1500.00/1500.0
Ep  112 | Phase: PROTAGO | Ticks: 799 | Protag R: -5058.00 | Antag R: 4908.00 | Delivery:  37.5% | Budget Used: 1500.00/1500.0
Ep  113 | Phase: PROTAGO | Ticks: 798 | Protag R: -5735.00 | Antag R: 5585.00 | Delivery:  37.5% | Budget Used: 1500.00/1500.0
Ep  114 | Phase: PROTAGO | Ticks: 799 | Protag R: -5273.00 | Antag R: 5123.00 | Delivery:  37.5% | Budget Used: 1500.00/1500.0
Ep  115 | Phase: PROTAGO | Ticks: 797 | Protag R: -5534.00 | Antag R: 5384.00 | Delivery:  25.0% | Budget Used: 1500.00/1500.0
Ep  116 | Phase: PROTAGO | Ticks: 797 | Protag R: -6201.00 | Antag R: 6051.00 | Delivery:  12.5% | Budget Used: 1500.00/1500.0
Ep  117 | Phase: PROTAGO | Ticks: 799 | Protag R: -5634.00 | Antag R: 5484.00 | Delivery:  37.5% | Budget Used: 1500.00/1500.0
Ep  118 | Phase: PROTAGO | Ticks: 799 | Protag R: -5395.00 | Antag R: 5245.00 | Delivery:  50.0% | Budget Used: 1500.00/1500.0
Ep  119 | Phase: PROTAGO | Ticks: 799 | Protag R: -5914.00 | Antag R: 5764.00 | Delivery:  25.0% | Budget Used: 1500.00/1500.0
Ep  120 | Phase: PROTAGO | Ticks: 797 | Protag R: -4867.00 | Antag R: 4717.00 | Delivery:  50.0% | Budget Used: 1500.00/1500.0
Ep  121 | Phase: PROTAGO | Ticks: 799 | Protag R: -5235.00 | Antag R: 5085.00 | Delivery:  37.5% | Budget Used: 1500.00/1500.0
Ep  122 | Phase: PROTAGO | Ticks: 799 | Protag R: -6013.00 | Antag R: 5863.00 | Delivery:  25.0% | Budget Used: 1500.00/1500.0
Ep  123 | Phase: PROTAGO | Ticks: 799 | Protag R: -5713.00 | Antag R: 5563.00 | Delivery:  25.0% | Budget Used: 1500.00/1500.0
Ep  124 | Phase: PROTAGO | Ticks: 799 | Protag R: -5842.00 | Antag R: 5692.00 | Delivery:  25.0% | Budget Used: 1500.00/1500.0
Ep  125 | Phase: PROTAGO | Ticks: 799 | Protag R: -4891.00 | Antag R: 4741.00 | Delivery:  37.5% | Budget Used: 1500.00/1500.0
Saving checkpoints for both agents before phase switch...
Ep  126 | Phase: PROTAGO | Ticks: 799 | Protag R: -5248.00 | Antag R: 5098.00 | Delivery:  50.0% | Budget Used: 1500.00/1500.0
Ep  127 | Phase: PROTAGO | Ticks: 796 | Protag R: -5528.00 | Antag R: 5378.00 | Delivery:  37.5% | Budget Used: 1500.00/1500.0
Ep  128 | Phase: PROTAGO | Ticks: 799 | Protag R: -5420.00 | Antag R: 5270.00 | Delivery:  37.5% | Budget Used: 1500.00/1500.0
Ep  129 | Phase: PROTAGO | Ticks: 799 | Protag R: -5141.00 | Antag R: 4991.00 | Delivery:  37.5% | Budget Used: 1500.00/1500.0
Ep  130 | Phase: PROTAGO | Ticks: 799 | Protag R: -6147.00 | Antag R: 5997.00 | Delivery:  25.0% | Budget Used: 1500.00/1500.0
Ep  131 | Phase: PROTAGO | Ticks: 799 | Protag R: -5433.00 | Antag R: 5283.00 | Delivery:  37.5% | Budget Used: 1500.00/1500.0
Ep  132 | Phase: PROTAGO | Ticks: 797 | Protag R: -5918.00 | Antag R: 5768.00 | Delivery:  25.0% | Budget Used: 1500.00/1500.0
Ep  133 | Phase: PROTAGO | Ticks: 798 | Protag R: -5933.00 | Antag R: 5783.00 | Delivery:  25.0% | Budget Used: 1500.00/1500.0
Ep  134 | Phase: PROTAGO | Ticks: 799 | Protag R: -6265.00 | Antag R: 6115.00 | Delivery:  12.5% | Budget Used: 1500.00/1500.0
Ep  135 | Phase: PROTAGO | Ticks: 799 | Protag R: -5812.00 | Antag R: 5662.00 | Delivery:  25.0% | Budget Used: 1500.00/1500.0
Ep  136 | Phase: PROTAGO | Ticks: 799 | Protag R: -5172.00 | Antag R: 5022.00 | Delivery:  25.0% | Budget Used: 1500.00/1500.0
Ep  137 | Phase: PROTAGO | Ticks: 799 | Protag R: -5479.00 | Antag R: 5329.00 | Delivery:  25.0% | Budget Used: 1500.00/1500.0
Ep  138 | Phase: PROTAGO | Ticks: 798 | Protag R: -5689.00 | Antag R: 5539.00 | Delivery:  25.0% | Budget Used: 1500.00/1500.0
Ep  139 | Phase: PROTAGO | Ticks: 799 | Protag R: -5663.00 | Antag R: 5513.00 | Delivery:  25.0% | Budget Used: 1500.00/1500.0
Ep  140 | Phase: PROTAGO | Ticks: 797 | Protag R: -5558.00 | Antag R: 5408.00 | Delivery:  37.5% | Budget Used: 1500.00/1500.0
Ep  141 | Phase: PROTAGO | Ticks: 797 | Protag R: -5568.00 | Antag R: 5418.00 | Delivery:  50.0% | Budget Used: 1500.00/1500.0
Ep  142 | Phase: PROTAGO | Ticks: 796 | Protag R: -6011.00 | Antag R: 5861.00 | Delivery:  25.0% | Budget Used: 1500.00/1500.0
Ep  143 | Phase: PROTAGO | Ticks: 799 | Protag R: -6068.00 | Antag R: 5918.00 | Delivery:  12.5% | Budget Used: 1500.00/1500.0
Ep  144 | Phase: PROTAGO | Ticks: 798 | Protag R: -5785.00 | Antag R: 5635.00 | Delivery:  25.0% | Budget Used: 1500.00/1500.0
Ep  145 | Phase: PROTAGO | Ticks: 797 | Protag R: -4697.00 | Antag R: 4547.00 | Delivery:  62.5% | Budget Used: 1500.00/1500.0
Ep  146 | Phase: PROTAGO | Ticks: 799 | Protag R: -5743.00 | Antag R: 5593.00 | Delivery:  25.0% | Budget Used: 1500.00/1500.0
Ep  147 | Phase: PROTAGO | Ticks: 799 | Protag R: -5231.00 | Antag R: 5081.00 | Delivery:  25.0% | Budget Used: 1500.00/1500.0
Ep  148 | Phase: PROTAGO | Ticks: 799 | Protag R: -5485.00 | Antag R: 5335.00 | Delivery:  37.5% | Budget Used: 1500.00/1500.0
Ep  149 | Phase: PROTAGO | Ticks: 798 | Protag R: -5753.00 | Antag R: 5603.00 | Delivery:  25.0% | Budget Used: 1500.00/1500.0
Ep  150 | Phase: PROTAGO | Ticks: 798 | Protag R: -6206.00 | Antag R: 6056.00 | Delivery:  12.5% | Budget Used: 1500.00/1500.0
  [EVAL ep 150] greedy_atk=847 learned_atk=6400 gap=+5553 (neg = learned beats greedy under attack)
Saving checkpoints for both agents before phase switch...
Ep  151 | Phase: PROTAGO | Ticks: 799 | Protag R: -5771.00 | Antag R: 5621.00 | Delivery:  25.0% | Budget Used: 1500.00/1500.0
Ep  152 | Phase: PROTAGO | Ticks: 799 | Protag R: -5560.00 | Antag R: 5410.00 | Delivery:  37.5% | Budget Used: 1500.00/1500.0
Ep  153 | Phase: PROTAGO | Ticks: 799 | Protag R: -5205.00 | Antag R: 5055.00 | Delivery:  37.5% | Budget Used: 1500.00/1500.0
Ep  154 | Phase: PROTAGO | Ticks: 798 | Protag R: -5661.00 | Antag R: 5511.00 | Delivery:  37.5% | Budget Used: 1500.00/1500.0
Ep  155 | Phase: PROTAGO | Ticks: 799 | Protag R: -5750.00 | Antag R: 5600.00 | Delivery:  25.0% | Budget Used: 1500.00/1500.0
Ep  156 | Phase: PROTAGO | Ticks: 796 | Protag R: -5750.00 | Antag R: 5600.00 | Delivery:  12.5% | Budget Used: 1500.00/1500.0
Ep  157 | Phase: PROTAGO | Ticks: 798 | Protag R: -5140.00 | Antag R: 4990.00 | Delivery:  37.5% | Budget Used: 1500.00/1500.0
Ep  158 | Phase: PROTAGO | Ticks: 799 | Protag R: -5097.00 | Antag R: 4947.00 | Delivery:  37.5% | Budget Used: 1500.00/1500.0
Ep  159 | Phase: PROTAGO | Ticks: 799 | Protag R: -5372.00 | Antag R: 5222.00 | Delivery:  50.0% | Budget Used: 1500.00/1500.0
Ep  160 | Phase: PROTAGO | Ticks: 798 | Protag R: -5404.00 | Antag R: 5254.00 | Delivery:  25.0% | Budget Used: 1500.00/1500.0
Ep  161 | Phase: PROTAGO | Ticks: 798 | Protag R: -5850.00 | Antag R: 5700.00 | Delivery:  37.5% | Budget Used: 1500.00/1500.0
Ep  162 | Phase: PROTAGO | Ticks: 799 | Protag R: -5556.00 | Antag R: 5406.00 | Delivery:  50.0% | Budget Used: 1500.00/1500.0
Ep  163 | Phase: PROTAGO | Ticks: 799 | Protag R: -5826.00 | Antag R: 5676.00 | Delivery:  25.0% | Budget Used: 1500.00/1500.0
Ep  164 | Phase: PROTAGO | Ticks: 798 | Protag R: -5101.00 | Antag R: 4951.00 | Delivery:  50.0% | Budget Used: 1500.00/1500.0
Ep  165 | Phase: PROTAGO | Ticks: 798 | Protag R: -5851.00 | Antag R: 5701.00 | Delivery:  25.0% | Budget Used: 1500.00/1500.0
Ep  166 | Phase: PROTAGO | Ticks: 799 | Protag R: -6239.00 | Antag R: 6089.00 | Delivery:  12.5% | Budget Used: 1500.00/1500.0
Ep  167 | Phase: PROTAGO | Ticks: 798 | Protag R: -5527.00 | Antag R: 5377.00 | Delivery:  37.5% | Budget Used: 1500.00/1500.0
Ep  168 | Phase: PROTAGO | Ticks: 799 | Protag R: -5172.00 | Antag R: 5022.00 | Delivery:  37.5% | Budget Used: 1500.00/1500.0
Ep  169 | Phase: PROTAGO | Ticks: 798 | Protag R: -5494.00 | Antag R: 5344.00 | Delivery:  37.5% | Budget Used: 1500.00/1500.0
Ep  170 | Phase: PROTAGO | Ticks: 798 | Protag R: -5522.00 | Antag R: 5372.00 | Delivery:  37.5% | Budget Used: 1500.00/1500.0
Ep  171 | Phase: PROTAGO | Ticks: 799 | Protag R: -5254.00 | Antag R: 5104.00 | Delivery:  50.0% | Budget Used: 1500.00/1500.0
Ep  172 | Phase: PROTAGO | Ticks: 798 | Protag R: -5790.00 | Antag R: 5640.00 | Delivery:  25.0% | Budget Used: 1500.00/1500.0
Ep  173 | Phase: PROTAGO | Ticks: 799 | Protag R: -5605.00 | Antag R: 5455.00 | Delivery:  25.0% | Budget Used: 1500.00/1500.0
Ep  174 | Phase: PROTAGO | Ticks: 798 | Protag R: -5698.00 | Antag R: 5548.00 | Delivery:  25.0% | Budget Used: 1500.00/1500.0
Ep  175 | Phase: PROTAGO | Ticks: 799 | Protag R: -5449.00 | Antag R: 5299.00 | Delivery:  37.5% | Budget Used: 1500.00/1500.0
Saving checkpoints for both agents before phase switch...
Ep  176 | Phase: PROTAGO | Ticks: 799 | Protag R: -5536.00 | Antag R: 5386.00 | Delivery:  37.5% | Budget Used: 1500.00/1500.0
Ep  177 | Phase: PROTAGO | Ticks: 798 | Protag R: -5396.00 | Antag R: 5246.00 | Delivery:  62.5% | Budget Used: 1500.00/1500.0
Ep  178 | Phase: PROTAGO | Ticks: 799 | Protag R: -5376.00 | Antag R: 5226.00 | Delivery:  25.0% | Budget Used: 1500.00/1500.0
Ep  179 | Phase: PROTAGO | Ticks: 799 | Protag R: -5392.00 | Antag R: 5242.00 | Delivery:  50.0% | Budget Used: 1500.00/1500.0
Ep  180 | Phase: PROTAGO | Ticks: 797 | Protag R: -5294.00 | Antag R: 5144.00 | Delivery:  37.5% | Budget Used: 1500.00/1500.0
Ep  181 | Phase: PROTAGO | Ticks: 799 | Protag R: -5335.00 | Antag R: 5185.00 | Delivery:  62.5% | Budget Used: 1500.00/1500.0
Ep  182 | Phase: PROTAGO | Ticks: 799 | Protag R: -6002.00 | Antag R: 5852.00 | Delivery:  12.5% | Budget Used: 1500.00/1500.0
Ep  183 | Phase: PROTAGO | Ticks: 798 | Protag R: -5733.00 | Antag R: 5583.00 | Delivery:  37.5% | Budget Used: 1500.00/1500.0
Ep  184 | Phase: PROTAGO | Ticks: 799 | Protag R: -5861.00 | Antag R: 5711.00 | Delivery:  37.5% | Budget Used: 1500.00/1500.0
Ep  185 | Phase: PROTAGO | Ticks: 799 | Protag R: -5290.00 | Antag R: 5140.00 | Delivery:  25.0% | Budget Used: 1500.00/1500.0
Ep  186 | Phase: PROTAGO | Ticks: 799 | Protag R: -5987.00 | Antag R: 5837.00 | Delivery:  25.0% | Budget Used: 1500.00/1500.0
Ep  187 | Phase: PROTAGO | Ticks: 799 | Protag R: -5342.00 | Antag R: 5192.00 | Delivery:  37.5% | Budget Used: 1500.00/1500.0
Ep  188 | Phase: PROTAGO | Ticks: 799 | Protag R: -5652.00 | Antag R: 5502.00 | Delivery:  37.5% | Budget Used: 1500.00/1500.0
Ep  189 | Phase: PROTAGO | Ticks: 799 | Protag R: -5705.00 | Antag R: 5555.00 | Delivery:  37.5% | Budget Used: 1500.00/1500.0
Ep  190 | Phase: PROTAGO | Ticks: 798 | Protag R: -5807.00 | Antag R: 5657.00 | Delivery:  37.5% | Budget Used: 1500.00/1500.0
Ep  191 | Phase: PROTAGO | Ticks: 799 | Protag R: -5767.00 | Antag R: 5617.00 | Delivery:  37.5% | Budget Used: 1500.00/1500.0
Ep  192 | Phase: PROTAGO | Ticks: 799 | Protag R: -5377.00 | Antag R: 5227.00 | Delivery:  37.5% | Budget Used: 1500.00/1500.0
Ep  193 | Phase: PROTAGO | Ticks: 799 | Protag R: -5857.00 | Antag R: 5707.00 | Delivery:  25.0% | Budget Used: 1500.00/1500.0
Ep  194 | Phase: PROTAGO | Ticks: 799 | Protag R: -5168.00 | Antag R: 5018.00 | Delivery:  50.0% | Budget Used: 1500.00/1500.0
Ep  195 | Phase: PROTAGO | Ticks: 798 | Protag R: -5475.00 | Antag R: 5325.00 | Delivery:  50.0% | Budget Used: 1500.00/1500.0
Ep  196 | Phase: PROTAGO | Ticks: 798 | Protag R: -5348.00 | Antag R: 5198.00 | Delivery:  37.5% | Budget Used: 1500.00/1500.0
Ep  197 | Phase: PROTAGO | Ticks: 799 | Protag R: -5673.00 | Antag R: 5523.00 | Delivery:  25.0% | Budget Used: 1500.00/1500.0
Ep  198 | Phase: PROTAGO | Ticks: 799 | Protag R: -5937.00 | Antag R: 5787.00 | Delivery:  37.5% | Budget Used: 1500.00/1500.0
Ep  199 | Phase: PROTAGO | Ticks: 799 | Protag R: -5451.00 | Antag R: 5301.00 | Delivery:  25.0% | Budget Used: 1500.00/1500.0
Ep  200 | Phase: PROTAGO | Ticks: 798 | Protag R: -5587.00 | Antag R: 5437.00 | Delivery:  37.5% | Budget Used: 1500.00/1500.0
  [EVAL ep 200] greedy_atk=847 learned_atk=6400 gap=+5553 (neg = learned beats greedy under attack)
Saving checkpoints for both agents before phase switch...
Ep  201 | Phase: PROTAGO | Ticks: 799 | Protag R: -5174.00 | Antag R: 5024.00 | Delivery:  37.5% | Budget Used: 1500.00/1500.0
Ep  202 | Phase: PROTAGO | Ticks: 799 | Protag R: -5419.00 | Antag R: 5269.00 | Delivery:  37.5% | Budget Used: 1500.00/1500.0
Ep  203 | Phase: PROTAGO | Ticks: 799 | Protag R: -5072.00 | Antag R: 4922.00 | Delivery:  37.5% | Budget Used: 1500.00/1500.0
Ep  204 | Phase: PROTAGO | Ticks: 799 | Protag R: -5366.00 | Antag R: 5216.00 | Delivery:  37.5% | Budget Used: 1500.00/1500.0
Ep  205 | Phase: PROTAGO | Ticks: 797 | Protag R: -5899.00 | Antag R: 5749.00 | Delivery:  25.0% | Budget Used: 1500.00/1500.0
Ep  206 | Phase: PROTAGO | Ticks: 798 | Protag R: -5748.00 | Antag R: 5598.00 | Delivery:  25.0% | Budget Used: 1500.00/1500.0
Ep  207 | Phase: PROTAGO | Ticks: 798 | Protag R: -5884.00 | Antag R: 5734.00 | Delivery:  37.5% | Budget Used: 1500.00/1500.0
Ep  208 | Phase: PROTAGO | Ticks: 798 | Protag R: -5436.00 | Antag R: 5286.00 | Delivery:  50.0% | Budget Used: 1500.00/1500.0
Ep  209 | Phase: PROTAGO | Ticks: 799 | Protag R: -5714.00 | Antag R: 5564.00 | Delivery:  37.5% | Budget Used: 1500.00/1500.0
Ep  210 | Phase: PROTAGO | Ticks: 798 | Protag R: -6018.00 | Antag R: 5868.00 | Delivery:  25.0% | Budget Used: 1500.00/1500.0
Ep  211 | Phase: PROTAGO | Ticks: 799 | Protag R: -5509.00 | Antag R: 5359.00 | Delivery:  37.5% | Budget Used: 1500.00/1500.0
Ep  212 | Phase: PROTAGO | Ticks: 799 | Protag R: -5432.00 | Antag R: 5282.00 | Delivery:  37.5% | Budget Used: 1500.00/1500.0
Ep  213 | Phase: PROTAGO | Ticks: 798 | Protag R: -5782.00 | Antag R: 5632.00 | Delivery:  37.5% | Budget Used: 1500.00/1500.0
Ep  214 | Phase: PROTAGO | Ticks: 798 | Protag R: -5732.00 | Antag R: 5582.00 | Delivery:  25.0% | Budget Used: 1500.00/1500.0
Ep  215 | Phase: PROTAGO | Ticks: 799 | Protag R: -5235.00 | Antag R: 5085.00 | Delivery:  50.0% | Budget Used: 1500.00/1500.0
Ep  216 | Phase: PROTAGO | Ticks: 799 | Protag R: -5335.00 | Antag R: 5185.00 | Delivery:  50.0% | Budget Used: 1500.00/1500.0
Ep  217 | Phase: PROTAGO | Ticks: 799 | Protag R: -5787.00 | Antag R: 5637.00 | Delivery:  25.0% | Budget Used: 1500.00/1500.0
Ep  218 | Phase: PROTAGO | Ticks: 799 | Protag R: -5633.00 | Antag R: 5483.00 | Delivery:  25.0% | Budget Used: 1500.00/1500.0
Ep  219 | Phase: PROTAGO | Ticks: 798 | Protag R: -5880.00 | Antag R: 5730.00 | Delivery:  25.0% | Budget Used: 1500.00/1500.0
Ep  220 | Phase: PROTAGO | Ticks: 799 | Protag R: -5991.00 | Antag R: 5841.00 | Delivery:  25.0% | Budget Used: 1500.00/1500.0
Ep  221 | Phase: PROTAGO | Ticks: 799 | Protag R: -5010.00 | Antag R: 4860.00 | Delivery:  37.5% | Budget Used: 1500.00/1500.0
Ep  222 | Phase: PROTAGO | Ticks: 799 | Protag R: -5838.00 | Antag R: 5688.00 | Delivery:  25.0% | Budget Used: 1500.00/1500.0
Ep  223 | Phase: PROTAGO | Ticks: 798 | Protag R: -5574.00 | Antag R: 5424.00 | Delivery:  50.0% | Budget Used: 1500.00/1500.0
Ep  224 | Phase: PROTAGO | Ticks: 799 | Protag R: -5589.00 | Antag R: 5439.00 | Delivery:  37.5% | Budget Used: 1500.00/1500.0
Ep  225 | Phase: PROTAGO | Ticks: 799 | Protag R: -5767.00 | Antag R: 5617.00 | Delivery:  37.5% | Budget Used: 1500.00/1500.0
Saving checkpoints for both agents before phase switch...
Ep  226 | Phase: PROTAGO | Ticks: 799 | Protag R: -5460.00 | Antag R: 5310.00 | Delivery:  37.5% | Budget Used: 1500.00/1500.0
Ep  227 | Phase: PROTAGO | Ticks: 798 | Protag R: -5966.00 | Antag R: 5816.00 | Delivery:  25.0% | Budget Used: 1500.00/1500.0
Ep  228 | Phase: PROTAGO | Ticks: 798 | Protag R: -5602.00 | Antag R: 5452.00 | Delivery:  37.5% | Budget Used: 1500.00/1500.0
Ep  229 | Phase: PROTAGO | Ticks: 799 | Protag R: -5775.00 | Antag R: 5625.00 | Delivery:  25.0% | Budget Used: 1500.00/1500.0
Ep  230 | Phase: PROTAGO | Ticks: 799 | Protag R: -5543.00 | Antag R: 5393.00 | Delivery:  25.0% | Budget Used: 1500.00/1500.0
Ep  231 | Phase: PROTAGO | Ticks: 799 | Protag R: -5629.00 | Antag R: 5479.00 | Delivery:  25.0% | Budget Used: 1500.00/1500.0
Ep  232 | Phase: PROTAGO | Ticks: 798 | Protag R: -5602.00 | Antag R: 5452.00 | Delivery:  37.5% | Budget Used: 1500.00/1500.0
Ep  233 | Phase: PROTAGO | Ticks: 799 | Protag R: -5333.00 | Antag R: 5183.00 | Delivery:  37.5% | Budget Used: 1500.00/1500.0
Ep  234 | Phase: PROTAGO | Ticks: 798 | Protag R: -5378.00 | Antag R: 5228.00 | Delivery:  37.5% | Budget Used: 1500.00/1500.0
Ep  235 | Phase: PROTAGO | Ticks: 799 | Protag R: -5781.00 | Antag R: 5631.00 | Delivery:  37.5% | Budget Used: 1500.00/1500.0
Ep  236 | Phase: PROTAGO | Ticks: 799 | Protag R: -5636.00 | Antag R: 5486.00 | Delivery:  37.5% | Budget Used: 1500.00/1500.0
Ep  237 | Phase: PROTAGO | Ticks: 799 | Protag R: -5924.00 | Antag R: 5774.00 | Delivery:  25.0% | Budget Used: 1500.00/1500.0
Ep  238 | Phase: PROTAGO | Ticks: 799 | Protag R: -5808.00 | Antag R: 5658.00 | Delivery:  37.5% | Budget Used: 1500.00/1500.0
Ep  239 | Phase: PROTAGO | Ticks: 799 | Protag R: -5895.00 | Antag R: 5745.00 | Delivery:  25.0% | Budget Used: 1500.00/1500.0
Ep  240 | Phase: PROTAGO | Ticks: 798 | Protag R: -5837.00 | Antag R: 5687.00 | Delivery:  25.0% | Budget Used: 1500.00/1500.0
Ep  241 | Phase: PROTAGO | Ticks: 798 | Protag R: -5642.00 | Antag R: 5492.00 | Delivery:  37.5% | Budget Used: 1500.00/1500.0
Ep  242 | Phase: PROTAGO | Ticks: 798 | Protag R: -5797.00 | Antag R: 5647.00 | Delivery:  25.0% | Budget Used: 1500.00/1500.0
Ep  243 | Phase: PROTAGO | Ticks: 799 | Protag R: -5699.00 | Antag R: 5549.00 | Delivery:  37.5% | Budget Used: 1500.00/1500.0
Ep  244 | Phase: PROTAGO | Ticks: 798 | Protag R: -5370.00 | Antag R: 5220.00 | Delivery:  37.5% | Budget Used: 1500.00/1500.0
Ep  245 | Phase: PROTAGO | Ticks: 798 | Protag R: -5498.00 | Antag R: 5348.00 | Delivery:  50.0% | Budget Used: 1500.00/1500.0
Ep  246 | Phase: PROTAGO | Ticks: 799 | Protag R: -5807.00 | Antag R: 5657.00 | Delivery:  37.5% | Budget Used: 1500.00/1500.0
Ep  247 | Phase: PROTAGO | Ticks: 799 | Protag R: -5532.00 | Antag R: 5382.00 | Delivery:  37.5% | Budget Used: 1500.00/1500.0
Ep  248 | Phase: PROTAGO | Ticks: 799 | Protag R: -5069.00 | Antag R: 4919.00 | Delivery:  37.5% | Budget Used: 1500.00/1500.0
Ep  249 | Phase: PROTAGO | Ticks: 799 | Protag R: -5682.00 | Antag R: 5532.00 | Delivery:  25.0% | Budget Used: 1500.00/1500.0
Ep  250 | Phase: PROTAGO | Ticks: 798 | Protag R: -5238.00 | Antag R: 5088.00 | Delivery:  37.5% | Budget Used: 1500.00/1500.0
  [EVAL ep 250] greedy_atk=847 learned_atk=6400 gap=+5553 (neg = learned beats greedy under attack)
Saving checkpoints for both agents before phase switch...
Ep  251 | Phase: PROTAGO | Ticks: 799 | Protag R: -5424.00 | Antag R: 5274.00 | Delivery:  50.0% | Budget Used: 1500.00/1500.0
Ep  252 | Phase: PROTAGO | Ticks: 798 | Protag R: -5440.00 | Antag R: 5290.00 | Delivery:  37.5% | Budget Used: 1500.00/1500.0
Ep  253 | Phase: PROTAGO | Ticks: 799 | Protag R: -5700.00 | Antag R: 5550.00 | Delivery:  25.0% | Budget Used: 1500.00/1500.0
Ep  254 | Phase: PROTAGO | Ticks: 797 | Protag R: -5697.00 | Antag R: 5547.00 | Delivery:  25.0% | Budget Used: 1500.00/1500.0
Ep  255 | Phase: PROTAGO | Ticks: 799 | Protag R: -5901.00 | Antag R: 5751.00 | Delivery:  37.5% | Budget Used: 1500.00/1500.0
Ep  256 | Phase: PROTAGO | Ticks: 798 | Protag R: -5513.00 | Antag R: 5363.00 | Delivery:  37.5% | Budget Used: 1500.00/1500.0
Ep  257 | Phase: PROTAGO | Ticks: 799 | Protag R: -5129.00 | Antag R: 4979.00 | Delivery:  37.5% | Budget Used: 1500.00/1500.0
Ep  258 | Phase: PROTAGO | Ticks: 798 | Protag R: -5861.00 | Antag R: 5711.00 | Delivery:  37.5% | Budget Used: 1500.00/1500.0
Ep  259 | Phase: PROTAGO | Ticks: 798 | Protag R: -5518.00 | Antag R: 5368.00 | Delivery:  37.5% | Budget Used: 1500.00/1500.0
Ep  260 | Phase: PROTAGO | Ticks: 799 | Protag R: -5442.00 | Antag R: 5292.00 | Delivery:  37.5% | Budget Used: 1500.00/1500.0
Ep  261 | Phase: PROTAGO | Ticks: 799 | Protag R: -5381.00 | Antag R: 5231.00 | Delivery:  50.0% | Budget Used: 1500.00/1500.0
Ep  262 | Phase: PROTAGO | Ticks: 799 | Protag R: -6003.00 | Antag R: 5853.00 | Delivery:  25.0% | Budget Used: 1500.00/1500.0
Ep  263 | Phase: PROTAGO | Ticks: 799 | Protag R: -5559.00 | Antag R: 5409.00 | Delivery:  37.5% | Budget Used: 1500.00/1500.0
Ep  264 | Phase: PROTAGO | Ticks: 799 | Protag R: -4756.00 | Antag R: 4606.00 | Delivery:  50.0% | Budget Used: 1500.00/1500.0
Ep  265 | Phase: PROTAGO | Ticks: 798 | Protag R: -5610.00 | Antag R: 5460.00 | Delivery:  37.5% | Budget Used: 1500.00/1500.0
Ep  266 | Phase: PROTAGO | Ticks: 799 | Protag R: -5557.00 | Antag R: 5407.00 | Delivery:  37.5% | Budget Used: 1500.00/1500.0
Ep  267 | Phase: PROTAGO | Ticks: 799 | Protag R: -5063.00 | Antag R: 4913.00 | Delivery:  37.5% | Budget Used: 1500.00/1500.0
Ep  268 | Phase: PROTAGO | Ticks: 799 | Protag R: -5262.00 | Antag R: 5112.00 | Delivery:  37.5% | Budget Used: 1500.00/1500.0
Ep  269 | Phase: PROTAGO | Ticks: 796 | Protag R: -6025.00 | Antag R: 5875.00 | Delivery:  25.0% | Budget Used: 1500.00/1500.0
Ep  270 | Phase: PROTAGO | Ticks: 798 | Protag R: -5381.00 | Antag R: 5231.00 | Delivery:  37.5% | Budget Used: 1500.00/1500.0
Ep  271 | Phase: PROTAGO | Ticks: 798 | Protag R: -5779.00 | Antag R: 5629.00 | Delivery:  25.0% | Budget Used: 1500.00/1500.0
Ep  272 | Phase: PROTAGO | Ticks: 799 | Protag R: -5680.00 | Antag R: 5530.00 | Delivery:  37.5% | Budget Used: 1500.00/1500.0
Ep  273 | Phase: PROTAGO | Ticks: 799 | Protag R: -5823.00 | Antag R: 5673.00 | Delivery:  25.0% | Budget Used: 1500.00/1500.0
Ep  274 | Phase: PROTAGO | Ticks: 798 | Protag R: -5503.00 | Antag R: 5353.00 | Delivery:  50.0% | Budget Used: 1500.00/1500.0
Ep  275 | Phase: PROTAGO | Ticks: 799 | Protag R: -5478.00 | Antag R: 5328.00 | Delivery:  37.5% | Budget Used: 1500.00/1500.0
Saving checkpoints for both agents before phase switch...
Ep  276 | Phase: PROTAGO | Ticks: 799 | Protag R: -4791.00 | Antag R: 4641.00 | Delivery:  50.0% | Budget Used: 1500.00/1500.0
Ep  277 | Phase: PROTAGO | Ticks: 799 | Protag R: -5388.00 | Antag R: 5238.00 | Delivery:  37.5% | Budget Used: 1500.00/1500.0
Ep  278 | Phase: PROTAGO | Ticks: 799 | Protag R: -5282.00 | Antag R: 5132.00 | Delivery:  50.0% | Budget Used: 1500.00/1500.0
Ep  279 | Phase: PROTAGO | Ticks: 799 | Protag R: -5663.00 | Antag R: 5513.00 | Delivery:  25.0% | Budget Used: 1500.00/1500.0
Ep  280 | Phase: PROTAGO | Ticks: 799 | Protag R: -5606.00 | Antag R: 5456.00 | Delivery:  25.0% | Budget Used: 1500.00/1500.0
Ep  281 | Phase: PROTAGO | Ticks: 798 | Protag R: -4966.00 | Antag R: 4816.00 | Delivery:  37.5% | Budget Used: 1500.00/1500.0
Ep  282 | Phase: PROTAGO | Ticks: 799 | Protag R: -5647.00 | Antag R: 5497.00 | Delivery:  25.0% | Budget Used: 1500.00/1500.0
Ep  283 | Phase: PROTAGO | Ticks: 797 | Protag R: -5545.00 | Antag R: 5395.00 | Delivery:  25.0% | Budget Used: 1500.00/1500.0
Ep  284 | Phase: PROTAGO | Ticks: 798 | Protag R: -5577.00 | Antag R: 5427.00 | Delivery:  37.5% | Budget Used: 1500.00/1500.0
Ep  285 | Phase: PROTAGO | Ticks: 798 | Protag R: -5367.00 | Antag R: 5217.00 | Delivery:  37.5% | Budget Used: 1500.00/1500.0
Ep  286 | Phase: PROTAGO | Ticks: 799 | Protag R: -5679.00 | Antag R: 5529.00 | Delivery:  25.0% | Budget Used: 1500.00/1500.0
Ep  287 | Phase: PROTAGO | Ticks: 798 | Protag R: -5880.00 | Antag R: 5730.00 | Delivery:  25.0% | Budget Used: 1500.00/1500.0
Ep  288 | Phase: PROTAGO | Ticks: 799 | Protag R: -5530.00 | Antag R: 5380.00 | Delivery:  25.0% | Budget Used: 1500.00/1500.0
Ep  289 | Phase: PROTAGO | Ticks: 798 | Protag R: -5999.00 | Antag R: 5849.00 | Delivery:  25.0% | Budget Used: 1500.00/1500.0
Ep  290 | Phase: PROTAGO | Ticks: 799 | Protag R: -5334.00 | Antag R: 5184.00 | Delivery:  37.5% | Budget Used: 1500.00/1500.0
Ep  291 | Phase: PROTAGO | Ticks: 798 | Protag R: -5672.00 | Antag R: 5522.00 | Delivery:  37.5% | Budget Used: 1500.00/1500.0
Ep  292 | Phase: PROTAGO | Ticks: 797 | Protag R: -5549.00 | Antag R: 5399.00 | Delivery:  37.5% | Budget Used: 1500.00/1500.0
Ep  293 | Phase: PROTAGO | Ticks: 799 | Protag R: -5767.00 | Antag R: 5617.00 | Delivery:  25.0% | Budget Used: 1500.00/1500.0
Ep  294 | Phase: PROTAGO | Ticks: 799 | Protag R: -5823.00 | Antag R: 5673.00 | Delivery:  25.0% | Budget Used: 1500.00/1500.0
Ep  295 | Phase: PROTAGO | Ticks: 799 | Protag R: -5286.00 | Antag R: 5136.00 | Delivery:  37.5% | Budget Used: 1500.00/1500.0
Ep  296 | Phase: PROTAGO | Ticks: 799 | Protag R: -5597.00 | Antag R: 5447.00 | Delivery:  37.5% | Budget Used: 1500.00/1500.0
Ep  297 | Phase: PROTAGO | Ticks: 798 | Protag R: -5904.00 | Antag R: 5754.00 | Delivery:  25.0% | Budget Used: 1500.00/1500.0
Ep  298 | Phase: PROTAGO | Ticks: 799 | Protag R: -5229.00 | Antag R: 5079.00 | Delivery:  37.5% | Budget Used: 1500.00/1500.0
Ep  299 | Phase: PROTAGO | Ticks: 799 | Protag R: -5675.00 | Antag R: 5525.00 | Delivery:  50.0% | Budget Used: 1500.00/1500.0
Ep  300 | Phase: PROTAGO | Ticks: 799 | Protag R: -5782.00 | Antag R: 5632.00 | Delivery:  25.0% | Budget Used: 1500.00/1500.0
  [EVAL ep 300] greedy_atk=847 learned_atk=6400 gap=+5553 (neg = learned beats greedy under attack)
Saving checkpoints for both agents before phase switch...
Ep  301 | Phase: PROTAGO | Ticks: 799 | Protag R: -5458.00 | Antag R: 5308.00 | Delivery:  37.5% | Budget Used: 1500.00/1500.0
Ep  302 | Phase: PROTAGO | Ticks: 799 | Protag R: -5957.00 | Antag R: 5807.00 | Delivery:  25.0% | Budget Used: 1500.00/1500.0
Ep  303 | Phase: PROTAGO | Ticks: 799 | Protag R: -5866.00 | Antag R: 5716.00 | Delivery:  37.5% | Budget Used: 1500.00/1500.0
Ep  304 | Phase: PROTAGO | Ticks: 797 | Protag R: -5907.00 | Antag R: 5757.00 | Delivery:  25.0% | Budget Used: 1500.00/1500.0
Ep  305 | Phase: PROTAGO | Ticks: 799 | Protag R: -6035.00 | Antag R: 5885.00 | Delivery:  25.0% | Budget Used: 1500.00/1500.0
Ep  306 | Phase: PROTAGO | Ticks: 799 | Protag R: -5794.00 | Antag R: 5644.00 | Delivery:  37.5% | Budget Used: 1500.00/1500.0
Ep  307 | Phase: PROTAGO | Ticks: 799 | Protag R: -5515.00 | Antag R: 5365.00 | Delivery:  50.0% | Budget Used: 1500.00/1500.0
Ep  308 | Phase: PROTAGO | Ticks: 799 | Protag R: -5585.00 | Antag R: 5435.00 | Delivery:  25.0% | Budget Used: 1500.00/1500.0
Ep  309 | Phase: PROTAGO | Ticks: 799 | Protag R: -5624.00 | Antag R: 5474.00 | Delivery:  37.5% | Budget Used: 1500.00/1500.0
Ep  310 | Phase: PROTAGO | Ticks: 799 | Protag R: -5494.00 | Antag R: 5344.00 | Delivery:  37.5% | Budget Used: 1500.00/1500.0
Ep  311 | Phase: PROTAGO | Ticks: 798 | Protag R: -5849.00 | Antag R: 5699.00 | Delivery:  25.0% | Budget Used: 1500.00/1500.0
Ep  312 | Phase: PROTAGO | Ticks: 798 | Protag R: -5652.00 | Antag R: 5502.00 | Delivery:  25.0% | Budget Used: 1500.00/1500.0
Ep  313 | Phase: PROTAGO | Ticks: 799 | Protag R: -5065.00 | Antag R: 4915.00 | Delivery:  37.5% | Budget Used: 1500.00/1500.0
Ep  314 | Phase: PROTAGO | Ticks: 798 | Protag R: -5399.00 | Antag R: 5249.00 | Delivery:  37.5% | Budget Used: 1500.00/1500.0
Ep  315 | Phase: PROTAGO | Ticks: 799 | Protag R: -5746.00 | Antag R: 5596.00 | Delivery:  37.5% | Budget Used: 1500.00/1500.0
Ep  316 | Phase: PROTAGO | Ticks: 798 | Protag R: -5500.00 | Antag R: 5350.00 | Delivery:  37.5% | Budget Used: 1500.00/1500.0
Ep  317 | Phase: PROTAGO | Ticks: 799 | Protag R: -5804.00 | Antag R: 5654.00 | Delivery:  25.0% | Budget Used: 1500.00/1500.0
Ep  318 | Phase: PROTAGO | Ticks: 798 | Protag R: -5882.00 | Antag R: 5732.00 | Delivery:  25.0% | Budget Used: 1500.00/1500.0
Ep  319 | Phase: PROTAGO | Ticks: 798 | Protag R: -5590.00 | Antag R: 5440.00 | Delivery:  37.5% | Budget Used: 1500.00/1500.0
Ep  320 | Phase: PROTAGO | Ticks: 799 | Protag R: -4934.00 | Antag R: 4784.00 | Delivery:  62.5% | Budget Used: 1500.00/1500.0
Ep  321 | Phase: PROTAGO | Ticks: 799 | Protag R: -5323.00 | Antag R: 5173.00 | Delivery:  37.5% | Budget Used: 1500.00/1500.0
Ep  322 | Phase: PROTAGO | Ticks: 798 | Protag R: -5586.00 | Antag R: 5436.00 | Delivery:  37.5% | Budget Used: 1500.00/1500.0
Ep  323 | Phase: PROTAGO | Ticks: 799 | Protag R: -5060.00 | Antag R: 4910.00 | Delivery:  37.5% | Budget Used: 1500.00/1500.0
Ep  324 | Phase: PROTAGO | Ticks: 798 | Protag R: -5695.00 | Antag R: 5545.00 | Delivery:  25.0% | Budget Used: 1500.00/1500.0
Ep  325 | Phase: PROTAGO | Ticks: 799 | Protag R: -5720.00 | Antag R: 5570.00 | Delivery:  25.0% | Budget Used: 1500.00/1500.0
Saving checkpoints for both agents before phase switch...
Ep  326 | Phase: PROTAGO | Ticks: 798 | Protag R: -5635.00 | Antag R: 5485.00 | Delivery:  25.0% | Budget Used: 1500.00/1500.0
Ep  327 | Phase: PROTAGO | Ticks: 798 | Protag R: -5388.00 | Antag R: 5238.00 | Delivery:  37.5% | Budget Used: 1500.00/1500.0
Ep  328 | Phase: PROTAGO | Ticks: 799 | Protag R: -5794.00 | Antag R: 5644.00 | Delivery:  25.0% | Budget Used: 1500.00/1500.0
Ep  329 | Phase: PROTAGO | Ticks: 799 | Protag R: -5008.00 | Antag R: 4858.00 | Delivery:  37.5% | Budget Used: 1500.00/1500.0
Ep  330 | Phase: PROTAGO | Ticks: 799 | Protag R: -5482.00 | Antag R: 5332.00 | Delivery:  50.0% | Budget Used: 1500.00/1500.0
Ep  331 | Phase: PROTAGO | Ticks: 799 | Protag R: -5855.00 | Antag R: 5705.00 | Delivery:  25.0% | Budget Used: 1500.00/1500.0
Ep  332 | Phase: PROTAGO | Ticks: 798 | Protag R: -5895.00 | Antag R: 5745.00 | Delivery:  25.0% | Budget Used: 1500.00/1500.0
Ep  333 | Phase: PROTAGO | Ticks: 799 | Protag R: -5430.00 | Antag R: 5280.00 | Delivery:  37.5% | Budget Used: 1500.00/1500.0
Ep  334 | Phase: PROTAGO | Ticks: 799 | Protag R: -5602.00 | Antag R: 5452.00 | Delivery:  25.0% | Budget Used: 1500.00/1500.0
Ep  335 | Phase: PROTAGO | Ticks: 799 | Protag R: -5198.00 | Antag R: 5048.00 | Delivery:  37.5% | Budget Used: 1500.00/1500.0
Ep  336 | Phase: PROTAGO | Ticks: 797 | Protag R: -5408.00 | Antag R: 5258.00 | Delivery:  50.0% | Budget Used: 1500.00/1500.0
Ep  337 | Phase: PROTAGO | Ticks: 799 | Protag R: -5758.00 | Antag R: 5608.00 | Delivery:  37.5% | Budget Used: 1500.00/1500.0
Ep  338 | Phase: PROTAGO | Ticks: 799 | Protag R: -4803.00 | Antag R: 4653.00 | Delivery:  50.0% | Budget Used: 1500.00/1500.0
Ep  339 | Phase: PROTAGO | Ticks: 799 | Protag R: -5804.00 | Antag R: 5654.00 | Delivery:  25.0% | Budget Used: 1500.00/1500.0
Ep  340 | Phase: PROTAGO | Ticks: 798 | Protag R: -6194.00 | Antag R: 6044.00 | Delivery:  12.5% | Budget Used: 1500.00/1500.0
Ep  341 | Phase: PROTAGO | Ticks: 799 | Protag R: -5762.00 | Antag R: 5612.00 | Delivery:  25.0% | Budget Used: 1500.00/1500.0
Ep  342 | Phase: PROTAGO | Ticks: 798 | Protag R: -6154.00 | Antag R: 6004.00 | Delivery:  25.0% | Budget Used: 1500.00/1500.0
Ep  343 | Phase: PROTAGO | Ticks: 798 | Protag R: -5410.00 | Antag R: 5260.00 | Delivery:  25.0% | Budget Used: 1500.00/1500.0
Ep  344 | Phase: PROTAGO | Ticks: 799 | Protag R: -5274.00 | Antag R: 5124.00 | Delivery:  37.5% | Budget Used: 1500.00/1500.0
Ep  345 | Phase: PROTAGO | Ticks: 798 | Protag R: -5436.00 | Antag R: 5286.00 | Delivery:  25.0% | Budget Used: 1500.00/1500.0
Ep  346 | Phase: PROTAGO | Ticks: 799 | Protag R: -5645.00 | Antag R: 5495.00 | Delivery:  37.5% | Budget Used: 1500.00/1500.0
Ep  347 | Phase: PROTAGO | Ticks: 798 | Protag R: -5604.00 | Antag R: 5454.00 | Delivery:  25.0% | Budget Used: 1500.00/1500.0
Ep  348 | Phase: PROTAGO | Ticks: 798 | Protag R: -5109.00 | Antag R: 4959.00 | Delivery:  37.5% | Budget Used: 1500.00/1500.0
Ep  349 | Phase: PROTAGO | Ticks: 798 | Protag R: -5808.00 | Antag R: 5658.00 | Delivery:  37.5% | Budget Used: 1500.00/1500.0
Ep  350 | Phase: PROTAGO | Ticks: 798 | Protag R: -5583.00 | Antag R: 5433.00 | Delivery:  25.0% | Budget Used: 1500.00/1500.0
  [EVAL ep 350] greedy_atk=847 learned_atk=6400 gap=+5553 (neg = learned beats greedy under attack)
Saving checkpoints for both agents before phase switch...
Ep  351 | Phase: PROTAGO | Ticks: 796 | Protag R: -5625.00 | Antag R: 5475.00 | Delivery:  25.0% | Budget Used: 1500.00/1500.0
Ep  352 | Phase: PROTAGO | Ticks: 799 | Protag R: -5136.00 | Antag R: 4986.00 | Delivery:  50.0% | Budget Used: 1500.00/1500.0
Ep  353 | Phase: PROTAGO | Ticks: 799 | Protag R: -5528.00 | Antag R: 5378.00 | Delivery:  25.0% | Budget Used: 1500.00/1500.0
Ep  354 | Phase: PROTAGO | Ticks: 799 | Protag R: -5133.00 | Antag R: 4983.00 | Delivery:  37.5% | Budget Used: 1500.00/1500.0
Ep  355 | Phase: PROTAGO | Ticks: 799 | Protag R: -5443.00 | Antag R: 5293.00 | Delivery:  50.0% | Budget Used: 1500.00/1500.0
Ep  356 | Phase: PROTAGO | Ticks: 799 | Protag R: -5135.00 | Antag R: 4985.00 | Delivery:  37.5% | Budget Used: 1500.00/1500.0
Ep  357 | Phase: PROTAGO | Ticks: 798 | Protag R: -5696.00 | Antag R: 5546.00 | Delivery:  25.0% | Budget Used: 1500.00/1500.0
Ep  358 | Phase: PROTAGO | Ticks: 799 | Protag R: -5728.00 | Antag R: 5578.00 | Delivery:  25.0% | Budget Used: 1500.00/1500.0
Ep  359 | Phase: PROTAGO | Ticks: 798 | Protag R: -5913.00 | Antag R: 5763.00 | Delivery:  25.0% | Budget Used: 1500.00/1500.0
Ep  360 | Phase: PROTAGO | Ticks: 798 | Protag R: -5647.00 | Antag R: 5497.00 | Delivery:  25.0% | Budget Used: 1500.00/1500.0
Ep  361 | Phase: PROTAGO | Ticks: 799 | Protag R: -5643.00 | Antag R: 5493.00 | Delivery:  25.0% | Budget Used: 1500.00/1500.0
Ep  362 | Phase: PROTAGO | Ticks: 796 | Protag R: -5923.00 | Antag R: 5773.00 | Delivery:  25.0% | Budget Used: 1500.00/1500.0
Ep  363 | Phase: PROTAGO | Ticks: 799 | Protag R: -5674.00 | Antag R: 5524.00 | Delivery:  37.5% | Budget Used: 1500.00/1500.0
Ep  364 | Phase: PROTAGO | Ticks: 799 | Protag R: -5619.00 | Antag R: 5469.00 | Delivery:  25.0% | Budget Used: 1500.00/1500.0
Ep  365 | Phase: PROTAGO | Ticks: 796 | Protag R: -5610.00 | Antag R: 5460.00 | Delivery:  25.0% | Budget Used: 1500.00/1500.0
Ep  366 | Phase: PROTAGO | Ticks: 799 | Protag R: -5422.00 | Antag R: 5272.00 | Delivery:  50.0% | Budget Used: 1500.00/1500.0
Ep  367 | Phase: PROTAGO | Ticks: 799 | Protag R: -5284.00 | Antag R: 5134.00 | Delivery:  37.5% | Budget Used: 1500.00/1500.0
Ep  368 | Phase: PROTAGO | Ticks: 799 | Protag R: -5718.00 | Antag R: 5568.00 | Delivery:  37.5% | Budget Used: 1500.00/1500.0
Ep  369 | Phase: PROTAGO | Ticks: 799 | Protag R: -5254.00 | Antag R: 5104.00 | Delivery:  25.0% | Budget Used: 1500.00/1500.0
Ep  370 | Phase: PROTAGO | Ticks: 799 | Protag R: -5977.00 | Antag R: 5827.00 | Delivery:  12.5% | Budget Used: 1500.00/1500.0
Ep  371 | Phase: PROTAGO | Ticks: 797 | Protag R: -5384.00 | Antag R: 5234.00 | Delivery:  62.5% | Budget Used: 1500.00/1500.0
Ep  372 | Phase: PROTAGO | Ticks: 797 | Protag R: -5588.00 | Antag R: 5438.00 | Delivery:  25.0% | Budget Used: 1500.00/1500.0
Ep  373 | Phase: PROTAGO | Ticks: 799 | Protag R: -5502.00 | Antag R: 5352.00 | Delivery:  37.5% | Budget Used: 1500.00/1500.0
Ep  374 | Phase: PROTAGO | Ticks: 799 | Protag R: -5828.00 | Antag R: 5678.00 | Delivery:  25.0% | Budget Used: 1500.00/1500.0
Ep  375 | Phase: PROTAGO | Ticks: 799 | Protag R: -5955.00 | Antag R: 5805.00 | Delivery:  12.5% | Budget Used: 1500.00/1500.0
Saving checkpoints for both agents before phase switch...
Ep  376 | Phase: PROTAGO | Ticks: 797 | Protag R: -5298.00 | Antag R: 5148.00 | Delivery:  25.0% | Budget Used: 1500.00/1500.0
Ep  377 | Phase: PROTAGO | Ticks: 798 | Protag R: -5439.00 | Antag R: 5289.00 | Delivery:  37.5% | Budget Used: 1500.00/1500.0
Ep  378 | Phase: PROTAGO | Ticks: 799 | Protag R: -5931.00 | Antag R: 5781.00 | Delivery:  25.0% | Budget Used: 1500.00/1500.0
Ep  379 | Phase: PROTAGO | Ticks: 798 | Protag R: -5628.00 | Antag R: 5478.00 | Delivery:  37.5% | Budget Used: 1500.00/1500.0
Ep  380 | Phase: PROTAGO | Ticks: 796 | Protag R: -5835.00 | Antag R: 5685.00 | Delivery:  25.0% | Budget Used: 1500.00/1500.0
Ep  381 | Phase: PROTAGO | Ticks: 797 | Protag R: -5413.00 | Antag R: 5263.00 | Delivery:  37.5% | Budget Used: 1500.00/1500.0
Ep  382 | Phase: PROTAGO | Ticks: 799 | Protag R: -5089.00 | Antag R: 4939.00 | Delivery:  37.5% | Budget Used: 1500.00/1500.0
Ep  383 | Phase: PROTAGO | Ticks: 799 | Protag R: -5224.00 | Antag R: 5074.00 | Delivery:  37.5% | Budget Used: 1500.00/1500.0
Ep  384 | Phase: PROTAGO | Ticks: 796 | Protag R: -5219.00 | Antag R: 5069.00 | Delivery:  50.0% | Budget Used: 1500.00/1500.0
Ep  385 | Phase: PROTAGO | Ticks: 799 | Protag R: -5308.00 | Antag R: 5158.00 | Delivery:  37.5% | Budget Used: 1500.00/1500.0
Ep  386 | Phase: PROTAGO | Ticks: 799 | Protag R: -5653.00 | Antag R: 5503.00 | Delivery:  37.5% | Budget Used: 1500.00/1500.0
Ep  387 | Phase: PROTAGO | Ticks: 799 | Protag R: -5604.00 | Antag R: 5454.00 | Delivery:  37.5% | Budget Used: 1500.00/1500.0
Ep  388 | Phase: PROTAGO | Ticks: 799 | Protag R: -5433.00 | Antag R: 5283.00 | Delivery:  25.0% | Budget Used: 1500.00/1500.0
Ep  389 | Phase: PROTAGO | Ticks: 799 | Protag R: -5627.00 | Antag R: 5477.00 | Delivery:  25.0% | Budget Used: 1500.00/1500.0
Ep  390 | Phase: PROTAGO | Ticks: 799 | Protag R: -5550.00 | Antag R: 5400.00 | Delivery:  37.5% | Budget Used: 1500.00/1500.0
Ep  391 | Phase: PROTAGO | Ticks: 799 | Protag R: -5060.00 | Antag R: 4910.00 | Delivery:  50.0% | Budget Used: 1500.00/1500.0
Ep  392 | Phase: PROTAGO | Ticks: 797 | Protag R: -5626.00 | Antag R: 5476.00 | Delivery:  37.5% | Budget Used: 1500.00/1500.0
Ep  393 | Phase: PROTAGO | Ticks: 799 | Protag R: -5928.00 | Antag R: 5778.00 | Delivery:  25.0% | Budget Used: 1500.00/1500.0
Ep  394 | Phase: PROTAGO | Ticks: 799 | Protag R: -6212.00 | Antag R: 6062.00 | Delivery:  12.5% | Budget Used: 1500.00/1500.0
Ep  395 | Phase: PROTAGO | Ticks: 799 | Protag R: -5640.00 | Antag R: 5490.00 | Delivery:  25.0% | Budget Used: 1500.00/1500.0
Ep  396 | Phase: PROTAGO | Ticks: 799 | Protag R: -5729.00 | Antag R: 5579.00 | Delivery:  25.0% | Budget Used: 1500.00/1500.0
Ep  397 | Phase: PROTAGO | Ticks: 799 | Protag R: -5253.00 | Antag R: 5103.00 | Delivery:  62.5% | Budget Used: 1500.00/1500.0
Ep  398 | Phase: PROTAGO | Ticks: 798 | Protag R: -5855.00 | Antag R: 5705.00 | Delivery:  25.0% | Budget Used: 1500.00/1500.0
Ep  399 | Phase: PROTAGO | Ticks: 799 | Protag R: -5731.00 | Antag R: 5581.00 | Delivery:  37.5% | Budget Used: 1500.00/1500.0
Ep  400 | Phase: PROTAGO | Ticks: 799 | Protag R: -5734.00 | Antag R: 5584.00 | Delivery:  37.5% | Budget Used: 1500.00/1500.0
  [EVAL ep 400] greedy_atk=847 learned_atk=6400 gap=+5553 (neg = learned beats greedy under attack)
Saved coevolved protagonist actor to models/runs/gen05_hybrid_matrix/hybrid_scripted_seed0/protagonist/actor.pt
Saved coevolved antagonist actor to models/runs/gen05_hybrid_matrix/hybrid_scripted_seed0/antagonist/actor.pt
Saved copy of protagonist actor as latest to models/protagonist/actor.pt
Saved copy of antagonist actor as latest to models/antagonist/actor.pt

SACRED ATLA Training completed successfully! Logs saved to TensorBoard.
