Seeded run: seed=1
Initializing SACRED Stage-2 HYBRID (assignment + next-hop routing, static demand)...
Configuring Protagonist Dispatch Agent...
Configuring Antagonist Congestion Agent...
Initializing ATLA Coevolution Trainer...
Run Name: gen05_hybrid_matrix/hybrid_vanilla_seed1
Starting SACRED training (mode=vanilla) for 400 episodes...
Device: Protagonist=cpu, Antagonist=cpu
Initial Phase: Training PROTAGONIST

Ep    1 | Phase: PROTAGO | Ticks: 799 | Protag R: -4973.00 | Antag R: 4973.00 | Delivery:  37.5% | Budget Used:  0.00/1500.0
Ep    2 | Phase: PROTAGO | Ticks: 798 | Protag R: -3638.00 | Antag R: 3638.00 | Delivery:  87.5% | Budget Used:  0.00/1500.0
Ep    3 | Phase: PROTAGO | Ticks: 799 | Protag R: -5056.00 | Antag R: 5056.00 | Delivery:  37.5% | Budget Used:  0.00/1500.0
Ep    4 | Phase: PROTAGO | Ticks: 799 | Protag R: -4496.00 | Antag R: 4496.00 | Delivery:  50.0% | Budget Used:  0.00/1500.0
Ep    5 | Phase: PROTAGO | Ticks: 799 | Protag R: -4222.00 | Antag R: 4222.00 | Delivery:  62.5% | Budget Used:  0.00/1500.0
Ep    6 | Phase: PROTAGO | Ticks: 799 | Protag R: -4969.00 | Antag R: 4969.00 | Delivery:  37.5% | Budget Used:  0.00/1500.0
Ep    7 | Phase: PROTAGO | Ticks: 798 | Protag R: -5203.00 | Antag R: 5203.00 | Delivery:  50.0% | Budget Used:  0.00/1500.0
Ep    8 | Phase: PROTAGO | Ticks: 798 | Protag R: -5536.00 | Antag R: 5536.00 | Delivery:  50.0% | Budget Used:  0.00/1500.0
Ep    9 | Phase: PROTAGO | Ticks: 799 | Protag R: -4257.00 | Antag R: 4257.00 | Delivery:  62.5% | Budget Used:  0.00/1500.0
Ep   10 | Phase: PROTAGO | Ticks: 799 | Protag R: -4812.00 | Antag R: 4812.00 | Delivery:  50.0% | Budget Used:  0.00/1500.0
Ep   11 | Phase: PROTAGO | Ticks: 799 | Protag R: -5052.00 | Antag R: 5052.00 | Delivery:  37.5% | Budget Used:  0.00/1500.0
Ep   12 | Phase: PROTAGO | Ticks: 798 | Protag R: -5648.00 | Antag R: 5648.00 | Delivery:  25.0% | Budget Used:  0.00/1500.0
Ep   13 | Phase: PROTAGO | Ticks: 799 | Protag R: -4138.00 | Antag R: 4138.00 | Delivery:  62.5% | Budget Used:  0.00/1500.0
Ep   14 | Phase: PROTAGO | Ticks: 799 | Protag R: -4984.00 | Antag R: 4984.00 | Delivery:  37.5% | Budget Used:  0.00/1500.0
Ep   15 | Phase: PROTAGO | Ticks: 799 | Protag R: -5082.00 | Antag R: 5082.00 | Delivery:  50.0% | Budget Used:  0.00/1500.0
Ep   16 | Phase: PROTAGO | Ticks: 799 | Protag R: -4574.00 | Antag R: 4574.00 | Delivery:  50.0% | Budget Used:  0.00/1500.0
Ep   17 | Phase: PROTAGO | Ticks: 798 | Protag R: -5364.00 | Antag R: 5364.00 | Delivery:  37.5% | Budget Used:  0.00/1500.0
Ep   18 | Phase: PROTAGO | Ticks: 799 | Protag R: -4952.00 | Antag R: 4952.00 | Delivery:  62.5% | Budget Used:  0.00/1500.0
Ep   19 | Phase: PROTAGO | Ticks: 799 | Protag R: -4147.00 | Antag R: 4147.00 | Delivery:  75.0% | Budget Used:  0.00/1500.0
Ep   20 | Phase: PROTAGO | Ticks: 799 | Protag R: -4609.00 | Antag R: 4609.00 | Delivery:  75.0% | Budget Used:  0.00/1500.0
Ep   21 | Phase: PROTAGO | Ticks: 799 | Protag R: -5123.00 | Antag R: 5123.00 | Delivery:  37.5% | Budget Used:  0.00/1500.0
Ep   22 | Phase: PROTAGO | Ticks: 799 | Protag R: -4472.00 | Antag R: 4472.00 | Delivery:  50.0% | Budget Used:  0.00/1500.0
Ep   23 | Phase: PROTAGO | Ticks: 799 | Protag R: -4724.00 | Antag R: 4724.00 | Delivery:  62.5% | Budget Used:  0.00/1500.0
Ep   24 | Phase: PROTAGO | Ticks: 799 | Protag R: -4602.00 | Antag R: 4602.00 | Delivery:  62.5% | Budget Used:  0.00/1500.0
Ep   25 | Phase: PROTAGO | Ticks: 799 | Protag R: -5021.00 | Antag R: 5021.00 | Delivery:  50.0% | Budget Used:  0.00/1500.0
Saving checkpoints for both agents before phase switch...
Ep   26 | Phase: PROTAGO | Ticks: 799 | Protag R: -4587.00 | Antag R: 4587.00 | Delivery:  62.5% | Budget Used:  0.00/1500.0
Ep   27 | Phase: PROTAGO | Ticks: 799 | Protag R: -4375.00 | Antag R: 4375.00 | Delivery:  62.5% | Budget Used:  0.00/1500.0
Ep   28 | Phase: PROTAGO | Ticks: 799 | Protag R: -4055.00 | Antag R: 4055.00 | Delivery:  62.5% | Budget Used:  0.00/1500.0
Ep   29 | Phase: PROTAGO | Ticks: 799 | Protag R: -5037.00 | Antag R: 5037.00 | Delivery:  25.0% | Budget Used:  0.00/1500.0
Ep   30 | Phase: PROTAGO | Ticks: 798 | Protag R: -4936.00 | Antag R: 4936.00 | Delivery:  37.5% | Budget Used:  0.00/1500.0
Ep   31 | Phase: PROTAGO | Ticks: 797 | Protag R: -5083.00 | Antag R: 5083.00 | Delivery:  50.0% | Budget Used:  0.00/1500.0
Ep   32 | Phase: PROTAGO | Ticks: 797 | Protag R: -4588.00 | Antag R: 4588.00 | Delivery:  37.5% | Budget Used:  0.00/1500.0
Ep   33 | Phase: PROTAGO | Ticks: 799 | Protag R: -4625.00 | Antag R: 4625.00 | Delivery:  37.5% | Budget Used:  0.00/1500.0
Ep   34 | Phase: PROTAGO | Ticks: 799 | Protag R: -4617.00 | Antag R: 4617.00 | Delivery:  62.5% | Budget Used:  0.00/1500.0
Ep   35 | Phase: PROTAGO | Ticks: 799 | Protag R: -5058.00 | Antag R: 5058.00 | Delivery:  50.0% | Budget Used:  0.00/1500.0
Ep   36 | Phase: PROTAGO | Ticks: 799 | Protag R: -4780.00 | Antag R: 4780.00 | Delivery:  37.5% | Budget Used:  0.00/1500.0
Ep   37 | Phase: PROTAGO | Ticks: 799 | Protag R: -4995.00 | Antag R: 4995.00 | Delivery:  37.5% | Budget Used:  0.00/1500.0
Ep   38 | Phase: PROTAGO | Ticks: 799 | Protag R: -4603.00 | Antag R: 4603.00 | Delivery:  50.0% | Budget Used:  0.00/1500.0
Ep   39 | Phase: PROTAGO | Ticks: 798 | Protag R: -4582.00 | Antag R: 4582.00 | Delivery:  62.5% | Budget Used:  0.00/1500.0
Ep   40 | Phase: PROTAGO | Ticks: 799 | Protag R: -4866.00 | Antag R: 4866.00 | Delivery:  37.5% | Budget Used:  0.00/1500.0
Ep   41 | Phase: PROTAGO | Ticks: 798 | Protag R: -4759.00 | Antag R: 4759.00 | Delivery:  37.5% | Budget Used:  0.00/1500.0
Ep   42 | Phase: PROTAGO | Ticks: 799 | Protag R: -4892.00 | Antag R: 4892.00 | Delivery:  37.5% | Budget Used:  0.00/1500.0
Ep   43 | Phase: PROTAGO | Ticks: 797 | Protag R: -4724.00 | Antag R: 4724.00 | Delivery:  37.5% | Budget Used:  0.00/1500.0
Ep   44 | Phase: PROTAGO | Ticks: 799 | Protag R: -4986.00 | Antag R: 4986.00 | Delivery:  62.5% | Budget Used:  0.00/1500.0
Ep   45 | Phase: PROTAGO | Ticks: 799 | Protag R: -4142.00 | Antag R: 4142.00 | Delivery:  62.5% | Budget Used:  0.00/1500.0
Ep   46 | Phase: PROTAGO | Ticks: 799 | Protag R: -4404.00 | Antag R: 4404.00 | Delivery:  37.5% | Budget Used:  0.00/1500.0
Ep   47 | Phase: PROTAGO | Ticks: 799 | Protag R: -4603.00 | Antag R: 4603.00 | Delivery:  50.0% | Budget Used:  0.00/1500.0
Ep   48 | Phase: PROTAGO | Ticks: 799 | Protag R: -4872.00 | Antag R: 4872.00 | Delivery:  37.5% | Budget Used:  0.00/1500.0
Ep   49 | Phase: PROTAGO | Ticks: 798 | Protag R: -4581.00 | Antag R: 4581.00 | Delivery:  50.0% | Budget Used:  0.00/1500.0
Ep   50 | Phase: PROTAGO | Ticks: 799 | Protag R: -4900.00 | Antag R: 4900.00 | Delivery:  37.5% | Budget Used:  0.00/1500.0
  [EVAL ep 50] greedy_atk=847 learned_atk=6400 gap=+5553 (neg = learned beats greedy under attack)
Saving checkpoints for both agents before phase switch...
Ep   51 | Phase: PROTAGO | Ticks: 799 | Protag R: -4651.00 | Antag R: 4651.00 | Delivery:  50.0% | Budget Used:  0.00/1500.0
Ep   52 | Phase: PROTAGO | Ticks: 799 | Protag R: -4227.00 | Antag R: 4227.00 | Delivery:  75.0% | Budget Used:  0.00/1500.0
Ep   53 | Phase: PROTAGO | Ticks: 799 | Protag R: -4528.00 | Antag R: 4528.00 | Delivery:  50.0% | Budget Used:  0.00/1500.0
Ep   54 | Phase: PROTAGO | Ticks: 799 | Protag R: -4893.00 | Antag R: 4893.00 | Delivery:  37.5% | Budget Used:  0.00/1500.0
Ep   55 | Phase: PROTAGO | Ticks: 798 | Protag R: -4630.00 | Antag R: 4630.00 | Delivery:  50.0% | Budget Used:  0.00/1500.0
Ep   56 | Phase: PROTAGO | Ticks: 799 | Protag R: -4962.00 | Antag R: 4962.00 | Delivery:  37.5% | Budget Used:  0.00/1500.0
Ep   57 | Phase: PROTAGO | Ticks: 798 | Protag R: -5009.00 | Antag R: 5009.00 | Delivery:  50.0% | Budget Used:  0.00/1500.0
Ep   58 | Phase: PROTAGO | Ticks: 798 | Protag R: -4837.00 | Antag R: 4837.00 | Delivery:  50.0% | Budget Used:  0.00/1500.0
Ep   59 | Phase: PROTAGO | Ticks: 798 | Protag R: -5226.00 | Antag R: 5226.00 | Delivery:  50.0% | Budget Used:  0.00/1500.0
Ep   60 | Phase: PROTAGO | Ticks: 799 | Protag R: -4767.00 | Antag R: 4767.00 | Delivery:  37.5% | Budget Used:  0.00/1500.0
Ep   61 | Phase: PROTAGO | Ticks: 799 | Protag R: -4321.00 | Antag R: 4321.00 | Delivery:  62.5% | Budget Used:  0.00/1500.0Seeded run: seed=1
Initializing SACRED Stage-2 HYBRID (assignment + next-hop routing, static demand)...
Configuring Protagonist Dispatch Agent...
Configuring Antagonist Congestion Agent...
Resuming from checkpoints in models/runs/gen05_hybrid_matrix/hybrid_vanilla_seed1...
Resumed successfully from episode 75.
Initializing ATLA Coevolution Trainer...
Run Name: gen05_hybrid_matrix/hybrid_vanilla_seed1
Starting SACRED training (mode=vanilla) for 400 episodes...
Device: Protagonist=cpu, Antagonist=cpu
Initial Phase: Training PROTAGONIST

Saving checkpoints for both agents before phase switch...
Ep   76 | Phase: PROTAGO | Ticks: 798 | Protag R: -4994.00 | Antag R: 4994.00 | Delivery:  50.0% | Budget Used:  0.00/1500.0
Ep   77 | Phase: PROTAGO | Ticks: 798 | Protag R: -4688.00 | Antag R: 4688.00 | Delivery:  50.0% | Budget Used:  0.00/1500.0
Ep   78 | Phase: PROTAGO | Ticks: 799 | Protag R: -4854.00 | Antag R: 4854.00 | Delivery:  37.5% | Budget Used:  0.00/1500.0
Ep   79 | Phase: PROTAGO | Ticks: 799 | Protag R: -4520.00 | Antag R: 4520.00 | Delivery:  50.0% | Budget Used:  0.00/1500.0
Ep   80 | Phase: PROTAGO | Ticks: 798 | Protag R: -5679.00 | Antag R: 5679.00 | Delivery:  25.0% | Budget Used:  0.00/1500.0
Ep   81 | Phase: PROTAGO | Ticks: 799 | Protag R: -4341.00 | Antag R: 4341.00 | Delivery:  50.0% | Budget Used:  0.00/1500.0
Ep   82 | Phase: PROTAGO | Ticks: 799 | Protag R: -4539.00 | Antag R: 4539.00 | Delivery:  50.0% | Budget Used:  0.00/1500.0
Ep   83 | Phase: PROTAGO | Ticks: 799 | Protag R: -4631.00 | Antag R: 4631.00 | Delivery:  50.0% | Budget Used:  0.00/1500.0
Ep   84 | Phase: PROTAGO | Ticks: 799 | Protag R: -4736.00 | Antag R: 4736.00 | Delivery:  50.0% | Budget Used:  0.00/1500.0
Ep   85 | Phase: PROTAGO | Ticks: 799 | Protag R: -4605.00 | Antag R: 4605.00 | Delivery:  50.0% | Budget Used:  0.00/1500.0
Ep   86 | Phase: PROTAGO | Ticks: 799 | Protag R: -4896.00 | Antag R: 4896.00 | Delivery:  62.5% | Budget Used:  0.00/1500.0
Ep   87 | Phase: PROTAGO | Ticks: 799 | Protag R: -4437.00 | Antag R: 4437.00 | Delivery:  62.5% | Budget Used:  0.00/1500.0
Ep   88 | Phase: PROTAGO | Ticks: 799 | Protag R: -4504.00 | Antag R: 4504.00 | Delivery:  62.5% | Budget Used:  0.00/1500.0
Ep   89 | Phase: PROTAGO | Ticks: 798 | Protag R: -5178.00 | Antag R: 5178.00 | Delivery:  50.0% | Budget Used:  0.00/1500.0
Ep   90 | Phase: PROTAGO | Ticks: 799 | Protag R: -4905.00 | Antag R: 4905.00 | Delivery:  37.5% | Budget Used:  0.00/1500.0
Ep   91 | Phase: PROTAGO | Ticks: 798 | Protag R: -5050.00 | Antag R: 5050.00 | Delivery:  50.0% | Budget Used:  0.00/1500.0
Ep   92 | Phase: PROTAGO | Ticks: 799 | Protag R: -4935.00 | Antag R: 4935.00 | Delivery:  37.5% | Budget Used:  0.00/1500.0
Ep   93 | Phase: PROTAGO | Ticks: 799 | Protag R: -4683.00 | Antag R: 4683.00 | Delivery:  50.0% | Budget Used:  0.00/1500.0
Ep   94 | Phase: PROTAGO | Ticks: 799 | Protag R: -5248.00 | Antag R: 5248.00 | Delivery:  37.5% | Budget Used:  0.00/1500.0
Ep   95 | Phase: PROTAGO | Ticks: 799 | Protag R: -5426.00 | Antag R: 5426.00 | Delivery:  37.5% | Budget Used:  0.00/1500.0
Ep   96 | Phase: PROTAGO | Ticks: 797 | Protag R: -4633.00 | Antag R: 4633.00 | Delivery:  50.0% | Budget Used:  0.00/1500.0
Ep   97 | Phase: PROTAGO | Ticks: 799 | Protag R: -4511.00 | Antag R: 4511.00 | Delivery:  50.0% | Budget Used:  0.00/1500.0
Ep   98 | Phase: PROTAGO | Ticks: 798 | Protag R: -5000.00 | Antag R: 5000.00 | Delivery:  37.5% | Budget Used:  0.00/1500.0
Ep   99 | Phase: PROTAGO | Ticks: 799 | Protag R: -4895.00 | Antag R: 4895.00 | Delivery:  50.0% | Budget Used:  0.00/1500.0
Ep  100 | Phase: PROTAGO | Ticks: 799 | Protag R: -4418.00 | Antag R: 4418.00 | Delivery:  50.0% | Budget Used:  0.00/1500.0
  [EVAL ep 100] greedy_atk=847 learned_atk=6400 gap=+5553 (neg = learned beats greedy under attack)
Saving checkpoints for both agents before phase switch...
Ep  101 | Phase: PROTAGO | Ticks: 799 | Protag R: -4420.00 | Antag R: 4420.00 | Delivery:  62.5% | Budget Used:  0.00/1500.0
Ep  102 | Phase: PROTAGO | Ticks: 799 | Protag R: -3478.00 | Antag R: 3478.00 | Delivery:  75.0% | Budget Used:  0.00/1500.0
Ep  103 | Phase: PROTAGO | Ticks: 799 | Protag R: -4966.00 | Antag R: 4966.00 | Delivery:  50.0% | Budget Used:  0.00/1500.0
Ep  104 | Phase: PROTAGO | Ticks: 798 | Protag R: -4512.00 | Antag R: 4512.00 | Delivery:  50.0% | Budget Used:  0.00/1500.0
Ep  105 | Phase: PROTAGO | Ticks: 798 | Protag R: -3629.00 | Antag R: 3629.00 | Delivery:  62.5% | Budget Used:  0.00/1500.0
Ep  106 | Phase: PROTAGO | Ticks: 799 | Protag R: -3847.00 | Antag R: 3847.00 | Delivery:  62.5% | Budget Used:  0.00/1500.0
Ep  107 | Phase: PROTAGO | Ticks: 798 | Protag R: -4614.00 | Antag R: 4614.00 | Delivery:  50.0% | Budget Used:  0.00/1500.0
Ep  108 | Phase: PROTAGO | Ticks: 795 | Protag R: -4891.00 | Antag R: 4891.00 | Delivery:  50.0% | Budget Used:  0.00/1500.0
Ep  109 | Phase: PROTAGO | Ticks: 799 | Protag R: -3882.00 | Antag R: 3882.00 | Delivery:  62.5% | Budget Used:  0.00/1500.0
Ep  110 | Phase: PROTAGO | Ticks: 799 | Protag R: -4286.00 | Antag R: 4286.00 | Delivery:  75.0% | Budget Used:  0.00/1500.0
Ep  111 | Phase: PROTAGO | Ticks: 799 | Protag R: -5142.00 | Antag R: 5142.00 | Delivery:  25.0% | Budget Used:  0.00/1500.0
Ep  112 | Phase: PROTAGO | Ticks: 799 | Protag R: -4034.00 | Antag R: 4034.00 | Delivery:  62.5% | Budget Used:  0.00/1500.0
Ep  113 | Phase: PROTAGO | Ticks: 799 | Protag R: -4525.00 | Antag R: 4525.00 | Delivery:  50.0% | Budget Used:  0.00/1500.0
Ep  114 | Phase: PROTAGO | Ticks: 799 | Protag R: -4641.00 | Antag R: 4641.00 | Delivery:  37.5% | Budget Used:  0.00/1500.0
Ep  115 | Phase: PROTAGO | Ticks: 796 | Protag R: -4944.00 | Antag R: 4944.00 | Delivery:  62.5% | Budget Used:  0.00/1500.0
Ep  116 | Phase: PROTAGO | Ticks: 799 | Protag R: -5037.00 | Antag R: 5037.00 | Delivery:  37.5% | Budget Used:  0.00/1500.0
Ep  117 | Phase: PROTAGO | Ticks: 799 | Protag R: -4201.00 | Antag R: 4201.00 | Delivery:  50.0% | Budget Used:  0.00/1500.0
Ep  118 | Phase: PROTAGO | Ticks: 799 | Protag R: -4334.00 | Antag R: 4334.00 | Delivery:  75.0% | Budget Used:  0.00/1500.0
Ep  119 | Phase: PROTAGO | Ticks: 798 | Protag R: -5200.00 | Antag R: 5200.00 | Delivery:  25.0% | Budget Used:  0.00/1500.0
Ep  120 | Phase: PROTAGO | Ticks: 799 | Protag R: -4921.00 | Antag R: 4921.00 | Delivery:  37.5% | Budget Used:  0.00/1500.0
Ep  121 | Phase: PROTAGO | Ticks: 799 | Protag R: -4902.00 | Antag R: 4902.00 | Delivery:  50.0% | Budget Used:  0.00/1500.0
Ep  122 | Phase: PROTAGO | Ticks: 796 | Protag R: -4526.00 | Antag R: 4526.00 | Delivery:  37.5% | Budget Used:  0.00/1500.0
Ep  123 | Phase: PROTAGO | Ticks: 799 | Protag R: -4234.00 | Antag R: 4234.00 | Delivery:  50.0% | Budget Used:  0.00/1500.0
Ep  124 | Phase: PROTAGO | Ticks: 799 | Protag R: -4355.00 | Antag R: 4355.00 | Delivery:  50.0% | Budget Used:  0.00/1500.0
Ep  125 | Phase: PROTAGO | Ticks: 799 | Protag R: -4773.00 | Antag R: 4773.00 | Delivery:  50.0% | Budget Used:  0.00/1500.0
Saving checkpoints for both agents before phase switch...
Ep  126 | Phase: PROTAGO | Ticks: 799 | Protag R: -4939.00 | Antag R: 4939.00 | Delivery:  50.0% | Budget Used:  0.00/1500.0
Ep  127 | Phase: PROTAGO | Ticks: 798 | Protag R: -4346.00 | Antag R: 4346.00 | Delivery:  50.0% | Budget Used:  0.00/1500.0
Ep  128 | Phase: PROTAGO | Ticks: 799 | Protag R: -4742.00 | Antag R: 4742.00 | Delivery:  50.0% | Budget Used:  0.00/1500.0
Ep  129 | Phase: PROTAGO | Ticks: 799 | Protag R: -4983.00 | Antag R: 4983.00 | Delivery:  37.5% | Budget Used:  0.00/1500.0
Ep  130 | Phase: PROTAGO | Ticks: 799 | Protag R: -4526.00 | Antag R: 4526.00 | Delivery:  50.0% | Budget Used:  0.00/1500.0
Ep  131 | Phase: PROTAGO | Ticks: 799 | Protag R: -5088.00 | Antag R: 5088.00 | Delivery:  37.5% | Budget Used:  0.00/1500.0
Ep  132 | Phase: PROTAGO | Ticks: 797 | Protag R: -4952.00 | Antag R: 4952.00 | Delivery:  37.5% | Budget Used:  0.00/1500.0
Ep  133 | Phase: PROTAGO | Ticks: 799 | Protag R: -4396.00 | Antag R: 4396.00 | Delivery:  62.5% | Budget Used:  0.00/1500.0
Ep  134 | Phase: PROTAGO | Ticks: 798 | Protag R: -4448.00 | Antag R: 4448.00 | Delivery:  62.5% | Budget Used:  0.00/1500.0
Ep  135 | Phase: PROTAGO | Ticks: 799 | Protag R: -4828.00 | Antag R: 4828.00 | Delivery:  37.5% | Budget Used:  0.00/1500.0
Ep  136 | Phase: PROTAGO | Ticks: 798 | Protag R: -3909.00 | Antag R: 3909.00 | Delivery:  62.5% | Budget Used:  0.00/1500.0
Ep  137 | Phase: PROTAGO | Ticks: 798 | Protag R: -4905.00 | Antag R: 4905.00 | Delivery:  37.5% | Budget Used:  0.00/1500.0
Ep  138 | Phase: PROTAGO | Ticks: 799 | Protag R: -5187.00 | Antag R: 5187.00 | Delivery:  25.0% | Budget Used:  0.00/1500.0
Ep  139 | Phase: PROTAGO | Ticks: 796 | Protag R: -4696.00 | Antag R: 4696.00 | Delivery:  50.0% | Budget Used:  0.00/1500.0
Ep  140 | Phase: PROTAGO | Ticks: 799 | Protag R: -4809.00 | Antag R: 4809.00 | Delivery:  37.5% | Budget Used:  0.00/1500.0
Ep  141 | Phase: PROTAGO | Ticks: 799 | Protag R: -4693.00 | Antag R: 4693.00 | Delivery:  37.5% | Budget Used:  0.00/1500.0
Ep  142 | Phase: PROTAGO | Ticks: 799 | Protag R: -4155.00 | Antag R: 4155.00 | Delivery:  50.0% | Budget Used:  0.00/1500.0
Ep  143 | Phase: PROTAGO | Ticks: 799 | Protag R: -5292.00 | Antag R: 5292.00 | Delivery:  37.5% | Budget Used:  0.00/1500.0
Ep  144 | Phase: PROTAGO | Ticks: 799 | Protag R: -4312.00 | Antag R: 4312.00 | Delivery:  62.5% | Budget Used:  0.00/1500.0
Ep  145 | Phase: PROTAGO | Ticks: 799 | Protag R: -5217.00 | Antag R: 5217.00 | Delivery:  37.5% | Budget Used:  0.00/1500.0
Ep  146 | Phase: PROTAGO | Ticks: 799 | Protag R: -4975.00 | Antag R: 4975.00 | Delivery:  50.0% | Budget Used:  0.00/1500.0
Ep  147 | Phase: PROTAGO | Ticks: 799 | Protag R: -4210.00 | Antag R: 4210.00 | Delivery:  62.5% | Budget Used:  0.00/1500.0
Ep  148 | Phase: PROTAGO | Ticks: 797 | Protag R: -3978.00 | Antag R: 3978.00 | Delivery:  50.0% | Budget Used:  0.00/1500.0
Ep  149 | Phase: PROTAGO | Ticks: 798 | Protag R: -4533.00 | Antag R: 4533.00 | Delivery:  50.0% | Budget Used:  0.00/1500.0
Ep  150 | Phase: PROTAGO | Ticks: 799 | Protag R: -4749.00 | Antag R: 4749.00 | Delivery:  37.5% | Budget Used:  0.00/1500.0
  [EVAL ep 150] greedy_atk=847 learned_atk=6400 gap=+5553 (neg = learned beats greedy under attack)
Saving checkpoints for both agents before phase switch...
Ep  151 | Phase: PROTAGO | Ticks: 799 | Protag R: -4668.00 | Antag R: 4668.00 | Delivery:  50.0% | Budget Used:  0.00/1500.0
Ep  152 | Phase: PROTAGO | Ticks: 799 | Protag R: -4872.00 | Antag R: 4872.00 | Delivery:  37.5% | Budget Used:  0.00/1500.0
Ep  153 | Phase: PROTAGO | Ticks: 798 | Protag R: -5140.00 | Antag R: 5140.00 | Delivery:  37.5% | Budget Used:  0.00/1500.0
Ep  154 | Phase: PROTAGO | Ticks: 798 | Protag R: -3645.00 | Antag R: 3645.00 | Delivery:  62.5% | Budget Used:  0.00/1500.0
Ep  155 | Phase: PROTAGO | Ticks: 797 | Protag R: -5837.00 | Antag R: 5837.00 | Delivery:  25.0% | Budget Used:  0.00/1500.0
Ep  156 | Phase: PROTAGO | Ticks: 799 | Protag R: -4052.00 | Antag R: 4052.00 | Delivery:  62.5% | Budget Used:  0.00/1500.0
Ep  157 | Phase: PROTAGO | Ticks: 798 | Protag R: -5592.00 | Antag R: 5592.00 | Delivery:  37.5% | Budget Used:  0.00/1500.0
Ep  158 | Phase: PROTAGO | Ticks: 797 | Protag R: -4434.00 | Antag R: 4434.00 | Delivery:  75.0% | Budget Used:  0.00/1500.0
Ep  159 | Phase: PROTAGO | Ticks: 797 | Protag R: -5791.00 | Antag R: 5791.00 | Delivery:  12.5% | Budget Used:  0.00/1500.0
Ep  160 | Phase: PROTAGO | Ticks: 799 | Protag R: -4601.00 | Antag R: 4601.00 | Delivery:  50.0% | Budget Used:  0.00/1500.0
Ep  161 | Phase: PROTAGO | Ticks: 799 | Protag R: -4811.00 | Antag R: 4811.00 | Delivery:  50.0% | Budget Used:  0.00/1500.0
Ep  162 | Phase: PROTAGO | Ticks: 799 | Protag R: -4026.00 | Antag R: 4026.00 | Delivery:  50.0% | Budget Used:  0.00/1500.0
Ep  163 | Phase: PROTAGO | Ticks: 798 | Protag R: -4965.00 | Antag R: 4965.00 | Delivery:  37.5% | Budget Used:  0.00/1500.0
Ep  164 | Phase: PROTAGO | Ticks: 798 | Protag R: -5286.00 | Antag R: 5286.00 | Delivery:  37.5% | Budget Used:  0.00/1500.0
Ep  165 | Phase: PROTAGO | Ticks: 796 | Protag R: -4929.00 | Antag R: 4929.00 | Delivery:  50.0% | Budget Used:  0.00/1500.0
Ep  166 | Phase: PROTAGO | Ticks: 799 | Protag R: -4374.00 | Antag R: 4374.00 | Delivery:  50.0% | Budget Used:  0.00/1500.0
Ep  167 | Phase: PROTAGO | Ticks: 799 | Protag R: -3852.00 | Antag R: 3852.00 | Delivery:  62.5% | Budget Used:  0.00/1500.0
Ep  168 | Phase: PROTAGO | Ticks: 799 | Protag R: -4641.00 | Antag R: 4641.00 | Delivery:  50.0% | Budget Used:  0.00/1500.0
Ep  169 | Phase: PROTAGO | Ticks: 799 | Protag R: -5561.00 | Antag R: 5561.00 | Delivery:  25.0% | Budget Used:  0.00/1500.0
Ep  170 | Phase: PROTAGO | Ticks: 799 | Protag R: -5065.00 | Antag R: 5065.00 | Delivery:  37.5% | Budget Used:  0.00/1500.0
Ep  171 | Phase: PROTAGO | Ticks: 799 | Protag R: -5518.00 | Antag R: 5518.00 | Delivery:  37.5% | Budget Used:  0.00/1500.0
Ep  172 | Phase: PROTAGO | Ticks: 799 | Protag R: -4213.00 | Antag R: 4213.00 | Delivery:  62.5% | Budget Used:  0.00/1500.0
Ep  173 | Phase: PROTAGO | Ticks: 797 | Protag R: -4935.00 | Antag R: 4935.00 | Delivery:  37.5% | Budget Used:  0.00/1500.0
Ep  174 | Phase: PROTAGO | Ticks: 799 | Protag R: -4177.00 | Antag R: 4177.00 | Delivery:  62.5% | Budget Used:  0.00/1500.0
Ep  175 | Phase: PROTAGO | Ticks: 797 | Protag R: -4273.00 | Antag R: 4273.00 | Delivery:  62.5% | Budget Used:  0.00/1500.0
Saving checkpoints for both agents before phase switch...
Ep  176 | Phase: PROTAGO | Ticks: 799 | Protag R: -4550.00 | Antag R: 4550.00 | Delivery:  50.0% | Budget Used:  0.00/1500.0
Ep  177 | Phase: PROTAGO | Ticks: 797 | Protag R: -5070.00 | Antag R: 5070.00 | Delivery:  50.0% | Budget Used:  0.00/1500.0
Ep  178 | Phase: PROTAGO | Ticks: 798 | Protag R: -5193.00 | Antag R: 5193.00 | Delivery:  25.0% | Budget Used:  0.00/1500.0
Ep  179 | Phase: PROTAGO | Ticks: 799 | Protag R: -4187.00 | Antag R: 4187.00 | Delivery:  62.5% | Budget Used:  0.00/1500.0
Ep  180 | Phase: PROTAGO | Ticks: 798 | Protag R: -4361.00 | Antag R: 4361.00 | Delivery:  50.0% | Budget Used:  0.00/1500.0
Ep  181 | Phase: PROTAGO | Ticks: 797 | Protag R: -5000.00 | Antag R: 5000.00 | Delivery:  50.0% | Budget Used:  0.00/1500.0
Ep  182 | Phase: PROTAGO | Ticks: 798 | Protag R: -5325.00 | Antag R: 5325.00 | Delivery:  37.5% | Budget Used:  0.00/1500.0
Ep  183 | Phase: PROTAGO | Ticks: 799 | Protag R: -4803.00 | Antag R: 4803.00 | Delivery:  50.0% | Budget Used:  0.00/1500.0
Ep  184 | Phase: PROTAGO | Ticks: 799 | Protag R: -4079.00 | Antag R: 4079.00 | Delivery:  50.0% | Budget Used:  0.00/1500.0
Ep  185 | Phase: PROTAGO | Ticks: 799 | Protag R: -4696.00 | Antag R: 4696.00 | Delivery:  50.0% | Budget Used:  0.00/1500.0
Ep  186 | Phase: PROTAGO | Ticks: 799 | Protag R: -4521.00 | Antag R: 4521.00 | Delivery:  50.0% | Budget Used:  0.00/1500.0
Ep  187 | Phase: PROTAGO | Ticks: 799 | Protag R: -4273.00 | Antag R: 4273.00 | Delivery:  50.0% | Budget Used:  0.00/1500.0
Ep  188 | Phase: PROTAGO | Ticks: 799 | Protag R: -4609.00 | Antag R: 4609.00 | Delivery:  50.0% | Budget Used:  0.00/1500.0
Ep  189 | Phase: PROTAGO | Ticks: 799 | Protag R: -4855.00 | Antag R: 4855.00 | Delivery:  50.0% | Budget Used:  0.00/1500.0
Ep  190 | Phase: PROTAGO | Ticks: 798 | Protag R: -4997.00 | Antag R: 4997.00 | Delivery:  37.5% | Budget Used:  0.00/1500.0
Ep  191 | Phase: PROTAGO | Ticks: 796 | Protag R: -4598.00 | Antag R: 4598.00 | Delivery:  50.0% | Budget Used:  0.00/1500.0
Ep  192 | Phase: PROTAGO | Ticks: 799 | Protag R: -4821.00 | Antag R: 4821.00 | Delivery:  37.5% | Budget Used:  0.00/1500.0
Ep  193 | Phase: PROTAGO | Ticks: 799 | Protag R: -3758.00 | Antag R: 3758.00 | Delivery:  62.5% | Budget Used:  0.00/1500.0
Ep  194 | Phase: PROTAGO | Ticks: 799 | Protag R: -4405.00 | Antag R: 4405.00 | Delivery:  62.5% | Budget Used:  0.00/1500.0
Ep  195 | Phase: PROTAGO | Ticks: 797 | Protag R: -4916.00 | Antag R: 4916.00 | Delivery:  50.0% | Budget Used:  0.00/1500.0
Ep  196 | Phase: PROTAGO | Ticks: 798 | Protag R: -5050.00 | Antag R: 5050.00 | Delivery:  25.0% | Budget Used:  0.00/1500.0
Ep  197 | Phase: PROTAGO | Ticks: 799 | Protag R: -4581.00 | Antag R: 4581.00 | Delivery:  62.5% | Budget Used:  0.00/1500.0
Ep  198 | Phase: PROTAGO | Ticks: 798 | Protag R: -4448.00 | Antag R: 4448.00 | Delivery:  62.5% | Budget Used:  0.00/1500.0
Ep  199 | Phase: PROTAGO | Ticks: 799 | Protag R: -4749.00 | Antag R: 4749.00 | Delivery:  50.0% | Budget Used:  0.00/1500.0
Ep  200 | Phase: PROTAGO | Ticks: 797 | Protag R: -5211.00 | Antag R: 5211.00 | Delivery:  37.5% | Budget Used:  0.00/1500.0
  [EVAL ep 200] greedy_atk=847 learned_atk=6400 gap=+5553 (neg = learned beats greedy under attack)
Saving checkpoints for both agents before phase switch...
Ep  201 | Phase: PROTAGO | Ticks: 799 | Protag R: -4735.00 | Antag R: 4735.00 | Delivery:  37.5% | Budget Used:  0.00/1500.0
Ep  202 | Phase: PROTAGO | Ticks: 799 | Protag R: -5238.00 | Antag R: 5238.00 | Delivery:  37.5% | Budget Used:  0.00/1500.0
Ep  203 | Phase: PROTAGO | Ticks: 799 | Protag R: -5696.00 | Antag R: 5696.00 | Delivery:  25.0% | Budget Used:  0.00/1500.0
Ep  204 | Phase: PROTAGO | Ticks: 799 | Protag R: -4713.00 | Antag R: 4713.00 | Delivery:  50.0% | Budget Used:  0.00/1500.0
Ep  205 | Phase: PROTAGO | Ticks: 799 | Protag R: -4753.00 | Antag R: 4753.00 | Delivery:  50.0% | Budget Used:  0.00/1500.0
Ep  206 | Phase: PROTAGO | Ticks: 799 | Protag R: -5308.00 | Antag R: 5308.00 | Delivery:  37.5% | Budget Used:  0.00/1500.0
Ep  207 | Phase: PROTAGO | Ticks: 798 | Protag R: -4044.00 | Antag R: 4044.00 | Delivery:  62.5% | Budget Used:  0.00/1500.0
Ep  208 | Phase: PROTAGO | Ticks: 798 | Protag R: -4996.00 | Antag R: 4996.00 | Delivery:  25.0% | Budget Used:  0.00/1500.0
Ep  209 | Phase: PROTAGO | Ticks: 799 | Protag R: -5266.00 | Antag R: 5266.00 | Delivery:  25.0% | Budget Used:  0.00/1500.0
Ep  210 | Phase: PROTAGO | Ticks: 799 | Protag R: -4867.00 | Antag R: 4867.00 | Delivery:  50.0% | Budget Used:  0.00/1500.0
Ep  211 | Phase: PROTAGO | Ticks: 799 | Protag R: -4088.00 | Antag R: 4088.00 | Delivery:  62.5% | Budget Used:  0.00/1500.0
Ep  212 | Phase: PROTAGO | Ticks: 799 | Protag R: -4394.00 | Antag R: 4394.00 | Delivery:  62.5% | Budget Used:  0.00/1500.0
Ep  213 | Phase: PROTAGO | Ticks: 798 | Protag R: -4800.00 | Antag R: 4800.00 | Delivery:  37.5% | Budget Used:  0.00/1500.0
Ep  214 | Phase: PROTAGO | Ticks: 799 | Protag R: -4853.00 | Antag R: 4853.00 | Delivery:  37.5% | Budget Used:  0.00/1500.0
Ep  215 | Phase: PROTAGO | Ticks: 799 | Protag R: -4741.00 | Antag R: 4741.00 | Delivery:  50.0% | Budget Used:  0.00/1500.0
Ep  216 | Phase: PROTAGO | Ticks: 799 | Protag R: -4748.00 | Antag R: 4748.00 | Delivery:  37.5% | Budget Used:  0.00/1500.0
Ep  217 | Phase: PROTAGO | Ticks: 796 | Protag R: -4606.00 | Antag R: 4606.00 | Delivery:  37.5% | Budget Used:  0.00/1500.0
Ep  218 | Phase: PROTAGO | Ticks: 799 | Protag R: -4381.00 | Antag R: 4381.00 | Delivery:  50.0% | Budget Used:  0.00/1500.0
Ep  219 | Phase: PROTAGO | Ticks: 799 | Protag R: -4895.00 | Antag R: 4895.00 | Delivery:  50.0% | Budget Used:  0.00/1500.0
Ep  220 | Phase: PROTAGO | Ticks: 798 | Protag R: -4956.00 | Antag R: 4956.00 | Delivery:  50.0% | Budget Used:  0.00/1500.0
Ep  221 | Phase: PROTAGO | Ticks: 797 | Protag R: -5098.00 | Antag R: 5098.00 | Delivery:  37.5% | Budget Used:  0.00/1500.0
Ep  222 | Phase: PROTAGO | Ticks: 797 | Protag R: -4605.00 | Antag R: 4605.00 | Delivery:  37.5% | Budget Used:  0.00/1500.0
Ep  223 | Phase: PROTAGO | Ticks: 799 | Protag R: -4874.00 | Antag R: 4874.00 | Delivery:  37.5% | Budget Used:  0.00/1500.0
Ep  224 | Phase: PROTAGO | Ticks: 799 | Protag R: -4817.00 | Antag R: 4817.00 | Delivery:  37.5% | Budget Used:  0.00/1500.0
Ep  225 | Phase: PROTAGO | Ticks: 796 | Protag R: -3946.00 | Antag R: 3946.00 | Delivery:  62.5% | Budget Used:  0.00/1500.0
Saving checkpoints for both agents before phase switch...
Ep  226 | Phase: PROTAGO | Ticks: 799 | Protag R: -4303.00 | Antag R: 4303.00 | Delivery:  75.0% | Budget Used:  0.00/1500.0
Ep  227 | Phase: PROTAGO | Ticks: 799 | Protag R: -4608.00 | Antag R: 4608.00 | Delivery:  50.0% | Budget Used:  0.00/1500.0
Ep  228 | Phase: PROTAGO | Ticks: 798 | Protag R: -4876.00 | Antag R: 4876.00 | Delivery:  50.0% | Budget Used:  0.00/1500.0
Ep  229 | Phase: PROTAGO | Ticks: 797 | Protag R: -5019.00 | Antag R: 5019.00 | Delivery:  37.5% | Budget Used:  0.00/1500.0
Ep  230 | Phase: PROTAGO | Ticks: 799 | Protag R: -4854.00 | Antag R: 4854.00 | Delivery:  37.5% | Budget Used:  0.00/1500.0
Ep  231 | Phase: PROTAGO | Ticks: 797 | Protag R: -5040.00 | Antag R: 5040.00 | Delivery:  25.0% | Budget Used:  0.00/1500.0
Ep  232 | Phase: PROTAGO | Ticks: 798 | Protag R: -4546.00 | Antag R: 4546.00 | Delivery:  50.0% | Budget Used:  0.00/1500.0
Ep  233 | Phase: PROTAGO | Ticks: 799 | Protag R: -5020.00 | Antag R: 5020.00 | Delivery:  37.5% | Budget Used:  0.00/1500.0
Ep  234 | Phase: PROTAGO | Ticks: 797 | Protag R: -4964.00 | Antag R: 4964.00 | Delivery:  37.5% | Budget Used:  0.00/1500.0
Ep  235 | Phase: PROTAGO | Ticks: 798 | Protag R: -4444.00 | Antag R: 4444.00 | Delivery:  50.0% | Budget Used:  0.00/1500.0
Ep  236 | Phase: PROTAGO | Ticks: 798 | Protag R: -4877.00 | Antag R: 4877.00 | Delivery:  37.5% | Budget Used:  0.00/1500.0
Ep  237 | Phase: PROTAGO | Ticks: 796 | Protag R: -4502.00 | Antag R: 4502.00 | Delivery:  62.5% | Budget Used:  0.00/1500.0
Ep  238 | Phase: PROTAGO | Ticks: 798 | Protag R: -4381.00 | Antag R: 4381.00 | Delivery:  62.5% | Budget Used:  0.00/1500.0
Ep  239 | Phase: PROTAGO | Ticks: 798 | Protag R: -4439.00 | Antag R: 4439.00 | Delivery:  50.0% | Budget Used:  0.00/1500.0
Ep  240 | Phase: PROTAGO | Ticks: 799 | Protag R: -4783.00 | Antag R: 4783.00 | Delivery:  50.0% | Budget Used:  0.00/1500.0
Ep  241 | Phase: PROTAGO | Ticks: 797 | Protag R: -4773.00 | Antag R: 4773.00 | Delivery:  50.0% | Budget Used:  0.00/1500.0
Ep  242 | Phase: PROTAGO | Ticks: 798 | Protag R: -4394.00 | Antag R: 4394.00 | Delivery:  50.0% | Budget Used:  0.00/1500.0
Ep  243 | Phase: PROTAGO | Ticks: 795 | Protag R: -4399.00 | Antag R: 4399.00 | Delivery:  62.5% | Budget Used:  0.00/1500.0
Ep  244 | Phase: PROTAGO | Ticks: 799 | Protag R: -4633.00 | Antag R: 4633.00 | Delivery:  62.5% | Budget Used:  0.00/1500.0
Ep  245 | Phase: PROTAGO | Ticks: 798 | Protag R: -5389.00 | Antag R: 5389.00 | Delivery:  37.5% | Budget Used:  0.00/1500.0
Ep  246 | Phase: PROTAGO | Ticks: 799 | Protag R: -4702.00 | Antag R: 4702.00 | Delivery:  62.5% | Budget Used:  0.00/1500.0
Ep  247 | Phase: PROTAGO | Ticks: 799 | Protag R: -4933.00 | Antag R: 4933.00 | Delivery:  37.5% | Budget Used:  0.00/1500.0
Ep  248 | Phase: PROTAGO | Ticks: 799 | Protag R: -4374.00 | Antag R: 4374.00 | Delivery:  62.5% | Budget Used:  0.00/1500.0
Ep  249 | Phase: PROTAGO | Ticks: 799 | Protag R: -4816.00 | Antag R: 4816.00 | Delivery:  50.0% | Budget Used:  0.00/1500.0
Ep  250 | Phase: PROTAGO | Ticks: 799 | Protag R: -4717.00 | Antag R: 4717.00 | Delivery:  62.5% | Budget Used:  0.00/1500.0
  [EVAL ep 250] greedy_atk=847 learned_atk=6400 gap=+5553 (neg = learned beats greedy under attack)
Saving checkpoints for both agents before phase switch...
Ep  251 | Phase: PROTAGO | Ticks: 799 | Protag R: -4426.00 | Antag R: 4426.00 | Delivery:  62.5% | Budget Used:  0.00/1500.0
Ep  252 | Phase: PROTAGO | Ticks: 799 | Protag R: -4691.00 | Antag R: 4691.00 | Delivery:  50.0% | Budget Used:  0.00/1500.0
Ep  253 | Phase: PROTAGO | Ticks: 798 | Protag R: -4786.00 | Antag R: 4786.00 | Delivery:  62.5% | Budget Used:  0.00/1500.0
Ep  254 | Phase: PROTAGO | Ticks: 798 | Protag R: -4461.00 | Antag R: 4461.00 | Delivery:  62.5% | Budget Used:  0.00/1500.0
Ep  255 | Phase: PROTAGO | Ticks: 799 | Protag R: -4495.00 | Antag R: 4495.00 | Delivery:  50.0% | Budget Used:  0.00/1500.0
Ep  256 | Phase: PROTAGO | Ticks: 798 | Protag R: -4639.00 | Antag R: 4639.00 | Delivery:  37.5% | Budget Used:  0.00/1500.0
Ep  257 | Phase: PROTAGO | Ticks: 799 | Protag R: -4612.00 | Antag R: 4612.00 | Delivery:  50.0% | Budget Used:  0.00/1500.0
Ep  258 | Phase: PROTAGO | Ticks: 799 | Protag R: -5836.00 | Antag R: 5836.00 | Delivery:  25.0% | Budget Used:  0.00/1500.0
Ep  259 | Phase: PROTAGO | Ticks: 799 | Protag R: -4403.00 | Antag R: 4403.00 | Delivery:  62.5% | Budget Used:  0.00/1500.0
Ep  260 | Phase: PROTAGO | Ticks: 799 | Protag R: -4704.00 | Antag R: 4704.00 | Delivery:  37.5% | Budget Used:  0.00/1500.0
Ep  261 | Phase: PROTAGO | Ticks: 798 | Protag R: -5248.00 | Antag R: 5248.00 | Delivery:  25.0% | Budget Used:  0.00/1500.0
Ep  262 | Phase: PROTAGO | Ticks: 799 | Protag R: -5130.00 | Antag R: 5130.00 | Delivery:  50.0% | Budget Used:  0.00/1500.0
Ep  263 | Phase: PROTAGO | Ticks: 798 | Protag R: -4466.00 | Antag R: 4466.00 | Delivery:  62.5% | Budget Used:  0.00/1500.0
Ep  264 | Phase: PROTAGO | Ticks: 799 | Protag R: -4716.00 | Antag R: 4716.00 | Delivery:  50.0% | Budget Used:  0.00/1500.0
Ep  265 | Phase: PROTAGO | Ticks: 798 | Protag R: -5185.00 | Antag R: 5185.00 | Delivery:  37.5% | Budget Used:  0.00/1500.0
Ep  266 | Phase: PROTAGO | Ticks: 799 | Protag R: -4484.00 | Antag R: 4484.00 | Delivery:  62.5% | Budget Used:  0.00/1500.0
Ep  267 | Phase: PROTAGO | Ticks: 799 | Protag R: -4678.00 | Antag R: 4678.00 | Delivery:  50.0% | Budget Used:  0.00/1500.0
Ep  268 | Phase: PROTAGO | Ticks: 799 | Protag R: -5062.00 | Antag R: 5062.00 | Delivery:  37.5% | Budget Used:  0.00/1500.0
Ep  269 | Phase: PROTAGO | Ticks: 798 | Protag R: -4480.00 | Antag R: 4480.00 | Delivery:  62.5% | Budget Used:  0.00/1500.0
Ep  270 | Phase: PROTAGO | Ticks: 797 | Protag R: -4431.00 | Antag R: 4431.00 | Delivery:  62.5% | Budget Used:  0.00/1500.0
Ep  271 | Phase: PROTAGO | Ticks: 799 | Protag R: -4454.00 | Antag R: 4454.00 | Delivery:  62.5% | Budget Used:  0.00/1500.0
Ep  272 | Phase: PROTAGO | Ticks: 799 | Protag R: -4664.00 | Antag R: 4664.00 | Delivery:  37.5% | Budget Used:  0.00/1500.0
Ep  273 | Phase: PROTAGO | Ticks: 799 | Protag R: -4324.00 | Antag R: 4324.00 | Delivery:  62.5% | Budget Used:  0.00/1500.0
Ep  274 | Phase: PROTAGO | Ticks: 798 | Protag R: -4999.00 | Antag R: 4999.00 | Delivery:  50.0% | Budget Used:  0.00/1500.0
Ep  275 | Phase: PROTAGO | Ticks: 798 | Protag R: -4998.00 | Antag R: 4998.00 | Delivery:  50.0% | Budget Used:  0.00/1500.0
Saving checkpoints for both agents before phase switch...
Ep  276 | Phase: PROTAGO | Ticks: 799 | Protag R: -5226.00 | Antag R: 5226.00 | Delivery:  37.5% | Budget Used:  0.00/1500.0
Ep  277 | Phase: PROTAGO | Ticks: 799 | Protag R: -4638.00 | Antag R: 4638.00 | Delivery:  50.0% | Budget Used:  0.00/1500.0
Ep  278 | Phase: PROTAGO | Ticks: 799 | Protag R: -4799.00 | Antag R: 4799.00 | Delivery:  50.0% | Budget Used:  0.00/1500.0
Ep  279 | Phase: PROTAGO | Ticks: 799 | Protag R: -4983.00 | Antag R: 4983.00 | Delivery:  50.0% | Budget Used:  0.00/1500.0
Ep  280 | Phase: PROTAGO | Ticks: 799 | Protag R: -4745.00 | Antag R: 4745.00 | Delivery:  37.5% | Budget Used:  0.00/1500.0
Ep  281 | Phase: PROTAGO | Ticks: 798 | Protag R: -4834.00 | Antag R: 4834.00 | Delivery:  37.5% | Budget Used:  0.00/1500.0
Ep  282 | Phase: PROTAGO | Ticks: 798 | Protag R: -5104.00 | Antag R: 5104.00 | Delivery:  37.5% | Budget Used:  0.00/1500.0
Ep  283 | Phase: PROTAGO | Ticks: 798 | Protag R: -4560.00 | Antag R: 4560.00 | Delivery:  62.5% | Budget Used:  0.00/1500.0
Ep  284 | Phase: PROTAGO | Ticks: 797 | Protag R: -4621.00 | Antag R: 4621.00 | Delivery:  50.0% | Budget Used:  0.00/1500.0
Ep  285 | Phase: PROTAGO | Ticks: 799 | Protag R: -4291.00 | Antag R: 4291.00 | Delivery:  50.0% | Budget Used:  0.00/1500.0
Ep  286 | Phase: PROTAGO | Ticks: 798 | Protag R: -4960.00 | Antag R: 4960.00 | Delivery:  37.5% | Budget Used:  0.00/1500.0
Ep  287 | Phase: PROTAGO | Ticks: 799 | Protag R: -4438.00 | Antag R: 4438.00 | Delivery:  75.0% | Budget Used:  0.00/1500.0
Ep  288 | Phase: PROTAGO | Ticks: 797 | Protag R: -4594.00 | Antag R: 4594.00 | Delivery:  50.0% | Budget Used:  0.00/1500.0
Ep  289 | Phase: PROTAGO | Ticks: 799 | Protag R: -5128.00 | Antag R: 5128.00 | Delivery:  37.5% | Budget Used:  0.00/1500.0
Ep  290 | Phase: PROTAGO | Ticks: 798 | Protag R: -4883.00 | Antag R: 4883.00 | Delivery:  50.0% | Budget Used:  0.00/1500.0
Ep  291 | Phase: PROTAGO | Ticks: 799 | Protag R: -4785.00 | Antag R: 4785.00 | Delivery:  50.0% | Budget Used:  0.00/1500.0
Ep  292 | Phase: PROTAGO | Ticks: 798 | Protag R: -4385.00 | Antag R: 4385.00 | Delivery:  50.0% | Budget Used:  0.00/1500.0
Ep  293 | Phase: PROTAGO | Ticks: 798 | Protag R: -4844.00 | Antag R: 4844.00 | Delivery:  37.5% | Budget Used:  0.00/1500.0
Ep  294 | Phase: PROTAGO | Ticks: 798 | Protag R: -4734.00 | Antag R: 4734.00 | Delivery:  50.0% | Budget Used:  0.00/1500.0
Ep  295 | Phase: PROTAGO | Ticks: 799 | Protag R: -5502.00 | Antag R: 5502.00 | Delivery:  25.0% | Budget Used:  0.00/1500.0
Ep  296 | Phase: PROTAGO | Ticks: 799 | Protag R: -4516.00 | Antag R: 4516.00 | Delivery:  50.0% | Budget Used:  0.00/1500.0
Ep  297 | Phase: PROTAGO | Ticks: 799 | Protag R: -4160.00 | Antag R: 4160.00 | Delivery:  50.0% | Budget Used:  0.00/1500.0
Ep  298 | Phase: PROTAGO | Ticks: 799 | Protag R: -5118.00 | Antag R: 5118.00 | Delivery:  37.5% | Budget Used:  0.00/1500.0
Ep  299 | Phase: PROTAGO | Ticks: 799 | Protag R: -4332.00 | Antag R: 4332.00 | Delivery:  62.5% | Budget Used:  0.00/1500.0
Ep  300 | Phase: PROTAGO | Ticks: 799 | Protag R: -4561.00 | Antag R: 4561.00 | Delivery:  62.5% | Budget Used:  0.00/1500.0
  [EVAL ep 300] greedy_atk=847 learned_atk=6400 gap=+5553 (neg = learned beats greedy under attack)
Saving checkpoints for both agents before phase switch...
Ep  301 | Phase: PROTAGO | Ticks: 798 | Protag R: -4851.00 | Antag R: 4851.00 | Delivery:  50.0% | Budget Used:  0.00/1500.0
Ep  302 | Phase: PROTAGO | Ticks: 799 | Protag R: -4770.00 | Antag R: 4770.00 | Delivery:  50.0% | Budget Used:  0.00/1500.0
Ep  303 | Phase: PROTAGO | Ticks: 799 | Protag R: -4342.00 | Antag R: 4342.00 | Delivery:  50.0% | Budget Used:  0.00/1500.0
Ep  304 | Phase: PROTAGO | Ticks: 797 | Protag R: -5077.00 | Antag R: 5077.00 | Delivery:  37.5% | Budget Used:  0.00/1500.0
Ep  305 | Phase: PROTAGO | Ticks: 797 | Protag R: -5247.00 | Antag R: 5247.00 | Delivery:  25.0% | Budget Used:  0.00/1500.0
Ep  306 | Phase: PROTAGO | Ticks: 798 | Protag R: -5522.00 | Antag R: 5522.00 | Delivery:  37.5% | Budget Used:  0.00/1500.0
Ep  307 | Phase: PROTAGO | Ticks: 799 | Protag R: -5279.00 | Antag R: 5279.00 | Delivery:  25.0% | Budget Used:  0.00/1500.0
Ep  308 | Phase: PROTAGO | Ticks: 798 | Protag R: -4274.00 | Antag R: 4274.00 | Delivery:  62.5% | Budget Used:  0.00/1500.0
Ep  309 | Phase: PROTAGO | Ticks: 798 | Protag R: -5026.00 | Antag R: 5026.00 | Delivery:  37.5% | Budget Used:  0.00/1500.0
Ep  310 | Phase: PROTAGO | Ticks: 798 | Protag R: -5244.00 | Antag R: 5244.00 | Delivery:  37.5% | Budget Used:  0.00/1500.0
Ep  311 | Phase: PROTAGO | Ticks: 799 | Protag R: -4875.00 | Antag R: 4875.00 | Delivery:  37.5% | Budget Used:  0.00/1500.0
Ep  312 | Phase: PROTAGO | Ticks: 799 | Protag R: -4978.00 | Antag R: 4978.00 | Delivery:  50.0% | Budget Used:  0.00/1500.0
Ep  313 | Phase: PROTAGO | Ticks: 798 | Protag R: -3706.00 | Antag R: 3706.00 | Delivery:  75.0% | Budget Used:  0.00/1500.0
Ep  314 | Phase: PROTAGO | Ticks: 799 | Protag R: -5107.00 | Antag R: 5107.00 | Delivery:  37.5% | Budget Used:  0.00/1500.0
Ep  315 | Phase: PROTAGO | Ticks: 799 | Protag R: -5856.00 | Antag R: 5856.00 | Delivery:  25.0% | Budget Used:  0.00/1500.0
Ep  316 | Phase: PROTAGO | Ticks: 798 | Protag R: -4657.00 | Antag R: 4657.00 | Delivery:  50.0% | Budget Used:  0.00/1500.0
Ep  317 | Phase: PROTAGO | Ticks: 799 | Protag R: -4821.00 | Antag R: 4821.00 | Delivery:  50.0% | Budget Used:  0.00/1500.0
Ep  318 | Phase: PROTAGO | Ticks: 799 | Protag R: -4945.00 | Antag R: 4945.00 | Delivery:  50.0% | Budget Used:  0.00/1500.0
Ep  319 | Phase: PROTAGO | Ticks: 799 | Protag R: -4490.00 | Antag R: 4490.00 | Delivery:  37.5% | Budget Used:  0.00/1500.0
Ep  320 | Phase: PROTAGO | Ticks: 799 | Protag R: -5280.00 | Antag R: 5280.00 | Delivery:  25.0% | Budget Used:  0.00/1500.0
Ep  321 | Phase: PROTAGO | Ticks: 799 | Protag R: -4392.00 | Antag R: 4392.00 | Delivery:  62.5% | Budget Used:  0.00/1500.0
Ep  322 | Phase: PROTAGO | Ticks: 798 | Protag R: -4983.00 | Antag R: 4983.00 | Delivery:  50.0% | Budget Used:  0.00/1500.0
Ep  323 | Phase: PROTAGO | Ticks: 799 | Protag R: -3916.00 | Antag R: 3916.00 | Delivery:  62.5% | Budget Used:  0.00/1500.0
Ep  324 | Phase: PROTAGO | Ticks: 799 | Protag R: -4597.00 | Antag R: 4597.00 | Delivery:  50.0% | Budget Used:  0.00/1500.0
Ep  325 | Phase: PROTAGO | Ticks: 799 | Protag R: -4919.00 | Antag R: 4919.00 | Delivery:  37.5% | Budget Used:  0.00/1500.0
Saving checkpoints for both agents before phase switch...
Ep  326 | Phase: PROTAGO | Ticks: 799 | Protag R: -4281.00 | Antag R: 4281.00 | Delivery:  50.0% | Budget Used:  0.00/1500.0
Ep  327 | Phase: PROTAGO | Ticks: 799 | Protag R: -4445.00 | Antag R: 4445.00 | Delivery:  50.0% | Budget Used:  0.00/1500.0
Ep  328 | Phase: PROTAGO | Ticks: 799 | Protag R: -4831.00 | Antag R: 4831.00 | Delivery:  50.0% | Budget Used:  0.00/1500.0
Ep  329 | Phase: PROTAGO | Ticks: 799 | Protag R: -4359.00 | Antag R: 4359.00 | Delivery:  50.0% | Budget Used:  0.00/1500.0
Ep  330 | Phase: PROTAGO | Ticks: 799 | Protag R: -5043.00 | Antag R: 5043.00 | Delivery:  50.0% | Budget Used:  0.00/1500.0
Ep  331 | Phase: PROTAGO | Ticks: 799 | Protag R: -4771.00 | Antag R: 4771.00 | Delivery:  37.5% | Budget Used:  0.00/1500.0
Ep  332 | Phase: PROTAGO | Ticks: 799 | Protag R: -4971.00 | Antag R: 4971.00 | Delivery:  62.5% | Budget Used:  0.00/1500.0
Ep  333 | Phase: PROTAGO | Ticks: 797 | Protag R: -4721.00 | Antag R: 4721.00 | Delivery:  50.0% | Budget Used:  0.00/1500.0
Ep  334 | Phase: PROTAGO | Ticks: 799 | Protag R: -4855.00 | Antag R: 4855.00 | Delivery:  37.5% | Budget Used:  0.00/1500.0
Ep  335 | Phase: PROTAGO | Ticks: 799 | Protag R: -4932.00 | Antag R: 4932.00 | Delivery:  37.5% | Budget Used:  0.00/1500.0
Ep  336 | Phase: PROTAGO | Ticks: 799 | Protag R: -4652.00 | Antag R: 4652.00 | Delivery:  50.0% | Budget Used:  0.00/1500.0
Ep  337 | Phase: PROTAGO | Ticks: 798 | Protag R: -5096.00 | Antag R: 5096.00 | Delivery:  37.5% | Budget Used:  0.00/1500.0
Ep  338 | Phase: PROTAGO | Ticks: 798 | Protag R: -3986.00 | Antag R: 3986.00 | Delivery:  75.0% | Budget Used:  0.00/1500.0
Ep  339 | Phase: PROTAGO | Ticks: 799 | Protag R: -4486.00 | Antag R: 4486.00 | Delivery:  62.5% | Budget Used:  0.00/1500.0
Ep  340 | Phase: PROTAGO | Ticks: 797 | Protag R: -5071.00 | Antag R: 5071.00 | Delivery:  50.0% | Budget Used:  0.00/1500.0
Ep  341 | Phase: PROTAGO | Ticks: 798 | Protag R: -4513.00 | Antag R: 4513.00 | Delivery:  50.0% | Budget Used:  0.00/1500.0
Ep  342 | Phase: PROTAGO | Ticks: 799 | Protag R: -4937.00 | Antag R: 4937.00 | Delivery:  50.0% | Budget Used:  0.00/1500.0
Ep  343 | Phase: PROTAGO | Ticks: 798 | Protag R: -5502.00 | Antag R: 5502.00 | Delivery:  25.0% | Budget Used:  0.00/1500.0
Ep  344 | Phase: PROTAGO | Ticks: 798 | Protag R: -5127.00 | Antag R: 5127.00 | Delivery:  50.0% | Budget Used:  0.00/1500.0
Ep  345 | Phase: PROTAGO | Ticks: 799 | Protag R: -4241.00 | Antag R: 4241.00 | Delivery:  62.5% | Budget Used:  0.00/1500.0
Ep  346 | Phase: PROTAGO | Ticks: 796 | Protag R: -4136.00 | Antag R: 4136.00 | Delivery:  62.5% | Budget Used:  0.00/1500.0
Ep  347 | Phase: PROTAGO | Ticks: 798 | Protag R: -4927.00 | Antag R: 4927.00 | Delivery:  50.0% | Budget Used:  0.00/1500.0
Ep  348 | Phase: PROTAGO | Ticks: 798 | Protag R: -5315.00 | Antag R: 5315.00 | Delivery:  25.0% | Budget Used:  0.00/1500.0
Ep  349 | Phase: PROTAGO | Ticks: 799 | Protag R: -4911.00 | Antag R: 4911.00 | Delivery:  37.5% | Budget Used:  0.00/1500.0
Ep  350 | Phase: PROTAGO | Ticks: 799 | Protag R: -4811.00 | Antag R: 4811.00 | Delivery:  50.0% | Budget Used:  0.00/1500.0
  [EVAL ep 350] greedy_atk=847 learned_atk=6400 gap=+5553 (neg = learned beats greedy under attack)
Saving checkpoints for both agents before phase switch...
Ep  351 | Phase: PROTAGO | Ticks: 797 | Protag R: -4654.00 | Antag R: 4654.00 | Delivery:  50.0% | Budget Used:  0.00/1500.0
Ep  352 | Phase: PROTAGO | Ticks: 796 | Protag R: -4892.00 | Antag R: 4892.00 | Delivery:  37.5% | Budget Used:  0.00/1500.0
Ep  353 | Phase: PROTAGO | Ticks: 798 | Protag R: -4946.00 | Antag R: 4946.00 | Delivery:  37.5% | Budget Used:  0.00/1500.0
Ep  354 | Phase: PROTAGO | Ticks: 798 | Protag R: -4451.00 | Antag R: 4451.00 | Delivery:  62.5% | Budget Used:  0.00/1500.0
Ep  355 | Phase: PROTAGO | Ticks: 799 | Protag R: -4661.00 | Antag R: 4661.00 | Delivery:  50.0% | Budget Used:  0.00/1500.0
Ep  356 | Phase: PROTAGO | Ticks: 799 | Protag R: -5176.00 | Antag R: 5176.00 | Delivery:  37.5% | Budget Used:  0.00/1500.0
Ep  357 | Phase: PROTAGO | Ticks: 799 | Protag R: -4905.00 | Antag R: 4905.00 | Delivery:  50.0% | Budget Used:  0.00/1500.0
Ep  358 | Phase: PROTAGO | Ticks: 799 | Protag R: -4919.00 | Antag R: 4919.00 | Delivery:  37.5% | Budget Used:  0.00/1500.0
Ep  359 | Phase: PROTAGO | Ticks: 799 | Protag R: -4317.00 | Antag R: 4317.00 | Delivery:  50.0% | Budget Used:  0.00/1500.0
Ep  360 | Phase: PROTAGO | Ticks: 798 | Protag R: -4273.00 | Antag R: 4273.00 | Delivery:  75.0% | Budget Used:  0.00/1500.0
Ep  361 | Phase: PROTAGO | Ticks: 797 | Protag R: -4670.00 | Antag R: 4670.00 | Delivery:  50.0% | Budget Used:  0.00/1500.0
Ep  362 | Phase: PROTAGO | Ticks: 799 | Protag R: -4822.00 | Antag R: 4822.00 | Delivery:  50.0% | Budget Used:  0.00/1500.0
Ep  363 | Phase: PROTAGO | Ticks: 799 | Protag R: -4611.00 | Antag R: 4611.00 | Delivery:  50.0% | Budget Used:  0.00/1500.0
Ep  364 | Phase: PROTAGO | Ticks: 799 | Protag R: -5044.00 | Antag R: 5044.00 | Delivery:  25.0% | Budget Used:  0.00/1500.0
Ep  365 | Phase: PROTAGO | Ticks: 799 | Protag R: -4356.00 | Antag R: 4356.00 | Delivery:  62.5% | Budget Used:  0.00/1500.0
Ep  366 | Phase: PROTAGO | Ticks: 799 | Protag R: -4630.00 | Antag R: 4630.00 | Delivery:  50.0% | Budget Used:  0.00/1500.0
Ep  367 | Phase: PROTAGO | Ticks: 798 | Protag R: -4710.00 | Antag R: 4710.00 | Delivery:  37.5% | Budget Used:  0.00/1500.0
Ep  368 | Phase: PROTAGO | Ticks: 797 | Protag R: -4607.00 | Antag R: 4607.00 | Delivery:  50.0% | Budget Used:  0.00/1500.0
Ep  369 | Phase: PROTAGO | Ticks: 799 | Protag R: -4322.00 | Antag R: 4322.00 | Delivery:  62.5% | Budget Used:  0.00/1500.0
Ep  370 | Phase: PROTAGO | Ticks: 798 | Protag R: -4937.00 | Antag R: 4937.00 | Delivery:  37.5% | Budget Used:  0.00/1500.0
Ep  371 | Phase: PROTAGO | Ticks: 798 | Protag R: -4567.00 | Antag R: 4567.00 | Delivery:  62.5% | Budget Used:  0.00/1500.0
Ep  372 | Phase: PROTAGO | Ticks: 798 | Protag R: -4428.00 | Antag R: 4428.00 | Delivery:  50.0% | Budget Used:  0.00/1500.0
Ep  373 | Phase: PROTAGO | Ticks: 799 | Protag R: -5700.00 | Antag R: 5700.00 | Delivery:  50.0% | Budget Used:  0.00/1500.0
Ep  374 | Phase: PROTAGO | Ticks: 799 | Protag R: -4273.00 | Antag R: 4273.00 | Delivery:  50.0% | Budget Used:  0.00/1500.0
Ep  375 | Phase: PROTAGO | Ticks: 799 | Protag R: -4830.00 | Antag R: 4830.00 | Delivery:  50.0% | Budget Used:  0.00/1500.0
Saving checkpoints for both agents before phase switch...
Ep  376 | Phase: PROTAGO | Ticks: 799 | Protag R: -4673.00 | Antag R: 4673.00 | Delivery:  50.0% | Budget Used:  0.00/1500.0
Ep  377 | Phase: PROTAGO | Ticks: 798 | Protag R: -5545.00 | Antag R: 5545.00 | Delivery:  50.0% | Budget Used:  0.00/1500.0
Ep  378 | Phase: PROTAGO | Ticks: 799 | Protag R: -5063.00 | Antag R: 5063.00 | Delivery:  50.0% | Budget Used:  0.00/1500.0
Ep  379 | Phase: PROTAGO | Ticks: 799 | Protag R: -4784.00 | Antag R: 4784.00 | Delivery:  50.0% | Budget Used:  0.00/1500.0
Ep  380 | Phase: PROTAGO | Ticks: 798 | Protag R: -4744.00 | Antag R: 4744.00 | Delivery:  50.0% | Budget Used:  0.00/1500.0
Ep  381 | Phase: PROTAGO | Ticks: 799 | Protag R: -3736.00 | Antag R: 3736.00 | Delivery:  62.5% | Budget Used:  0.00/1500.0
Ep  382 | Phase: PROTAGO | Ticks: 799 | Protag R: -4292.00 | Antag R: 4292.00 | Delivery:  62.5% | Budget Used:  0.00/1500.0
Ep  383 | Phase: PROTAGO | Ticks: 798 | Protag R: -4023.00 | Antag R: 4023.00 | Delivery:  62.5% | Budget Used:  0.00/1500.0
Ep  384 | Phase: PROTAGO | Ticks: 798 | Protag R: -5180.00 | Antag R: 5180.00 | Delivery:  37.5% | Budget Used:  0.00/1500.0
Ep  385 | Phase: PROTAGO | Ticks: 799 | Protag R: -4550.00 | Antag R: 4550.00 | Delivery:  50.0% | Budget Used:  0.00/1500.0
Ep  386 | Phase: PROTAGO | Ticks: 799 | Protag R: -4571.00 | Antag R: 4571.00 | Delivery:  62.5% | Budget Used:  0.00/1500.0
Ep  387 | Phase: PROTAGO | Ticks: 799 | Protag R: -4673.00 | Antag R: 4673.00 | Delivery:  50.0% | Budget Used:  0.00/1500.0
Ep  388 | Phase: PROTAGO | Ticks: 798 | Protag R: -4737.00 | Antag R: 4737.00 | Delivery:  62.5% | Budget Used:  0.00/1500.0
Ep  389 | Phase: PROTAGO | Ticks: 798 | Protag R: -4439.00 | Antag R: 4439.00 | Delivery:  62.5% | Budget Used:  0.00/1500.0
Ep  390 | Phase: PROTAGO | Ticks: 797 | Protag R: -4296.00 | Antag R: 4296.00 | Delivery:  50.0% | Budget Used:  0.00/1500.0
Ep  391 | Phase: PROTAGO | Ticks: 798 | Protag R: -4313.00 | Antag R: 4313.00 | Delivery:  50.0% | Budget Used:  0.00/1500.0
Ep  392 | Phase: PROTAGO | Ticks: 799 | Protag R: -4720.00 | Antag R: 4720.00 | Delivery:  37.5% | Budget Used:  0.00/1500.0
Ep  393 | Phase: PROTAGO | Ticks: 799 | Protag R: -4349.00 | Antag R: 4349.00 | Delivery:  62.5% | Budget Used:  0.00/1500.0
Ep  394 | Phase: PROTAGO | Ticks: 799 | Protag R: -5338.00 | Antag R: 5338.00 | Delivery:  25.0% | Budget Used:  0.00/1500.0
Ep  395 | Phase: PROTAGO | Ticks: 798 | Protag R: -3981.00 | Antag R: 3981.00 | Delivery:  75.0% | Budget Used:  0.00/1500.0
Ep  396 | Phase: PROTAGO | Ticks: 798 | Protag R: -4613.00 | Antag R: 4613.00 | Delivery:  62.5% | Budget Used:  0.00/1500.0
Ep  397 | Phase: PROTAGO | Ticks: 798 | Protag R: -4285.00 | Antag R: 4285.00 | Delivery:  62.5% | Budget Used:  0.00/1500.0
Ep  398 | Phase: PROTAGO | Ticks: 799 | Protag R: -5457.00 | Antag R: 5457.00 | Delivery:  25.0% | Budget Used:  0.00/1500.0
Ep  399 | Phase: PROTAGO | Ticks: 798 | Protag R: -3876.00 | Antag R: 3876.00 | Delivery:  75.0% | Budget Used:  0.00/1500.0
Ep  400 | Phase: PROTAGO | Ticks: 799 | Protag R: -5072.00 | Antag R: 5072.00 | Delivery:  50.0% | Budget Used:  0.00/1500.0
  [EVAL ep 400] greedy_atk=847 learned_atk=6400 gap=+5553 (neg = learned beats greedy under attack)
Saved coevolved protagonist actor to models/runs/gen05_hybrid_matrix/hybrid_vanilla_seed1/protagonist/actor.pt
Saved coevolved antagonist actor to models/runs/gen05_hybrid_matrix/hybrid_vanilla_seed1/antagonist/actor.pt
Saved copy of protagonist actor as latest to models/protagonist/actor.pt
Saved copy of antagonist actor as latest to models/antagonist/actor.pt

SACRED ATLA Training completed successfully! Logs saved to TensorBoard.
