Seeded run: seed=2
Initializing SACRED Stage-2 HYBRID (assignment + next-hop routing, static demand)...
Configuring Protagonist Dispatch Agent...
Configuring Antagonist Congestion Agent...
Initializing ATLA Coevolution Trainer...
Run Name: gen05_hybrid_matrix/hybrid_vanilla_seed2
Starting SACRED training (mode=vanilla) for 400 episodes...
Device: Protagonist=cpu, Antagonist=cpu
Initial Phase: Training PROTAGONIST

Ep    1 | Phase: PROTAGO | Ticks: 798 | Protag R: -4678.00 | Antag R: 4678.00 | Delivery:  37.5% | Budget Used:  0.00/1500.0
Ep    2 | Phase: PROTAGO | Ticks: 798 | Protag R: -4501.00 | Antag R: 4501.00 | Delivery:  62.5% | Budget Used:  0.00/1500.0
Ep    3 | Phase: PROTAGO | Ticks: 798 | Protag R: -5762.00 | Antag R: 5762.00 | Delivery:  12.5% | Budget Used:  0.00/1500.0
Ep    4 | Phase: PROTAGO | Ticks: 798 | Protag R: -3719.00 | Antag R: 3719.00 | Delivery:  62.5% | Budget Used:  0.00/1500.0
Ep    5 | Phase: PROTAGO | Ticks: 798 | Protag R: -4473.00 | Antag R: 4473.00 | Delivery:  50.0% | Budget Used:  0.00/1500.0
Ep    6 | Phase: PROTAGO | Ticks: 799 | Protag R: -4497.00 | Antag R: 4497.00 | Delivery:  62.5% | Budget Used:  0.00/1500.0
Ep    7 | Phase: PROTAGO | Ticks: 799 | Protag R: -3958.00 | Antag R: 3958.00 | Delivery:  62.5% | Budget Used:  0.00/1500.0
Ep    8 | Phase: PROTAGO | Ticks: 799 | Protag R: -4723.00 | Antag R: 4723.00 | Delivery:  37.5% | Budget Used:  0.00/1500.0
Ep    9 | Phase: PROTAGO | Ticks: 798 | Protag R: -4421.00 | Antag R: 4421.00 | Delivery:  50.0% | Budget Used:  0.00/1500.0
Ep   10 | Phase: PROTAGO | Ticks: 799 | Protag R: -4011.00 | Antag R: 4011.00 | Delivery:  75.0% | Budget Used:  0.00/1500.0
Ep   11 | Phase: PROTAGO | Ticks: 798 | Protag R: -4359.00 | Antag R: 4359.00 | Delivery:  50.0% | Budget Used:  0.00/1500.0
Ep   12 | Phase: PROTAGO | Ticks: 799 | Protag R: -5479.00 | Antag R: 5479.00 | Delivery:  37.5% | Budget Used:  0.00/1500.0
Ep   13 | Phase: PROTAGO | Ticks: 799 | Protag R: -4576.00 | Antag R: 4576.00 | Delivery:  50.0% | Budget Used:  0.00/1500.0
Ep   14 | Phase: PROTAGO | Ticks: 799 | Protag R: -3333.00 | Antag R: 3333.00 | Delivery:  75.0% | Budget Used:  0.00/1500.0
Ep   15 | Phase: PROTAGO | Ticks: 798 | Protag R: -4744.00 | Antag R: 4744.00 | Delivery:  50.0% | Budget Used:  0.00/1500.0
Ep   16 | Phase: PROTAGO | Ticks: 799 | Protag R: -4741.00 | Antag R: 4741.00 | Delivery:  50.0% | Budget Used:  0.00/1500.0
Ep   17 | Phase: PROTAGO | Ticks: 799 | Protag R: -4859.00 | Antag R: 4859.00 | Delivery:  50.0% | Budget Used:  0.00/1500.0
Ep   18 | Phase: PROTAGO | Ticks: 799 | Protag R: -4333.00 | Antag R: 4333.00 | Delivery:  50.0% | Budget Used:  0.00/1500.0
Ep   19 | Phase: PROTAGO | Ticks: 798 | Protag R: -4780.00 | Antag R: 4780.00 | Delivery:  50.0% | Budget Used:  0.00/1500.0
Ep   20 | Phase: PROTAGO | Ticks: 799 | Protag R: -5304.00 | Antag R: 5304.00 | Delivery:  37.5% | Budget Used:  0.00/1500.0
Ep   21 | Phase: PROTAGO | Ticks: 795 | Protag R: -4624.00 | Antag R: 4624.00 | Delivery:  37.5% | Budget Used:  0.00/1500.0
Ep   22 | Phase: PROTAGO | Ticks: 798 | Protag R: -4789.00 | Antag R: 4789.00 | Delivery:  62.5% | Budget Used:  0.00/1500.0
Ep   23 | Phase: PROTAGO | Ticks: 797 | Protag R: -5355.00 | Antag R: 5355.00 | Delivery:  37.5% | Budget Used:  0.00/1500.0
Ep   24 | Phase: PROTAGO | Ticks: 798 | Protag R: -4755.00 | Antag R: 4755.00 | Delivery:  37.5% | Budget Used:  0.00/1500.0
Ep   25 | Phase: PROTAGO | Ticks: 797 | Protag R: -4474.00 | Antag R: 4474.00 | Delivery:  62.5% | Budget Used:  0.00/1500.0
Saving checkpoints for both agents before phase switch...
Ep   26 | Phase: PROTAGO | Ticks: 798 | Protag R: -5134.00 | Antag R: 5134.00 | Delivery:  50.0% | Budget Used:  0.00/1500.0
Ep   27 | Phase: PROTAGO | Ticks: 799 | Protag R: -4418.00 | Antag R: 4418.00 | Delivery:  50.0% | Budget Used:  0.00/1500.0
Ep   28 | Phase: PROTAGO | Ticks: 799 | Protag R: -4081.00 | Antag R: 4081.00 | Delivery:  62.5% | Budget Used:  0.00/1500.0
Ep   29 | Phase: PROTAGO | Ticks: 798 | Protag R: -4281.00 | Antag R: 4281.00 | Delivery:  50.0% | Budget Used:  0.00/1500.0
Ep   30 | Phase: PROTAGO | Ticks: 799 | Protag R: -4920.00 | Antag R: 4920.00 | Delivery:  50.0% | Budget Used:  0.00/1500.0
Ep   31 | Phase: PROTAGO | Ticks: 799 | Protag R: -4761.00 | Antag R: 4761.00 | Delivery:  37.5% | Budget Used:  0.00/1500.0
Ep   32 | Phase: PROTAGO | Ticks: 798 | Protag R: -4220.00 | Antag R: 4220.00 | Delivery:  62.5% | Budget Used:  0.00/1500.0
Ep   33 | Phase: PROTAGO | Ticks: 797 | Protag R: -5015.00 | Antag R: 5015.00 | Delivery:  50.0% | Budget Used:  0.00/1500.0
Ep   34 | Phase: PROTAGO | Ticks: 796 | Protag R: -4590.00 | Antag R: 4590.00 | Delivery:  50.0% | Budget Used:  0.00/1500.0
Ep   35 | Phase: PROTAGO | Ticks: 799 | Protag R: -4488.00 | Antag R: 4488.00 | Delivery:  62.5% | Budget Used:  0.00/1500.0
Ep   36 | Phase: PROTAGO | Ticks: 799 | Protag R: -4301.00 | Antag R: 4301.00 | Delivery:  50.0% | Budget Used:  0.00/1500.0
Ep   37 | Phase: PROTAGO | Ticks: 799 | Protag R: -4990.00 | Antag R: 4990.00 | Delivery:  37.5% | Budget Used:  0.00/1500.0
Ep   38 | Phase: PROTAGO | Ticks: 799 | Protag R: -4542.00 | Antag R: 4542.00 | Delivery:  37.5% | Budget Used:  0.00/1500.0
Ep   39 | Phase: PROTAGO | Ticks: 798 | Protag R: -4500.00 | Antag R: 4500.00 | Delivery:  62.5% | Budget Used:  0.00/1500.0
Ep   40 | Phase: PROTAGO | Ticks: 799 | Protag R: -4439.00 | Antag R: 4439.00 | Delivery:  50.0% | Budget Used:  0.00/1500.0
Ep   41 | Phase: PROTAGO | Ticks: 799 | Protag R: -4523.00 | Antag R: 4523.00 | Delivery:  50.0% | Budget Used:  0.00/1500.0
Ep   42 | Phase: PROTAGO | Ticks: 799 | Protag R: -5097.00 | Antag R: 5097.00 | Delivery:  37.5% | Budget Used:  0.00/1500.0
Ep   43 | Phase: PROTAGO | Ticks: 798 | Protag R: -5168.00 | Antag R: 5168.00 | Delivery:  25.0% | Budget Used:  0.00/1500.0
Ep   44 | Phase: PROTAGO | Ticks: 799 | Protag R: -4851.00 | Antag R: 4851.00 | Delivery:  50.0% | Budget Used:  0.00/1500.0
Ep   45 | Phase: PROTAGO | Ticks: 797 | Protag R: -4425.00 | Antag R: 4425.00 | Delivery:  62.5% | Budget Used:  0.00/1500.0
Ep   46 | Phase: PROTAGO | Ticks: 799 | Protag R: -4590.00 | Antag R: 4590.00 | Delivery:  62.5% | Budget Used:  0.00/1500.0
Ep   47 | Phase: PROTAGO | Ticks: 799 | Protag R: -4838.00 | Antag R: 4838.00 | Delivery:  37.5% | Budget Used:  0.00/1500.0
Ep   48 | Phase: PROTAGO | Ticks: 799 | Protag R: -4314.00 | Antag R: 4314.00 | Delivery:  62.5% | Budget Used:  0.00/1500.0
Ep   49 | Phase: PROTAGO | Ticks: 798 | Protag R: -4575.00 | Antag R: 4575.00 | Delivery:  50.0% | Budget Used:  0.00/1500.0
Ep   50 | Phase: PROTAGO | Ticks: 798 | Protag R: -4585.00 | Antag R: 4585.00 | Delivery:  50.0% | Budget Used:  0.00/1500.0
  [EVAL ep 50] greedy_atk=1812 learned_atk=6400 gap=+4588 (neg = learned beats greedy under attack)
Saving checkpoints for both agents before phase switch...
Ep   51 | Phase: PROTAGO | Ticks: 797 | Protag R: -4858.00 | Antag R: 4858.00 | Delivery:  37.5% | Budget Used:  0.00/1500.0
Ep   52 | Phase: PROTAGO | Ticks: 799 | Protag R: -4551.00 | Antag R: 4551.00 | Delivery:  50.0% | Budget Used:  0.00/1500.0
Ep   53 | Phase: PROTAGO | Ticks: 798 | Protag R: -4574.00 | Antag R: 4574.00 | Delivery:  50.0% | Budget Used:  0.00/1500.0
Ep   54 | Phase: PROTAGO | Ticks: 799 | Protag R: -5061.00 | Antag R: 5061.00 | Delivery:  37.5% | Budget Used:  0.00/1500.0
Ep   55 | Phase: PROTAGO | Ticks: 798 | Protag R: -4832.00 | Antag R: 4832.00 | Delivery:  50.0% | Budget Used:  0.00/1500.0
Ep   56 | Phase: PROTAGO | Ticks: 798 | Protag R: -4389.00 | Antag R: 4389.00 | Delivery:  50.0% | Budget Used:  0.00/1500.0
Ep   57 | Phase: PROTAGO | Ticks: 799 | Protag R: -4205.00 | Antag R: 4205.00 | Delivery:  62.5% | Budget Used:  0.00/1500.0
Ep   58 | Phase: PROTAGO | Ticks: 799 | Protag R: -5107.00 | Antag R: 5107.00 | Delivery:  50.0% | Budget Used:  0.00/1500.0
Ep   59 | Phase: PROTAGO | Ticks: 799 | Protag R: -4329.00 | Antag R: 4329.00 | Delivery:  50.0% | Budget Used:  0.00/1500.0
Ep   60 | Phase: PROTAGO | Ticks: 799 | Protag R: -4080.00 | Antag R: 4080.00 | Delivery:  62.5% | Budget Used:  0.00/1500.0
Ep   61 | Phase: PROTAGO | Ticks: 797 | Protag R: -4189.00 | Antag R: 4189.00 | Delivery:  50.0% | Budget Used:  0.00/1500.0Seeded run: seed=2
Initializing SACRED Stage-2 HYBRID (assignment + next-hop routing, static demand)...
Configuring Protagonist Dispatch Agent...
Configuring Antagonist Congestion Agent...
Resuming from checkpoints in models/runs/gen05_hybrid_matrix/hybrid_vanilla_seed2...
Resumed successfully from episode 75.
Initializing ATLA Coevolution Trainer...
Run Name: gen05_hybrid_matrix/hybrid_vanilla_seed2
Starting SACRED training (mode=vanilla) for 400 episodes...
Device: Protagonist=cpu, Antagonist=cpu
Initial Phase: Training PROTAGONIST

Saving checkpoints for both agents before phase switch...
Ep   76 | Phase: PROTAGO | Ticks: 799 | Protag R: -4834.00 | Antag R: 4834.00 | Delivery:  37.5% | Budget Used:  0.00/1500.0
Ep   77 | Phase: PROTAGO | Ticks: 796 | Protag R: -4700.00 | Antag R: 4700.00 | Delivery:  50.0% | Budget Used:  0.00/1500.0
Ep   78 | Phase: PROTAGO | Ticks: 799 | Protag R: -4290.00 | Antag R: 4290.00 | Delivery:  75.0% | Budget Used:  0.00/1500.0
Ep   79 | Phase: PROTAGO | Ticks: 797 | Protag R: -4566.00 | Antag R: 4566.00 | Delivery:  50.0% | Budget Used:  0.00/1500.0
Ep   80 | Phase: PROTAGO | Ticks: 797 | Protag R: -4885.00 | Antag R: 4885.00 | Delivery:  62.5% | Budget Used:  0.00/1500.0
Ep   81 | Phase: PROTAGO | Ticks: 799 | Protag R: -4614.00 | Antag R: 4614.00 | Delivery:  62.5% | Budget Used:  0.00/1500.0
Ep   82 | Phase: PROTAGO | Ticks: 797 | Protag R: -4478.00 | Antag R: 4478.00 | Delivery:  50.0% | Budget Used:  0.00/1500.0
Ep   83 | Phase: PROTAGO | Ticks: 799 | Protag R: -5061.00 | Antag R: 5061.00 | Delivery:  50.0% | Budget Used:  0.00/1500.0
Ep   84 | Phase: PROTAGO | Ticks: 799 | Protag R: -4750.00 | Antag R: 4750.00 | Delivery:  50.0% | Budget Used:  0.00/1500.0
Ep   85 | Phase: PROTAGO | Ticks: 799 | Protag R: -4620.00 | Antag R: 4620.00 | Delivery:  50.0% | Budget Used:  0.00/1500.0
Ep   86 | Phase: PROTAGO | Ticks: 797 | Protag R: -5076.00 | Antag R: 5076.00 | Delivery:  37.5% | Budget Used:  0.00/1500.0
Ep   87 | Phase: PROTAGO | Ticks: 799 | Protag R: -4726.00 | Antag R: 4726.00 | Delivery:  37.5% | Budget Used:  0.00/1500.0
Ep   88 | Phase: PROTAGO | Ticks: 799 | Protag R: -5546.00 | Antag R: 5546.00 | Delivery:  50.0% | Budget Used:  0.00/1500.0
Ep   89 | Phase: PROTAGO | Ticks: 799 | Protag R: -4262.00 | Antag R: 4262.00 | Delivery:  50.0% | Budget Used:  0.00/1500.0
Ep   90 | Phase: PROTAGO | Ticks: 798 | Protag R: -4712.00 | Antag R: 4712.00 | Delivery:  50.0% | Budget Used:  0.00/1500.0
Ep   91 | Phase: PROTAGO | Ticks: 798 | Protag R: -4762.00 | Antag R: 4762.00 | Delivery:  50.0% | Budget Used:  0.00/1500.0
Ep   92 | Phase: PROTAGO | Ticks: 798 | Protag R: -5250.00 | Antag R: 5250.00 | Delivery:  37.5% | Budget Used:  0.00/1500.0
Ep   93 | Phase: PROTAGO | Ticks: 798 | Protag R: -4933.00 | Antag R: 4933.00 | Delivery:  50.0% | Budget Used:  0.00/1500.0
Ep   94 | Phase: PROTAGO | Ticks: 799 | Protag R: -4634.00 | Antag R: 4634.00 | Delivery:  50.0% | Budget Used:  0.00/1500.0
Ep   95 | Phase: PROTAGO | Ticks: 799 | Protag R: -5302.00 | Antag R: 5302.00 | Delivery:  37.5% | Budget Used:  0.00/1500.0
Ep   96 | Phase: PROTAGO | Ticks: 798 | Protag R: -4772.00 | Antag R: 4772.00 | Delivery:  50.0% | Budget Used:  0.00/1500.0
Ep   97 | Phase: PROTAGO | Ticks: 798 | Protag R: -4607.00 | Antag R: 4607.00 | Delivery:  62.5% | Budget Used:  0.00/1500.0
Ep   98 | Phase: PROTAGO | Ticks: 798 | Protag R: -4968.00 | Antag R: 4968.00 | Delivery:  37.5% | Budget Used:  0.00/1500.0
Ep   99 | Phase: PROTAGO | Ticks: 799 | Protag R: -4397.00 | Antag R: 4397.00 | Delivery:  50.0% | Budget Used:  0.00/1500.0
Ep  100 | Phase: PROTAGO | Ticks: 799 | Protag R: -4910.00 | Antag R: 4910.00 | Delivery:  62.5% | Budget Used:  0.00/1500.0
  [EVAL ep 100] greedy_atk=1812 learned_atk=6400 gap=+4588 (neg = learned beats greedy under attack)
Saving checkpoints for both agents before phase switch...
Ep  101 | Phase: PROTAGO | Ticks: 799 | Protag R: -5235.00 | Antag R: 5235.00 | Delivery:  37.5% | Budget Used:  0.00/1500.0
Ep  102 | Phase: PROTAGO | Ticks: 798 | Protag R: -4667.00 | Antag R: 4667.00 | Delivery:  50.0% | Budget Used:  0.00/1500.0
Ep  103 | Phase: PROTAGO | Ticks: 796 | Protag R: -5036.00 | Antag R: 5036.00 | Delivery:  37.5% | Budget Used:  0.00/1500.0
Ep  104 | Phase: PROTAGO | Ticks: 797 | Protag R: -5215.00 | Antag R: 5215.00 | Delivery:  37.5% | Budget Used:  0.00/1500.0
Ep  105 | Phase: PROTAGO | Ticks: 798 | Protag R: -5067.00 | Antag R: 5067.00 | Delivery:  37.5% | Budget Used:  0.00/1500.0
Ep  106 | Phase: PROTAGO | Ticks: 799 | Protag R: -4932.00 | Antag R: 4932.00 | Delivery:  37.5% | Budget Used:  0.00/1500.0
Ep  107 | Phase: PROTAGO | Ticks: 799 | Protag R: -5406.00 | Antag R: 5406.00 | Delivery:  37.5% | Budget Used:  0.00/1500.0
Ep  108 | Phase: PROTAGO | Ticks: 799 | Protag R: -4329.00 | Antag R: 4329.00 | Delivery:  50.0% | Budget Used:  0.00/1500.0
Ep  109 | Phase: PROTAGO | Ticks: 799 | Protag R: -5131.00 | Antag R: 5131.00 | Delivery:  50.0% | Budget Used:  0.00/1500.0
Ep  110 | Phase: PROTAGO | Ticks: 797 | Protag R: -4571.00 | Antag R: 4571.00 | Delivery:  50.0% | Budget Used:  0.00/1500.0
Ep  111 | Phase: PROTAGO | Ticks: 799 | Protag R: -4126.00 | Antag R: 4126.00 | Delivery:  62.5% | Budget Used:  0.00/1500.0
Ep  112 | Phase: PROTAGO | Ticks: 799 | Protag R: -4518.00 | Antag R: 4518.00 | Delivery:  50.0% | Budget Used:  0.00/1500.0
Ep  113 | Phase: PROTAGO | Ticks: 798 | Protag R: -5160.00 | Antag R: 5160.00 | Delivery:  37.5% | Budget Used:  0.00/1500.0
Ep  114 | Phase: PROTAGO | Ticks: 799 | Protag R: -4788.00 | Antag R: 4788.00 | Delivery:  50.0% | Budget Used:  0.00/1500.0
Ep  115 | Phase: PROTAGO | Ticks: 799 | Protag R: -4719.00 | Antag R: 4719.00 | Delivery:  37.5% | Budget Used:  0.00/1500.0
Ep  116 | Phase: PROTAGO | Ticks: 797 | Protag R: -5367.00 | Antag R: 5367.00 | Delivery:  25.0% | Budget Used:  0.00/1500.0
Ep  117 | Phase: PROTAGO | Ticks: 799 | Protag R: -4078.00 | Antag R: 4078.00 | Delivery:  87.5% | Budget Used:  0.00/1500.0
Ep  118 | Phase: PROTAGO | Ticks: 799 | Protag R: -4127.00 | Antag R: 4127.00 | Delivery:  62.5% | Budget Used:  0.00/1500.0
Ep  119 | Phase: PROTAGO | Ticks: 797 | Protag R: -4423.00 | Antag R: 4423.00 | Delivery:  50.0% | Budget Used:  0.00/1500.0
Ep  120 | Phase: PROTAGO | Ticks: 798 | Protag R: -4366.00 | Antag R: 4366.00 | Delivery:  62.5% | Budget Used:  0.00/1500.0
Ep  121 | Phase: PROTAGO | Ticks: 799 | Protag R: -4616.00 | Antag R: 4616.00 | Delivery:  50.0% | Budget Used:  0.00/1500.0
Ep  122 | Phase: PROTAGO | Ticks: 799 | Protag R: -4947.00 | Antag R: 4947.00 | Delivery:  50.0% | Budget Used:  0.00/1500.0
Ep  123 | Phase: PROTAGO | Ticks: 798 | Protag R: -4231.00 | Antag R: 4231.00 | Delivery:  75.0% | Budget Used:  0.00/1500.0
Ep  124 | Phase: PROTAGO | Ticks: 799 | Protag R: -4012.00 | Antag R: 4012.00 | Delivery:  62.5% | Budget Used:  0.00/1500.0
Ep  125 | Phase: PROTAGO | Ticks: 798 | Protag R: -4306.00 | Antag R: 4306.00 | Delivery:  50.0% | Budget Used:  0.00/1500.0
Saving checkpoints for both agents before phase switch...
Ep  126 | Phase: PROTAGO | Ticks: 797 | Protag R: -4871.00 | Antag R: 4871.00 | Delivery:  37.5% | Budget Used:  0.00/1500.0
Ep  127 | Phase: PROTAGO | Ticks: 799 | Protag R: -4809.00 | Antag R: 4809.00 | Delivery:  50.0% | Budget Used:  0.00/1500.0
Ep  128 | Phase: PROTAGO | Ticks: 799 | Protag R: -4310.00 | Antag R: 4310.00 | Delivery:  50.0% | Budget Used:  0.00/1500.0
Ep  129 | Phase: PROTAGO | Ticks: 796 | Protag R: -5094.00 | Antag R: 5094.00 | Delivery:  37.5% | Budget Used:  0.00/1500.0
Ep  130 | Phase: PROTAGO | Ticks: 799 | Protag R: -5394.00 | Antag R: 5394.00 | Delivery:  37.5% | Budget Used:  0.00/1500.0
Ep  131 | Phase: PROTAGO | Ticks: 799 | Protag R: -5111.00 | Antag R: 5111.00 | Delivery:  37.5% | Budget Used:  0.00/1500.0
Ep  132 | Phase: PROTAGO | Ticks: 799 | Protag R: -5080.00 | Antag R: 5080.00 | Delivery:  37.5% | Budget Used:  0.00/1500.0
Ep  133 | Phase: PROTAGO | Ticks: 798 | Protag R: -4766.00 | Antag R: 4766.00 | Delivery:  50.0% | Budget Used:  0.00/1500.0
Ep  134 | Phase: PROTAGO | Ticks: 799 | Protag R: -5059.00 | Antag R: 5059.00 | Delivery:  37.5% | Budget Used:  0.00/1500.0
Ep  135 | Phase: PROTAGO | Ticks: 797 | Protag R: -4578.00 | Antag R: 4578.00 | Delivery:  50.0% | Budget Used:  0.00/1500.0
Ep  136 | Phase: PROTAGO | Ticks: 799 | Protag R: -4425.00 | Antag R: 4425.00 | Delivery:  50.0% | Budget Used:  0.00/1500.0
Ep  137 | Phase: PROTAGO | Ticks: 799 | Protag R: -5368.00 | Antag R: 5368.00 | Delivery:  25.0% | Budget Used:  0.00/1500.0
Ep  138 | Phase: PROTAGO | Ticks: 798 | Protag R: -5299.00 | Antag R: 5299.00 | Delivery:  37.5% | Budget Used:  0.00/1500.0
Ep  139 | Phase: PROTAGO | Ticks: 799 | Protag R: -5083.00 | Antag R: 5083.00 | Delivery:  37.5% | Budget Used:  0.00/1500.0
Ep  140 | Phase: PROTAGO | Ticks: 797 | Protag R: -4679.00 | Antag R: 4679.00 | Delivery:  50.0% | Budget Used:  0.00/1500.0
Ep  141 | Phase: PROTAGO | Ticks: 797 | Protag R: -4232.00 | Antag R: 4232.00 | Delivery:  75.0% | Budget Used:  0.00/1500.0
Ep  142 | Phase: PROTAGO | Ticks: 798 | Protag R: -5021.00 | Antag R: 5021.00 | Delivery:  37.5% | Budget Used:  0.00/1500.0
Ep  143 | Phase: PROTAGO | Ticks: 799 | Protag R: -5187.00 | Antag R: 5187.00 | Delivery:  37.5% | Budget Used:  0.00/1500.0
Ep  144 | Phase: PROTAGO | Ticks: 799 | Protag R: -4307.00 | Antag R: 4307.00 | Delivery:  62.5% | Budget Used:  0.00/1500.0
Ep  145 | Phase: PROTAGO | Ticks: 798 | Protag R: -4690.00 | Antag R: 4690.00 | Delivery:  50.0% | Budget Used:  0.00/1500.0
Ep  146 | Phase: PROTAGO | Ticks: 798 | Protag R: -5153.00 | Antag R: 5153.00 | Delivery:  25.0% | Budget Used:  0.00/1500.0
Ep  147 | Phase: PROTAGO | Ticks: 799 | Protag R: -4868.00 | Antag R: 4868.00 | Delivery:  62.5% | Budget Used:  0.00/1500.0
Ep  148 | Phase: PROTAGO | Ticks: 798 | Protag R: -4535.00 | Antag R: 4535.00 | Delivery:  50.0% | Budget Used:  0.00/1500.0
Ep  149 | Phase: PROTAGO | Ticks: 799 | Protag R: -5038.00 | Antag R: 5038.00 | Delivery:  37.5% | Budget Used:  0.00/1500.0
Ep  150 | Phase: PROTAGO | Ticks: 799 | Protag R: -4798.00 | Antag R: 4798.00 | Delivery:  50.0% | Budget Used:  0.00/1500.0
  [EVAL ep 150] greedy_atk=1812 learned_atk=6400 gap=+4588 (neg = learned beats greedy under attack)
Saving checkpoints for both agents before phase switch...
Ep  151 | Phase: PROTAGO | Ticks: 799 | Protag R: -4019.00 | Antag R: 4019.00 | Delivery:  75.0% | Budget Used:  0.00/1500.0
Ep  152 | Phase: PROTAGO | Ticks: 799 | Protag R: -3736.00 | Antag R: 3736.00 | Delivery:  75.0% | Budget Used:  0.00/1500.0
Ep  153 | Phase: PROTAGO | Ticks: 799 | Protag R: -4631.00 | Antag R: 4631.00 | Delivery:  37.5% | Budget Used:  0.00/1500.0
Ep  154 | Phase: PROTAGO | Ticks: 799 | Protag R: -4137.00 | Antag R: 4137.00 | Delivery:  62.5% | Budget Used:  0.00/1500.0
Ep  155 | Phase: PROTAGO | Ticks: 798 | Protag R: -4580.00 | Antag R: 4580.00 | Delivery:  50.0% | Budget Used:  0.00/1500.0
Ep  156 | Phase: PROTAGO | Ticks: 799 | Protag R: -4934.00 | Antag R: 4934.00 | Delivery:  50.0% | Budget Used:  0.00/1500.0
Ep  157 | Phase: PROTAGO | Ticks: 799 | Protag R: -4920.00 | Antag R: 4920.00 | Delivery:  50.0% | Budget Used:  0.00/1500.0
Ep  158 | Phase: PROTAGO | Ticks: 797 | Protag R: -5061.00 | Antag R: 5061.00 | Delivery:  25.0% | Budget Used:  0.00/1500.0
Ep  159 | Phase: PROTAGO | Ticks: 798 | Protag R: -5103.00 | Antag R: 5103.00 | Delivery:  50.0% | Budget Used:  0.00/1500.0
Ep  160 | Phase: PROTAGO | Ticks: 799 | Protag R: -5081.00 | Antag R: 5081.00 | Delivery:  50.0% | Budget Used:  0.00/1500.0
Ep  161 | Phase: PROTAGO | Ticks: 799 | Protag R: -3890.00 | Antag R: 3890.00 | Delivery:  62.5% | Budget Used:  0.00/1500.0
Ep  162 | Phase: PROTAGO | Ticks: 799 | Protag R: -4533.00 | Antag R: 4533.00 | Delivery:  50.0% | Budget Used:  0.00/1500.0
Ep  163 | Phase: PROTAGO | Ticks: 799 | Protag R: -4977.00 | Antag R: 4977.00 | Delivery:  37.5% | Budget Used:  0.00/1500.0
Ep  164 | Phase: PROTAGO | Ticks: 796 | Protag R: -5376.00 | Antag R: 5376.00 | Delivery:  37.5% | Budget Used:  0.00/1500.0
Ep  165 | Phase: PROTAGO | Ticks: 798 | Protag R: -4508.00 | Antag R: 4508.00 | Delivery:  50.0% | Budget Used:  0.00/1500.0
Ep  166 | Phase: PROTAGO | Ticks: 799 | Protag R: -4826.00 | Antag R: 4826.00 | Delivery:  50.0% | Budget Used:  0.00/1500.0
Ep  167 | Phase: PROTAGO | Ticks: 799 | Protag R: -4483.00 | Antag R: 4483.00 | Delivery:  62.5% | Budget Used:  0.00/1500.0
Ep  168 | Phase: PROTAGO | Ticks: 799 | Protag R: -4257.00 | Antag R: 4257.00 | Delivery:  62.5% | Budget Used:  0.00/1500.0
Ep  169 | Phase: PROTAGO | Ticks: 799 | Protag R: -3790.00 | Antag R: 3790.00 | Delivery:  75.0% | Budget Used:  0.00/1500.0
Ep  170 | Phase: PROTAGO | Ticks: 797 | Protag R: -4513.00 | Antag R: 4513.00 | Delivery:  37.5% | Budget Used:  0.00/1500.0
Ep  171 | Phase: PROTAGO | Ticks: 799 | Protag R: -5416.00 | Antag R: 5416.00 | Delivery:  25.0% | Budget Used:  0.00/1500.0
Ep  172 | Phase: PROTAGO | Ticks: 798 | Protag R: -4579.00 | Antag R: 4579.00 | Delivery:  50.0% | Budget Used:  0.00/1500.0
Ep  173 | Phase: PROTAGO | Ticks: 799 | Protag R: -5531.00 | Antag R: 5531.00 | Delivery:  25.0% | Budget Used:  0.00/1500.0
Ep  174 | Phase: PROTAGO | Ticks: 799 | Protag R: -4599.00 | Antag R: 4599.00 | Delivery:  37.5% | Budget Used:  0.00/1500.0
Ep  175 | Phase: PROTAGO | Ticks: 799 | Protag R: -3238.00 | Antag R: 3238.00 | Delivery:  75.0% | Budget Used:  0.00/1500.0
Saving checkpoints for both agents before phase switch...
Ep  176 | Phase: PROTAGO | Ticks: 799 | Protag R: -4539.00 | Antag R: 4539.00 | Delivery:  50.0% | Budget Used:  0.00/1500.0
Ep  177 | Phase: PROTAGO | Ticks: 798 | Protag R: -5225.00 | Antag R: 5225.00 | Delivery:  37.5% | Budget Used:  0.00/1500.0
Ep  178 | Phase: PROTAGO | Ticks: 798 | Protag R: -4280.00 | Antag R: 4280.00 | Delivery:  62.5% | Budget Used:  0.00/1500.0
Ep  179 | Phase: PROTAGO | Ticks: 798 | Protag R: -5346.00 | Antag R: 5346.00 | Delivery:  50.0% | Budget Used:  0.00/1500.0
Ep  180 | Phase: PROTAGO | Ticks: 799 | Protag R: -5358.00 | Antag R: 5358.00 | Delivery:  50.0% | Budget Used:  0.00/1500.0
Ep  181 | Phase: PROTAGO | Ticks: 799 | Protag R: -4558.00 | Antag R: 4558.00 | Delivery:  37.5% | Budget Used:  0.00/1500.0
Ep  182 | Phase: PROTAGO | Ticks: 799 | Protag R: -4298.00 | Antag R: 4298.00 | Delivery:  50.0% | Budget Used:  0.00/1500.0
Ep  183 | Phase: PROTAGO | Ticks: 799 | Protag R: -4673.00 | Antag R: 4673.00 | Delivery:  62.5% | Budget Used:  0.00/1500.0
Ep  184 | Phase: PROTAGO | Ticks: 799 | Protag R: -5224.00 | Antag R: 5224.00 | Delivery:  62.5% | Budget Used:  0.00/1500.0
Ep  185 | Phase: PROTAGO | Ticks: 799 | Protag R: -5215.00 | Antag R: 5215.00 | Delivery:  37.5% | Budget Used:  0.00/1500.0
Ep  186 | Phase: PROTAGO | Ticks: 799 | Protag R: -4188.00 | Antag R: 4188.00 | Delivery:  75.0% | Budget Used:  0.00/1500.0
Ep  187 | Phase: PROTAGO | Ticks: 798 | Protag R: -4820.00 | Antag R: 4820.00 | Delivery:  50.0% | Budget Used:  0.00/1500.0
Ep  188 | Phase: PROTAGO | Ticks: 799 | Protag R: -4305.00 | Antag R: 4305.00 | Delivery:  62.5% | Budget Used:  0.00/1500.0
Ep  189 | Phase: PROTAGO | Ticks: 797 | Protag R: -5139.00 | Antag R: 5139.00 | Delivery:  37.5% | Budget Used:  0.00/1500.0
Ep  190 | Phase: PROTAGO | Ticks: 799 | Protag R: -5088.00 | Antag R: 5088.00 | Delivery:  50.0% | Budget Used:  0.00/1500.0
Ep  191 | Phase: PROTAGO | Ticks: 798 | Protag R: -4931.00 | Antag R: 4931.00 | Delivery:  37.5% | Budget Used:  0.00/1500.0
Ep  192 | Phase: PROTAGO | Ticks: 799 | Protag R: -5718.00 | Antag R: 5718.00 | Delivery:  25.0% | Budget Used:  0.00/1500.0
Ep  193 | Phase: PROTAGO | Ticks: 799 | Protag R: -4843.00 | Antag R: 4843.00 | Delivery:  50.0% | Budget Used:  0.00/1500.0
Ep  194 | Phase: PROTAGO | Ticks: 799 | Protag R: -5324.00 | Antag R: 5324.00 | Delivery:  37.5% | Budget Used:  0.00/1500.0
Ep  195 | Phase: PROTAGO | Ticks: 799 | Protag R: -4779.00 | Antag R: 4779.00 | Delivery:  50.0% | Budget Used:  0.00/1500.0
Ep  196 | Phase: PROTAGO | Ticks: 799 | Protag R: -4502.00 | Antag R: 4502.00 | Delivery:  62.5% | Budget Used:  0.00/1500.0
Ep  197 | Phase: PROTAGO | Ticks: 799 | Protag R: -4574.00 | Antag R: 4574.00 | Delivery:  37.5% | Budget Used:  0.00/1500.0
Ep  198 | Phase: PROTAGO | Ticks: 799 | Protag R: -5285.00 | Antag R: 5285.00 | Delivery:  37.5% | Budget Used:  0.00/1500.0
Ep  199 | Phase: PROTAGO | Ticks: 799 | Protag R: -4877.00 | Antag R: 4877.00 | Delivery:  62.5% | Budget Used:  0.00/1500.0
Ep  200 | Phase: PROTAGO | Ticks: 798 | Protag R: -3792.00 | Antag R: 3792.00 | Delivery:  62.5% | Budget Used:  0.00/1500.0
  [EVAL ep 200] greedy_atk=1812 learned_atk=6400 gap=+4588 (neg = learned beats greedy under attack)
Saving checkpoints for both agents before phase switch...
Ep  201 | Phase: PROTAGO | Ticks: 799 | Protag R: -4289.00 | Antag R: 4289.00 | Delivery:  50.0% | Budget Used:  0.00/1500.0
Ep  202 | Phase: PROTAGO | Ticks: 799 | Protag R: -4103.00 | Antag R: 4103.00 | Delivery:  62.5% | Budget Used:  0.00/1500.0
Ep  203 | Phase: PROTAGO | Ticks: 799 | Protag R: -5035.00 | Antag R: 5035.00 | Delivery:  50.0% | Budget Used:  0.00/1500.0
Ep  204 | Phase: PROTAGO | Ticks: 797 | Protag R: -4996.00 | Antag R: 4996.00 | Delivery:  50.0% | Budget Used:  0.00/1500.0
Ep  205 | Phase: PROTAGO | Ticks: 798 | Protag R: -4525.00 | Antag R: 4525.00 | Delivery:  50.0% | Budget Used:  0.00/1500.0
Ep  206 | Phase: PROTAGO | Ticks: 799 | Protag R: -4583.00 | Antag R: 4583.00 | Delivery:  50.0% | Budget Used:  0.00/1500.0
Ep  207 | Phase: PROTAGO | Ticks: 799 | Protag R: -5002.00 | Antag R: 5002.00 | Delivery:  25.0% | Budget Used:  0.00/1500.0
Ep  208 | Phase: PROTAGO | Ticks: 799 | Protag R: -4993.00 | Antag R: 4993.00 | Delivery:  37.5% | Budget Used:  0.00/1500.0
Ep  209 | Phase: PROTAGO | Ticks: 798 | Protag R: -4698.00 | Antag R: 4698.00 | Delivery:  50.0% | Budget Used:  0.00/1500.0
Ep  210 | Phase: PROTAGO | Ticks: 799 | Protag R: -5093.00 | Antag R: 5093.00 | Delivery:  37.5% | Budget Used:  0.00/1500.0
Ep  211 | Phase: PROTAGO | Ticks: 799 | Protag R: -4080.00 | Antag R: 4080.00 | Delivery:  62.5% | Budget Used:  0.00/1500.0
Ep  212 | Phase: PROTAGO | Ticks: 798 | Protag R: -4486.00 | Antag R: 4486.00 | Delivery:  50.0% | Budget Used:  0.00/1500.0
Ep  213 | Phase: PROTAGO | Ticks: 799 | Protag R: -4709.00 | Antag R: 4709.00 | Delivery:  50.0% | Budget Used:  0.00/1500.0
Ep  214 | Phase: PROTAGO | Ticks: 798 | Protag R: -4657.00 | Antag R: 4657.00 | Delivery:  37.5% | Budget Used:  0.00/1500.0
Ep  215 | Phase: PROTAGO | Ticks: 798 | Protag R: -4504.00 | Antag R: 4504.00 | Delivery:  50.0% | Budget Used:  0.00/1500.0
Ep  216 | Phase: PROTAGO | Ticks: 799 | Protag R: -4433.00 | Antag R: 4433.00 | Delivery:  50.0% | Budget Used:  0.00/1500.0
Ep  217 | Phase: PROTAGO | Ticks: 799 | Protag R: -4184.00 | Antag R: 4184.00 | Delivery:  62.5% | Budget Used:  0.00/1500.0
Ep  218 | Phase: PROTAGO | Ticks: 799 | Protag R: -3827.00 | Antag R: 3827.00 | Delivery:  75.0% | Budget Used:  0.00/1500.0
Ep  219 | Phase: PROTAGO | Ticks: 797 | Protag R: -4855.00 | Antag R: 4855.00 | Delivery:  37.5% | Budget Used:  0.00/1500.0
Ep  220 | Phase: PROTAGO | Ticks: 799 | Protag R: -4053.00 | Antag R: 4053.00 | Delivery:  62.5% | Budget Used:  0.00/1500.0
Ep  221 | Phase: PROTAGO | Ticks: 799 | Protag R: -4782.00 | Antag R: 4782.00 | Delivery:  37.5% | Budget Used:  0.00/1500.0
Ep  222 | Phase: PROTAGO | Ticks: 799 | Protag R: -4399.00 | Antag R: 4399.00 | Delivery:  62.5% | Budget Used:  0.00/1500.0
Ep  223 | Phase: PROTAGO | Ticks: 798 | Protag R: -4264.00 | Antag R: 4264.00 | Delivery:  62.5% | Budget Used:  0.00/1500.0
Ep  224 | Phase: PROTAGO | Ticks: 799 | Protag R: -3804.00 | Antag R: 3804.00 | Delivery:  75.0% | Budget Used:  0.00/1500.0
Ep  225 | Phase: PROTAGO | Ticks: 799 | Protag R: -5162.00 | Antag R: 5162.00 | Delivery:  37.5% | Budget Used:  0.00/1500.0
Saving checkpoints for both agents before phase switch...
Ep  226 | Phase: PROTAGO | Ticks: 799 | Protag R: -4725.00 | Antag R: 4725.00 | Delivery:  50.0% | Budget Used:  0.00/1500.0
Ep  227 | Phase: PROTAGO | Ticks: 799 | Protag R: -4214.00 | Antag R: 4214.00 | Delivery:  62.5% | Budget Used:  0.00/1500.0
Ep  228 | Phase: PROTAGO | Ticks: 799 | Protag R: -4584.00 | Antag R: 4584.00 | Delivery:  50.0% | Budget Used:  0.00/1500.0
Ep  229 | Phase: PROTAGO | Ticks: 799 | Protag R: -4916.00 | Antag R: 4916.00 | Delivery:  62.5% | Budget Used:  0.00/1500.0
Ep  230 | Phase: PROTAGO | Ticks: 799 | Protag R: -5137.00 | Antag R: 5137.00 | Delivery:  25.0% | Budget Used:  0.00/1500.0
Ep  231 | Phase: PROTAGO | Ticks: 799 | Protag R: -5371.00 | Antag R: 5371.00 | Delivery:  37.5% | Budget Used:  0.00/1500.0
Ep  232 | Phase: PROTAGO | Ticks: 799 | Protag R: -4671.00 | Antag R: 4671.00 | Delivery:  50.0% | Budget Used:  0.00/1500.0
Ep  233 | Phase: PROTAGO | Ticks: 799 | Protag R: -4431.00 | Antag R: 4431.00 | Delivery:  37.5% | Budget Used:  0.00/1500.0
Ep  234 | Phase: PROTAGO | Ticks: 796 | Protag R: -4438.00 | Antag R: 4438.00 | Delivery:  50.0% | Budget Used:  0.00/1500.0
Ep  235 | Phase: PROTAGO | Ticks: 799 | Protag R: -4822.00 | Antag R: 4822.00 | Delivery:  50.0% | Budget Used:  0.00/1500.0
Ep  236 | Phase: PROTAGO | Ticks: 799 | Protag R: -4836.00 | Antag R: 4836.00 | Delivery:  37.5% | Budget Used:  0.00/1500.0
Ep  237 | Phase: PROTAGO | Ticks: 798 | Protag R: -4830.00 | Antag R: 4830.00 | Delivery:  50.0% | Budget Used:  0.00/1500.0
Ep  238 | Phase: PROTAGO | Ticks: 799 | Protag R: -5257.00 | Antag R: 5257.00 | Delivery:  37.5% | Budget Used:  0.00/1500.0
Ep  239 | Phase: PROTAGO | Ticks: 799 | Protag R: -4413.00 | Antag R: 4413.00 | Delivery:  50.0% | Budget Used:  0.00/1500.0
Ep  240 | Phase: PROTAGO | Ticks: 798 | Protag R: -4766.00 | Antag R: 4766.00 | Delivery:  50.0% | Budget Used:  0.00/1500.0
Ep  241 | Phase: PROTAGO | Ticks: 798 | Protag R: -4555.00 | Antag R: 4555.00 | Delivery:  50.0% | Budget Used:  0.00/1500.0
Ep  242 | Phase: PROTAGO | Ticks: 799 | Protag R: -5037.00 | Antag R: 5037.00 | Delivery:  37.5% | Budget Used:  0.00/1500.0
Ep  243 | Phase: PROTAGO | Ticks: 799 | Protag R: -5726.00 | Antag R: 5726.00 | Delivery:  25.0% | Budget Used:  0.00/1500.0
Ep  244 | Phase: PROTAGO | Ticks: 798 | Protag R: -4922.00 | Antag R: 4922.00 | Delivery:  50.0% | Budget Used:  0.00/1500.0
Ep  245 | Phase: PROTAGO | Ticks: 799 | Protag R: -5052.00 | Antag R: 5052.00 | Delivery:  50.0% | Budget Used:  0.00/1500.0
Ep  246 | Phase: PROTAGO | Ticks: 799 | Protag R: -5104.00 | Antag R: 5104.00 | Delivery:  25.0% | Budget Used:  0.00/1500.0
Ep  247 | Phase: PROTAGO | Ticks: 799 | Protag R: -4899.00 | Antag R: 4899.00 | Delivery:  37.5% | Budget Used:  0.00/1500.0
Ep  248 | Phase: PROTAGO | Ticks: 799 | Protag R: -4240.00 | Antag R: 4240.00 | Delivery:  62.5% | Budget Used:  0.00/1500.0
Ep  249 | Phase: PROTAGO | Ticks: 799 | Protag R: -4536.00 | Antag R: 4536.00 | Delivery:  62.5% | Budget Used:  0.00/1500.0
Ep  250 | Phase: PROTAGO | Ticks: 798 | Protag R: -5688.00 | Antag R: 5688.00 | Delivery:  12.5% | Budget Used:  0.00/1500.0
  [EVAL ep 250] greedy_atk=1812 learned_atk=6400 gap=+4588 (neg = learned beats greedy under attack)
Saving checkpoints for both agents before phase switch...
Ep  251 | Phase: PROTAGO | Ticks: 799 | Protag R: -4883.00 | Antag R: 4883.00 | Delivery:  37.5% | Budget Used:  0.00/1500.0
Ep  252 | Phase: PROTAGO | Ticks: 798 | Protag R: -4949.00 | Antag R: 4949.00 | Delivery:  37.5% | Budget Used:  0.00/1500.0
Ep  253 | Phase: PROTAGO | Ticks: 797 | Protag R: -4763.00 | Antag R: 4763.00 | Delivery:  62.5% | Budget Used:  0.00/1500.0
Ep  254 | Phase: PROTAGO | Ticks: 799 | Protag R: -4253.00 | Antag R: 4253.00 | Delivery:  62.5% | Budget Used:  0.00/1500.0
Ep  255 | Phase: PROTAGO | Ticks: 798 | Protag R: -4508.00 | Antag R: 4508.00 | Delivery:  62.5% | Budget Used:  0.00/1500.0
Ep  256 | Phase: PROTAGO | Ticks: 799 | Protag R: -4417.00 | Antag R: 4417.00 | Delivery:  62.5% | Budget Used:  0.00/1500.0
Ep  257 | Phase: PROTAGO | Ticks: 797 | Protag R: -4344.00 | Antag R: 4344.00 | Delivery:  50.0% | Budget Used:  0.00/1500.0
Ep  258 | Phase: PROTAGO | Ticks: 796 | Protag R: -4875.00 | Antag R: 4875.00 | Delivery:  37.5% | Budget Used:  0.00/1500.0
Ep  259 | Phase: PROTAGO | Ticks: 799 | Protag R: -4384.00 | Antag R: 4384.00 | Delivery:  50.0% | Budget Used:  0.00/1500.0
Ep  260 | Phase: PROTAGO | Ticks: 799 | Protag R: -4409.00 | Antag R: 4409.00 | Delivery:  50.0% | Budget Used:  0.00/1500.0
Ep  261 | Phase: PROTAGO | Ticks: 797 | Protag R: -4854.00 | Antag R: 4854.00 | Delivery:  50.0% | Budget Used:  0.00/1500.0
Ep  262 | Phase: PROTAGO | Ticks: 799 | Protag R: -4569.00 | Antag R: 4569.00 | Delivery:  50.0% | Budget Used:  0.00/1500.0
Ep  263 | Phase: PROTAGO | Ticks: 798 | Protag R: -4115.00 | Antag R: 4115.00 | Delivery:  75.0% | Budget Used:  0.00/1500.0
Ep  264 | Phase: PROTAGO | Ticks: 798 | Protag R: -4885.00 | Antag R: 4885.00 | Delivery:  50.0% | Budget Used:  0.00/1500.0
Ep  265 | Phase: PROTAGO | Ticks: 797 | Protag R: -4202.00 | Antag R: 4202.00 | Delivery:  50.0% | Budget Used:  0.00/1500.0
Ep  266 | Phase: PROTAGO | Ticks: 798 | Protag R: -4200.00 | Antag R: 4200.00 | Delivery:  50.0% | Budget Used:  0.00/1500.0
Ep  267 | Phase: PROTAGO | Ticks: 798 | Protag R: -4706.00 | Antag R: 4706.00 | Delivery:  50.0% | Budget Used:  0.00/1500.0
Ep  268 | Phase: PROTAGO | Ticks: 797 | Protag R: -4859.00 | Antag R: 4859.00 | Delivery:  50.0% | Budget Used:  0.00/1500.0
Ep  269 | Phase: PROTAGO | Ticks: 797 | Protag R: -5207.00 | Antag R: 5207.00 | Delivery:  37.5% | Budget Used:  0.00/1500.0
Ep  270 | Phase: PROTAGO | Ticks: 795 | Protag R: -5368.00 | Antag R: 5368.00 | Delivery:  25.0% | Budget Used:  0.00/1500.0
Ep  271 | Phase: PROTAGO | Ticks: 798 | Protag R: -4754.00 | Antag R: 4754.00 | Delivery:  50.0% | Budget Used:  0.00/1500.0
Ep  272 | Phase: PROTAGO | Ticks: 799 | Protag R: -4549.00 | Antag R: 4549.00 | Delivery:  50.0% | Budget Used:  0.00/1500.0
Ep  273 | Phase: PROTAGO | Ticks: 798 | Protag R: -4760.00 | Antag R: 4760.00 | Delivery:  50.0% | Budget Used:  0.00/1500.0
Ep  274 | Phase: PROTAGO | Ticks: 799 | Protag R: -4362.00 | Antag R: 4362.00 | Delivery:  62.5% | Budget Used:  0.00/1500.0
Ep  275 | Phase: PROTAGO | Ticks: 799 | Protag R: -5273.00 | Antag R: 5273.00 | Delivery:  50.0% | Budget Used:  0.00/1500.0
Saving checkpoints for both agents before phase switch...
Ep  276 | Phase: PROTAGO | Ticks: 798 | Protag R: -4857.00 | Antag R: 4857.00 | Delivery:  50.0% | Budget Used:  0.00/1500.0
Ep  277 | Phase: PROTAGO | Ticks: 799 | Protag R: -4347.00 | Antag R: 4347.00 | Delivery:  50.0% | Budget Used:  0.00/1500.0
Ep  278 | Phase: PROTAGO | Ticks: 799 | Protag R: -4777.00 | Antag R: 4777.00 | Delivery:  50.0% | Budget Used:  0.00/1500.0
Ep  279 | Phase: PROTAGO | Ticks: 799 | Protag R: -5301.00 | Antag R: 5301.00 | Delivery:  37.5% | Budget Used:  0.00/1500.0
Ep  280 | Phase: PROTAGO | Ticks: 798 | Protag R: -4934.00 | Antag R: 4934.00 | Delivery:  37.5% | Budget Used:  0.00/1500.0
Ep  281 | Phase: PROTAGO | Ticks: 798 | Protag R: -4861.00 | Antag R: 4861.00 | Delivery:  37.5% | Budget Used:  0.00/1500.0
Ep  282 | Phase: PROTAGO | Ticks: 796 | Protag R: -4738.00 | Antag R: 4738.00 | Delivery:  37.5% | Budget Used:  0.00/1500.0
Ep  283 | Phase: PROTAGO | Ticks: 799 | Protag R: -5415.00 | Antag R: 5415.00 | Delivery:  37.5% | Budget Used:  0.00/1500.0
Ep  284 | Phase: PROTAGO | Ticks: 798 | Protag R: -4571.00 | Antag R: 4571.00 | Delivery:  50.0% | Budget Used:  0.00/1500.0
Ep  285 | Phase: PROTAGO | Ticks: 799 | Protag R: -4220.00 | Antag R: 4220.00 | Delivery:  62.5% | Budget Used:  0.00/1500.0
Ep  286 | Phase: PROTAGO | Ticks: 799 | Protag R: -4639.00 | Antag R: 4639.00 | Delivery:  37.5% | Budget Used:  0.00/1500.0
Ep  287 | Phase: PROTAGO | Ticks: 798 | Protag R: -3898.00 | Antag R: 3898.00 | Delivery:  62.5% | Budget Used:  0.00/1500.0
Ep  288 | Phase: PROTAGO | Ticks: 799 | Protag R: -5152.00 | Antag R: 5152.00 | Delivery:  50.0% | Budget Used:  0.00/1500.0
Ep  289 | Phase: PROTAGO | Ticks: 799 | Protag R: -4225.00 | Antag R: 4225.00 | Delivery:  62.5% | Budget Used:  0.00/1500.0
Ep  290 | Phase: PROTAGO | Ticks: 799 | Protag R: -4683.00 | Antag R: 4683.00 | Delivery:  37.5% | Budget Used:  0.00/1500.0
Ep  291 | Phase: PROTAGO | Ticks: 798 | Protag R: -3969.00 | Antag R: 3969.00 | Delivery:  62.5% | Budget Used:  0.00/1500.0
Ep  292 | Phase: PROTAGO | Ticks: 798 | Protag R: -5525.00 | Antag R: 5525.00 | Delivery:  25.0% | Budget Used:  0.00/1500.0
Ep  293 | Phase: PROTAGO | Ticks: 799 | Protag R: -4659.00 | Antag R: 4659.00 | Delivery:  50.0% | Budget Used:  0.00/1500.0
Ep  294 | Phase: PROTAGO | Ticks: 798 | Protag R: -4922.00 | Antag R: 4922.00 | Delivery:  50.0% | Budget Used:  0.00/1500.0
Ep  295 | Phase: PROTAGO | Ticks: 799 | Protag R: -4337.00 | Antag R: 4337.00 | Delivery:  50.0% | Budget Used:  0.00/1500.0
Ep  296 | Phase: PROTAGO | Ticks: 798 | Protag R: -5083.00 | Antag R: 5083.00 | Delivery:  50.0% | Budget Used:  0.00/1500.0
Ep  297 | Phase: PROTAGO | Ticks: 798 | Protag R: -4089.00 | Antag R: 4089.00 | Delivery:  62.5% | Budget Used:  0.00/1500.0
Ep  298 | Phase: PROTAGO | Ticks: 798 | Protag R: -5262.00 | Antag R: 5262.00 | Delivery:  37.5% | Budget Used:  0.00/1500.0
Ep  299 | Phase: PROTAGO | Ticks: 799 | Protag R: -4116.00 | Antag R: 4116.00 | Delivery:  75.0% | Budget Used:  0.00/1500.0
Ep  300 | Phase: PROTAGO | Ticks: 797 | Protag R: -4095.00 | Antag R: 4095.00 | Delivery:  62.5% | Budget Used:  0.00/1500.0
  [EVAL ep 300] greedy_atk=1812 learned_atk=6400 gap=+4588 (neg = learned beats greedy under attack)
Saving checkpoints for both agents before phase switch...
Ep  301 | Phase: PROTAGO | Ticks: 798 | Protag R: -4606.00 | Antag R: 4606.00 | Delivery:  37.5% | Budget Used:  0.00/1500.0
Ep  302 | Phase: PROTAGO | Ticks: 799 | Protag R: -4452.00 | Antag R: 4452.00 | Delivery:  50.0% | Budget Used:  0.00/1500.0
Ep  303 | Phase: PROTAGO | Ticks: 799 | Protag R: -4818.00 | Antag R: 4818.00 | Delivery:  50.0% | Budget Used:  0.00/1500.0
Ep  304 | Phase: PROTAGO | Ticks: 799 | Protag R: -5009.00 | Antag R: 5009.00 | Delivery:  37.5% | Budget Used:  0.00/1500.0
Ep  305 | Phase: PROTAGO | Ticks: 798 | Protag R: -5018.00 | Antag R: 5018.00 | Delivery:  62.5% | Budget Used:  0.00/1500.0
Ep  306 | Phase: PROTAGO | Ticks: 798 | Protag R: -4381.00 | Antag R: 4381.00 | Delivery:  62.5% | Budget Used:  0.00/1500.0
Ep  307 | Phase: PROTAGO | Ticks: 799 | Protag R: -4767.00 | Antag R: 4767.00 | Delivery:  50.0% | Budget Used:  0.00/1500.0
Ep  308 | Phase: PROTAGO | Ticks: 799 | Protag R: -4484.00 | Antag R: 4484.00 | Delivery:  62.5% | Budget Used:  0.00/1500.0
Ep  309 | Phase: PROTAGO | Ticks: 799 | Protag R: -5436.00 | Antag R: 5436.00 | Delivery:  37.5% | Budget Used:  0.00/1500.0
Ep  310 | Phase: PROTAGO | Ticks: 799 | Protag R: -4235.00 | Antag R: 4235.00 | Delivery:  62.5% | Budget Used:  0.00/1500.0
Ep  311 | Phase: PROTAGO | Ticks: 798 | Protag R: -4743.00 | Antag R: 4743.00 | Delivery:  50.0% | Budget Used:  0.00/1500.0
Ep  312 | Phase: PROTAGO | Ticks: 799 | Protag R: -4387.00 | Antag R: 4387.00 | Delivery:  62.5% | Budget Used:  0.00/1500.0
Ep  313 | Phase: PROTAGO | Ticks: 799 | Protag R: -4384.00 | Antag R: 4384.00 | Delivery:  62.5% | Budget Used:  0.00/1500.0
Ep  314 | Phase: PROTAGO | Ticks: 799 | Protag R: -3762.00 | Antag R: 3762.00 | Delivery:  62.5% | Budget Used:  0.00/1500.0
Ep  315 | Phase: PROTAGO | Ticks: 799 | Protag R: -4921.00 | Antag R: 4921.00 | Delivery:  50.0% | Budget Used:  0.00/1500.0
Ep  316 | Phase: PROTAGO | Ticks: 799 | Protag R: -4676.00 | Antag R: 4676.00 | Delivery:  62.5% | Budget Used:  0.00/1500.0
Ep  317 | Phase: PROTAGO | Ticks: 799 | Protag R: -5238.00 | Antag R: 5238.00 | Delivery:  37.5% | Budget Used:  0.00/1500.0
Ep  318 | Phase: PROTAGO | Ticks: 799 | Protag R: -4342.00 | Antag R: 4342.00 | Delivery:  50.0% | Budget Used:  0.00/1500.0
Ep  319 | Phase: PROTAGO | Ticks: 798 | Protag R: -4381.00 | Antag R: 4381.00 | Delivery:  50.0% | Budget Used:  0.00/1500.0
Ep  320 | Phase: PROTAGO | Ticks: 799 | Protag R: -4711.00 | Antag R: 4711.00 | Delivery:  62.5% | Budget Used:  0.00/1500.0
Ep  321 | Phase: PROTAGO | Ticks: 799 | Protag R: -4745.00 | Antag R: 4745.00 | Delivery:  37.5% | Budget Used:  0.00/1500.0
Ep  322 | Phase: PROTAGO | Ticks: 799 | Protag R: -4904.00 | Antag R: 4904.00 | Delivery:  37.5% | Budget Used:  0.00/1500.0
Ep  323 | Phase: PROTAGO | Ticks: 799 | Protag R: -4596.00 | Antag R: 4596.00 | Delivery:  50.0% | Budget Used:  0.00/1500.0
Ep  324 | Phase: PROTAGO | Ticks: 799 | Protag R: -4079.00 | Antag R: 4079.00 | Delivery:  62.5% | Budget Used:  0.00/1500.0
Ep  325 | Phase: PROTAGO | Ticks: 798 | Protag R: -4158.00 | Antag R: 4158.00 | Delivery:  62.5% | Budget Used:  0.00/1500.0
Saving checkpoints for both agents before phase switch...
Ep  326 | Phase: PROTAGO | Ticks: 799 | Protag R: -4890.00 | Antag R: 4890.00 | Delivery:  37.5% | Budget Used:  0.00/1500.0
Ep  327 | Phase: PROTAGO | Ticks: 799 | Protag R: -4978.00 | Antag R: 4978.00 | Delivery:  37.5% | Budget Used:  0.00/1500.0
Ep  328 | Phase: PROTAGO | Ticks: 799 | Protag R: -4045.00 | Antag R: 4045.00 | Delivery:  50.0% | Budget Used:  0.00/1500.0
Ep  329 | Phase: PROTAGO | Ticks: 796 | Protag R: -4148.00 | Antag R: 4148.00 | Delivery:  50.0% | Budget Used:  0.00/1500.0
Ep  330 | Phase: PROTAGO | Ticks: 799 | Protag R: -4430.00 | Antag R: 4430.00 | Delivery:  50.0% | Budget Used:  0.00/1500.0
Ep  331 | Phase: PROTAGO | Ticks: 799 | Protag R: -4848.00 | Antag R: 4848.00 | Delivery:  50.0% | Budget Used:  0.00/1500.0
Ep  332 | Phase: PROTAGO | Ticks: 799 | Protag R: -4137.00 | Antag R: 4137.00 | Delivery:  62.5% | Budget Used:  0.00/1500.0
Ep  333 | Phase: PROTAGO | Ticks: 799 | Protag R: -3657.00 | Antag R: 3657.00 | Delivery:  75.0% | Budget Used:  0.00/1500.0
Ep  334 | Phase: PROTAGO | Ticks: 797 | Protag R: -4079.00 | Antag R: 4079.00 | Delivery:  62.5% | Budget Used:  0.00/1500.0
Ep  335 | Phase: PROTAGO | Ticks: 799 | Protag R: -4698.00 | Antag R: 4698.00 | Delivery:  50.0% | Budget Used:  0.00/1500.0
Ep  336 | Phase: PROTAGO | Ticks: 799 | Protag R: -4044.00 | Antag R: 4044.00 | Delivery:  62.5% | Budget Used:  0.00/1500.0
Ep  337 | Phase: PROTAGO | Ticks: 796 | Protag R: -5158.00 | Antag R: 5158.00 | Delivery:  25.0% | Budget Used:  0.00/1500.0
Ep  338 | Phase: PROTAGO | Ticks: 799 | Protag R: -5407.00 | Antag R: 5407.00 | Delivery:  25.0% | Budget Used:  0.00/1500.0
Ep  339 | Phase: PROTAGO | Ticks: 799 | Protag R: -4714.00 | Antag R: 4714.00 | Delivery:  50.0% | Budget Used:  0.00/1500.0
Ep  340 | Phase: PROTAGO | Ticks: 799 | Protag R: -5033.00 | Antag R: 5033.00 | Delivery:  37.5% | Budget Used:  0.00/1500.0
Ep  341 | Phase: PROTAGO | Ticks: 799 | Protag R: -4860.00 | Antag R: 4860.00 | Delivery:  62.5% | Budget Used:  0.00/1500.0
Ep  342 | Phase: PROTAGO | Ticks: 799 | Protag R: -4204.00 | Antag R: 4204.00 | Delivery:  62.5% | Budget Used:  0.00/1500.0
Ep  343 | Phase: PROTAGO | Ticks: 799 | Protag R: -5040.00 | Antag R: 5040.00 | Delivery:  50.0% | Budget Used:  0.00/1500.0
Ep  344 | Phase: PROTAGO | Ticks: 799 | Protag R: -5577.00 | Antag R: 5577.00 | Delivery:  25.0% | Budget Used:  0.00/1500.0
Ep  345 | Phase: PROTAGO | Ticks: 799 | Protag R: -5168.00 | Antag R: 5168.00 | Delivery:  37.5% | Budget Used:  0.00/1500.0
Ep  346 | Phase: PROTAGO | Ticks: 798 | Protag R: -4902.00 | Antag R: 4902.00 | Delivery:  37.5% | Budget Used:  0.00/1500.0
Ep  347 | Phase: PROTAGO | Ticks: 799 | Protag R: -4808.00 | Antag R: 4808.00 | Delivery:  37.5% | Budget Used:  0.00/1500.0
Ep  348 | Phase: PROTAGO | Ticks: 799 | Protag R: -5663.00 | Antag R: 5663.00 | Delivery:  50.0% | Budget Used:  0.00/1500.0
Ep  349 | Phase: PROTAGO | Ticks: 799 | Protag R: -4696.00 | Antag R: 4696.00 | Delivery:  50.0% | Budget Used:  0.00/1500.0
Ep  350 | Phase: PROTAGO | Ticks: 799 | Protag R: -5134.00 | Antag R: 5134.00 | Delivery:  37.5% | Budget Used:  0.00/1500.0
  [EVAL ep 350] greedy_atk=1812 learned_atk=5634 gap=+3822 (neg = learned beats greedy under attack)
Saving checkpoints for both agents before phase switch...
Ep  351 | Phase: PROTAGO | Ticks: 797 | Protag R: -5085.00 | Antag R: 5085.00 | Delivery:  62.5% | Budget Used:  0.00/1500.0
Ep  352 | Phase: PROTAGO | Ticks: 798 | Protag R: -4868.00 | Antag R: 4868.00 | Delivery:  50.0% | Budget Used:  0.00/1500.0
Ep  353 | Phase: PROTAGO | Ticks: 799 | Protag R: -4615.00 | Antag R: 4615.00 | Delivery:  50.0% | Budget Used:  0.00/1500.0
Ep  354 | Phase: PROTAGO | Ticks: 799 | Protag R: -4713.00 | Antag R: 4713.00 | Delivery:  37.5% | Budget Used:  0.00/1500.0
Ep  355 | Phase: PROTAGO | Ticks: 797 | Protag R: -4738.00 | Antag R: 4738.00 | Delivery:  50.0% | Budget Used:  0.00/1500.0
Ep  356 | Phase: PROTAGO | Ticks: 797 | Protag R: -3990.00 | Antag R: 3990.00 | Delivery:  62.5% | Budget Used:  0.00/1500.0
Ep  357 | Phase: PROTAGO | Ticks: 798 | Protag R: -3907.00 | Antag R: 3907.00 | Delivery:  50.0% | Budget Used:  0.00/1500.0
Ep  358 | Phase: PROTAGO | Ticks: 799 | Protag R: -4891.00 | Antag R: 4891.00 | Delivery:  50.0% | Budget Used:  0.00/1500.0
Ep  359 | Phase: PROTAGO | Ticks: 798 | Protag R: -4050.00 | Antag R: 4050.00 | Delivery:  62.5% | Budget Used:  0.00/1500.0
Ep  360 | Phase: PROTAGO | Ticks: 799 | Protag R: -4625.00 | Antag R: 4625.00 | Delivery:  62.5% | Budget Used:  0.00/1500.0
Ep  361 | Phase: PROTAGO | Ticks: 797 | Protag R: -4628.00 | Antag R: 4628.00 | Delivery:  50.0% | Budget Used:  0.00/1500.0
Ep  362 | Phase: PROTAGO | Ticks: 799 | Protag R: -4596.00 | Antag R: 4596.00 | Delivery:  62.5% | Budget Used:  0.00/1500.0
Ep  363 | Phase: PROTAGO | Ticks: 798 | Protag R: -4334.00 | Antag R: 4334.00 | Delivery:  62.5% | Budget Used:  0.00/1500.0
Ep  364 | Phase: PROTAGO | Ticks: 799 | Protag R: -4043.00 | Antag R: 4043.00 | Delivery:  62.5% | Budget Used:  0.00/1500.0
Ep  365 | Phase: PROTAGO | Ticks: 799 | Protag R: -4710.00 | Antag R: 4710.00 | Delivery:  62.5% | Budget Used:  0.00/1500.0
Ep  366 | Phase: PROTAGO | Ticks: 799 | Protag R: -4804.00 | Antag R: 4804.00 | Delivery:  50.0% | Budget Used:  0.00/1500.0
Ep  367 | Phase: PROTAGO | Ticks: 797 | Protag R: -5258.00 | Antag R: 5258.00 | Delivery:  37.5% | Budget Used:  0.00/1500.0
Ep  368 | Phase: PROTAGO | Ticks: 799 | Protag R: -4532.00 | Antag R: 4532.00 | Delivery:  75.0% | Budget Used:  0.00/1500.0
Ep  369 | Phase: PROTAGO | Ticks: 799 | Protag R: -4486.00 | Antag R: 4486.00 | Delivery:  50.0% | Budget Used:  0.00/1500.0
Ep  370 | Phase: PROTAGO | Ticks: 799 | Protag R: -4023.00 | Antag R: 4023.00 | Delivery:  75.0% | Budget Used:  0.00/1500.0
Ep  371 | Phase: PROTAGO | Ticks: 799 | Protag R: -3864.00 | Antag R: 3864.00 | Delivery:  75.0% | Budget Used:  0.00/1500.0
Ep  372 | Phase: PROTAGO | Ticks: 799 | Protag R: -5041.00 | Antag R: 5041.00 | Delivery:  37.5% | Budget Used:  0.00/1500.0
Ep  373 | Phase: PROTAGO | Ticks: 798 | Protag R: -4585.00 | Antag R: 4585.00 | Delivery:  50.0% | Budget Used:  0.00/1500.0
Ep  374 | Phase: PROTAGO | Ticks: 798 | Protag R: -5114.00 | Antag R: 5114.00 | Delivery:  25.0% | Budget Used:  0.00/1500.0
Ep  375 | Phase: PROTAGO | Ticks: 797 | Protag R: -4932.00 | Antag R: 4932.00 | Delivery:  50.0% | Budget Used:  0.00/1500.0
Saving checkpoints for both agents before phase switch...
Ep  376 | Phase: PROTAGO | Ticks: 799 | Protag R: -4271.00 | Antag R: 4271.00 | Delivery:  50.0% | Budget Used:  0.00/1500.0
Ep  377 | Phase: PROTAGO | Ticks: 799 | Protag R: -5040.00 | Antag R: 5040.00 | Delivery:  50.0% | Budget Used:  0.00/1500.0
Ep  378 | Phase: PROTAGO | Ticks: 799 | Protag R: -4330.00 | Antag R: 4330.00 | Delivery:  50.0% | Budget Used:  0.00/1500.0
Ep  379 | Phase: PROTAGO | Ticks: 799 | Protag R: -4788.00 | Antag R: 4788.00 | Delivery:  62.5% | Budget Used:  0.00/1500.0
Ep  380 | Phase: PROTAGO | Ticks: 799 | Protag R: -5326.00 | Antag R: 5326.00 | Delivery:  37.5% | Budget Used:  0.00/1500.0
Ep  381 | Phase: PROTAGO | Ticks: 798 | Protag R: -4613.00 | Antag R: 4613.00 | Delivery:  62.5% | Budget Used:  0.00/1500.0
Ep  382 | Phase: PROTAGO | Ticks: 799 | Protag R: -4549.00 | Antag R: 4549.00 | Delivery:  50.0% | Budget Used:  0.00/1500.0
Ep  383 | Phase: PROTAGO | Ticks: 797 | Protag R: -4851.00 | Antag R: 4851.00 | Delivery:  37.5% | Budget Used:  0.00/1500.0
Ep  384 | Phase: PROTAGO | Ticks: 799 | Protag R: -4331.00 | Antag R: 4331.00 | Delivery:  62.5% | Budget Used:  0.00/1500.0
Ep  385 | Phase: PROTAGO | Ticks: 799 | Protag R: -4052.00 | Antag R: 4052.00 | Delivery:  50.0% | Budget Used:  0.00/1500.0
Ep  386 | Phase: PROTAGO | Ticks: 797 | Protag R: -5044.00 | Antag R: 5044.00 | Delivery:  37.5% | Budget Used:  0.00/1500.0
Ep  387 | Phase: PROTAGO | Ticks: 799 | Protag R: -5039.00 | Antag R: 5039.00 | Delivery:  37.5% | Budget Used:  0.00/1500.0
Ep  388 | Phase: PROTAGO | Ticks: 799 | Protag R: -4736.00 | Antag R: 4736.00 | Delivery:  50.0% | Budget Used:  0.00/1500.0
Ep  389 | Phase: PROTAGO | Ticks: 799 | Protag R: -4000.00 | Antag R: 4000.00 | Delivery:  62.5% | Budget Used:  0.00/1500.0
Ep  390 | Phase: PROTAGO | Ticks: 799 | Protag R: -4343.00 | Antag R: 4343.00 | Delivery:  50.0% | Budget Used:  0.00/1500.0
Ep  391 | Phase: PROTAGO | Ticks: 798 | Protag R: -5336.00 | Antag R: 5336.00 | Delivery:  37.5% | Budget Used:  0.00/1500.0
Ep  392 | Phase: PROTAGO | Ticks: 798 | Protag R: -4908.00 | Antag R: 4908.00 | Delivery:  50.0% | Budget Used:  0.00/1500.0
Ep  393 | Phase: PROTAGO | Ticks: 799 | Protag R: -5021.00 | Antag R: 5021.00 | Delivery:  37.5% | Budget Used:  0.00/1500.0
Ep  394 | Phase: PROTAGO | Ticks: 799 | Protag R: -4365.00 | Antag R: 4365.00 | Delivery:  62.5% | Budget Used:  0.00/1500.0
Ep  395 | Phase: PROTAGO | Ticks: 799 | Protag R: -3880.00 | Antag R: 3880.00 | Delivery:  87.5% | Budget Used:  0.00/1500.0
Ep  396 | Phase: PROTAGO | Ticks: 799 | Protag R: -4795.00 | Antag R: 4795.00 | Delivery:  37.5% | Budget Used:  0.00/1500.0
Ep  397 | Phase: PROTAGO | Ticks: 799 | Protag R: -5126.00 | Antag R: 5126.00 | Delivery:  37.5% | Budget Used:  0.00/1500.0
Ep  398 | Phase: PROTAGO | Ticks: 799 | Protag R: -4281.00 | Antag R: 4281.00 | Delivery:  62.5% | Budget Used:  0.00/1500.0
Ep  399 | Phase: PROTAGO | Ticks: 799 | Protag R: -5635.00 | Antag R: 5635.00 | Delivery:  37.5% | Budget Used:  0.00/1500.0
Ep  400 | Phase: PROTAGO | Ticks: 798 | Protag R: -4556.00 | Antag R: 4556.00 | Delivery:  37.5% | Budget Used:  0.00/1500.0
  [EVAL ep 400] greedy_atk=1812 learned_atk=6400 gap=+4588 (neg = learned beats greedy under attack)
Saved coevolved protagonist actor to models/runs/gen05_hybrid_matrix/hybrid_vanilla_seed2/protagonist/actor.pt
Saved coevolved antagonist actor to models/runs/gen05_hybrid_matrix/hybrid_vanilla_seed2/antagonist/actor.pt
Saved copy of protagonist actor as latest to models/protagonist/actor.pt
Saved copy of antagonist actor as latest to models/antagonist/actor.pt

SACRED ATLA Training completed successfully! Logs saved to TensorBoard.
